

================================================================
== Vitis HLS Report for 'compute_output_buffer_2d_array_array_ap_fixed_8_2_5_3_0_2u_config2_s'
================================================================
* Date:           Tue May 26 23:24:14 2026

* Version:        2021.2 (Build 3367213 on Tue Oct 19 02:48:09 MDT 2021)
* Project:        myproject_prj
* Solution:       solution1 (Vivado IP Flow Target)
* Product family: zynq
* Target device:  xc7z020-clg400-1


================================================================
== Performance Estimates
================================================================
+ Timing: 
    * Summary: 
    +--------+----------+----------+------------+
    |  Clock |  Target  | Estimated| Uncertainty|
    +--------+----------+----------+------------+
    |ap_clk  |  10.00 ns|  8.181 ns|     1.25 ns|
    +--------+----------+----------+------------+

+ Latency: 
    * Summary: 
    +---------+---------+-----------+----------+-----+-----+---------+
    |  Latency (cycles) |  Latency (absolute)  |  Interval | Pipeline|
    |   min   |   max   |    min    |    max   | min | max |   Type  |
    +---------+---------+-----------+----------+-----+-----+---------+
    |        2|       23|  20.000 ns|  0.230 us|    2|   23|       no|
    +---------+---------+-----------+----------+-----+-----+---------+

    + Detail: 
        * Instance: 
        N/A

        * Loop: 
        N/A

============================================================
+ Verbose Summary: Synthesis Manager
============================================================
InlineROM: 1
ExposeGlobal: 0
============================================================
+ Verbose Summary: CDFG Model
============================================================
IsTopModel: 0
ResetActiveHigh: 1
IsCombinational: 0
IsDatapathOnly: 0
HasWiredReturn: 1
HasMFsm: 0
HasVarLatency: 1
IsPipeline: 0
IsRtlPipelined: 0
IsInstanceOverlapped: 0
IsDontTouch: 0
HasImplIP: 0
IsGatedGlobalClock: 0


============================================================
+ Verbose Summary: Schedule
============================================================
* Number of FSM states : 4
* Pipeline : 0
* Dataflow Pipeline: 0

* FSM state transitions: 
1 --> 2 
2 --> 4 3 
3 --> 4 
4 --> 

* FSM state operations: 

State 1 <SV = 0> <Delay = 3.23>
ST_1 : Operation 5 [1/1] (0.00ns)   --->   "%p_read_4 = read i8 @_ssdm_op_Read.ap_auto.i8, i8 %p_read"   --->   Operation 5 'read' 'p_read_4' <Predicate = true> <Delay = 0.00>
ST_1 : Operation 6 [1/1] (3.23ns)   --->   "%call_ln281 = call void @shift_line_buffer<array<ap_fixed<8, 2, 5, 3, 0>, 1u>, config2>, i8 %p_read_4, i8 %void_compute_output_buffer_2d_array_const_ap_shift_reg_n_chan_stream_weig_17, i8 %void_compute_output_buffer_2d_array_const_ap_shift_reg_n_chan_stream_weig_18, i8 %void_compute_output_buffer_2d_array_const_ap_shift_reg_n_chan_stream_weig_14, i8 %void_compute_output_buffer_2d_array_const_ap_shift_reg_n_chan_stream_weig_15, i8 %void_compute_output_buffer_2d_array_const_ap_shift_reg_n_chan_stream_weig_11, i8 %void_compute_output_buffer_2d_array_const_ap_shift_reg_n_chan_stream_weig_12, i8 %void_compute_output_buffer_2d_array_const_ap_shift_reg_n_chan_stream_weig_16, i8 %void_compute_output_buffer_2d_array_const_ap_shift_reg_n_chan_stream_weig_13, i8 %void_compute_output_buffer_2d_array_const_ap_shift_reg_n_chan_stream_weig_10, i8 %void_conv_2d_buffer_cl_stream_stream_weight_t_bias_t_line_buffer_0_1, i8 %void_conv_2d_buffer_cl_stream_stream_weight_t_bias_t_line_buffer_2" [firmware/nnet_utils/nnet_conv_stream.h:281]   --->   Operation 6 'call' 'call_ln281' <Predicate = true> <Delay = 3.23> <CoreType = "Generic">   --->   Core 0 '' <Latency = 0> <II = 1> <Delay = 1.00> <Generic> <Opcode : >

State 2 <SV = 1> <Delay = 4.42>
ST_2 : Operation 7 [1/1] (0.00ns)   --->   "%specinterface_ln0 = specinterface void @_ssdm_op_SpecInterface, i16 %layer2_out, void @empty_4, i32 0, i32 0, void @empty_6, i32 0, i32 0, void @empty_6, void @empty_6, void @empty_6, i32 0, i32 0, i32 0, i32 0, void @empty_6, void @empty_6"   --->   Operation 7 'specinterface' 'specinterface_ln0' <Predicate = true> <Delay = 0.00>
ST_2 : Operation 8 [1/1] (0.00ns)   --->   "%sX_1_load = load i32 %sX_1" [firmware/nnet_utils/nnet_conv_stream.h:284]   --->   Operation 8 'load' 'sX_1_load' <Predicate = true> <Delay = 0.00>
ST_2 : Operation 9 [1/1] (2.47ns)   --->   "%icmp_ln284 = icmp_eq  i32 %sX_1_load, i32 2" [firmware/nnet_utils/nnet_conv_stream.h:284]   --->   Operation 9 'icmp' 'icmp_ln284' <Predicate = true> <Delay = 2.47> <CoreInst = "Cmp">   --->   Core 9 'Cmp' <Latency = 0> <II = 1> <Delay = 2.47> <FuncUnit> <Opcode : 'icmp'> <InPorts = 2> <OutPorts = 1>
ST_2 : Operation 10 [1/1] (0.00ns)   --->   "%sY_1_load = load i32 %sY_1" [firmware/nnet_utils/nnet_conv_stream.h:284]   --->   Operation 10 'load' 'sY_1_load' <Predicate = true> <Delay = 0.00>
ST_2 : Operation 11 [1/1] (0.00ns)   --->   "%pY_1_load = load i32 %pY_1" [firmware/nnet_utils/nnet_conv_stream.h:284]   --->   Operation 11 'load' 'pY_1_load' <Predicate = true> <Delay = 0.00>
ST_2 : Operation 12 [1/1] (0.00ns)   --->   "%pX_1_load = load i32 %pX_1" [firmware/nnet_utils/nnet_conv_stream.h:284]   --->   Operation 12 'load' 'pX_1_load' <Predicate = true> <Delay = 0.00>
ST_2 : Operation 13 [1/1] (0.00ns)   --->   "%br_ln284 = br i1 %icmp_ln284, void %._crit_edge1, void" [firmware/nnet_utils/nnet_conv_stream.h:284]   --->   Operation 13 'br' 'br_ln284' <Predicate = true> <Delay = 0.00>
ST_2 : Operation 14 [1/1] (2.47ns)   --->   "%icmp_ln284_1 = icmp_eq  i32 %sY_1_load, i32 2" [firmware/nnet_utils/nnet_conv_stream.h:284]   --->   Operation 14 'icmp' 'icmp_ln284_1' <Predicate = (icmp_ln284)> <Delay = 2.47> <CoreInst = "Cmp">   --->   Core 9 'Cmp' <Latency = 0> <II = 1> <Delay = 2.47> <FuncUnit> <Opcode : 'icmp'> <InPorts = 2> <OutPorts = 1>
ST_2 : Operation 15 [1/1] (0.00ns)   --->   "%tmp = partselect i31 @_ssdm_op_PartSelect.i31.i32.i32.i32, i32 %pY_1_load, i32 1, i32 31" [firmware/nnet_utils/nnet_conv_stream.h:284]   --->   Operation 15 'partselect' 'tmp' <Predicate = (icmp_ln284)> <Delay = 0.00>
ST_2 : Operation 16 [1/1] (2.47ns)   --->   "%icmp_ln284_2 = icmp_sgt  i31 %tmp, i31 0" [firmware/nnet_utils/nnet_conv_stream.h:284]   --->   Operation 16 'icmp' 'icmp_ln284_2' <Predicate = (icmp_ln284)> <Delay = 2.47> <CoreInst = "Cmp">   --->   Core 9 'Cmp' <Latency = 0> <II = 1> <Delay = 2.47> <FuncUnit> <Opcode : 'icmp'> <InPorts = 2> <OutPorts = 1>
ST_2 : Operation 17 [1/1] (0.00ns)   --->   "%tmp_2 = partselect i31 @_ssdm_op_PartSelect.i31.i32.i32.i32, i32 %pX_1_load, i32 1, i32 31" [firmware/nnet_utils/nnet_conv_stream.h:284]   --->   Operation 17 'partselect' 'tmp_2' <Predicate = (icmp_ln284)> <Delay = 0.00>
ST_2 : Operation 18 [1/1] (2.47ns)   --->   "%icmp_ln284_3 = icmp_sgt  i31 %tmp_2, i31 0" [firmware/nnet_utils/nnet_conv_stream.h:284]   --->   Operation 18 'icmp' 'icmp_ln284_3' <Predicate = (icmp_ln284)> <Delay = 2.47> <CoreInst = "Cmp">   --->   Core 9 'Cmp' <Latency = 0> <II = 1> <Delay = 2.47> <FuncUnit> <Opcode : 'icmp'> <InPorts = 2> <OutPorts = 1>
ST_2 : Operation 19 [1/1] (0.00ns) (grouped into LUT with out node and_ln284_1)   --->   "%and_ln284 = and i1 %icmp_ln284_2, i1 %icmp_ln284_3" [firmware/nnet_utils/nnet_conv_stream.h:284]   --->   Operation 19 'and' 'and_ln284' <Predicate = (icmp_ln284)> <Delay = 0.00> <CoreInst = "LogicGate">   --->   Core 74 'LogicGate' <Latency = 0> <II = 1> <Delay = 0.97> <FuncUnit> <Opcode : 'and' 'or' 'xor'> <InPorts = 2> <OutPorts = 1>
ST_2 : Operation 20 [1/1] (0.97ns) (out node of the LUT)   --->   "%and_ln284_1 = and i1 %and_ln284, i1 %icmp_ln284_1" [firmware/nnet_utils/nnet_conv_stream.h:284]   --->   Operation 20 'and' 'and_ln284_1' <Predicate = (icmp_ln284)> <Delay = 0.97> <CoreInst = "LogicGate">   --->   Core 74 'LogicGate' <Latency = 0> <II = 1> <Delay = 0.97> <FuncUnit> <Opcode : 'and' 'or' 'xor'> <InPorts = 2> <OutPorts = 1>
ST_2 : Operation 21 [1/1] (0.00ns)   --->   "%br_ln284 = br i1 %and_ln284_1, void %._crit_edge1, void" [firmware/nnet_utils/nnet_conv_stream.h:284]   --->   Operation 21 'br' 'br_ln284' <Predicate = (icmp_ln284)> <Delay = 0.00>
ST_2 : Operation 22 [2/2] (0.00ns)   --->   "%tmp_1 = call i16 @dense_resource_rf_gt_nin_rem0<ap_fixed,ap_fixed<8,2,5,3,0>,config2_mult>, i1 %outidx, i7 %w2_V, i8 %void_compute_output_buffer_2d_array_const_ap_shift_reg_n_chan_stream_weig_18, i8 %void_compute_output_buffer_2d_array_const_ap_shift_reg_n_chan_stream_weig_17, i8 %void_compute_output_buffer_2d_array_const_ap_shift_reg_n_chan_stream_weig_16, i8 %void_compute_output_buffer_2d_array_const_ap_shift_reg_n_chan_stream_weig_15, i8 %void_compute_output_buffer_2d_array_const_ap_shift_reg_n_chan_stream_weig_14, i8 %void_compute_output_buffer_2d_array_const_ap_shift_reg_n_chan_stream_weig_13, i8 %void_compute_output_buffer_2d_array_const_ap_shift_reg_n_chan_stream_weig_12, i8 %void_compute_output_buffer_2d_array_const_ap_shift_reg_n_chan_stream_weig_11, i8 %void_compute_output_buffer_2d_array_const_ap_shift_reg_n_chan_stream_weig_10" [firmware/nnet_utils/nnet_dense.h:76]   --->   Operation 22 'call' 'tmp_1' <Predicate = (icmp_ln284 & and_ln284_1)> <Delay = 0.00> <CoreType = "Generic">   --->   Core 0 '' <Latency = 0> <II = 1> <Delay = 1.00> <Generic> <Opcode : >

State 3 <SV = 2> <Delay = 7.38>
ST_3 : Operation 23 [1/2] (7.38ns)   --->   "%tmp_1 = call i16 @dense_resource_rf_gt_nin_rem0<ap_fixed,ap_fixed<8,2,5,3,0>,config2_mult>, i1 %outidx, i7 %w2_V, i8 %void_compute_output_buffer_2d_array_const_ap_shift_reg_n_chan_stream_weig_18, i8 %void_compute_output_buffer_2d_array_const_ap_shift_reg_n_chan_stream_weig_17, i8 %void_compute_output_buffer_2d_array_const_ap_shift_reg_n_chan_stream_weig_16, i8 %void_compute_output_buffer_2d_array_const_ap_shift_reg_n_chan_stream_weig_15, i8 %void_compute_output_buffer_2d_array_const_ap_shift_reg_n_chan_stream_weig_14, i8 %void_compute_output_buffer_2d_array_const_ap_shift_reg_n_chan_stream_weig_13, i8 %void_compute_output_buffer_2d_array_const_ap_shift_reg_n_chan_stream_weig_12, i8 %void_compute_output_buffer_2d_array_const_ap_shift_reg_n_chan_stream_weig_11, i8 %void_compute_output_buffer_2d_array_const_ap_shift_reg_n_chan_stream_weig_10" [firmware/nnet_utils/nnet_dense.h:76]   --->   Operation 23 'call' 'tmp_1' <Predicate = true> <Delay = 7.38> <CoreType = "Generic">   --->   Core 0 '' <Latency = 0> <II = 1> <Delay = 1.00> <Generic> <Opcode : >
ST_3 : Operation 24 [1/1] (0.00ns)   --->   "%res_out_V = extractvalue i16 %tmp_1" [firmware/nnet_utils/nnet_dense.h:76]   --->   Operation 24 'extractvalue' 'res_out_V' <Predicate = true> <Delay = 0.00>
ST_3 : Operation 25 [1/1] (0.00ns)   --->   "%res_out_V_2 = extractvalue i16 %tmp_1" [firmware/nnet_utils/nnet_dense.h:76]   --->   Operation 25 'extractvalue' 'res_out_V_2' <Predicate = true> <Delay = 0.00>

State 4 <SV = 3> <Delay = 7.59>
ST_4 : Operation 26 [1/1] (0.00ns)   --->   "%p_0 = bitconcatenate i16 @_ssdm_op_BitConcatenate.i16.i8.i8, i8 %res_out_V_2, i8 %res_out_V" [C:/Xilinx/Vitis_HLS/2021.2/common/technology/autopilot/hls_stream_39.h:173]   --->   Operation 26 'bitconcatenate' 'p_0' <Predicate = (icmp_ln284 & and_ln284_1)> <Delay = 0.00>
ST_4 : Operation 27 [1/1] (3.50ns)   --->   "%write_ln173 = write void @_ssdm_op_Write.ap_fifo.volatile.i16P0A, i16 %layer2_out, i16 %p_0" [C:/Xilinx/Vitis_HLS/2021.2/common/technology/autopilot/hls_stream_39.h:173]   --->   Operation 27 'write' 'write_ln173' <Predicate = (icmp_ln284 & and_ln284_1)> <Delay = 3.50> <CoreInst = "FIFO">   --->   Core 78 'FIFO' <Latency = 0> <II = 1> <Delay = 3.50> <Storage> <Opcode : 'read' 'write' 'nbread' 'nbwrite'> <Ports = 0> <Width = 16> <Depth = 19602> <FIFO>
ST_4 : Operation 28 [1/1] (0.00ns)   --->   "%br_ln300 = br void %._crit_edge1" [firmware/nnet_utils/nnet_conv_stream.h:300]   --->   Operation 28 'br' 'br_ln300' <Predicate = (icmp_ln284 & and_ln284_1)> <Delay = 0.00>
ST_4 : Operation 29 [1/1] (2.55ns)   --->   "%add_ln303 = add i32 %pX_1_load, i32 1" [firmware/nnet_utils/nnet_conv_stream.h:303]   --->   Operation 29 'add' 'add_ln303' <Predicate = true> <Delay = 2.55> <CoreInst = "Adder">   --->   Core 1 'Adder' <Latency = 0> <II = 1> <Delay = 2.55> <FuncUnit> <Opcode : 'add' 'sub'> <InPorts = 2> <OutPorts = 1>
ST_4 : Operation 30 [1/1] (2.47ns)   --->   "%icmp_ln303 = icmp_eq  i32 %add_ln303, i32 164" [firmware/nnet_utils/nnet_conv_stream.h:303]   --->   Operation 30 'icmp' 'icmp_ln303' <Predicate = true> <Delay = 2.47> <CoreInst = "Cmp">   --->   Core 9 'Cmp' <Latency = 0> <II = 1> <Delay = 2.47> <FuncUnit> <Opcode : 'icmp'> <InPorts = 2> <OutPorts = 1>
ST_4 : Operation 31 [1/1] (0.00ns)   --->   "%br_ln303 = br i1 %icmp_ln303, void, void" [firmware/nnet_utils/nnet_conv_stream.h:303]   --->   Operation 31 'br' 'br_ln303' <Predicate = true> <Delay = 0.00>
ST_4 : Operation 32 [1/1] (1.58ns)   --->   "%store_ln316 = store i32 %add_ln303, i32 %pX_1" [firmware/nnet_utils/nnet_conv_stream.h:316]   --->   Operation 32 'store' 'store_ln316' <Predicate = (!icmp_ln303)> <Delay = 1.58>
ST_4 : Operation 33 [1/1] (2.55ns)   --->   "%add_ln318 = add i32 %sX_1_load, i32 1" [firmware/nnet_utils/nnet_conv_stream.h:318]   --->   Operation 33 'add' 'add_ln318' <Predicate = (!icmp_ln284 & !icmp_ln303)> <Delay = 2.55> <CoreInst = "Adder">   --->   Core 1 'Adder' <Latency = 0> <II = 1> <Delay = 2.55> <FuncUnit> <Opcode : 'add' 'sub'> <InPorts = 2> <OutPorts = 1>
ST_4 : Operation 34 [1/1] (0.69ns)   --->   "%select_ln318 = select i1 %icmp_ln284, i32 2, i32 %add_ln318" [firmware/nnet_utils/nnet_conv_stream.h:318]   --->   Operation 34 'select' 'select_ln318' <Predicate = (!icmp_ln303)> <Delay = 0.69> <CoreInst = "Sel">   --->   Core 73 'Sel' <Latency = 0> <II = 1> <Delay = 0.69> <FuncUnit> <Opcode : 'select'> <InPorts = 3> <OutPorts = 1>
ST_4 : Operation 35 [1/1] (1.58ns)   --->   "%store_ln318 = store i32 %select_ln318, i32 %sX_1" [firmware/nnet_utils/nnet_conv_stream.h:318]   --->   Operation 35 'store' 'store_ln318' <Predicate = (!icmp_ln303)> <Delay = 1.58>
ST_4 : Operation 36 [1/1] (0.00ns)   --->   "%br_ln0 = br void"   --->   Operation 36 'br' 'br_ln0' <Predicate = (!icmp_ln303)> <Delay = 0.00>
ST_4 : Operation 37 [1/1] (1.58ns)   --->   "%store_ln305 = store i32 0, i32 %pX_1" [firmware/nnet_utils/nnet_conv_stream.h:305]   --->   Operation 37 'store' 'store_ln305' <Predicate = (icmp_ln303)> <Delay = 1.58>
ST_4 : Operation 38 [1/1] (1.58ns)   --->   "%store_ln306 = store i32 0, i32 %sX_1" [firmware/nnet_utils/nnet_conv_stream.h:306]   --->   Operation 38 'store' 'store_ln306' <Predicate = (icmp_ln303)> <Delay = 1.58>
ST_4 : Operation 39 [1/1] (2.55ns)   --->   "%add_ln307 = add i32 %pY_1_load, i32 1" [firmware/nnet_utils/nnet_conv_stream.h:307]   --->   Operation 39 'add' 'add_ln307' <Predicate = (icmp_ln303)> <Delay = 2.55> <CoreInst = "Adder">   --->   Core 1 'Adder' <Latency = 0> <II = 1> <Delay = 2.55> <FuncUnit> <Opcode : 'add' 'sub'> <InPorts = 2> <OutPorts = 1>
ST_4 : Operation 40 [1/1] (2.47ns)   --->   "%icmp_ln307 = icmp_eq  i32 %add_ln307, i32 123" [firmware/nnet_utils/nnet_conv_stream.h:307]   --->   Operation 40 'icmp' 'icmp_ln307' <Predicate = (icmp_ln303)> <Delay = 2.47> <CoreInst = "Cmp">   --->   Core 9 'Cmp' <Latency = 0> <II = 1> <Delay = 2.47> <FuncUnit> <Opcode : 'icmp'> <InPorts = 2> <OutPorts = 1>
ST_4 : Operation 41 [1/1] (0.00ns)   --->   "%br_ln307 = br i1 %icmp_ln307, void, void" [firmware/nnet_utils/nnet_conv_stream.h:307]   --->   Operation 41 'br' 'br_ln307' <Predicate = (icmp_ln303)> <Delay = 0.00>
ST_4 : Operation 42 [1/1] (1.58ns)   --->   "%store_ln311 = store i32 %add_ln307, i32 %pY_1" [firmware/nnet_utils/nnet_conv_stream.h:311]   --->   Operation 42 'store' 'store_ln311' <Predicate = (icmp_ln303 & !icmp_ln307)> <Delay = 1.58>
ST_4 : Operation 43 [1/1] (2.47ns)   --->   "%icmp_ln313 = icmp_eq  i32 %sY_1_load, i32 2" [firmware/nnet_utils/nnet_conv_stream.h:313]   --->   Operation 43 'icmp' 'icmp_ln313' <Predicate = (icmp_ln303 & !icmp_ln307)> <Delay = 2.47> <CoreInst = "Cmp">   --->   Core 9 'Cmp' <Latency = 0> <II = 1> <Delay = 2.47> <FuncUnit> <Opcode : 'icmp'> <InPorts = 2> <OutPorts = 1>
ST_4 : Operation 44 [1/1] (2.55ns)   --->   "%add_ln313 = add i32 %sY_1_load, i32 1" [firmware/nnet_utils/nnet_conv_stream.h:313]   --->   Operation 44 'add' 'add_ln313' <Predicate = (icmp_ln303 & !icmp_ln307)> <Delay = 2.55> <CoreInst = "Adder">   --->   Core 1 'Adder' <Latency = 0> <II = 1> <Delay = 2.55> <FuncUnit> <Opcode : 'add' 'sub'> <InPorts = 2> <OutPorts = 1>
ST_4 : Operation 45 [1/1] (0.69ns)   --->   "%select_ln313 = select i1 %icmp_ln313, i32 2, i32 %add_ln313" [firmware/nnet_utils/nnet_conv_stream.h:313]   --->   Operation 45 'select' 'select_ln313' <Predicate = (icmp_ln303 & !icmp_ln307)> <Delay = 0.69> <CoreInst = "Sel">   --->   Core 73 'Sel' <Latency = 0> <II = 1> <Delay = 0.69> <FuncUnit> <Opcode : 'select'> <InPorts = 3> <OutPorts = 1>
ST_4 : Operation 46 [1/1] (1.58ns)   --->   "%br_ln0 = br void"   --->   Operation 46 'br' 'br_ln0' <Predicate = (icmp_ln303 & !icmp_ln307)> <Delay = 1.58>
ST_4 : Operation 47 [1/1] (1.58ns)   --->   "%store_ln308 = store i32 0, i32 %pY_1" [firmware/nnet_utils/nnet_conv_stream.h:308]   --->   Operation 47 'store' 'store_ln308' <Predicate = (icmp_ln303 & icmp_ln307)> <Delay = 1.58>
ST_4 : Operation 48 [1/1] (1.58ns)   --->   "%br_ln310 = br void" [firmware/nnet_utils/nnet_conv_stream.h:310]   --->   Operation 48 'br' 'br_ln310' <Predicate = (icmp_ln303 & icmp_ln307)> <Delay = 1.58>
ST_4 : Operation 49 [1/1] (0.00ns)   --->   "%storemerge = phi i32 %select_ln313, void, i32 0, void" [firmware/nnet_utils/nnet_conv_stream.h:313]   --->   Operation 49 'phi' 'storemerge' <Predicate = (icmp_ln303)> <Delay = 0.00>
ST_4 : Operation 50 [1/1] (0.00ns)   --->   "%store_ln309 = store i32 %storemerge, i32 %sY_1" [firmware/nnet_utils/nnet_conv_stream.h:309]   --->   Operation 50 'store' 'store_ln309' <Predicate = (icmp_ln303)> <Delay = 0.00>
ST_4 : Operation 51 [1/1] (0.00ns)   --->   "%br_ln315 = br void" [firmware/nnet_utils/nnet_conv_stream.h:315]   --->   Operation 51 'br' 'br_ln315' <Predicate = (icmp_ln303)> <Delay = 0.00>
ST_4 : Operation 52 [1/1] (0.00ns)   --->   "%ret_ln320 = ret" [firmware/nnet_utils/nnet_conv_stream.h:320]   --->   Operation 52 'ret' 'ret_ln320' <Predicate = true> <Delay = 0.00>


============================================================
+ Verbose Summary: Timing violations
============================================================
Target clock period: 10ns, clock uncertainty: 1.25ns.

 <State 1>: 3.23ns
The critical path consists of the following:
	wire read operation ('p_read_4') on port 'p_read' [21]  (0 ns)
	'call' operation ('call_ln281', firmware/nnet_utils/nnet_conv_stream.h:281) to 'shift_line_buffer<array<ap_fixed<8, 2, 5, 3, 0>, 1u>, config2>' [22]  (3.23 ns)

 <State 2>: 4.43ns
The critical path consists of the following:
	'load' operation ('sY_1_load', firmware/nnet_utils/nnet_conv_stream.h:284) on static variable 'sY_1' [25]  (0 ns)
	'icmp' operation ('icmp_ln284_1', firmware/nnet_utils/nnet_conv_stream.h:284) [30]  (2.47 ns)
	'and' operation ('and_ln284_1', firmware/nnet_utils/nnet_conv_stream.h:284) [36]  (0.978 ns)
	blocking operation 0.978 ns on control path)

 <State 3>: 7.39ns
The critical path consists of the following:
	'call' operation ('tmp_1', firmware/nnet_utils/nnet_dense.h:76) to 'dense_resource_rf_gt_nin_rem0<ap_fixed,ap_fixed<8,2,5,3,0>,config2_mult>' [39]  (7.39 ns)

 <State 4>: 7.59ns
The critical path consists of the following:
	'add' operation ('add_ln303', firmware/nnet_utils/nnet_conv_stream.h:303) [46]  (2.55 ns)
	'icmp' operation ('icmp_ln303', firmware/nnet_utils/nnet_conv_stream.h:303) [47]  (2.47 ns)
	blocking operation 2.57 ns on control path)


============================================================
+ Verbose Summary: Binding
============================================================
N/A
* FSMD analyzer results:
  - Output states:
 - Input state : 
  - Chain level:
	State 1
	State 2
	State 3
	State 4


============================================================
+ Verbose Summary: Datapath Resource usage 
============================================================
N/A
