

================================================================
== Vitis HLS Report for 'compute_output_buffer_2d_array_array_ap_fixed_8_2_5_3_0_2u_config2_s'
================================================================
* Date:           Tue May 26 23:24:20 2026

* Version:        2021.2 (Build 3367213 on Tue Oct 19 02:48:09 MDT 2021)
* Project:        myproject_prj
* Solution:       solution1 (Vivado IP Flow Target)
* Product family: zynq
* Target device:  xc7z020-clg400-1


================================================================
== Performance Estimates
================================================================
+ Timing: 
    * Summary: 
    +--------+----------+----------+------------+
    |  Clock |  Target  | Estimated| Uncertainty|
    +--------+----------+----------+------------+
    |ap_clk  |  10.00 ns|  8.181 ns|     1.25 ns|
    +--------+----------+----------+------------+

+ Latency: 
    * Summary: 
    +---------+---------+-----------+----------+-----+-----+---------+
    |  Latency (cycles) |  Latency (absolute)  |  Interval | Pipeline|
    |   min   |   max   |    min    |    max   | min | max |   Type  |
    +---------+---------+-----------+----------+-----+-----+---------+
    |        2|       23|  20.000 ns|  0.230 us|    2|   23|       no|
    +---------+---------+-----------+----------+-----+-----+---------+

    + Detail: 
        * Instance: 
        +-------------------------------------------------------------------------------------+--------------------------------------------------------------------------+---------+---------+----------+----------+-----+-----+------------------------------------------+
        |                                                                                     |                                                                          |  Latency (cycles) |  Latency (absolute) |  Interval |                 Pipeline                 |
        |                                       Instance                                      |                                  Module                                  |   min   |   max   |    min   |    max   | min | max |                   Type                   |
        +-------------------------------------------------------------------------------------+--------------------------------------------------------------------------+---------+---------+----------+----------+-----+-----+------------------------------------------+
        |call_ln281_shift_line_buffer_array_ap_fixed_8_2_5_3_0_1u_config2_s_fu_93             |shift_line_buffer_array_ap_fixed_8_2_5_3_0_1u_config2_s                   |        0|        0|      0 ns|      0 ns|    1|    1|                                       yes|
        |grp_dense_resource_rf_gt_nin_rem0_ap_fixed_ap_fixed_8_2_5_3_0_config2_mult_s_fu_121  |dense_resource_rf_gt_nin_rem0_ap_fixed_ap_fixed_8_2_5_3_0_config2_mult_s  |       19|       20|  0.190 us|  0.200 us|   18|   18|  loop rewind stp(delay=0 clock cycles(s))|
        +-------------------------------------------------------------------------------------+--------------------------------------------------------------------------+---------+---------+----------+----------+-----+-----+------------------------------------------+

        * Loop: 
        N/A



================================================================
== Utilization Estimates
================================================================
* Summary: 
+-----------------+---------+-----+--------+-------+-----+
|       Name      | BRAM_18K| DSP |   FF   |  LUT  | URAM|
+-----------------+---------+-----+--------+-------+-----+
|DSP              |        -|    -|       -|      -|    -|
|Expression       |        -|    -|       0|    338|    -|
|FIFO             |        -|    -|       -|      -|    -|
|Instance         |        1|    0|     400|    793|    -|
|Memory           |        -|    -|       -|      -|    -|
|Multiplexer      |        -|    -|       -|     75|    -|
|Register         |        -|    -|     223|      -|    -|
+-----------------+---------+-----+--------+-------+-----+
|Total            |        1|    0|     623|   1206|    0|
+-----------------+---------+-----+--------+-------+-----+
|Available        |      280|  220|  106400|  53200|    0|
+-----------------+---------+-----+--------+-------+-----+
|Utilization (%)  |       ~0|    0|      ~0|      2|    0|
+-----------------+---------+-----+--------+-------+-----+

+ Detail: 
    * Instance: 
    +-------------------------------------------------------------------------------------+--------------------------------------------------------------------------+---------+----+-----+-----+-----+
    |                                       Instance                                      |                                  Module                                  | BRAM_18K| DSP|  FF | LUT | URAM|
    +-------------------------------------------------------------------------------------+--------------------------------------------------------------------------+---------+----+-----+-----+-----+
    |grp_dense_resource_rf_gt_nin_rem0_ap_fixed_ap_fixed_8_2_5_3_0_config2_mult_s_fu_121  |dense_resource_rf_gt_nin_rem0_ap_fixed_ap_fixed_8_2_5_3_0_config2_mult_s  |        1|   0|  271|  675|    0|
    |call_ln281_shift_line_buffer_array_ap_fixed_8_2_5_3_0_1u_config2_s_fu_93             |shift_line_buffer_array_ap_fixed_8_2_5_3_0_1u_config2_s                   |        0|   0|  129|  118|    0|
    +-------------------------------------------------------------------------------------+--------------------------------------------------------------------------+---------+----+-----+-----+-----+
    |Total                                                                                |                                                                          |        1|   0|  400|  793|    0|
    +-------------------------------------------------------------------------------------+--------------------------------------------------------------------------+---------+----+-----+-----+-----+

    * DSP: 
    N/A

    * Memory: 
    N/A

    * FIFO: 
    N/A

    * Expression: 
    +--------------------------------+----------+----+---+----+------------+------------+
    |          Variable Name         | Operation| DSP| FF| LUT| Bitwidth P0| Bitwidth P1|
    +--------------------------------+----------+----+---+----+------------+------------+
    |add_ln303_fu_234_p2             |         +|   0|  0|  39|          32|           1|
    |add_ln307_fu_281_p2             |         +|   0|  0|  39|          32|           1|
    |add_ln313_fu_298_p2             |         +|   0|  0|  39|          32|           1|
    |add_ln318_fu_251_p2             |         +|   0|  0|  39|          32|           1|
    |and_ln284_1_fu_213_p2           |       and|   0|  0|   2|           1|           1|
    |and_ln284_fu_207_p2             |       and|   0|  0|   2|           1|           1|
    |ap_block_state4                 |       and|   0|  0|   2|           1|           1|
    |ap_condition_131                |       and|   0|  0|   2|           1|           1|
    |ap_condition_215                |       and|   0|  0|   2|           1|           1|
    |ap_predicate_op27_write_state4  |       and|   0|  0|   2|           1|           1|
    |grp_fu_147_p2                   |      icmp|   0|  0|  18|          32|           2|
    |icmp_ln284_2_fu_185_p2          |      icmp|   0|  0|  17|          31|           1|
    |icmp_ln284_3_fu_201_p2          |      icmp|   0|  0|  17|          31|           1|
    |icmp_ln284_fu_156_p2            |      icmp|   0|  0|  18|          32|           2|
    |icmp_ln303_fu_239_p2            |      icmp|   0|  0|  18|          32|           8|
    |icmp_ln307_fu_286_p2            |      icmp|   0|  0|  18|          32|           7|
    |select_ln313_fu_303_p3          |    select|   0|  0|  32|           1|           2|
    |select_ln318_fu_256_p3          |    select|   0|  0|  32|           1|           2|
    +--------------------------------+----------+----+---+----+------------+------------+
    |Total                           |          |   0|  0| 338|         326|          35|
    +--------------------------------+----------+----+---+----+------------+------------+

    * Multiplexer: 
    +------------------------------------+----+-----------+-----+-----------+
    |                Name                | LUT| Input Size| Bits| Total Bits|
    +------------------------------------+----+-----------+-----+-----------+
    |ap_NS_fsm                           |  25|          5|    1|          5|
    |ap_phi_mux_storemerge_phi_fu_86_p4  |  14|          3|   32|         96|
    |layer2_out_blk_n                    |   9|          2|    1|          2|
    |pX_1                                |   9|          2|   32|         64|
    |pY_1                                |   9|          2|   32|         64|
    |sX_1                                |   9|          2|   32|         64|
    +------------------------------------+----+-----------+-----+-----------+
    |Total                               |  75|         16|  130|        295|
    +------------------------------------+----+-----------+-----+-----------+

    * Register: 
    +--------------------------------------------------------------------------------------------------+----+----+-----+-----------+
    |                                               Name                                               | FF | LUT| Bits| Const Bits|
    +--------------------------------------------------------------------------------------------------+----+----+-----+-----------+
    |and_ln284_1_reg_341                                                                               |   1|   0|    1|          0|
    |ap_CS_fsm                                                                                         |   4|   0|    4|          0|
    |grp_dense_resource_rf_gt_nin_rem0_ap_fixed_ap_fixed_8_2_5_3_0_config2_mult_s_fu_121_ap_start_reg  |   1|   0|    1|          0|
    |icmp_ln284_reg_327                                                                                |   1|   0|    1|          0|
    |pX_1                                                                                              |  32|   0|   32|          0|
    |pY_1                                                                                              |  32|   0|   32|          0|
    |res_out_V_2_reg_350                                                                               |   8|   0|    8|          0|
    |res_out_V_reg_345                                                                                 |   8|   0|    8|          0|
    |sX_1                                                                                              |  32|   0|   32|          0|
    |sY_1                                                                                              |  32|   0|   32|          0|
    |void_compute_output_buffer_2d_array_const_ap_shift_reg_n_chan_stream_weig_10                      |   8|   0|    8|          0|
    |void_compute_output_buffer_2d_array_const_ap_shift_reg_n_chan_stream_weig_11                      |   8|   0|    8|          0|
    |void_compute_output_buffer_2d_array_const_ap_shift_reg_n_chan_stream_weig_12                      |   8|   0|    8|          0|
    |void_compute_output_buffer_2d_array_const_ap_shift_reg_n_chan_stream_weig_13                      |   8|   0|    8|          0|
    |void_compute_output_buffer_2d_array_const_ap_shift_reg_n_chan_stream_weig_14                      |   8|   0|    8|          0|
    |void_compute_output_buffer_2d_array_const_ap_shift_reg_n_chan_stream_weig_15                      |   8|   0|    8|          0|
    |void_compute_output_buffer_2d_array_const_ap_shift_reg_n_chan_stream_weig_16                      |   8|   0|    8|          0|
    |void_compute_output_buffer_2d_array_const_ap_shift_reg_n_chan_stream_weig_17                      |   8|   0|    8|          0|
    |void_compute_output_buffer_2d_array_const_ap_shift_reg_n_chan_stream_weig_18                      |   8|   0|    8|          0|
    +--------------------------------------------------------------------------------------------------+----+----+-----+-----------+
    |Total                                                                                             | 223|   0|  223|          0|
    +--------------------------------------------------------------------------------------------------+----+----+-----+-----------+



================================================================
== Interface
================================================================
* Summary: 
+-------------------+-----+-----+------------+-----------------------------------------------------------------------+--------------+
|     RTL Ports     | Dir | Bits|  Protocol  |                             Source Object                             |    C Type    |
+-------------------+-----+-----+------------+-----------------------------------------------------------------------+--------------+
|ap_clk             |   in|    1|  ap_ctrl_hs|  compute_output_buffer_2d<array,array<ap_fixed<8,2,5,3,0>,2u>,config2>|  return value|
|ap_rst             |   in|    1|  ap_ctrl_hs|  compute_output_buffer_2d<array,array<ap_fixed<8,2,5,3,0>,2u>,config2>|  return value|
|ap_start           |   in|    1|  ap_ctrl_hs|  compute_output_buffer_2d<array,array<ap_fixed<8,2,5,3,0>,2u>,config2>|  return value|
|ap_done            |  out|    1|  ap_ctrl_hs|  compute_output_buffer_2d<array,array<ap_fixed<8,2,5,3,0>,2u>,config2>|  return value|
|ap_idle            |  out|    1|  ap_ctrl_hs|  compute_output_buffer_2d<array,array<ap_fixed<8,2,5,3,0>,2u>,config2>|  return value|
|ap_ready           |  out|    1|  ap_ctrl_hs|  compute_output_buffer_2d<array,array<ap_fixed<8,2,5,3,0>,2u>,config2>|  return value|
|p_read             |   in|    8|     ap_none|                                                                 p_read|        scalar|
|layer2_out_din     |  out|   16|     ap_fifo|                                                             layer2_out|       pointer|
|layer2_out_full_n  |   in|    1|     ap_fifo|                                                             layer2_out|       pointer|
|layer2_out_write   |  out|    1|     ap_fifo|                                                             layer2_out|       pointer|
+-------------------+-----+-----+------------+-----------------------------------------------------------------------+--------------+

============================================================
+ Verbose Summary: Synthesis Manager
============================================================
InlineROM: 1
ExposeGlobal: 0
============================================================
+ Verbose Summary: CDFG Model
============================================================
IsTopModel: 0
ResetActiveHigh: 1
IsCombinational: 2
IsDatapathOnly: 2
HasWiredReturn: 1
HasMFsm: 0
HasVarLatency: 1
IsPipeline: 0
IsRtlPipelined: 0
IsInstanceOverlapped: 0
IsDontTouch: 0
HasImplIP: 0
IsGatedGlobalClock: 0


============================================================
+ Verbose Summary: Schedule
============================================================
* Number of FSM states : 4
* Pipeline : 0
* Dataflow Pipeline: 0

* FSM state transitions: 
1 --> 2 
2 --> 4 3 
3 --> 4 
4 --> 

* FSM state operations: 

State 1 <SV = 0> <Delay = 3.23>
ST_1 : Operation 5 [1/1] (0.00ns)   --->   "%p_read_4 = read i8 @_ssdm_op_Read.ap_auto.i8, i8 %p_read"   --->   Operation 5 'read' 'p_read_4' <Predicate = true> <Delay = 0.00>
ST_1 : Operation 6 [1/1] (3.23ns)   --->   "%call_ln281 = call void @shift_line_buffer<array<ap_fixed<8, 2, 5, 3, 0>, 1u>, config2>, i8 %p_read_4, i8 %void_compute_output_buffer_2d_array_const_ap_shift_reg_n_chan_stream_weig_17, i8 %void_compute_output_buffer_2d_array_const_ap_shift_reg_n_chan_stream_weig_18, i8 %void_compute_output_buffer_2d_array_const_ap_shift_reg_n_chan_stream_weig_14, i8 %void_compute_output_buffer_2d_array_const_ap_shift_reg_n_chan_stream_weig_15, i8 %void_compute_output_buffer_2d_array_const_ap_shift_reg_n_chan_stream_weig_11, i8 %void_compute_output_buffer_2d_array_const_ap_shift_reg_n_chan_stream_weig_12, i8 %void_compute_output_buffer_2d_array_const_ap_shift_reg_n_chan_stream_weig_16, i8 %void_compute_output_buffer_2d_array_const_ap_shift_reg_n_chan_stream_weig_13, i8 %void_compute_output_buffer_2d_array_const_ap_shift_reg_n_chan_stream_weig_10, i8 %void_conv_2d_buffer_cl_stream_stream_weight_t_bias_t_line_buffer_0_1, i8 %void_conv_2d_buffer_cl_stream_stream_weight_t_bias_t_line_buffer_2" [firmware/nnet_utils/nnet_conv_stream.h:281]   --->   Operation 6 'call' 'call_ln281' <Predicate = true> <Delay = 3.23> <CoreType = "Generic">   --->   Core 0 '' <Latency = 0> <II = 1> <Delay = 1.00> <Generic> <Opcode : >

State 2 <SV = 1> <Delay = 4.42>
ST_2 : Operation 7 [1/1] (0.00ns)   --->   "%specinterface_ln0 = specinterface void @_ssdm_op_SpecInterface, i16 %layer2_out, void @empty_4, i32 0, i32 0, void @empty_6, i32 0, i32 0, void @empty_6, void @empty_6, void @empty_6, i32 0, i32 0, i32 0, i32 0, void @empty_6, void @empty_6"   --->   Operation 7 'specinterface' 'specinterface_ln0' <Predicate = true> <Delay = 0.00>
ST_2 : Operation 8 [1/1] (0.00ns)   --->   "%sX_1_load = load i32 %sX_1" [firmware/nnet_utils/nnet_conv_stream.h:284]   --->   Operation 8 'load' 'sX_1_load' <Predicate = true> <Delay = 0.00>
ST_2 : Operation 9 [1/1] (2.47ns)   --->   "%icmp_ln284 = icmp_eq  i32 %sX_1_load, i32 2" [firmware/nnet_utils/nnet_conv_stream.h:284]   --->   Operation 9 'icmp' 'icmp_ln284' <Predicate = true> <Delay = 2.47> <CoreInst = "Cmp">   --->   Core 9 'Cmp' <Latency = 0> <II = 1> <Delay = 2.47> <FuncUnit> <Opcode : 'icmp'> <InPorts = 2> <OutPorts = 1>
ST_2 : Operation 10 [1/1] (0.00ns)   --->   "%sY_1_load = load i32 %sY_1" [firmware/nnet_utils/nnet_conv_stream.h:284]   --->   Operation 10 'load' 'sY_1_load' <Predicate = true> <Delay = 0.00>
ST_2 : Operation 11 [1/1] (0.00ns)   --->   "%pY_1_load = load i32 %pY_1" [firmware/nnet_utils/nnet_conv_stream.h:284]   --->   Operation 11 'load' 'pY_1_load' <Predicate = true> <Delay = 0.00>
ST_2 : Operation 12 [1/1] (0.00ns)   --->   "%pX_1_load = load i32 %pX_1" [firmware/nnet_utils/nnet_conv_stream.h:284]   --->   Operation 12 'load' 'pX_1_load' <Predicate = true> <Delay = 0.00>
ST_2 : Operation 13 [1/1] (0.00ns)   --->   "%br_ln284 = br i1 %icmp_ln284, void %._crit_edge1, void" [firmware/nnet_utils/nnet_conv_stream.h:284]   --->   Operation 13 'br' 'br_ln284' <Predicate = true> <Delay = 0.00>
ST_2 : Operation 14 [1/1] (2.47ns)   --->   "%icmp_ln284_1 = icmp_eq  i32 %sY_1_load, i32 2" [firmware/nnet_utils/nnet_conv_stream.h:284]   --->   Operation 14 'icmp' 'icmp_ln284_1' <Predicate = (icmp_ln284)> <Delay = 2.47> <CoreInst = "Cmp">   --->   Core 9 'Cmp' <Latency = 0> <II = 1> <Delay = 2.47> <FuncUnit> <Opcode : 'icmp'> <InPorts = 2> <OutPorts = 1>
ST_2 : Operation 15 [1/1] (0.00ns)   --->   "%tmp = partselect i31 @_ssdm_op_PartSelect.i31.i32.i32.i32, i32 %pY_1_load, i32 1, i32 31" [firmware/nnet_utils/nnet_conv_stream.h:284]   --->   Operation 15 'partselect' 'tmp' <Predicate = (icmp_ln284)> <Delay = 0.00>
ST_2 : Operation 16 [1/1] (2.47ns)   --->   "%icmp_ln284_2 = icmp_sgt  i31 %tmp, i31 0" [firmware/nnet_utils/nnet_conv_stream.h:284]   --->   Operation 16 'icmp' 'icmp_ln284_2' <Predicate = (icmp_ln284)> <Delay = 2.47> <CoreInst = "Cmp">   --->   Core 9 'Cmp' <Latency = 0> <II = 1> <Delay = 2.47> <FuncUnit> <Opcode : 'icmp'> <InPorts = 2> <OutPorts = 1>
ST_2 : Operation 17 [1/1] (0.00ns)   --->   "%tmp_2 = partselect i31 @_ssdm_op_PartSelect.i31.i32.i32.i32, i32 %pX_1_load, i32 1, i32 31" [firmware/nnet_utils/nnet_conv_stream.h:284]   --->   Operation 17 'partselect' 'tmp_2' <Predicate = (icmp_ln284)> <Delay = 0.00>
ST_2 : Operation 18 [1/1] (2.47ns)   --->   "%icmp_ln284_3 = icmp_sgt  i31 %tmp_2, i31 0" [firmware/nnet_utils/nnet_conv_stream.h:284]   --->   Operation 18 'icmp' 'icmp_ln284_3' <Predicate = (icmp_ln284)> <Delay = 2.47> <CoreInst = "Cmp">   --->   Core 9 'Cmp' <Latency = 0> <II = 1> <Delay = 2.47> <FuncUnit> <Opcode : 'icmp'> <InPorts = 2> <OutPorts = 1>
ST_2 : Operation 19 [1/1] (0.00ns) (grouped into LUT with out node and_ln284_1)   --->   "%and_ln284 = and i1 %icmp_ln284_2, i1 %icmp_ln284_3" [firmware/nnet_utils/nnet_conv_stream.h:284]   --->   Operation 19 'and' 'and_ln284' <Predicate = (icmp_ln284)> <Delay = 0.00> <CoreInst = "LogicGate">   --->   Core 74 'LogicGate' <Latency = 0> <II = 1> <Delay = 0.97> <FuncUnit> <Opcode : 'and' 'or' 'xor'> <InPorts = 2> <OutPorts = 1>
ST_2 : Operation 20 [1/1] (0.97ns) (out node of the LUT)   --->   "%and_ln284_1 = and i1 %and_ln284, i1 %icmp_ln284_1" [firmware/nnet_utils/nnet_conv_stream.h:284]   --->   Operation 20 'and' 'and_ln284_1' <Predicate = (icmp_ln284)> <Delay = 0.97> <CoreInst = "LogicGate">   --->   Core 74 'LogicGate' <Latency = 0> <II = 1> <Delay = 0.97> <FuncUnit> <Opcode : 'and' 'or' 'xor'> <InPorts = 2> <OutPorts = 1>
ST_2 : Operation 21 [1/1] (0.00ns)   --->   "%br_ln284 = br i1 %and_ln284_1, void %._crit_edge1, void" [firmware/nnet_utils/nnet_conv_stream.h:284]   --->   Operation 21 'br' 'br_ln284' <Predicate = (icmp_ln284)> <Delay = 0.00>
ST_2 : Operation 22 [2/2] (0.00ns)   --->   "%tmp_1 = call i16 @dense_resource_rf_gt_nin_rem0<ap_fixed,ap_fixed<8,2,5,3,0>,config2_mult>, i1 %outidx, i7 %w2_V, i8 %void_compute_output_buffer_2d_array_const_ap_shift_reg_n_chan_stream_weig_18, i8 %void_compute_output_buffer_2d_array_const_ap_shift_reg_n_chan_stream_weig_17, i8 %void_compute_output_buffer_2d_array_const_ap_shift_reg_n_chan_stream_weig_16, i8 %void_compute_output_buffer_2d_array_const_ap_shift_reg_n_chan_stream_weig_15, i8 %void_compute_output_buffer_2d_array_const_ap_shift_reg_n_chan_stream_weig_14, i8 %void_compute_output_buffer_2d_array_const_ap_shift_reg_n_chan_stream_weig_13, i8 %void_compute_output_buffer_2d_array_const_ap_shift_reg_n_chan_stream_weig_12, i8 %void_compute_output_buffer_2d_array_const_ap_shift_reg_n_chan_stream_weig_11, i8 %void_compute_output_buffer_2d_array_const_ap_shift_reg_n_chan_stream_weig_10" [firmware/nnet_utils/nnet_dense.h:76]   --->   Operation 22 'call' 'tmp_1' <Predicate = (icmp_ln284 & and_ln284_1)> <Delay = 0.00> <CoreType = "Generic">   --->   Core 0 '' <Latency = 0> <II = 1> <Delay = 1.00> <Generic> <Opcode : >

State 3 <SV = 2> <Delay = 7.38>
ST_3 : Operation 23 [1/2] (7.38ns)   --->   "%tmp_1 = call i16 @dense_resource_rf_gt_nin_rem0<ap_fixed,ap_fixed<8,2,5,3,0>,config2_mult>, i1 %outidx, i7 %w2_V, i8 %void_compute_output_buffer_2d_array_const_ap_shift_reg_n_chan_stream_weig_18, i8 %void_compute_output_buffer_2d_array_const_ap_shift_reg_n_chan_stream_weig_17, i8 %void_compute_output_buffer_2d_array_const_ap_shift_reg_n_chan_stream_weig_16, i8 %void_compute_output_buffer_2d_array_const_ap_shift_reg_n_chan_stream_weig_15, i8 %void_compute_output_buffer_2d_array_const_ap_shift_reg_n_chan_stream_weig_14, i8 %void_compute_output_buffer_2d_array_const_ap_shift_reg_n_chan_stream_weig_13, i8 %void_compute_output_buffer_2d_array_const_ap_shift_reg_n_chan_stream_weig_12, i8 %void_compute_output_buffer_2d_array_const_ap_shift_reg_n_chan_stream_weig_11, i8 %void_compute_output_buffer_2d_array_const_ap_shift_reg_n_chan_stream_weig_10" [firmware/nnet_utils/nnet_dense.h:76]   --->   Operation 23 'call' 'tmp_1' <Predicate = true> <Delay = 7.38> <CoreType = "Generic">   --->   Core 0 '' <Latency = 0> <II = 1> <Delay = 1.00> <Generic> <Opcode : >
ST_3 : Operation 24 [1/1] (0.00ns)   --->   "%res_out_V = extractvalue i16 %tmp_1" [firmware/nnet_utils/nnet_dense.h:76]   --->   Operation 24 'extractvalue' 'res_out_V' <Predicate = true> <Delay = 0.00>
ST_3 : Operation 25 [1/1] (0.00ns)   --->   "%res_out_V_2 = extractvalue i16 %tmp_1" [firmware/nnet_utils/nnet_dense.h:76]   --->   Operation 25 'extractvalue' 'res_out_V_2' <Predicate = true> <Delay = 0.00>

State 4 <SV = 3> <Delay = 7.59>
ST_4 : Operation 26 [1/1] (0.00ns)   --->   "%p_0 = bitconcatenate i16 @_ssdm_op_BitConcatenate.i16.i8.i8, i8 %res_out_V_2, i8 %res_out_V" [C:/Xilinx/Vitis_HLS/2021.2/common/technology/autopilot/hls_stream_39.h:173]   --->   Operation 26 'bitconcatenate' 'p_0' <Predicate = (icmp_ln284 & and_ln284_1)> <Delay = 0.00>
ST_4 : Operation 27 [1/1] (3.50ns)   --->   "%write_ln173 = write void @_ssdm_op_Write.ap_fifo.volatile.i16P0A, i16 %layer2_out, i16 %p_0" [C:/Xilinx/Vitis_HLS/2021.2/common/technology/autopilot/hls_stream_39.h:173]   --->   Operation 27 'write' 'write_ln173' <Predicate = (icmp_ln284 & and_ln284_1)> <Delay = 3.50> <CoreInst = "FIFO">   --->   Core 78 'FIFO' <Latency = 0> <II = 1> <Delay = 3.50> <Storage> <Opcode : 'read' 'write' 'nbread' 'nbwrite'> <Ports = 0> <Width = 16> <Depth = 19602> <FIFO>
ST_4 : Operation 28 [1/1] (0.00ns)   --->   "%br_ln300 = br void %._crit_edge1" [firmware/nnet_utils/nnet_conv_stream.h:300]   --->   Operation 28 'br' 'br_ln300' <Predicate = (icmp_ln284 & and_ln284_1)> <Delay = 0.00>
ST_4 : Operation 29 [1/1] (2.55ns)   --->   "%add_ln303 = add i32 %pX_1_load, i32 1" [firmware/nnet_utils/nnet_conv_stream.h:303]   --->   Operation 29 'add' 'add_ln303' <Predicate = true> <Delay = 2.55> <CoreInst = "Adder">   --->   Core 1 'Adder' <Latency = 0> <II = 1> <Delay = 2.55> <FuncUnit> <Opcode : 'add' 'sub'> <InPorts = 2> <OutPorts = 1>
ST_4 : Operation 30 [1/1] (2.47ns)   --->   "%icmp_ln303 = icmp_eq  i32 %add_ln303, i32 164" [firmware/nnet_utils/nnet_conv_stream.h:303]   --->   Operation 30 'icmp' 'icmp_ln303' <Predicate = true> <Delay = 2.47> <CoreInst = "Cmp">   --->   Core 9 'Cmp' <Latency = 0> <II = 1> <Delay = 2.47> <FuncUnit> <Opcode : 'icmp'> <InPorts = 2> <OutPorts = 1>
ST_4 : Operation 31 [1/1] (0.00ns)   --->   "%br_ln303 = br i1 %icmp_ln303, void, void" [firmware/nnet_utils/nnet_conv_stream.h:303]   --->   Operation 31 'br' 'br_ln303' <Predicate = true> <Delay = 0.00>
ST_4 : Operation 32 [1/1] (1.58ns)   --->   "%store_ln316 = store i32 %add_ln303, i32 %pX_1" [firmware/nnet_utils/nnet_conv_stream.h:316]   --->   Operation 32 'store' 'store_ln316' <Predicate = (!icmp_ln303)> <Delay = 1.58>
ST_4 : Operation 33 [1/1] (2.55ns)   --->   "%add_ln318 = add i32 %sX_1_load, i32 1" [firmware/nnet_utils/nnet_conv_stream.h:318]   --->   Operation 33 'add' 'add_ln318' <Predicate = (!icmp_ln284 & !icmp_ln303)> <Delay = 2.55> <CoreInst = "Adder">   --->   Core 1 'Adder' <Latency = 0> <II = 1> <Delay = 2.55> <FuncUnit> <Opcode : 'add' 'sub'> <InPorts = 2> <OutPorts = 1>
ST_4 : Operation 34 [1/1] (0.69ns)   --->   "%select_ln318 = select i1 %icmp_ln284, i32 2, i32 %add_ln318" [firmware/nnet_utils/nnet_conv_stream.h:318]   --->   Operation 34 'select' 'select_ln318' <Predicate = (!icmp_ln303)> <Delay = 0.69> <CoreInst = "Sel">   --->   Core 73 'Sel' <Latency = 0> <II = 1> <Delay = 0.69> <FuncUnit> <Opcode : 'select'> <InPorts = 3> <OutPorts = 1>
ST_4 : Operation 35 [1/1] (1.58ns)   --->   "%store_ln318 = store i32 %select_ln318, i32 %sX_1" [firmware/nnet_utils/nnet_conv_stream.h:318]   --->   Operation 35 'store' 'store_ln318' <Predicate = (!icmp_ln303)> <Delay = 1.58>
ST_4 : Operation 36 [1/1] (0.00ns)   --->   "%br_ln0 = br void"   --->   Operation 36 'br' 'br_ln0' <Predicate = (!icmp_ln303)> <Delay = 0.00>
ST_4 : Operation 37 [1/1] (1.58ns)   --->   "%store_ln305 = store i32 0, i32 %pX_1" [firmware/nnet_utils/nnet_conv_stream.h:305]   --->   Operation 37 'store' 'store_ln305' <Predicate = (icmp_ln303)> <Delay = 1.58>
ST_4 : Operation 38 [1/1] (1.58ns)   --->   "%store_ln306 = store i32 0, i32 %sX_1" [firmware/nnet_utils/nnet_conv_stream.h:306]   --->   Operation 38 'store' 'store_ln306' <Predicate = (icmp_ln303)> <Delay = 1.58>
ST_4 : Operation 39 [1/1] (2.55ns)   --->   "%add_ln307 = add i32 %pY_1_load, i32 1" [firmware/nnet_utils/nnet_conv_stream.h:307]   --->   Operation 39 'add' 'add_ln307' <Predicate = (icmp_ln303)> <Delay = 2.55> <CoreInst = "Adder">   --->   Core 1 'Adder' <Latency = 0> <II = 1> <Delay = 2.55> <FuncUnit> <Opcode : 'add' 'sub'> <InPorts = 2> <OutPorts = 1>
ST_4 : Operation 40 [1/1] (2.47ns)   --->   "%icmp_ln307 = icmp_eq  i32 %add_ln307, i32 123" [firmware/nnet_utils/nnet_conv_stream.h:307]   --->   Operation 40 'icmp' 'icmp_ln307' <Predicate = (icmp_ln303)> <Delay = 2.47> <CoreInst = "Cmp">   --->   Core 9 'Cmp' <Latency = 0> <II = 1> <Delay = 2.47> <FuncUnit> <Opcode : 'icmp'> <InPorts = 2> <OutPorts = 1>
ST_4 : Operation 41 [1/1] (0.00ns)   --->   "%br_ln307 = br i1 %icmp_ln307, void, void" [firmware/nnet_utils/nnet_conv_stream.h:307]   --->   Operation 41 'br' 'br_ln307' <Predicate = (icmp_ln303)> <Delay = 0.00>
ST_4 : Operation 42 [1/1] (1.58ns)   --->   "%store_ln311 = store i32 %add_ln307, i32 %pY_1" [firmware/nnet_utils/nnet_conv_stream.h:311]   --->   Operation 42 'store' 'store_ln311' <Predicate = (icmp_ln303 & !icmp_ln307)> <Delay = 1.58>
ST_4 : Operation 43 [1/1] (2.47ns)   --->   "%icmp_ln313 = icmp_eq  i32 %sY_1_load, i32 2" [firmware/nnet_utils/nnet_conv_stream.h:313]   --->   Operation 43 'icmp' 'icmp_ln313' <Predicate = (icmp_ln303 & !icmp_ln307)> <Delay = 2.47> <CoreInst = "Cmp">   --->   Core 9 'Cmp' <Latency = 0> <II = 1> <Delay = 2.47> <FuncUnit> <Opcode : 'icmp'> <InPorts = 2> <OutPorts = 1>
ST_4 : Operation 44 [1/1] (2.55ns)   --->   "%add_ln313 = add i32 %sY_1_load, i32 1" [firmware/nnet_utils/nnet_conv_stream.h:313]   --->   Operation 44 'add' 'add_ln313' <Predicate = (icmp_ln303 & !icmp_ln307)> <Delay = 2.55> <CoreInst = "Adder">   --->   Core 1 'Adder' <Latency = 0> <II = 1> <Delay = 2.55> <FuncUnit> <Opcode : 'add' 'sub'> <InPorts = 2> <OutPorts = 1>
ST_4 : Operation 45 [1/1] (0.69ns)   --->   "%select_ln313 = select i1 %icmp_ln313, i32 2, i32 %add_ln313" [firmware/nnet_utils/nnet_conv_stream.h:313]   --->   Operation 45 'select' 'select_ln313' <Predicate = (icmp_ln303 & !icmp_ln307)> <Delay = 0.69> <CoreInst = "Sel">   --->   Core 73 'Sel' <Latency = 0> <II = 1> <Delay = 0.69> <FuncUnit> <Opcode : 'select'> <InPorts = 3> <OutPorts = 1>
ST_4 : Operation 46 [1/1] (1.58ns)   --->   "%br_ln0 = br void"   --->   Operation 46 'br' 'br_ln0' <Predicate = (icmp_ln303 & !icmp_ln307)> <Delay = 1.58>
ST_4 : Operation 47 [1/1] (1.58ns)   --->   "%store_ln308 = store i32 0, i32 %pY_1" [firmware/nnet_utils/nnet_conv_stream.h:308]   --->   Operation 47 'store' 'store_ln308' <Predicate = (icmp_ln303 & icmp_ln307)> <Delay = 1.58>
ST_4 : Operation 48 [1/1] (1.58ns)   --->   "%br_ln310 = br void" [firmware/nnet_utils/nnet_conv_stream.h:310]   --->   Operation 48 'br' 'br_ln310' <Predicate = (icmp_ln303 & icmp_ln307)> <Delay = 1.58>
ST_4 : Operation 49 [1/1] (0.00ns)   --->   "%storemerge = phi i32 %select_ln313, void, i32 0, void" [firmware/nnet_utils/nnet_conv_stream.h:313]   --->   Operation 49 'phi' 'storemerge' <Predicate = (icmp_ln303)> <Delay = 0.00>
ST_4 : Operation 50 [1/1] (0.00ns)   --->   "%store_ln309 = store i32 %storemerge, i32 %sY_1" [firmware/nnet_utils/nnet_conv_stream.h:309]   --->   Operation 50 'store' 'store_ln309' <Predicate = (icmp_ln303)> <Delay = 0.00>
ST_4 : Operation 51 [1/1] (0.00ns)   --->   "%br_ln315 = br void" [firmware/nnet_utils/nnet_conv_stream.h:315]   --->   Operation 51 'br' 'br_ln315' <Predicate = (icmp_ln303)> <Delay = 0.00>
ST_4 : Operation 52 [1/1] (0.00ns)   --->   "%ret_ln320 = ret" [firmware/nnet_utils/nnet_conv_stream.h:320]   --->   Operation 52 'ret' 'ret_ln320' <Predicate = true> <Delay = 0.00>


============================================================
+ Verbose Summary: Binding
============================================================
STG Binding: 
---------------- STG Properties BEGIN ----------------
- Is combinational: 0
- Is one-state seq: 0
- Is datapath-only: 0
- Is pipelined: 0
- Is top level: 0
Port [ Return ] is wired: 1; IO mode=ap_ctrl_hs:ce=0
Port [ p_read]:  wired=1; compound=0; hidden=0; nouse=0; global=0; static=0; extern=0; dir=0; type=0; pingpong=0; private_global=0; IO mode=ap_none:ce=0
Port [ layer2_out]:  wired=1; compound=1; hidden=0; nouse=0; global=0; static=0; extern=0; dir=1; type=3; pingpong=0; private_global=0; IO mode=ap_fifo:ce=0
Port [ void_compute_output_buffer_2d_array_const_ap_shift_reg_n_chan_stream_weig_17]:  wired=0; compound=0; hidden=1; nouse=0; global=1; static=1; extern=0; dir=2; type=0; pingpong=0; private_global=1; IO mode=ap_ovld:ce=0
Port [ void_compute_output_buffer_2d_array_const_ap_shift_reg_n_chan_stream_weig_18]:  wired=0; compound=0; hidden=1; nouse=0; global=1; static=1; extern=0; dir=2; type=0; pingpong=0; private_global=1; IO mode=ap_ovld:ce=0
Port [ void_compute_output_buffer_2d_array_const_ap_shift_reg_n_chan_stream_weig_14]:  wired=0; compound=0; hidden=1; nouse=0; global=1; static=1; extern=0; dir=2; type=0; pingpong=0; private_global=1; IO mode=ap_ovld:ce=0
Port [ void_compute_output_buffer_2d_array_const_ap_shift_reg_n_chan_stream_weig_15]:  wired=0; compound=0; hidden=1; nouse=0; global=1; static=1; extern=0; dir=2; type=0; pingpong=0; private_global=1; IO mode=ap_ovld:ce=0
Port [ void_compute_output_buffer_2d_array_const_ap_shift_reg_n_chan_stream_weig_11]:  wired=0; compound=0; hidden=1; nouse=0; global=1; static=1; extern=0; dir=2; type=0; pingpong=0; private_global=1; IO mode=ap_ovld:ce=0
Port [ void_compute_output_buffer_2d_array_const_ap_shift_reg_n_chan_stream_weig_12]:  wired=0; compound=0; hidden=1; nouse=0; global=1; static=1; extern=0; dir=2; type=0; pingpong=0; private_global=1; IO mode=ap_ovld:ce=0
Port [ void_compute_output_buffer_2d_array_const_ap_shift_reg_n_chan_stream_weig_16]:  wired=0; compound=0; hidden=1; nouse=0; global=1; static=1; extern=0; dir=2; type=0; pingpong=0; private_global=1; IO mode=ap_ovld:ce=0
Port [ void_compute_output_buffer_2d_array_const_ap_shift_reg_n_chan_stream_weig_13]:  wired=0; compound=0; hidden=1; nouse=0; global=1; static=1; extern=0; dir=2; type=0; pingpong=0; private_global=1; IO mode=ap_ovld:ce=0
Port [ void_compute_output_buffer_2d_array_const_ap_shift_reg_n_chan_stream_weig_10]:  wired=0; compound=0; hidden=1; nouse=0; global=1; static=1; extern=0; dir=2; type=0; pingpong=0; private_global=1; IO mode=ap_ovld:ce=0
Port [ void_conv_2d_buffer_cl_stream_stream_weight_t_bias_t_line_buffer_0_1]:  wired=0; compound=1; hidden=1; nouse=1; global=1; static=1; extern=0; dir=3; type=1; pingpong=0; private_global=0; MemPort=[2]; IO mode=ap_memory:ce=0
Port [ void_conv_2d_buffer_cl_stream_stream_weight_t_bias_t_line_buffer_2]:  wired=0; compound=1; hidden=1; nouse=1; global=1; static=1; extern=0; dir=3; type=1; pingpong=0; private_global=0; MemPort=[2]; IO mode=ap_memory:ce=0
Port [ sX_1]:  wired=0; compound=0; hidden=1; nouse=0; global=1; static=1; extern=0; dir=2; type=0; pingpong=0; private_global=1; IO mode=ap_ovld:ce=0
Port [ sY_1]:  wired=0; compound=0; hidden=1; nouse=0; global=1; static=1; extern=0; dir=2; type=0; pingpong=0; private_global=1; IO mode=ap_ovld:ce=0
Port [ pY_1]:  wired=0; compound=0; hidden=1; nouse=0; global=1; static=1; extern=0; dir=2; type=0; pingpong=0; private_global=1; IO mode=ap_ovld:ce=0
Port [ pX_1]:  wired=0; compound=0; hidden=1; nouse=0; global=1; static=1; extern=0; dir=2; type=0; pingpong=0; private_global=1; IO mode=ap_ovld:ce=0
Port [ outidx]:  wired=0; compound=1; hidden=1; nouse=1; global=1; static=1; extern=0; dir=0; type=1; pingpong=0; private_global=0; MemPort=[1]; IO mode=ap_memory:ce=0
Port [ w2_V]:  wired=0; compound=1; hidden=1; nouse=1; global=1; static=1; extern=0; dir=0; type=1; pingpong=0; private_global=0; MemPort=[1]; IO mode=ap_memory:ce=0
---------------- STG Properties END ------------------

---------------- Datapath Model BEGIN ----------------

<LifeTime>
<method=bitvector/>
p_read_4          (read          ) [ 00000]
call_ln281        (call          ) [ 00000]
specinterface_ln0 (specinterface ) [ 00000]
sX_1_load         (load          ) [ 00011]
icmp_ln284        (icmp          ) [ 00111]
sY_1_load         (load          ) [ 00011]
pY_1_load         (load          ) [ 00011]
pX_1_load         (load          ) [ 00011]
br_ln284          (br            ) [ 00000]
icmp_ln284_1      (icmp          ) [ 00000]
tmp               (partselect    ) [ 00000]
icmp_ln284_2      (icmp          ) [ 00000]
tmp_2             (partselect    ) [ 00000]
icmp_ln284_3      (icmp          ) [ 00000]
and_ln284         (and           ) [ 00000]
and_ln284_1       (and           ) [ 00111]
br_ln284          (br            ) [ 00000]
tmp_1             (call          ) [ 00000]
res_out_V         (extractvalue  ) [ 00001]
res_out_V_2       (extractvalue  ) [ 00001]
p_0               (bitconcatenate) [ 00000]
write_ln173       (write         ) [ 00000]
br_ln300          (br            ) [ 00000]
add_ln303         (add           ) [ 00000]
icmp_ln303        (icmp          ) [ 00001]
br_ln303          (br            ) [ 00000]
store_ln316       (store         ) [ 00000]
add_ln318         (add           ) [ 00000]
select_ln318      (select        ) [ 00000]
store_ln318       (store         ) [ 00000]
br_ln0            (br            ) [ 00000]
store_ln305       (store         ) [ 00000]
store_ln306       (store         ) [ 00000]
add_ln307         (add           ) [ 00000]
icmp_ln307        (icmp          ) [ 00001]
br_ln307          (br            ) [ 00000]
store_ln311       (store         ) [ 00000]
icmp_ln313        (icmp          ) [ 00000]
add_ln313         (add           ) [ 00000]
select_ln313      (select        ) [ 00000]
br_ln0            (br            ) [ 00000]
store_ln308       (store         ) [ 00000]
br_ln310          (br            ) [ 00000]
storemerge        (phi           ) [ 00000]
store_ln309       (store         ) [ 00000]
br_ln315          (br            ) [ 00000]
ret_ln320         (ret           ) [ 00000]
</LifeTime>

<model>

<comp_list>
<comp id="0" class="1000" name="p_read">
<pin_list>
<pin id="1" dir="1" index="0" bw="1" slack="0"/>
</pin_list>
<bind>
<StgValue><ssdm name="p_read"/></StgValue>
</bind>
</comp>

<comp id="2" class="1000" name="layer2_out">
<pin_list>
<pin id="3" dir="1" index="0" bw="1" slack="0"/>
</pin_list>
<bind>
<StgValue><ssdm name="layer2_out"/></StgValue>
</bind>
</comp>

<comp id="4" class="1000" name="void_compute_output_buffer_2d_array_const_ap_shift_reg_n_chan_stream_weig_17">
<pin_list>
<pin id="5" dir="1" index="0" bw="1" slack="0"/>
</pin_list>
<bind>
<StgValue><ssdm name="void_compute_output_buffer_2d_array_const_ap_shift_reg_n_chan_stream_weig_17"/></StgValue>
</bind>
</comp>

<comp id="6" class="1000" name="void_compute_output_buffer_2d_array_const_ap_shift_reg_n_chan_stream_weig_18">
<pin_list>
<pin id="7" dir="1" index="0" bw="1" slack="0"/>
</pin_list>
<bind>
<StgValue><ssdm name="void_compute_output_buffer_2d_array_const_ap_shift_reg_n_chan_stream_weig_18"/></StgValue>
</bind>
</comp>

<comp id="8" class="1000" name="void_compute_output_buffer_2d_array_const_ap_shift_reg_n_chan_stream_weig_14">
<pin_list>
<pin id="9" dir="1" index="0" bw="1" slack="0"/>
</pin_list>
<bind>
<StgValue><ssdm name="void_compute_output_buffer_2d_array_const_ap_shift_reg_n_chan_stream_weig_14"/></StgValue>
</bind>
</comp>

<comp id="10" class="1000" name="void_compute_output_buffer_2d_array_const_ap_shift_reg_n_chan_stream_weig_15">
<pin_list>
<pin id="11" dir="1" index="0" bw="1" slack="0"/>
</pin_list>
<bind>
<StgValue><ssdm name="void_compute_output_buffer_2d_array_const_ap_shift_reg_n_chan_stream_weig_15"/></StgValue>
</bind>
</comp>

<comp id="12" class="1000" name="void_compute_output_buffer_2d_array_const_ap_shift_reg_n_chan_stream_weig_11">
<pin_list>
<pin id="13" dir="1" index="0" bw="1" slack="0"/>
</pin_list>
<bind>
<StgValue><ssdm name="void_compute_output_buffer_2d_array_const_ap_shift_reg_n_chan_stream_weig_11"/></StgValue>
</bind>
</comp>

<comp id="14" class="1000" name="void_compute_output_buffer_2d_array_const_ap_shift_reg_n_chan_stream_weig_12">
<pin_list>
<pin id="15" dir="1" index="0" bw="1" slack="0"/>
</pin_list>
<bind>
<StgValue><ssdm name="void_compute_output_buffer_2d_array_const_ap_shift_reg_n_chan_stream_weig_12"/></StgValue>
</bind>
</comp>

<comp id="16" class="1000" name="void_compute_output_buffer_2d_array_const_ap_shift_reg_n_chan_stream_weig_16">
<pin_list>
<pin id="17" dir="1" index="0" bw="1" slack="0"/>
</pin_list>
<bind>
<StgValue><ssdm name="void_compute_output_buffer_2d_array_const_ap_shift_reg_n_chan_stream_weig_16"/></StgValue>
</bind>
</comp>

<comp id="18" class="1000" name="void_compute_output_buffer_2d_array_const_ap_shift_reg_n_chan_stream_weig_13">
<pin_list>
<pin id="19" dir="1" index="0" bw="1" slack="0"/>
</pin_list>
<bind>
<StgValue><ssdm name="void_compute_output_buffer_2d_array_const_ap_shift_reg_n_chan_stream_weig_13"/></StgValue>
</bind>
</comp>

<comp id="20" class="1000" name="void_compute_output_buffer_2d_array_const_ap_shift_reg_n_chan_stream_weig_10">
<pin_list>
<pin id="21" dir="1" index="0" bw="1" slack="0"/>
</pin_list>
<bind>
<StgValue><ssdm name="void_compute_output_buffer_2d_array_const_ap_shift_reg_n_chan_stream_weig_10"/></StgValue>
</bind>
</comp>

<comp id="22" class="1000" name="void_conv_2d_buffer_cl_stream_stream_weight_t_bias_t_line_buffer_0_1">
<pin_list>
<pin id="23" dir="1" index="0" bw="1" slack="0"/>
</pin_list>
<bind>
<StgValue><ssdm name="void_conv_2d_buffer_cl_stream_stream_weight_t_bias_t_line_buffer_0_1"/><MemPortTyVec>2 </MemPortTyVec>
</StgValue>
</bind>
</comp>

<comp id="24" class="1000" name="void_conv_2d_buffer_cl_stream_stream_weight_t_bias_t_line_buffer_2">
<pin_list>
<pin id="25" dir="1" index="0" bw="1" slack="0"/>
</pin_list>
<bind>
<StgValue><ssdm name="void_conv_2d_buffer_cl_stream_stream_weight_t_bias_t_line_buffer_2"/><MemPortTyVec>2 </MemPortTyVec>
</StgValue>
</bind>
</comp>

<comp id="26" class="1000" name="sX_1">
<pin_list>
<pin id="27" dir="1" index="0" bw="1" slack="0"/>
</pin_list>
<bind>
<StgValue><ssdm name="sX_1"/></StgValue>
</bind>
</comp>

<comp id="28" class="1000" name="sY_1">
<pin_list>
<pin id="29" dir="1" index="0" bw="1" slack="0"/>
</pin_list>
<bind>
<StgValue><ssdm name="sY_1"/></StgValue>
</bind>
</comp>

<comp id="30" class="1000" name="pY_1">
<pin_list>
<pin id="31" dir="1" index="0" bw="1" slack="0"/>
</pin_list>
<bind>
<StgValue><ssdm name="pY_1"/></StgValue>
</bind>
</comp>

<comp id="32" class="1000" name="pX_1">
<pin_list>
<pin id="33" dir="1" index="0" bw="1" slack="0"/>
</pin_list>
<bind>
<StgValue><ssdm name="pX_1"/></StgValue>
</bind>
</comp>

<comp id="34" class="1000" name="outidx">
<pin_list>
<pin id="35" dir="1" index="0" bw="1" slack="0"/>
</pin_list>
<bind>
<StgValue><ssdm name="outidx"/><MemPortTyVec>1 </MemPortTyVec>
</StgValue>
</bind>
</comp>

<comp id="36" class="1000" name="w2_V">
<pin_list>
<pin id="37" dir="1" index="0" bw="1" slack="0"/>
</pin_list>
<bind>
<StgValue><ssdm name="w2_V"/><MemPortTyVec>1 </MemPortTyVec>
</StgValue>
</bind>
</comp>

<comp id="38" class="1001" name="const_38">
<pin_list>
<pin id="39" dir="1" index="0" bw="1" slack="0"/>
</pin_list>
<bind>
<StgValue><ssdm name="_ssdm_op_Read.ap_auto.i8"/></StgValue>
</bind>
</comp>

<comp id="40" class="1001" name="const_40">
<pin_list>
<pin id="41" dir="1" index="0" bw="1" slack="0"/>
</pin_list>
<bind>
<StgValue><ssdm name="shift_line_buffer<array<ap_fixed<8, 2, 5, 3, 0>, 1u>, config2>"/></StgValue>
</bind>
</comp>

<comp id="42" class="1001" name="const_42">
<pin_list>
<pin id="43" dir="1" index="0" bw="1" slack="2147483647"/>
</pin_list>
<bind>
<StgValue><ssdm name="_ssdm_op_SpecInterface"/></StgValue>
</bind>
</comp>

<comp id="44" class="1001" name="const_44">
<pin_list>
<pin id="45" dir="1" index="0" bw="1" slack="2147483647"/>
</pin_list>
<bind>
<StgValue><ssdm name="empty_4"/></StgValue>
</bind>
</comp>

<comp id="46" class="1001" name="const_46">
<pin_list>
<pin id="47" dir="1" index="0" bw="1" slack="0"/>
</pin_list>
<bind>
<StgValue><ssdm name=""/></StgValue>
</bind>
</comp>

<comp id="48" class="1001" name="const_48">
<pin_list>
<pin id="49" dir="1" index="0" bw="1" slack="2147483647"/>
</pin_list>
<bind>
<StgValue><ssdm name="empty_6"/></StgValue>
</bind>
</comp>

<comp id="50" class="1001" name="const_50">
<pin_list>
<pin id="51" dir="1" index="0" bw="1" slack="0"/>
</pin_list>
<bind>
<StgValue><ssdm name=""/></StgValue>
</bind>
</comp>

<comp id="52" class="1001" name="const_52">
<pin_list>
<pin id="53" dir="1" index="0" bw="1" slack="0"/>
</pin_list>
<bind>
<StgValue><ssdm name="_ssdm_op_PartSelect.i31.i32.i32.i32"/></StgValue>
</bind>
</comp>

<comp id="54" class="1001" name="const_54">
<pin_list>
<pin id="55" dir="1" index="0" bw="1" slack="0"/>
</pin_list>
<bind>
<StgValue><ssdm name=""/></StgValue>
</bind>
</comp>

<comp id="56" class="1001" name="const_56">
<pin_list>
<pin id="57" dir="1" index="0" bw="1" slack="0"/>
</pin_list>
<bind>
<StgValue><ssdm name=""/></StgValue>
</bind>
</comp>

<comp id="58" class="1001" name="const_58">
<pin_list>
<pin id="59" dir="1" index="0" bw="1" slack="0"/>
</pin_list>
<bind>
<StgValue><ssdm name=""/></StgValue>
</bind>
</comp>

<comp id="60" class="1001" name="const_60">
<pin_list>
<pin id="61" dir="1" index="0" bw="1" slack="0"/>
</pin_list>
<bind>
<StgValue><ssdm name="dense_resource_rf_gt_nin_rem0<ap_fixed,ap_fixed<8,2,5,3,0>,config2_mult>"/></StgValue>
</bind>
</comp>

<comp id="62" class="1001" name="const_62">
<pin_list>
<pin id="63" dir="1" index="0" bw="1" slack="0"/>
</pin_list>
<bind>
<StgValue><ssdm name="_ssdm_op_BitConcatenate.i16.i8.i8"/></StgValue>
</bind>
</comp>

<comp id="64" class="1001" name="const_64">
<pin_list>
<pin id="65" dir="1" index="0" bw="1" slack="0"/>
</pin_list>
<bind>
<StgValue><ssdm name="_ssdm_op_Write.ap_fifo.volatile.i16P0A"/></StgValue>
</bind>
</comp>

<comp id="66" class="1001" name="const_66">
<pin_list>
<pin id="67" dir="1" index="0" bw="1" slack="0"/>
</pin_list>
<bind>
<StgValue><ssdm name=""/></StgValue>
</bind>
</comp>

<comp id="68" class="1001" name="const_68">
<pin_list>
<pin id="69" dir="1" index="0" bw="1" slack="0"/>
</pin_list>
<bind>
<StgValue><ssdm name=""/></StgValue>
</bind>
</comp>

<comp id="70" class="1004" name="p_read_4_read_fu_70">
<pin_list>
<pin id="71" dir="0" index="0" bw="8" slack="0"/>
<pin id="72" dir="0" index="1" bw="8" slack="0"/>
<pin id="73" dir="1" index="2" bw="8" slack="0"/>
</pin_list>
<bind>
<opcode="read(1150) " fcode="read"/>
<opset="p_read_4/1 "/>
</bind>
</comp>

<comp id="76" class="1004" name="write_ln173_write_fu_76">
<pin_list>
<pin id="77" dir="0" index="0" bw="0" slack="0"/>
<pin id="78" dir="0" index="1" bw="16" slack="0"/>
<pin id="79" dir="0" index="2" bw="16" slack="0"/>
<pin id="80" dir="1" index="3" bw="0" slack="2147483647"/>
</pin_list>
<bind>
<opcode="write(1151) " fcode="write"/>
<opset="write_ln173/4 "/>
</bind>
</comp>

<comp id="83" class="1005" name="storemerge_reg_83">
<pin_list>
<pin id="84" dir="0" index="0" bw="32" slack="2147483647"/>
<pin id="85" dir="1" index="1" bw="32" slack="2147483647"/>
</pin_list>
<bind>
<opset="storemerge (phireg) "/>
</bind>
</comp>

<comp id="86" class="1004" name="storemerge_phi_fu_86">
<pin_list>
<pin id="87" dir="0" index="0" bw="32" slack="0"/>
<pin id="88" dir="0" index="1" bw="0" slack="2147483647"/>
<pin id="89" dir="0" index="2" bw="1" slack="0"/>
<pin id="90" dir="0" index="3" bw="0" slack="2147483647"/>
<pin id="91" dir="1" index="4" bw="32" slack="0"/>
</pin_list>
<bind>
<opcode="phi(47) " fcode="phi"/>
<opset="storemerge/4 "/>
</bind>
</comp>

<comp id="93" class="1004" name="call_ln281_shift_line_buffer_array_ap_fixed_8_2_5_3_0_1u_config2_s_fu_93">
<pin_list>
<pin id="94" dir="0" index="0" bw="0" slack="0"/>
<pin id="95" dir="0" index="1" bw="8" slack="0"/>
<pin id="96" dir="0" index="2" bw="8" slack="0"/>
<pin id="97" dir="0" index="3" bw="8" slack="0"/>
<pin id="98" dir="0" index="4" bw="8" slack="0"/>
<pin id="99" dir="0" index="5" bw="8" slack="0"/>
<pin id="100" dir="0" index="6" bw="8" slack="0"/>
<pin id="101" dir="0" index="7" bw="8" slack="0"/>
<pin id="102" dir="0" index="8" bw="8" slack="0"/>
<pin id="103" dir="0" index="9" bw="8" slack="0"/>
<pin id="104" dir="0" index="10" bw="8" slack="0"/>
<pin id="105" dir="0" index="11" bw="8" slack="0"/>
<pin id="106" dir="0" index="12" bw="8" slack="0"/>
<pin id="107" dir="1" index="13" bw="0" slack="2147483647"/>
</pin_list>
<bind>
<opcode="call(48) " fcode="call"/>
<opset="call_ln281/1 "/>
</bind>
</comp>

<comp id="121" class="1004" name="grp_dense_resource_rf_gt_nin_rem0_ap_fixed_ap_fixed_8_2_5_3_0_config2_mult_s_fu_121">
<pin_list>
<pin id="122" dir="0" index="0" bw="16" slack="0"/>
<pin id="123" dir="0" index="1" bw="1" slack="0"/>
<pin id="124" dir="0" index="2" bw="7" slack="0"/>
<pin id="125" dir="0" index="3" bw="8" slack="0"/>
<pin id="126" dir="0" index="4" bw="8" slack="0"/>
<pin id="127" dir="0" index="5" bw="8" slack="0"/>
<pin id="128" dir="0" index="6" bw="8" slack="0"/>
<pin id="129" dir="0" index="7" bw="8" slack="0"/>
<pin id="130" dir="0" index="8" bw="8" slack="0"/>
<pin id="131" dir="0" index="9" bw="8" slack="0"/>
<pin id="132" dir="0" index="10" bw="8" slack="0"/>
<pin id="133" dir="0" index="11" bw="8" slack="0"/>
<pin id="134" dir="1" index="12" bw="16" slack="0"/>
</pin_list>
<bind>
<opcode="call(48) " fcode="call"/>
<opset="tmp_1/2 "/>
</bind>
</comp>

<comp id="147" class="1004" name="grp_fu_147">
<pin_list>
<pin id="148" dir="0" index="0" bw="32" slack="0"/>
<pin id="149" dir="0" index="1" bw="32" slack="0"/>
<pin id="150" dir="1" index="2" bw="1" slack="0"/>
</pin_list>
<bind>
<opcode="icmp(45) " fcode="icmp"/>
<opset="icmp_ln284_1/2 icmp_ln313/4 "/>
</bind>
</comp>

<comp id="152" class="1004" name="sX_1_load_load_fu_152">
<pin_list>
<pin id="153" dir="0" index="0" bw="32" slack="0"/>
<pin id="154" dir="1" index="1" bw="32" slack="0"/>
</pin_list>
<bind>
<opcode="load(27) " fcode="load"/>
<opset="sX_1_load/2 "/>
</bind>
</comp>

<comp id="156" class="1004" name="icmp_ln284_fu_156">
<pin_list>
<pin id="157" dir="0" index="0" bw="32" slack="0"/>
<pin id="158" dir="0" index="1" bw="32" slack="0"/>
<pin id="159" dir="1" index="2" bw="1" slack="2"/>
</pin_list>
<bind>
<opcode="icmp(45) " fcode="icmp"/>
<opset="icmp_ln284/2 "/>
</bind>
</comp>

<comp id="162" class="1004" name="sY_1_load_load_fu_162">
<pin_list>
<pin id="163" dir="0" index="0" bw="32" slack="0"/>
<pin id="164" dir="1" index="1" bw="32" slack="0"/>
</pin_list>
<bind>
<opcode="load(27) " fcode="load"/>
<opset="sY_1_load/2 "/>
</bind>
</comp>

<comp id="167" class="1004" name="pY_1_load_load_fu_167">
<pin_list>
<pin id="168" dir="0" index="0" bw="32" slack="0"/>
<pin id="169" dir="1" index="1" bw="32" slack="0"/>
</pin_list>
<bind>
<opcode="load(27) " fcode="load"/>
<opset="pY_1_load/2 "/>
</bind>
</comp>

<comp id="171" class="1004" name="pX_1_load_load_fu_171">
<pin_list>
<pin id="172" dir="0" index="0" bw="32" slack="0"/>
<pin id="173" dir="1" index="1" bw="32" slack="0"/>
</pin_list>
<bind>
<opcode="load(27) " fcode="load"/>
<opset="pX_1_load/2 "/>
</bind>
</comp>

<comp id="175" class="1004" name="tmp_fu_175">
<pin_list>
<pin id="176" dir="0" index="0" bw="31" slack="0"/>
<pin id="177" dir="0" index="1" bw="32" slack="0"/>
<pin id="178" dir="0" index="2" bw="1" slack="0"/>
<pin id="179" dir="0" index="3" bw="6" slack="0"/>
<pin id="180" dir="1" index="4" bw="31" slack="0"/>
</pin_list>
<bind>
<opcode="partselect(1002) " fcode="partselect"/>
<opset="tmp/2 "/>
</bind>
</comp>

<comp id="185" class="1004" name="icmp_ln284_2_fu_185">
<pin_list>
<pin id="186" dir="0" index="0" bw="31" slack="0"/>
<pin id="187" dir="0" index="1" bw="31" slack="0"/>
<pin id="188" dir="1" index="2" bw="1" slack="0"/>
</pin_list>
<bind>
<opcode="icmp(45) " fcode="icmp"/>
<opset="icmp_ln284_2/2 "/>
</bind>
</comp>

<comp id="191" class="1004" name="tmp_2_fu_191">
<pin_list>
<pin id="192" dir="0" index="0" bw="31" slack="0"/>
<pin id="193" dir="0" index="1" bw="32" slack="0"/>
<pin id="194" dir="0" index="2" bw="1" slack="0"/>
<pin id="195" dir="0" index="3" bw="6" slack="0"/>
<pin id="196" dir="1" index="4" bw="31" slack="0"/>
</pin_list>
<bind>
<opcode="partselect(1002) " fcode="partselect"/>
<opset="tmp_2/2 "/>
</bind>
</comp>

<comp id="201" class="1004" name="icmp_ln284_3_fu_201">
<pin_list>
<pin id="202" dir="0" index="0" bw="31" slack="0"/>
<pin id="203" dir="0" index="1" bw="31" slack="0"/>
<pin id="204" dir="1" index="2" bw="1" slack="0"/>
</pin_list>
<bind>
<opcode="icmp(45) " fcode="icmp"/>
<opset="icmp_ln284_3/2 "/>
</bind>
</comp>

<comp id="207" class="1004" name="and_ln284_fu_207">
<pin_list>
<pin id="208" dir="0" index="0" bw="1" slack="0"/>
<pin id="209" dir="0" index="1" bw="1" slack="0"/>
<pin id="210" dir="1" index="2" bw="1" slack="0"/>
</pin_list>
<bind>
<opcode="and(23) " fcode="and"/>
<opset="and_ln284/2 "/>
</bind>
</comp>

<comp id="213" class="1004" name="and_ln284_1_fu_213">
<pin_list>
<pin id="214" dir="0" index="0" bw="1" slack="0"/>
<pin id="215" dir="0" index="1" bw="1" slack="0"/>
<pin id="216" dir="1" index="2" bw="1" slack="2"/>
</pin_list>
<bind>
<opcode="and(23) " fcode="and"/>
<opset="and_ln284_1/2 "/>
</bind>
</comp>

<comp id="219" class="1004" name="res_out_V_fu_219">
<pin_list>
<pin id="220" dir="0" index="0" bw="16" slack="0"/>
<pin id="221" dir="1" index="1" bw="8" slack="1"/>
</pin_list>
<bind>
<opcode="extractvalue(56) " fcode="extractvalue"/>
<opset="res_out_V/3 "/>
</bind>
</comp>

<comp id="223" class="1004" name="res_out_V_2_fu_223">
<pin_list>
<pin id="224" dir="0" index="0" bw="16" slack="0"/>
<pin id="225" dir="1" index="1" bw="8" slack="1"/>
</pin_list>
<bind>
<opcode="extractvalue(56) " fcode="extractvalue"/>
<opset="res_out_V_2/3 "/>
</bind>
</comp>

<comp id="227" class="1004" name="p_0_fu_227">
<pin_list>
<pin id="228" dir="0" index="0" bw="16" slack="0"/>
<pin id="229" dir="0" index="1" bw="8" slack="1"/>
<pin id="230" dir="0" index="2" bw="8" slack="1"/>
<pin id="231" dir="1" index="3" bw="16" slack="0"/>
</pin_list>
<bind>
<opcode="bitconcatenate(1004) " fcode="bitconcatenate"/>
<opset="p_0/4 "/>
</bind>
</comp>

<comp id="234" class="1004" name="add_ln303_fu_234">
<pin_list>
<pin id="235" dir="0" index="0" bw="32" slack="2147483647"/>
<pin id="236" dir="0" index="1" bw="1" slack="0"/>
<pin id="237" dir="1" index="2" bw="32" slack="0"/>
</pin_list>
<bind>
<opcode="add(8) " fcode="add"/>
<opset="add_ln303/4 "/>
</bind>
</comp>

<comp id="239" class="1004" name="icmp_ln303_fu_239">
<pin_list>
<pin id="240" dir="0" index="0" bw="32" slack="0"/>
<pin id="241" dir="0" index="1" bw="32" slack="0"/>
<pin id="242" dir="1" index="2" bw="1" slack="2147483647"/>
</pin_list>
<bind>
<opcode="icmp(45) " fcode="icmp"/>
<opset="icmp_ln303/4 "/>
</bind>
</comp>

<comp id="245" class="1004" name="store_ln316_store_fu_245">
<pin_list>
<pin id="246" dir="0" index="0" bw="32" slack="0"/>
<pin id="247" dir="0" index="1" bw="32" slack="0"/>
<pin id="248" dir="1" index="2" bw="0" slack="2147483647"/>
</pin_list>
<bind>
<opcode="store(28) " fcode="store"/>
<opset="store_ln316/4 "/>
</bind>
</comp>

<comp id="251" class="1004" name="add_ln318_fu_251">
<pin_list>
<pin id="252" dir="0" index="0" bw="32" slack="2147483647"/>
<pin id="253" dir="0" index="1" bw="1" slack="0"/>
<pin id="254" dir="1" index="2" bw="32" slack="0"/>
</pin_list>
<bind>
<opcode="add(8) " fcode="add"/>
<opset="add_ln318/4 "/>
</bind>
</comp>

<comp id="256" class="1004" name="select_ln318_fu_256">
<pin_list>
<pin id="257" dir="0" index="0" bw="1" slack="2"/>
<pin id="258" dir="0" index="1" bw="32" slack="0"/>
<pin id="259" dir="0" index="2" bw="32" slack="0"/>
<pin id="260" dir="1" index="3" bw="32" slack="0"/>
</pin_list>
<bind>
<opcode="select(49) " fcode="select"/>
<opset="select_ln318/4 "/>
</bind>
</comp>

<comp id="263" class="1004" name="store_ln318_store_fu_263">
<pin_list>
<pin id="264" dir="0" index="0" bw="32" slack="0"/>
<pin id="265" dir="0" index="1" bw="32" slack="0"/>
<pin id="266" dir="1" index="2" bw="0" slack="2147483647"/>
</pin_list>
<bind>
<opcode="store(28) " fcode="store"/>
<opset="store_ln318/4 "/>
</bind>
</comp>

<comp id="269" class="1004" name="store_ln305_store_fu_269">
<pin_list>
<pin id="270" dir="0" index="0" bw="1" slack="0"/>
<pin id="271" dir="0" index="1" bw="32" slack="0"/>
<pin id="272" dir="1" index="2" bw="0" slack="2147483647"/>
</pin_list>
<bind>
<opcode="store(28) " fcode="store"/>
<opset="store_ln305/4 "/>
</bind>
</comp>

<comp id="275" class="1004" name="store_ln306_store_fu_275">
<pin_list>
<pin id="276" dir="0" index="0" bw="1" slack="0"/>
<pin id="277" dir="0" index="1" bw="32" slack="0"/>
<pin id="278" dir="1" index="2" bw="0" slack="2147483647"/>
</pin_list>
<bind>
<opcode="store(28) " fcode="store"/>
<opset="store_ln306/4 "/>
</bind>
</comp>

<comp id="281" class="1004" name="add_ln307_fu_281">
<pin_list>
<pin id="282" dir="0" index="0" bw="32" slack="2147483647"/>
<pin id="283" dir="0" index="1" bw="1" slack="0"/>
<pin id="284" dir="1" index="2" bw="32" slack="0"/>
</pin_list>
<bind>
<opcode="add(8) " fcode="add"/>
<opset="add_ln307/4 "/>
</bind>
</comp>

<comp id="286" class="1004" name="icmp_ln307_fu_286">
<pin_list>
<pin id="287" dir="0" index="0" bw="32" slack="0"/>
<pin id="288" dir="0" index="1" bw="32" slack="0"/>
<pin id="289" dir="1" index="2" bw="1" slack="2147483647"/>
</pin_list>
<bind>
<opcode="icmp(45) " fcode="icmp"/>
<opset="icmp_ln307/4 "/>
</bind>
</comp>

<comp id="292" class="1004" name="store_ln311_store_fu_292">
<pin_list>
<pin id="293" dir="0" index="0" bw="32" slack="0"/>
<pin id="294" dir="0" index="1" bw="32" slack="0"/>
<pin id="295" dir="1" index="2" bw="0" slack="2147483647"/>
</pin_list>
<bind>
<opcode="store(28) " fcode="store"/>
<opset="store_ln311/4 "/>
</bind>
</comp>

<comp id="298" class="1004" name="add_ln313_fu_298">
<pin_list>
<pin id="299" dir="0" index="0" bw="32" slack="2147483647"/>
<pin id="300" dir="0" index="1" bw="1" slack="0"/>
<pin id="301" dir="1" index="2" bw="32" slack="0"/>
</pin_list>
<bind>
<opcode="add(8) " fcode="add"/>
<opset="add_ln313/4 "/>
</bind>
</comp>

<comp id="303" class="1004" name="select_ln313_fu_303">
<pin_list>
<pin id="304" dir="0" index="0" bw="1" slack="0"/>
<pin id="305" dir="0" index="1" bw="32" slack="0"/>
<pin id="306" dir="0" index="2" bw="32" slack="0"/>
<pin id="307" dir="1" index="3" bw="32" slack="0"/>
</pin_list>
<bind>
<opcode="select(49) " fcode="select"/>
<opset="select_ln313/4 "/>
</bind>
</comp>

<comp id="312" class="1004" name="store_ln308_store_fu_312">
<pin_list>
<pin id="313" dir="0" index="0" bw="1" slack="0"/>
<pin id="314" dir="0" index="1" bw="32" slack="0"/>
<pin id="315" dir="1" index="2" bw="0" slack="2147483647"/>
</pin_list>
<bind>
<opcode="store(28) " fcode="store"/>
<opset="store_ln308/4 "/>
</bind>
</comp>

<comp id="318" class="1004" name="store_ln309_store_fu_318">
<pin_list>
<pin id="319" dir="0" index="0" bw="32" slack="0"/>
<pin id="320" dir="0" index="1" bw="32" slack="0"/>
<pin id="321" dir="1" index="2" bw="0" slack="2147483647"/>
</pin_list>
<bind>
<opcode="store(28) " fcode="store"/>
<opset="store_ln309/4 "/>
</bind>
</comp>

<comp id="327" class="1005" name="icmp_ln284_reg_327">
<pin_list>
<pin id="328" dir="0" index="0" bw="1" slack="2"/>
<pin id="329" dir="1" index="1" bw="1" slack="2"/>
</pin_list>
<bind>
<opset="icmp_ln284 "/>
</bind>
</comp>

<comp id="341" class="1005" name="and_ln284_1_reg_341">
<pin_list>
<pin id="342" dir="0" index="0" bw="1" slack="2"/>
<pin id="343" dir="1" index="1" bw="1" slack="2147483647"/>
</pin_list>
<bind>
<opset="and_ln284_1 "/>
</bind>
</comp>

<comp id="345" class="1005" name="res_out_V_reg_345">
<pin_list>
<pin id="346" dir="0" index="0" bw="8" slack="1"/>
<pin id="347" dir="1" index="1" bw="8" slack="1"/>
</pin_list>
<bind>
<opset="res_out_V "/>
</bind>
</comp>

<comp id="350" class="1005" name="res_out_V_2_reg_350">
<pin_list>
<pin id="351" dir="0" index="0" bw="8" slack="1"/>
<pin id="352" dir="1" index="1" bw="8" slack="1"/>
</pin_list>
<bind>
<opset="res_out_V_2 "/>
</bind>
</comp>

</comp_list>

<net_list>
<net id="74"><net_src comp="38" pin="0"/><net_sink comp="70" pin=0"/></net>

<net id="75"><net_src comp="0" pin="0"/><net_sink comp="70" pin=1"/></net>

<net id="81"><net_src comp="64" pin="0"/><net_sink comp="76" pin=0"/></net>

<net id="82"><net_src comp="2" pin="0"/><net_sink comp="76" pin=1"/></net>

<net id="92"><net_src comp="46" pin="0"/><net_sink comp="86" pin=2"/></net>

<net id="108"><net_src comp="40" pin="0"/><net_sink comp="93" pin=0"/></net>

<net id="109"><net_src comp="70" pin="2"/><net_sink comp="93" pin=1"/></net>

<net id="110"><net_src comp="4" pin="0"/><net_sink comp="93" pin=2"/></net>

<net id="111"><net_src comp="6" pin="0"/><net_sink comp="93" pin=3"/></net>

<net id="112"><net_src comp="8" pin="0"/><net_sink comp="93" pin=4"/></net>

<net id="113"><net_src comp="10" pin="0"/><net_sink comp="93" pin=5"/></net>

<net id="114"><net_src comp="12" pin="0"/><net_sink comp="93" pin=6"/></net>

<net id="115"><net_src comp="14" pin="0"/><net_sink comp="93" pin=7"/></net>

<net id="116"><net_src comp="16" pin="0"/><net_sink comp="93" pin=8"/></net>

<net id="117"><net_src comp="18" pin="0"/><net_sink comp="93" pin=9"/></net>

<net id="118"><net_src comp="20" pin="0"/><net_sink comp="93" pin=10"/></net>

<net id="119"><net_src comp="22" pin="0"/><net_sink comp="93" pin=11"/></net>

<net id="120"><net_src comp="24" pin="0"/><net_sink comp="93" pin=12"/></net>

<net id="135"><net_src comp="60" pin="0"/><net_sink comp="121" pin=0"/></net>

<net id="136"><net_src comp="34" pin="0"/><net_sink comp="121" pin=1"/></net>

<net id="137"><net_src comp="36" pin="0"/><net_sink comp="121" pin=2"/></net>

<net id="138"><net_src comp="6" pin="0"/><net_sink comp="121" pin=3"/></net>

<net id="139"><net_src comp="4" pin="0"/><net_sink comp="121" pin=4"/></net>

<net id="140"><net_src comp="16" pin="0"/><net_sink comp="121" pin=5"/></net>

<net id="141"><net_src comp="10" pin="0"/><net_sink comp="121" pin=6"/></net>

<net id="142"><net_src comp="8" pin="0"/><net_sink comp="121" pin=7"/></net>

<net id="143"><net_src comp="18" pin="0"/><net_sink comp="121" pin=8"/></net>

<net id="144"><net_src comp="14" pin="0"/><net_sink comp="121" pin=9"/></net>

<net id="145"><net_src comp="12" pin="0"/><net_sink comp="121" pin=10"/></net>

<net id="146"><net_src comp="20" pin="0"/><net_sink comp="121" pin=11"/></net>

<net id="151"><net_src comp="50" pin="0"/><net_sink comp="147" pin=1"/></net>

<net id="155"><net_src comp="26" pin="0"/><net_sink comp="152" pin=0"/></net>

<net id="160"><net_src comp="152" pin="1"/><net_sink comp="156" pin=0"/></net>

<net id="161"><net_src comp="50" pin="0"/><net_sink comp="156" pin=1"/></net>

<net id="165"><net_src comp="28" pin="0"/><net_sink comp="162" pin=0"/></net>

<net id="166"><net_src comp="162" pin="1"/><net_sink comp="147" pin=0"/></net>

<net id="170"><net_src comp="30" pin="0"/><net_sink comp="167" pin=0"/></net>

<net id="174"><net_src comp="32" pin="0"/><net_sink comp="171" pin=0"/></net>

<net id="181"><net_src comp="52" pin="0"/><net_sink comp="175" pin=0"/></net>

<net id="182"><net_src comp="167" pin="1"/><net_sink comp="175" pin=1"/></net>

<net id="183"><net_src comp="54" pin="0"/><net_sink comp="175" pin=2"/></net>

<net id="184"><net_src comp="56" pin="0"/><net_sink comp="175" pin=3"/></net>

<net id="189"><net_src comp="175" pin="4"/><net_sink comp="185" pin=0"/></net>

<net id="190"><net_src comp="58" pin="0"/><net_sink comp="185" pin=1"/></net>

<net id="197"><net_src comp="52" pin="0"/><net_sink comp="191" pin=0"/></net>

<net id="198"><net_src comp="171" pin="1"/><net_sink comp="191" pin=1"/></net>

<net id="199"><net_src comp="54" pin="0"/><net_sink comp="191" pin=2"/></net>

<net id="200"><net_src comp="56" pin="0"/><net_sink comp="191" pin=3"/></net>

<net id="205"><net_src comp="191" pin="4"/><net_sink comp="201" pin=0"/></net>

<net id="206"><net_src comp="58" pin="0"/><net_sink comp="201" pin=1"/></net>

<net id="211"><net_src comp="185" pin="2"/><net_sink comp="207" pin=0"/></net>

<net id="212"><net_src comp="201" pin="2"/><net_sink comp="207" pin=1"/></net>

<net id="217"><net_src comp="207" pin="2"/><net_sink comp="213" pin=0"/></net>

<net id="218"><net_src comp="147" pin="2"/><net_sink comp="213" pin=1"/></net>

<net id="222"><net_src comp="121" pin="12"/><net_sink comp="219" pin=0"/></net>

<net id="226"><net_src comp="121" pin="12"/><net_sink comp="223" pin=0"/></net>

<net id="232"><net_src comp="62" pin="0"/><net_sink comp="227" pin=0"/></net>

<net id="233"><net_src comp="227" pin="3"/><net_sink comp="76" pin=2"/></net>

<net id="238"><net_src comp="54" pin="0"/><net_sink comp="234" pin=1"/></net>

<net id="243"><net_src comp="234" pin="2"/><net_sink comp="239" pin=0"/></net>

<net id="244"><net_src comp="66" pin="0"/><net_sink comp="239" pin=1"/></net>

<net id="249"><net_src comp="234" pin="2"/><net_sink comp="245" pin=0"/></net>

<net id="250"><net_src comp="32" pin="0"/><net_sink comp="245" pin=1"/></net>

<net id="255"><net_src comp="54" pin="0"/><net_sink comp="251" pin=1"/></net>

<net id="261"><net_src comp="50" pin="0"/><net_sink comp="256" pin=1"/></net>

<net id="262"><net_src comp="251" pin="2"/><net_sink comp="256" pin=2"/></net>

<net id="267"><net_src comp="256" pin="3"/><net_sink comp="263" pin=0"/></net>

<net id="268"><net_src comp="26" pin="0"/><net_sink comp="263" pin=1"/></net>

<net id="273"><net_src comp="46" pin="0"/><net_sink comp="269" pin=0"/></net>

<net id="274"><net_src comp="32" pin="0"/><net_sink comp="269" pin=1"/></net>

<net id="279"><net_src comp="46" pin="0"/><net_sink comp="275" pin=0"/></net>

<net id="280"><net_src comp="26" pin="0"/><net_sink comp="275" pin=1"/></net>

<net id="285"><net_src comp="54" pin="0"/><net_sink comp="281" pin=1"/></net>

<net id="290"><net_src comp="281" pin="2"/><net_sink comp="286" pin=0"/></net>

<net id="291"><net_src comp="68" pin="0"/><net_sink comp="286" pin=1"/></net>

<net id="296"><net_src comp="281" pin="2"/><net_sink comp="292" pin=0"/></net>

<net id="297"><net_src comp="30" pin="0"/><net_sink comp="292" pin=1"/></net>

<net id="302"><net_src comp="54" pin="0"/><net_sink comp="298" pin=1"/></net>

<net id="308"><net_src comp="147" pin="2"/><net_sink comp="303" pin=0"/></net>

<net id="309"><net_src comp="50" pin="0"/><net_sink comp="303" pin=1"/></net>

<net id="310"><net_src comp="298" pin="2"/><net_sink comp="303" pin=2"/></net>

<net id="311"><net_src comp="303" pin="3"/><net_sink comp="86" pin=0"/></net>

<net id="316"><net_src comp="46" pin="0"/><net_sink comp="312" pin=0"/></net>

<net id="317"><net_src comp="30" pin="0"/><net_sink comp="312" pin=1"/></net>

<net id="322"><net_src comp="86" pin="4"/><net_sink comp="318" pin=0"/></net>

<net id="323"><net_src comp="28" pin="0"/><net_sink comp="318" pin=1"/></net>

<net id="330"><net_src comp="156" pin="2"/><net_sink comp="327" pin=0"/></net>

<net id="331"><net_src comp="327" pin="1"/><net_sink comp="256" pin=0"/></net>

<net id="344"><net_src comp="213" pin="2"/><net_sink comp="341" pin=0"/></net>

<net id="348"><net_src comp="219" pin="1"/><net_sink comp="345" pin=0"/></net>

<net id="349"><net_src comp="345" pin="1"/><net_sink comp="227" pin=2"/></net>

<net id="353"><net_src comp="223" pin="1"/><net_sink comp="350" pin=0"/></net>

<net id="354"><net_src comp="350" pin="1"/><net_sink comp="227" pin=1"/></net>

</net_list>

</model> 
---------------- Datapath Model END ------------------

* FSMD analyzer results:
  - Output states:
	Port: layer2_out | {4 }
	Port: void_compute_output_buffer_2d_array_const_ap_shift_reg_n_chan_stream_weig_17 | {1 }
	Port: void_compute_output_buffer_2d_array_const_ap_shift_reg_n_chan_stream_weig_18 | {1 }
	Port: void_compute_output_buffer_2d_array_const_ap_shift_reg_n_chan_stream_weig_14 | {1 }
	Port: void_compute_output_buffer_2d_array_const_ap_shift_reg_n_chan_stream_weig_15 | {1 }
	Port: void_compute_output_buffer_2d_array_const_ap_shift_reg_n_chan_stream_weig_11 | {1 }
	Port: void_compute_output_buffer_2d_array_const_ap_shift_reg_n_chan_stream_weig_12 | {1 }
	Port: void_compute_output_buffer_2d_array_const_ap_shift_reg_n_chan_stream_weig_16 | {1 }
	Port: void_compute_output_buffer_2d_array_const_ap_shift_reg_n_chan_stream_weig_13 | {1 }
	Port: void_compute_output_buffer_2d_array_const_ap_shift_reg_n_chan_stream_weig_10 | {1 }
	Port: void_conv_2d_buffer_cl_stream_stream_weight_t_bias_t_line_buffer_0_1 | {1 }
	Port: void_conv_2d_buffer_cl_stream_stream_weight_t_bias_t_line_buffer_2 | {1 }
	Port: sX_1 | {4 }
	Port: sY_1 | {4 }
	Port: pY_1 | {4 }
	Port: pX_1 | {4 }
	Port: outidx | {}
	Port: w2_V | {}
 - Input state : 
	Port: compute_output_buffer_2d<array,array<ap_fixed<8,2,5,3,0>,2u>,config2> : p_read | {1 }
	Port: compute_output_buffer_2d<array,array<ap_fixed<8,2,5,3,0>,2u>,config2> : layer2_out | {}
	Port: compute_output_buffer_2d<array,array<ap_fixed<8,2,5,3,0>,2u>,config2> : void_compute_output_buffer_2d_array_const_ap_shift_reg_n_chan_stream_weig_17 | {1 2 3 }
	Port: compute_output_buffer_2d<array,array<ap_fixed<8,2,5,3,0>,2u>,config2> : void_compute_output_buffer_2d_array_const_ap_shift_reg_n_chan_stream_weig_18 | {2 3 }
	Port: compute_output_buffer_2d<array,array<ap_fixed<8,2,5,3,0>,2u>,config2> : void_compute_output_buffer_2d_array_const_ap_shift_reg_n_chan_stream_weig_14 | {1 2 3 }
	Port: compute_output_buffer_2d<array,array<ap_fixed<8,2,5,3,0>,2u>,config2> : void_compute_output_buffer_2d_array_const_ap_shift_reg_n_chan_stream_weig_15 | {2 3 }
	Port: compute_output_buffer_2d<array,array<ap_fixed<8,2,5,3,0>,2u>,config2> : void_compute_output_buffer_2d_array_const_ap_shift_reg_n_chan_stream_weig_11 | {1 2 3 }
	Port: compute_output_buffer_2d<array,array<ap_fixed<8,2,5,3,0>,2u>,config2> : void_compute_output_buffer_2d_array_const_ap_shift_reg_n_chan_stream_weig_12 | {2 3 }
	Port: compute_output_buffer_2d<array,array<ap_fixed<8,2,5,3,0>,2u>,config2> : void_compute_output_buffer_2d_array_const_ap_shift_reg_n_chan_stream_weig_16 | {1 2 3 }
	Port: compute_output_buffer_2d<array,array<ap_fixed<8,2,5,3,0>,2u>,config2> : void_compute_output_buffer_2d_array_const_ap_shift_reg_n_chan_stream_weig_13 | {1 2 3 }
	Port: compute_output_buffer_2d<array,array<ap_fixed<8,2,5,3,0>,2u>,config2> : void_compute_output_buffer_2d_array_const_ap_shift_reg_n_chan_stream_weig_10 | {1 2 3 }
	Port: compute_output_buffer_2d<array,array<ap_fixed<8,2,5,3,0>,2u>,config2> : void_conv_2d_buffer_cl_stream_stream_weight_t_bias_t_line_buffer_0_1 | {1 }
	Port: compute_output_buffer_2d<array,array<ap_fixed<8,2,5,3,0>,2u>,config2> : void_conv_2d_buffer_cl_stream_stream_weight_t_bias_t_line_buffer_2 | {1 }
	Port: compute_output_buffer_2d<array,array<ap_fixed<8,2,5,3,0>,2u>,config2> : sX_1 | {2 }
	Port: compute_output_buffer_2d<array,array<ap_fixed<8,2,5,3,0>,2u>,config2> : sY_1 | {2 }
	Port: compute_output_buffer_2d<array,array<ap_fixed<8,2,5,3,0>,2u>,config2> : pY_1 | {2 }
	Port: compute_output_buffer_2d<array,array<ap_fixed<8,2,5,3,0>,2u>,config2> : pX_1 | {2 }
	Port: compute_output_buffer_2d<array,array<ap_fixed<8,2,5,3,0>,2u>,config2> : outidx | {2 3 }
	Port: compute_output_buffer_2d<array,array<ap_fixed<8,2,5,3,0>,2u>,config2> : w2_V | {2 3 }
  - Chain level:
	State 1
	State 2
		icmp_ln284 : 1
		br_ln284 : 2
		icmp_ln284_1 : 1
		tmp : 1
		icmp_ln284_2 : 2
		tmp_2 : 1
		icmp_ln284_3 : 2
		and_ln284 : 3
		and_ln284_1 : 3
		br_ln284 : 3
	State 3
		res_out_V : 1
		res_out_V_2 : 1
	State 4
		write_ln173 : 1
		icmp_ln303 : 1
		br_ln303 : 2
		store_ln316 : 1
		select_ln318 : 1
		store_ln318 : 2
		icmp_ln307 : 1
		br_ln307 : 2
		store_ln311 : 1
		select_ln313 : 1
		storemerge : 2
		store_ln309 : 3


============================================================
+ Verbose Summary: Datapath Resource usage 
============================================================

* Functional unit list:
|----------|-------------------------------------------------------------------------------------|---------|---------|---------|---------|
| Operation|                                   Functional Unit                                   |   DSP   |  Delay  |    FF   |   LUT   |
|----------|-------------------------------------------------------------------------------------|---------|---------|---------|---------|
|   call   |       call_ln281_shift_line_buffer_array_ap_fixed_8_2_5_3_0_1u_config2_s_fu_93      |    0    |    0    |    0    |    0    |
|          | grp_dense_resource_rf_gt_nin_rem0_ap_fixed_ap_fixed_8_2_5_3_0_config2_mult_s_fu_121 |    0    |  3.176  |   343   |   312   |
|----------|-------------------------------------------------------------------------------------|---------|---------|---------|---------|
|          |                                   add_ln303_fu_234                                  |    0    |    0    |    0    |    39   |
|    add   |                                   add_ln318_fu_251                                  |    0    |    0    |    0    |    39   |
|          |                                   add_ln307_fu_281                                  |    0    |    0    |    0    |    39   |
|          |                                   add_ln313_fu_298                                  |    0    |    0    |    0    |    39   |
|----------|-------------------------------------------------------------------------------------|---------|---------|---------|---------|
|          |                                      grp_fu_147                                     |    0    |    0    |    0    |    18   |
|          |                                  icmp_ln284_fu_156                                  |    0    |    0    |    0    |    18   |
|   icmp   |                                 icmp_ln284_2_fu_185                                 |    0    |    0    |    0    |    17   |
|          |                                 icmp_ln284_3_fu_201                                 |    0    |    0    |    0    |    17   |
|          |                                  icmp_ln303_fu_239                                  |    0    |    0    |    0    |    18   |
|          |                                  icmp_ln307_fu_286                                  |    0    |    0    |    0    |    18   |
|----------|-------------------------------------------------------------------------------------|---------|---------|---------|---------|
|  select  |                                 select_ln318_fu_256                                 |    0    |    0    |    0    |    32   |
|          |                                 select_ln313_fu_303                                 |    0    |    0    |    0    |    32   |
|----------|-------------------------------------------------------------------------------------|---------|---------|---------|---------|
|    and   |                                   and_ln284_fu_207                                  |    0    |    0    |    0    |    2    |
|          |                                  and_ln284_1_fu_213                                 |    0    |    0    |    0    |    2    |
|----------|-------------------------------------------------------------------------------------|---------|---------|---------|---------|
|   read   |                                 p_read_4_read_fu_70                                 |    0    |    0    |    0    |    0    |
|----------|-------------------------------------------------------------------------------------|---------|---------|---------|---------|
|   write  |                               write_ln173_write_fu_76                               |    0    |    0    |    0    |    0    |
|----------|-------------------------------------------------------------------------------------|---------|---------|---------|---------|
|partselect|                                      tmp_fu_175                                     |    0    |    0    |    0    |    0    |
|          |                                     tmp_2_fu_191                                    |    0    |    0    |    0    |    0    |
|----------|-------------------------------------------------------------------------------------|---------|---------|---------|---------|
|extractvalue|                                   res_out_V_fu_219                                  |    0    |    0    |    0    |    0    |
|          |                                  res_out_V_2_fu_223                                 |    0    |    0    |    0    |    0    |
|----------|-------------------------------------------------------------------------------------|---------|---------|---------|---------|
|bitconcatenate|                                      p_0_fu_227                                     |    0    |    0    |    0    |    0    |
|----------|-------------------------------------------------------------------------------------|---------|---------|---------|---------|
|   Total  |                                                                                     |    0    |  3.176  |   343   |   642   |
|----------|-------------------------------------------------------------------------------------|---------|---------|---------|---------|

Memories:
N/A

* Register list:
+-------------------+--------+
|                   |   FF   |
+-------------------+--------+
|and_ln284_1_reg_341|    1   |
| icmp_ln284_reg_327|    1   |
|res_out_V_2_reg_350|    8   |
| res_out_V_reg_345 |    8   |
| storemerge_reg_83 |   32   |
+-------------------+--------+
|       Total       |   50   |
+-------------------+--------+

* Multiplexer (MUX) list: 
|--------|------|------|------|--------|
|  Comp  |  Pin | Size |  BW  | S x BW |
|--------|------|------|------|--------|
|  Total |      |      |      |    0   |
|--------|------|------|------|--------|



* Summary:
+-----------+--------+--------+--------+--------+
|           |   DSP  |  Delay |   FF   |   LUT  |
+-----------+--------+--------+--------+--------+
|  Function |    0   |    3   |   343  |   642  |
|   Memory  |    -   |    -   |    -   |    -   |
|Multiplexer|    -   |    -   |    -   |    -   |
|  Register |    -   |    -   |   50   |    -   |
+-----------+--------+--------+--------+--------+
|   Total   |    0   |    3   |   393  |   642  |
+-----------+--------+--------+--------+--------+
