

================================================================
== Vitis HLS Report for 'conv_2d_cl_array_ap_fixed_2u_array_ap_fixed_8_2_5_3_0_1u_config4_s'
================================================================
* Date:           Tue May 26 23:24:25 2026

* Version:        2021.2 (Build 3367213 on Tue Oct 19 02:48:09 MDT 2021)
* Project:        myproject_prj
* Solution:       solution1 (Vivado IP Flow Target)
* Product family: zynq
* Target device:  xc7z020-clg400-1


================================================================
== Performance Estimates
================================================================
+ Timing: 
    * Summary: 
    +--------+----------+----------+------------+
    |  Clock |  Target  | Estimated| Uncertainty|
    +--------+----------+----------+------------+
    |ap_clk  |  10.00 ns|  8.599 ns|     1.25 ns|
    +--------+----------+----------+------------+

+ Latency: 
    * Summary: 
    +---------+---------+----------+----------+--------+--------+---------+
    |  Latency (cycles) |  Latency (absolute) |     Interval    | Pipeline|
    |   min   |   max   |    min   |    max   |   min  |   max  |   Type  |
    +---------+---------+----------+----------+--------+--------+---------+
    |   100862|   504302|  1.009 ms|  5.043 ms|  100862|  504302|       no|
    +---------+---------+----------+----------+--------+--------+---------+

    + Detail: 
        * Instance: 
        +---------------------------------------------------------------------------------+----------------------------------------------------------------------+---------+---------+-----------+----------+-----+-----+---------+
        |                                                                                 |                                                                      |  Latency (cycles) |  Latency (absolute)  |  Interval | Pipeline|
        |                                     Instance                                    |                                Module                                |   min   |   max   |    min    |    max   | min | max |   Type  |
        +---------------------------------------------------------------------------------+----------------------------------------------------------------------+---------+---------+-----------+----------+-----+-----+---------+
        |grp_compute_output_buffer_2d_array_array_ap_fixed_8_2_5_3_0_1u_config4_s_fu_108  |compute_output_buffer_2d_array_array_ap_fixed_8_2_5_3_0_1u_config4_s  |        3|       23|  30.000 ns|  0.230 us|    3|   23|       no|
        +---------------------------------------------------------------------------------+----------------------------------------------------------------------+---------+---------+-----------+----------+-----+-----+---------+

        * Loop: 
        +----------------------------------+---------+---------+----------+-----------+-----------+-------+----------+
        |                                  |  Latency (cycles) | Iteration|  Initiation Interval  |  Trip |          |
        |             Loop Name            |   min   |   max   |  Latency |  achieved |   target  | Count | Pipelined|
        +----------------------------------+---------+---------+----------+-----------+-----------+-------+----------+
        |- ReadInputHeight_ReadInputWidth  |   100860|   504300|    5 ~ 25|          -|          -|  20172|        no|
        +----------------------------------+---------+---------+----------+-----------+-----------+-------+----------+



================================================================
== Utilization Estimates
================================================================
* Summary: 
+-----------------+---------+-----+--------+-------+-----+
|       Name      | BRAM_18K| DSP |   FF   |  LUT  | URAM|
+-----------------+---------+-----+--------+-------+-----+
|DSP              |        -|    -|       -|      -|    -|
|Expression       |        -|    -|       0|     38|    -|
|FIFO             |        -|    -|       -|      -|    -|
|Instance         |        1|    0|     902|   1385|    -|
|Memory           |        -|    -|       -|      -|    -|
|Multiplexer      |        -|    -|       -|     52|    -|
|Register         |        -|    -|      37|      -|    -|
+-----------------+---------+-----+--------+-------+-----+
|Total            |        1|    0|     939|   1475|    0|
+-----------------+---------+-----+--------+-------+-----+
|Available        |      280|  220|  106400|  53200|    0|
+-----------------+---------+-----+--------+-------+-----+
|Utilization (%)  |       ~0|    0|      ~0|      2|    0|
+-----------------+---------+-----+--------+-------+-----+

+ Detail: 
    * Instance: 
    +---------------------------------------------------------------------------------+----------------------------------------------------------------------+---------+----+-----+------+-----+
    |                                     Instance                                    |                                Module                                | BRAM_18K| DSP|  FF |  LUT | URAM|
    +---------------------------------------------------------------------------------+----------------------------------------------------------------------+---------+----+-----+------+-----+
    |grp_compute_output_buffer_2d_array_array_ap_fixed_8_2_5_3_0_1u_config4_s_fu_108  |compute_output_buffer_2d_array_array_ap_fixed_8_2_5_3_0_1u_config4_s  |        1|   0|  902|  1385|    0|
    +---------------------------------------------------------------------------------+----------------------------------------------------------------------+---------+----+-----+------+-----+
    |Total                                                                            |                                                                      |        1|   0|  902|  1385|    0|
    +---------------------------------------------------------------------------------+----------------------------------------------------------------------+---------+----+-----+------+-----+

    * DSP: 
    N/A

    * Memory: 
    N/A

    * FIFO: 
    N/A

    * Expression: 
    +---------------------------------------------------------------------------------------------------+----------+----+---+----+------------+------------+
    |                                           Variable Name                                           | Operation| DSP| FF| LUT| Bitwidth P0| Bitwidth P1|
    +---------------------------------------------------------------------------------------------------+----------+----+---+----+------------+------------+
    |add_ln85_fu_184_p2                                                                                 |         +|   0|  0|  20|          15|           1|
    |ap_block_state2                                                                                    |       and|   0|  0|   2|           1|           1|
    |grp_compute_output_buffer_2d_array_array_ap_fixed_8_2_5_3_0_1u_config4_s_fu_108_layer4_out_TREADY  |       and|   0|  0|   2|           1|           1|
    |icmp_ln85_fu_178_p2                                                                                |      icmp|   0|  0|  12|          15|          15|
    |ap_block_state1                                                                                    |        or|   0|  0|   2|           1|           1|
    +---------------------------------------------------------------------------------------------------+----------+----+---+----+------------+------------+
    |Total                                                                                              |          |   0|  0|  38|          33|          19|
    +---------------------------------------------------------------------------------------------------+----------+----+---+----+------------+------------+

    * Multiplexer: 
    +----------------------+----+-----------+-----+-----------+
    |         Name         | LUT| Input Size| Bits| Total Bits|
    +----------------------+----+-----------+-----+-----------+
    |ap_NS_fsm             |  25|          5|    1|          5|
    |ap_done               |   9|          2|    1|          2|
    |indvar_flatten_fu_98  |   9|          2|   15|         30|
    |layer6_out_blk_n      |   9|          2|    1|          2|
    +----------------------+----+-----------+-----+-----------+
    |Total                 |  52|         11|   18|         39|
    +----------------------+----+-----------+-----+-----------+

    * Register: 
    +----------------------------------------------------------------------------------------------+----+----+-----+-----------+
    |                                             Name                                             | FF | LUT| Bits| Const Bits|
    +----------------------------------------------------------------------------------------------+----+----+-----+-----------+
    |ap_CS_fsm                                                                                     |   4|   0|    4|          0|
    |ap_done_reg                                                                                   |   1|   0|    1|          0|
    |grp_compute_output_buffer_2d_array_array_ap_fixed_8_2_5_3_0_1u_config4_s_fu_108_ap_start_reg  |   1|   0|    1|          0|
    |indvar_flatten_fu_98                                                                          |  15|   0|   15|          0|
    |trunc_ln144_3_reg_226                                                                         |   8|   0|    8|          0|
    |trunc_ln144_reg_221                                                                           |   8|   0|    8|          0|
    +----------------------------------------------------------------------------------------------+----+----+-----+-----------+
    |Total                                                                                         |  37|   0|   37|          0|
    +----------------------------------------------------------------------------------------------+----+----+-----+-----------+



================================================================
== Interface
================================================================
* Summary: 
+--------------------+-----+-----+------------+----------------------------------------------------------------------+--------------+
|      RTL Ports     | Dir | Bits|  Protocol  |                             Source Object                            |    C Type    |
+--------------------+-----+-----+------------+----------------------------------------------------------------------+--------------+
|ap_clk              |   in|    1|  ap_ctrl_hs|  conv_2d_cl<array<ap_fixed,2u>,array<ap_fixed<8,2,5,3,0>,1u>,config4>|  return value|
|ap_rst              |   in|    1|  ap_ctrl_hs|  conv_2d_cl<array<ap_fixed,2u>,array<ap_fixed<8,2,5,3,0>,1u>,config4>|  return value|
|ap_start            |   in|    1|  ap_ctrl_hs|  conv_2d_cl<array<ap_fixed,2u>,array<ap_fixed<8,2,5,3,0>,1u>,config4>|  return value|
|ap_done             |  out|    1|  ap_ctrl_hs|  conv_2d_cl<array<ap_fixed,2u>,array<ap_fixed<8,2,5,3,0>,1u>,config4>|  return value|
|ap_continue         |   in|    1|  ap_ctrl_hs|  conv_2d_cl<array<ap_fixed,2u>,array<ap_fixed<8,2,5,3,0>,1u>,config4>|  return value|
|ap_idle             |  out|    1|  ap_ctrl_hs|  conv_2d_cl<array<ap_fixed,2u>,array<ap_fixed<8,2,5,3,0>,1u>,config4>|  return value|
|ap_ready            |  out|    1|  ap_ctrl_hs|  conv_2d_cl<array<ap_fixed,2u>,array<ap_fixed<8,2,5,3,0>,1u>,config4>|  return value|
|layer6_out_dout     |   in|   16|     ap_fifo|                                                            layer6_out|       pointer|
|layer6_out_empty_n  |   in|    1|     ap_fifo|                                                            layer6_out|       pointer|
|layer6_out_read     |  out|    1|     ap_fifo|                                                            layer6_out|       pointer|
|layer4_out_TDATA    |  out|    8|        axis|                                                            layer4_out|       pointer|
|layer4_out_TVALID   |  out|    1|        axis|                                                            layer4_out|       pointer|
|layer4_out_TREADY   |   in|    1|        axis|                                                            layer4_out|       pointer|
+--------------------+-----+-----+------------+----------------------------------------------------------------------+--------------+

============================================================
+ Verbose Summary: Synthesis Manager
============================================================
InlineROM: 1
ExposeGlobal: 0
============================================================
+ Verbose Summary: CDFG Model
============================================================
IsTopModel: 0
ResetActiveHigh: 1
IsCombinational: 2
IsDatapathOnly: 0
HasWiredReturn: 1
HasMFsm: 0
HasVarLatency: 1
IsPipeline: 0
IsRtlPipelined: 0
IsInstanceOverlapped: 0
IsDontTouch: 0
HasImplIP: 0
IsGatedGlobalClock: 0


============================================================
+ Verbose Summary: Schedule
============================================================
* Number of FSM states : 4
* Pipeline : 0
* Dataflow Pipeline: 0

* FSM state transitions: 
1 --> 2 
2 --> 3 4 
3 --> 2 
4 --> 

* FSM state operations: 

State 1 <SV = 0> <Delay = 1.58>
ST_1 : Operation 5 [1/1] (0.00ns)   --->   "%indvar_flatten = alloca i32 1"   --->   Operation 5 'alloca' 'indvar_flatten' <Predicate = true> <Delay = 0.00>
ST_1 : Operation 6 [1/1] (0.00ns)   --->   "%specinterface_ln0 = specinterface void @_ssdm_op_SpecInterface, i16 %layer6_out, void @empty_4, i32 0, i32 0, void @empty_6, i32 0, i32 0, void @empty_6, void @empty_6, void @empty_6, i32 0, i32 0, i32 0, i32 0, void @empty_6, void @empty_6"   --->   Operation 6 'specinterface' 'specinterface_ln0' <Predicate = true> <Delay = 0.00>
ST_1 : Operation 7 [1/1] (0.00ns)   --->   "%specinterface_ln0 = specinterface void @_ssdm_op_SpecInterface, i8 %layer4_out, void @empty_9, i32 1, i32 1, void @empty_8, i32 0, i32 0, void @empty_6, void @empty_6, void @empty_6, i32 0, i32 0, i32 0, i32 0, void @empty_6, void @empty_6"   --->   Operation 7 'specinterface' 'specinterface_ln0' <Predicate = true> <Delay = 0.00>
ST_1 : Operation 8 [1/1] (1.58ns)   --->   "%store_ln85 = store i15 0, i15 %indvar_flatten" [firmware/nnet_utils/nnet_conv2d_stream.h:85]   --->   Operation 8 'store' 'store_ln85' <Predicate = true> <Delay = 1.58>
ST_1 : Operation 9 [1/1] (0.00ns)   --->   "%br_ln85 = br void" [firmware/nnet_utils/nnet_conv2d_stream.h:85]   --->   Operation 9 'br' 'br_ln85' <Predicate = true> <Delay = 0.00>

State 2 <SV = 1> <Delay = 5.82>
ST_2 : Operation 10 [1/1] (0.00ns)   --->   "%indvar_flatten_load = load i15 %indvar_flatten" [firmware/nnet_utils/nnet_conv2d_stream.h:85]   --->   Operation 10 'load' 'indvar_flatten_load' <Predicate = true> <Delay = 0.00>
ST_2 : Operation 11 [1/1] (2.31ns)   --->   "%icmp_ln85 = icmp_eq  i15 %indvar_flatten_load, i15 20172" [firmware/nnet_utils/nnet_conv2d_stream.h:85]   --->   Operation 11 'icmp' 'icmp_ln85' <Predicate = true> <Delay = 2.31> <CoreInst = "Cmp">   --->   Core 9 'Cmp' <Latency = 0> <II = 1> <Delay = 2.31> <FuncUnit> <Opcode : 'icmp'> <InPorts = 2> <OutPorts = 1>
ST_2 : Operation 12 [1/1] (1.94ns)   --->   "%add_ln85 = add i15 %indvar_flatten_load, i15 1" [firmware/nnet_utils/nnet_conv2d_stream.h:85]   --->   Operation 12 'add' 'add_ln85' <Predicate = true> <Delay = 1.94> <CoreInst = "Adder">   --->   Core 1 'Adder' <Latency = 0> <II = 1> <Delay = 1.94> <FuncUnit> <Opcode : 'add' 'sub'> <InPorts = 2> <OutPorts = 1>
ST_2 : Operation 13 [1/1] (0.00ns)   --->   "%br_ln85 = br i1 %icmp_ln85, void %.split2, void %_ZN4nnet17conv_2d_buffer_clINS_5arrayI8ap_fixedILi8ELi2EL9ap_q_mode5EL9ap_o_mode3ELi0EELj2EEENS1_IS5_Lj1EEE7config4EEvRN3hls6streamIT_Li0EEERNSA_IT0_Li0EEEPNT1_8weight_tEPNSH_6bias_tE.exit" [firmware/nnet_utils/nnet_conv2d_stream.h:85]   --->   Operation 13 'br' 'br_ln85' <Predicate = true> <Delay = 0.00>
ST_2 : Operation 14 [1/1] (3.50ns)   --->   "%layer6_out_read = read i16 @_ssdm_op_Read.ap_fifo.volatile.i16P0A, i16 %layer6_out" [C:/Xilinx/Vitis_HLS/2021.2/common/technology/autopilot/hls_stream_39.h:144]   --->   Operation 14 'read' 'layer6_out_read' <Predicate = (!icmp_ln85)> <Delay = 3.50> <CoreInst = "FIFO">   --->   Core 78 'FIFO' <Latency = 0> <II = 1> <Delay = 3.50> <Storage> <Opcode : 'read' 'write' 'nbread' 'nbwrite'> <Ports = 0> <Width = 16> <Depth = 20172> <FIFO>
ST_2 : Operation 15 [1/1] (0.00ns)   --->   "%trunc_ln144 = trunc i16 %layer6_out_read" [C:/Xilinx/Vitis_HLS/2021.2/common/technology/autopilot/hls_stream_39.h:144]   --->   Operation 15 'trunc' 'trunc_ln144' <Predicate = (!icmp_ln85)> <Delay = 0.00>
ST_2 : Operation 16 [1/1] (0.00ns)   --->   "%trunc_ln144_3 = partselect i8 @_ssdm_op_PartSelect.i8.i16.i32.i32, i16 %layer6_out_read, i32 8, i32 15" [C:/Xilinx/Vitis_HLS/2021.2/common/technology/autopilot/hls_stream_39.h:144]   --->   Operation 16 'partselect' 'trunc_ln144_3' <Predicate = (!icmp_ln85)> <Delay = 0.00>
ST_2 : Operation 17 [2/2] (0.00ns)   --->   "%call_ln93 = call void @compute_output_buffer_2d<array,array<ap_fixed<8,2,5,3,0>,1u>,config4>, i8 %trunc_ln144, i8 %trunc_ln144_3, i8 %layer4_out, i8 %void_compute_output_buffer_2d_array_const_ap_shift_reg_n_chan_stream_weig_7, i8 %void_compute_output_buffer_2d_array_const_ap_shift_reg_n_chan_stream_weig_9, i8 %void_compute_output_buffer_2d_array_const_ap_shift_reg_n_chan_stream_weig_6, i8 %void_compute_output_buffer_2d_array_const_ap_shift_reg_n_chan_stream_weig_8, i8 %void_compute_output_buffer_2d_array_const_ap_shift_reg_n_chan_stream_weig_1, i8 %void_compute_output_buffer_2d_array_const_ap_shift_reg_n_chan_stream_weig_3, i8 %void_compute_output_buffer_2d_array_const_ap_shift_reg_n_chan_stream_weig, i8 %void_compute_output_buffer_2d_array_const_ap_shift_reg_n_chan_stream_weig_2, i8 %p_ZZN4nnet24compute_output_buffer_2dINS_5arrayI8ap_fixedILi8ELi2EL9ap_q_mode5EL9a_3, i8 %p_ZZN4nnet24compute_output_buffer_2dINS_5arrayI8ap_fixedILi8ELi2EL9ap_q_mode5EL9a_5, i8 %p_ZZN4nnet24compute_output_buffer_2dINS_5arrayI8ap_fixedILi8ELi2EL9ap_q_mode5EL9a_2, i8 %p_ZZN4nnet24compute_output_buffer_2dINS_5arrayI8ap_fixedILi8ELi2EL9ap_q_mode5EL9a_4, i8 %void_compute_output_buffer_2d_array_const_ap_shift_reg_n_chan_stream_weig_5, i8 %void_compute_output_buffer_2d_array_const_ap_shift_reg_n_chan_stream_weig_4, i8 %p_ZZN4nnet24compute_output_buffer_2dINS_5arrayI8ap_fixedILi8ELi2EL9ap_q_mode5EL9a_7, i8 %p_ZZN4nnet24compute_output_buffer_2dINS_5arrayI8ap_fixedILi8ELi2EL9ap_q_mode5EL9a_6, i8 %p_ZZN4nnet24compute_output_buffer_2dINS_5arrayI8ap_fixedILi8ELi2EL9ap_q_mode5EL9a_1, i8 %p_ZZN4nnet24compute_output_buffer_2dINS_5arrayI8ap_fixedILi8ELi2EL9ap_q_mode5EL9a, i8 %void_conv_2d_buffer_cl_stream_stream_weight_t_bias_t_line_buffer_0, i8 %void_conv_2d_buffer_cl_stream_stream_weight_t_bias_t_line_buffer, i8 %void_conv_2d_buffer_cl_stream_stream_weight_t_bias_t_line_buffer_1_0, i8 %void_conv_2d_buffer_cl_stream_stream_weight_t_bias_t_line_buffer_1, i32 %sX, i32 %sY, i32 %pY, i32 %pX, i7 %w4_V" [firmware/nnet_utils/nnet_conv2d_stream.h:93]   --->   Operation 17 'call' 'call_ln93' <Predicate = (!icmp_ln85)> <Delay = 0.00> <CoreType = "Generic">   --->   Core 0 '' <Latency = 0> <II = 1> <Delay = 1.00> <Generic> <Opcode : >
ST_2 : Operation 18 [1/1] (1.58ns)   --->   "%store_ln85 = store i15 %add_ln85, i15 %indvar_flatten" [firmware/nnet_utils/nnet_conv2d_stream.h:85]   --->   Operation 18 'store' 'store_ln85' <Predicate = (!icmp_ln85)> <Delay = 1.58>

State 3 <SV = 2> <Delay = 1.91>
ST_3 : Operation 19 [1/1] (0.00ns)   --->   "%specloopname_ln0 = specloopname void @_ssdm_op_SpecLoopName, void @ReadInputHeight_ReadInputWidth_str"   --->   Operation 19 'specloopname' 'specloopname_ln0' <Predicate = true> <Delay = 0.00>
ST_3 : Operation 20 [1/1] (0.00ns)   --->   "%empty = speclooptripcount i32 @_ssdm_op_SpecLoopTripCount, i64 20172, i64 20172, i64 20172"   --->   Operation 20 'speclooptripcount' 'empty' <Predicate = true> <Delay = 0.00>
ST_3 : Operation 21 [1/1] (0.00ns)   --->   "%specloopname_ln143 = specloopname void @_ssdm_op_SpecLoopName, void @empty_7" [C:/Xilinx/Vitis_HLS/2021.2/common/technology/autopilot/hls_stream_39.h:143]   --->   Operation 21 'specloopname' 'specloopname_ln143' <Predicate = true> <Delay = 0.00>
ST_3 : Operation 22 [1/2] (1.91ns)   --->   "%call_ln93 = call void @compute_output_buffer_2d<array,array<ap_fixed<8,2,5,3,0>,1u>,config4>, i8 %trunc_ln144, i8 %trunc_ln144_3, i8 %layer4_out, i8 %void_compute_output_buffer_2d_array_const_ap_shift_reg_n_chan_stream_weig_7, i8 %void_compute_output_buffer_2d_array_const_ap_shift_reg_n_chan_stream_weig_9, i8 %void_compute_output_buffer_2d_array_const_ap_shift_reg_n_chan_stream_weig_6, i8 %void_compute_output_buffer_2d_array_const_ap_shift_reg_n_chan_stream_weig_8, i8 %void_compute_output_buffer_2d_array_const_ap_shift_reg_n_chan_stream_weig_1, i8 %void_compute_output_buffer_2d_array_const_ap_shift_reg_n_chan_stream_weig_3, i8 %void_compute_output_buffer_2d_array_const_ap_shift_reg_n_chan_stream_weig, i8 %void_compute_output_buffer_2d_array_const_ap_shift_reg_n_chan_stream_weig_2, i8 %p_ZZN4nnet24compute_output_buffer_2dINS_5arrayI8ap_fixedILi8ELi2EL9ap_q_mode5EL9a_3, i8 %p_ZZN4nnet24compute_output_buffer_2dINS_5arrayI8ap_fixedILi8ELi2EL9ap_q_mode5EL9a_5, i8 %p_ZZN4nnet24compute_output_buffer_2dINS_5arrayI8ap_fixedILi8ELi2EL9ap_q_mode5EL9a_2, i8 %p_ZZN4nnet24compute_output_buffer_2dINS_5arrayI8ap_fixedILi8ELi2EL9ap_q_mode5EL9a_4, i8 %void_compute_output_buffer_2d_array_const_ap_shift_reg_n_chan_stream_weig_5, i8 %void_compute_output_buffer_2d_array_const_ap_shift_reg_n_chan_stream_weig_4, i8 %p_ZZN4nnet24compute_output_buffer_2dINS_5arrayI8ap_fixedILi8ELi2EL9ap_q_mode5EL9a_7, i8 %p_ZZN4nnet24compute_output_buffer_2dINS_5arrayI8ap_fixedILi8ELi2EL9ap_q_mode5EL9a_6, i8 %p_ZZN4nnet24compute_output_buffer_2dINS_5arrayI8ap_fixedILi8ELi2EL9ap_q_mode5EL9a_1, i8 %p_ZZN4nnet24compute_output_buffer_2dINS_5arrayI8ap_fixedILi8ELi2EL9ap_q_mode5EL9a, i8 %void_conv_2d_buffer_cl_stream_stream_weight_t_bias_t_line_buffer_0, i8 %void_conv_2d_buffer_cl_stream_stream_weight_t_bias_t_line_buffer, i8 %void_conv_2d_buffer_cl_stream_stream_weight_t_bias_t_line_buffer_1_0, i8 %void_conv_2d_buffer_cl_stream_stream_weight_t_bias_t_line_buffer_1, i32 %sX, i32 %sY, i32 %pY, i32 %pX, i7 %w4_V" [firmware/nnet_utils/nnet_conv2d_stream.h:93]   --->   Operation 22 'call' 'call_ln93' <Predicate = true> <Delay = 1.91> <CoreType = "Generic">   --->   Core 0 '' <Latency = 0> <II = 1> <Delay = 1.00> <Generic> <Opcode : >
ST_3 : Operation 23 [1/1] (0.00ns)   --->   "%br_ln0 = br void"   --->   Operation 23 'br' 'br_ln0' <Predicate = true> <Delay = 0.00>

State 4 <SV = 3> <Delay = 0.00>
ST_4 : Operation 24 [1/1] (0.00ns)   --->   "%ret_ln115 = ret" [firmware/nnet_utils/nnet_conv2d_stream.h:115]   --->   Operation 24 'ret' 'ret_ln115' <Predicate = true> <Delay = 0.00>


============================================================
+ Verbose Summary: Binding
============================================================
STG Binding: 
---------------- STG Properties BEGIN ----------------
- Is combinational: 0
- Is one-state seq: 0
- Is datapath-only: 0
- Is pipelined: 0
- Is top level: 0
Port [ Return ] is wired: 1; IO mode=ap_ctrl_hs:ce=0
Port [ layer6_out]:  wired=1; compound=1; hidden=0; nouse=0; global=0; static=0; extern=0; dir=0; type=3; pingpong=0; private_global=0; IO mode=ap_fifo:ce=0
Port [ layer4_out]:  wired=1; compound=1; hidden=0; nouse=0; global=0; static=0; extern=0; dir=1; type=0; pingpong=0; private_global=0; IO mode=axis:ce=0
Port [ void_compute_output_buffer_2d_array_const_ap_shift_reg_n_chan_stream_weig_7]:  wired=0; compound=0; hidden=1; nouse=1; global=1; static=1; extern=0; dir=2; type=0; pingpong=0; private_global=0; IO mode=ap_ovld:ce=0
Port [ void_compute_output_buffer_2d_array_const_ap_shift_reg_n_chan_stream_weig_9]:  wired=0; compound=0; hidden=1; nouse=1; global=1; static=1; extern=0; dir=2; type=0; pingpong=0; private_global=0; IO mode=ap_ovld:ce=0
Port [ void_compute_output_buffer_2d_array_const_ap_shift_reg_n_chan_stream_weig_6]:  wired=0; compound=0; hidden=1; nouse=1; global=1; static=1; extern=0; dir=2; type=0; pingpong=0; private_global=0; IO mode=ap_ovld:ce=0
Port [ void_compute_output_buffer_2d_array_const_ap_shift_reg_n_chan_stream_weig_8]:  wired=0; compound=0; hidden=1; nouse=1; global=1; static=1; extern=0; dir=2; type=0; pingpong=0; private_global=0; IO mode=ap_ovld:ce=0
Port [ void_compute_output_buffer_2d_array_const_ap_shift_reg_n_chan_stream_weig_1]:  wired=0; compound=0; hidden=1; nouse=1; global=1; static=1; extern=0; dir=2; type=0; pingpong=0; private_global=0; IO mode=ap_ovld:ce=0
Port [ void_compute_output_buffer_2d_array_const_ap_shift_reg_n_chan_stream_weig_3]:  wired=0; compound=0; hidden=1; nouse=1; global=1; static=1; extern=0; dir=2; type=0; pingpong=0; private_global=0; IO mode=ap_ovld:ce=0
Port [ void_compute_output_buffer_2d_array_const_ap_shift_reg_n_chan_stream_weig]:  wired=0; compound=0; hidden=1; nouse=1; global=1; static=1; extern=0; dir=2; type=0; pingpong=0; private_global=0; IO mode=ap_ovld:ce=0
Port [ void_compute_output_buffer_2d_array_const_ap_shift_reg_n_chan_stream_weig_2]:  wired=0; compound=0; hidden=1; nouse=1; global=1; static=1; extern=0; dir=2; type=0; pingpong=0; private_global=0; IO mode=ap_ovld:ce=0
Port [ p_ZZN4nnet24compute_output_buffer_2dINS_5arrayI8ap_fixedILi8ELi2EL9ap_q_mode5EL9a_3]:  wired=0; compound=0; hidden=1; nouse=1; global=1; static=1; extern=0; dir=2; type=0; pingpong=0; private_global=0; IO mode=ap_ovld:ce=0
Port [ p_ZZN4nnet24compute_output_buffer_2dINS_5arrayI8ap_fixedILi8ELi2EL9ap_q_mode5EL9a_5]:  wired=0; compound=0; hidden=1; nouse=1; global=1; static=1; extern=0; dir=2; type=0; pingpong=0; private_global=0; IO mode=ap_ovld:ce=0
Port [ p_ZZN4nnet24compute_output_buffer_2dINS_5arrayI8ap_fixedILi8ELi2EL9ap_q_mode5EL9a_2]:  wired=0; compound=0; hidden=1; nouse=1; global=1; static=1; extern=0; dir=2; type=0; pingpong=0; private_global=0; IO mode=ap_ovld:ce=0
Port [ p_ZZN4nnet24compute_output_buffer_2dINS_5arrayI8ap_fixedILi8ELi2EL9ap_q_mode5EL9a_4]:  wired=0; compound=0; hidden=1; nouse=1; global=1; static=1; extern=0; dir=2; type=0; pingpong=0; private_global=0; IO mode=ap_ovld:ce=0
Port [ void_compute_output_buffer_2d_array_const_ap_shift_reg_n_chan_stream_weig_5]:  wired=0; compound=0; hidden=1; nouse=1; global=1; static=1; extern=0; dir=2; type=0; pingpong=0; private_global=0; IO mode=ap_ovld:ce=0
Port [ void_compute_output_buffer_2d_array_const_ap_shift_reg_n_chan_stream_weig_4]:  wired=0; compound=0; hidden=1; nouse=1; global=1; static=1; extern=0; dir=2; type=0; pingpong=0; private_global=0; IO mode=ap_ovld:ce=0
Port [ p_ZZN4nnet24compute_output_buffer_2dINS_5arrayI8ap_fixedILi8ELi2EL9ap_q_mode5EL9a_7]:  wired=0; compound=0; hidden=1; nouse=1; global=1; static=1; extern=0; dir=2; type=0; pingpong=0; private_global=0; IO mode=ap_ovld:ce=0
Port [ p_ZZN4nnet24compute_output_buffer_2dINS_5arrayI8ap_fixedILi8ELi2EL9ap_q_mode5EL9a_6]:  wired=0; compound=0; hidden=1; nouse=1; global=1; static=1; extern=0; dir=2; type=0; pingpong=0; private_global=0; IO mode=ap_ovld:ce=0
Port [ p_ZZN4nnet24compute_output_buffer_2dINS_5arrayI8ap_fixedILi8ELi2EL9ap_q_mode5EL9a_1]:  wired=0; compound=0; hidden=1; nouse=1; global=1; static=1; extern=0; dir=2; type=0; pingpong=0; private_global=0; IO mode=ap_ovld:ce=0
Port [ p_ZZN4nnet24compute_output_buffer_2dINS_5arrayI8ap_fixedILi8ELi2EL9ap_q_mode5EL9a]:  wired=0; compound=0; hidden=1; nouse=1; global=1; static=1; extern=0; dir=2; type=0; pingpong=0; private_global=0; IO mode=ap_ovld:ce=0
Port [ void_conv_2d_buffer_cl_stream_stream_weight_t_bias_t_line_buffer_0]:  wired=0; compound=1; hidden=1; nouse=1; global=1; static=1; extern=0; dir=3; type=1; pingpong=0; private_global=0; MemPort=[2]; IO mode=ap_memory:ce=0
Port [ void_conv_2d_buffer_cl_stream_stream_weight_t_bias_t_line_buffer]:  wired=0; compound=1; hidden=1; nouse=1; global=1; static=1; extern=0; dir=3; type=1; pingpong=0; private_global=0; MemPort=[2]; IO mode=ap_memory:ce=0
Port [ void_conv_2d_buffer_cl_stream_stream_weight_t_bias_t_line_buffer_1_0]:  wired=0; compound=1; hidden=1; nouse=1; global=1; static=1; extern=0; dir=3; type=1; pingpong=0; private_global=0; MemPort=[2]; IO mode=ap_memory:ce=0
Port [ void_conv_2d_buffer_cl_stream_stream_weight_t_bias_t_line_buffer_1]:  wired=0; compound=1; hidden=1; nouse=1; global=1; static=1; extern=0; dir=3; type=1; pingpong=0; private_global=0; MemPort=[2]; IO mode=ap_memory:ce=0
Port [ sX]:  wired=0; compound=0; hidden=1; nouse=1; global=1; static=1; extern=0; dir=2; type=0; pingpong=0; private_global=0; IO mode=ap_ovld:ce=0
Port [ sY]:  wired=0; compound=0; hidden=1; nouse=1; global=1; static=1; extern=0; dir=2; type=0; pingpong=0; private_global=0; IO mode=ap_ovld:ce=0
Port [ pY]:  wired=0; compound=0; hidden=1; nouse=1; global=1; static=1; extern=0; dir=2; type=0; pingpong=0; private_global=0; IO mode=ap_ovld:ce=0
Port [ pX]:  wired=0; compound=0; hidden=1; nouse=1; global=1; static=1; extern=0; dir=2; type=0; pingpong=0; private_global=0; IO mode=ap_ovld:ce=0
Port [ w4_V]:  wired=0; compound=1; hidden=1; nouse=1; global=1; static=1; extern=0; dir=0; type=1; pingpong=0; private_global=0; MemPort=[1]; IO mode=ap_memory:ce=0
---------------- STG Properties END ------------------

---------------- Datapath Model BEGIN ----------------

<LifeTime>
<method=bitvector/>
indvar_flatten      (alloca           ) [ 01110]
specinterface_ln0   (specinterface    ) [ 00000]
specinterface_ln0   (specinterface    ) [ 00000]
store_ln85          (store            ) [ 00000]
br_ln85             (br               ) [ 00000]
indvar_flatten_load (load             ) [ 00000]
icmp_ln85           (icmp             ) [ 00110]
add_ln85            (add              ) [ 00000]
br_ln85             (br               ) [ 00000]
layer6_out_read     (read             ) [ 00000]
trunc_ln144         (trunc            ) [ 00010]
trunc_ln144_3       (partselect       ) [ 00010]
store_ln85          (store            ) [ 00000]
specloopname_ln0    (specloopname     ) [ 00000]
empty               (speclooptripcount) [ 00000]
specloopname_ln143  (specloopname     ) [ 00000]
call_ln93           (call             ) [ 00000]
br_ln0              (br               ) [ 00000]
ret_ln115           (ret              ) [ 00000]
</LifeTime>

<model>

<comp_list>
<comp id="0" class="1000" name="layer6_out">
<pin_list>
<pin id="1" dir="1" index="0" bw="1" slack="0"/>
</pin_list>
<bind>
<StgValue><ssdm name="layer6_out"/></StgValue>
</bind>
</comp>

<comp id="2" class="1000" name="layer4_out">
<pin_list>
<pin id="3" dir="1" index="0" bw="1" slack="0"/>
</pin_list>
<bind>
<StgValue><ssdm name="layer4_out"/></StgValue>
</bind>
</comp>

<comp id="4" class="1000" name="void_compute_output_buffer_2d_array_const_ap_shift_reg_n_chan_stream_weig_7">
<pin_list>
<pin id="5" dir="1" index="0" bw="1" slack="0"/>
</pin_list>
<bind>
<StgValue><ssdm name="void_compute_output_buffer_2d_array_const_ap_shift_reg_n_chan_stream_weig_7"/></StgValue>
</bind>
</comp>

<comp id="6" class="1000" name="void_compute_output_buffer_2d_array_const_ap_shift_reg_n_chan_stream_weig_9">
<pin_list>
<pin id="7" dir="1" index="0" bw="1" slack="0"/>
</pin_list>
<bind>
<StgValue><ssdm name="void_compute_output_buffer_2d_array_const_ap_shift_reg_n_chan_stream_weig_9"/></StgValue>
</bind>
</comp>

<comp id="8" class="1000" name="void_compute_output_buffer_2d_array_const_ap_shift_reg_n_chan_stream_weig_6">
<pin_list>
<pin id="9" dir="1" index="0" bw="1" slack="0"/>
</pin_list>
<bind>
<StgValue><ssdm name="void_compute_output_buffer_2d_array_const_ap_shift_reg_n_chan_stream_weig_6"/></StgValue>
</bind>
</comp>

<comp id="10" class="1000" name="void_compute_output_buffer_2d_array_const_ap_shift_reg_n_chan_stream_weig_8">
<pin_list>
<pin id="11" dir="1" index="0" bw="1" slack="0"/>
</pin_list>
<bind>
<StgValue><ssdm name="void_compute_output_buffer_2d_array_const_ap_shift_reg_n_chan_stream_weig_8"/></StgValue>
</bind>
</comp>

<comp id="12" class="1000" name="void_compute_output_buffer_2d_array_const_ap_shift_reg_n_chan_stream_weig_1">
<pin_list>
<pin id="13" dir="1" index="0" bw="1" slack="0"/>
</pin_list>
<bind>
<StgValue><ssdm name="void_compute_output_buffer_2d_array_const_ap_shift_reg_n_chan_stream_weig_1"/></StgValue>
</bind>
</comp>

<comp id="14" class="1000" name="void_compute_output_buffer_2d_array_const_ap_shift_reg_n_chan_stream_weig_3">
<pin_list>
<pin id="15" dir="1" index="0" bw="1" slack="0"/>
</pin_list>
<bind>
<StgValue><ssdm name="void_compute_output_buffer_2d_array_const_ap_shift_reg_n_chan_stream_weig_3"/></StgValue>
</bind>
</comp>

<comp id="16" class="1000" name="void_compute_output_buffer_2d_array_const_ap_shift_reg_n_chan_stream_weig">
<pin_list>
<pin id="17" dir="1" index="0" bw="1" slack="0"/>
</pin_list>
<bind>
<StgValue><ssdm name="void_compute_output_buffer_2d_array_const_ap_shift_reg_n_chan_stream_weig"/></StgValue>
</bind>
</comp>

<comp id="18" class="1000" name="void_compute_output_buffer_2d_array_const_ap_shift_reg_n_chan_stream_weig_2">
<pin_list>
<pin id="19" dir="1" index="0" bw="1" slack="0"/>
</pin_list>
<bind>
<StgValue><ssdm name="void_compute_output_buffer_2d_array_const_ap_shift_reg_n_chan_stream_weig_2"/></StgValue>
</bind>
</comp>

<comp id="20" class="1000" name="p_ZZN4nnet24compute_output_buffer_2dINS_5arrayI8ap_fixedILi8ELi2EL9ap_q_mode5EL9a_3">
<pin_list>
<pin id="21" dir="1" index="0" bw="1" slack="0"/>
</pin_list>
<bind>
<StgValue><ssdm name="p_ZZN4nnet24compute_output_buffer_2dINS_5arrayI8ap_fixedILi8ELi2EL9ap_q_mode5EL9a_3"/></StgValue>
</bind>
</comp>

<comp id="22" class="1000" name="p_ZZN4nnet24compute_output_buffer_2dINS_5arrayI8ap_fixedILi8ELi2EL9ap_q_mode5EL9a_5">
<pin_list>
<pin id="23" dir="1" index="0" bw="1" slack="0"/>
</pin_list>
<bind>
<StgValue><ssdm name="p_ZZN4nnet24compute_output_buffer_2dINS_5arrayI8ap_fixedILi8ELi2EL9ap_q_mode5EL9a_5"/></StgValue>
</bind>
</comp>

<comp id="24" class="1000" name="p_ZZN4nnet24compute_output_buffer_2dINS_5arrayI8ap_fixedILi8ELi2EL9ap_q_mode5EL9a_2">
<pin_list>
<pin id="25" dir="1" index="0" bw="1" slack="0"/>
</pin_list>
<bind>
<StgValue><ssdm name="p_ZZN4nnet24compute_output_buffer_2dINS_5arrayI8ap_fixedILi8ELi2EL9ap_q_mode5EL9a_2"/></StgValue>
</bind>
</comp>

<comp id="26" class="1000" name="p_ZZN4nnet24compute_output_buffer_2dINS_5arrayI8ap_fixedILi8ELi2EL9ap_q_mode5EL9a_4">
<pin_list>
<pin id="27" dir="1" index="0" bw="1" slack="0"/>
</pin_list>
<bind>
<StgValue><ssdm name="p_ZZN4nnet24compute_output_buffer_2dINS_5arrayI8ap_fixedILi8ELi2EL9ap_q_mode5EL9a_4"/></StgValue>
</bind>
</comp>

<comp id="28" class="1000" name="void_compute_output_buffer_2d_array_const_ap_shift_reg_n_chan_stream_weig_5">
<pin_list>
<pin id="29" dir="1" index="0" bw="1" slack="0"/>
</pin_list>
<bind>
<StgValue><ssdm name="void_compute_output_buffer_2d_array_const_ap_shift_reg_n_chan_stream_weig_5"/></StgValue>
</bind>
</comp>

<comp id="30" class="1000" name="void_compute_output_buffer_2d_array_const_ap_shift_reg_n_chan_stream_weig_4">
<pin_list>
<pin id="31" dir="1" index="0" bw="1" slack="0"/>
</pin_list>
<bind>
<StgValue><ssdm name="void_compute_output_buffer_2d_array_const_ap_shift_reg_n_chan_stream_weig_4"/></StgValue>
</bind>
</comp>

<comp id="32" class="1000" name="p_ZZN4nnet24compute_output_buffer_2dINS_5arrayI8ap_fixedILi8ELi2EL9ap_q_mode5EL9a_7">
<pin_list>
<pin id="33" dir="1" index="0" bw="1" slack="0"/>
</pin_list>
<bind>
<StgValue><ssdm name="p_ZZN4nnet24compute_output_buffer_2dINS_5arrayI8ap_fixedILi8ELi2EL9ap_q_mode5EL9a_7"/></StgValue>
</bind>
</comp>

<comp id="34" class="1000" name="p_ZZN4nnet24compute_output_buffer_2dINS_5arrayI8ap_fixedILi8ELi2EL9ap_q_mode5EL9a_6">
<pin_list>
<pin id="35" dir="1" index="0" bw="1" slack="0"/>
</pin_list>
<bind>
<StgValue><ssdm name="p_ZZN4nnet24compute_output_buffer_2dINS_5arrayI8ap_fixedILi8ELi2EL9ap_q_mode5EL9a_6"/></StgValue>
</bind>
</comp>

<comp id="36" class="1000" name="p_ZZN4nnet24compute_output_buffer_2dINS_5arrayI8ap_fixedILi8ELi2EL9ap_q_mode5EL9a_1">
<pin_list>
<pin id="37" dir="1" index="0" bw="1" slack="0"/>
</pin_list>
<bind>
<StgValue><ssdm name="p_ZZN4nnet24compute_output_buffer_2dINS_5arrayI8ap_fixedILi8ELi2EL9ap_q_mode5EL9a_1"/></StgValue>
</bind>
</comp>

<comp id="38" class="1000" name="p_ZZN4nnet24compute_output_buffer_2dINS_5arrayI8ap_fixedILi8ELi2EL9ap_q_mode5EL9a">
<pin_list>
<pin id="39" dir="1" index="0" bw="1" slack="0"/>
</pin_list>
<bind>
<StgValue><ssdm name="p_ZZN4nnet24compute_output_buffer_2dINS_5arrayI8ap_fixedILi8ELi2EL9ap_q_mode5EL9a"/></StgValue>
</bind>
</comp>

<comp id="40" class="1000" name="void_conv_2d_buffer_cl_stream_stream_weight_t_bias_t_line_buffer_0">
<pin_list>
<pin id="41" dir="1" index="0" bw="1" slack="0"/>
</pin_list>
<bind>
<StgValue><ssdm name="void_conv_2d_buffer_cl_stream_stream_weight_t_bias_t_line_buffer_0"/><MemPortTyVec>2 </MemPortTyVec>
</StgValue>
</bind>
</comp>

<comp id="42" class="1000" name="void_conv_2d_buffer_cl_stream_stream_weight_t_bias_t_line_buffer">
<pin_list>
<pin id="43" dir="1" index="0" bw="1" slack="0"/>
</pin_list>
<bind>
<StgValue><ssdm name="void_conv_2d_buffer_cl_stream_stream_weight_t_bias_t_line_buffer"/><MemPortTyVec>2 </MemPortTyVec>
</StgValue>
</bind>
</comp>

<comp id="44" class="1000" name="void_conv_2d_buffer_cl_stream_stream_weight_t_bias_t_line_buffer_1_0">
<pin_list>
<pin id="45" dir="1" index="0" bw="1" slack="0"/>
</pin_list>
<bind>
<StgValue><ssdm name="void_conv_2d_buffer_cl_stream_stream_weight_t_bias_t_line_buffer_1_0"/><MemPortTyVec>2 </MemPortTyVec>
</StgValue>
</bind>
</comp>

<comp id="46" class="1000" name="void_conv_2d_buffer_cl_stream_stream_weight_t_bias_t_line_buffer_1">
<pin_list>
<pin id="47" dir="1" index="0" bw="1" slack="0"/>
</pin_list>
<bind>
<StgValue><ssdm name="void_conv_2d_buffer_cl_stream_stream_weight_t_bias_t_line_buffer_1"/><MemPortTyVec>2 </MemPortTyVec>
</StgValue>
</bind>
</comp>

<comp id="48" class="1000" name="sX">
<pin_list>
<pin id="49" dir="1" index="0" bw="1" slack="0"/>
</pin_list>
<bind>
<StgValue><ssdm name="sX"/></StgValue>
</bind>
</comp>

<comp id="50" class="1000" name="sY">
<pin_list>
<pin id="51" dir="1" index="0" bw="1" slack="0"/>
</pin_list>
<bind>
<StgValue><ssdm name="sY"/></StgValue>
</bind>
</comp>

<comp id="52" class="1000" name="pY">
<pin_list>
<pin id="53" dir="1" index="0" bw="1" slack="0"/>
</pin_list>
<bind>
<StgValue><ssdm name="pY"/></StgValue>
</bind>
</comp>

<comp id="54" class="1000" name="pX">
<pin_list>
<pin id="55" dir="1" index="0" bw="1" slack="0"/>
</pin_list>
<bind>
<StgValue><ssdm name="pX"/></StgValue>
</bind>
</comp>

<comp id="56" class="1000" name="w4_V">
<pin_list>
<pin id="57" dir="1" index="0" bw="1" slack="0"/>
</pin_list>
<bind>
<StgValue><ssdm name="w4_V"/><MemPortTyVec>1 </MemPortTyVec>
</StgValue>
</bind>
</comp>

<comp id="58" class="1001" name="const_58">
<pin_list>
<pin id="59" dir="1" index="0" bw="1" slack="0"/>
</pin_list>
<bind>
<StgValue><ssdm name=""/></StgValue>
</bind>
</comp>

<comp id="60" class="1001" name="const_60">
<pin_list>
<pin id="61" dir="1" index="0" bw="1" slack="2147483647"/>
</pin_list>
<bind>
<StgValue><ssdm name="_ssdm_op_SpecInterface"/></StgValue>
</bind>
</comp>

<comp id="62" class="1001" name="const_62">
<pin_list>
<pin id="63" dir="1" index="0" bw="1" slack="2147483647"/>
</pin_list>
<bind>
<StgValue><ssdm name="empty_4"/></StgValue>
</bind>
</comp>

<comp id="64" class="1001" name="const_64">
<pin_list>
<pin id="65" dir="1" index="0" bw="1" slack="2147483647"/>
</pin_list>
<bind>
<StgValue><ssdm name=""/></StgValue>
</bind>
</comp>

<comp id="66" class="1001" name="const_66">
<pin_list>
<pin id="67" dir="1" index="0" bw="1" slack="2147483647"/>
</pin_list>
<bind>
<StgValue><ssdm name="empty_6"/></StgValue>
</bind>
</comp>

<comp id="68" class="1001" name="const_68">
<pin_list>
<pin id="69" dir="1" index="0" bw="1" slack="2147483647"/>
</pin_list>
<bind>
<StgValue><ssdm name="empty_9"/></StgValue>
</bind>
</comp>

<comp id="70" class="1001" name="const_70">
<pin_list>
<pin id="71" dir="1" index="0" bw="1" slack="2147483647"/>
</pin_list>
<bind>
<StgValue><ssdm name="empty_8"/></StgValue>
</bind>
</comp>

<comp id="72" class="1001" name="const_72">
<pin_list>
<pin id="73" dir="1" index="0" bw="1" slack="0"/>
</pin_list>
<bind>
<StgValue><ssdm name=""/></StgValue>
</bind>
</comp>

<comp id="74" class="1001" name="const_74">
<pin_list>
<pin id="75" dir="1" index="0" bw="1" slack="0"/>
</pin_list>
<bind>
<StgValue><ssdm name=""/></StgValue>
</bind>
</comp>

<comp id="76" class="1001" name="const_76">
<pin_list>
<pin id="77" dir="1" index="0" bw="1" slack="0"/>
</pin_list>
<bind>
<StgValue><ssdm name=""/></StgValue>
</bind>
</comp>

<comp id="78" class="1001" name="const_78">
<pin_list>
<pin id="79" dir="1" index="0" bw="1" slack="0"/>
</pin_list>
<bind>
<StgValue><ssdm name="_ssdm_op_Read.ap_fifo.volatile.i16P0A"/></StgValue>
</bind>
</comp>

<comp id="80" class="1001" name="const_80">
<pin_list>
<pin id="81" dir="1" index="0" bw="1" slack="0"/>
</pin_list>
<bind>
<StgValue><ssdm name="_ssdm_op_PartSelect.i8.i16.i32.i32"/></StgValue>
</bind>
</comp>

<comp id="82" class="1001" name="const_82">
<pin_list>
<pin id="83" dir="1" index="0" bw="1" slack="0"/>
</pin_list>
<bind>
<StgValue><ssdm name=""/></StgValue>
</bind>
</comp>

<comp id="84" class="1001" name="const_84">
<pin_list>
<pin id="85" dir="1" index="0" bw="1" slack="0"/>
</pin_list>
<bind>
<StgValue><ssdm name=""/></StgValue>
</bind>
</comp>

<comp id="86" class="1001" name="const_86">
<pin_list>
<pin id="87" dir="1" index="0" bw="1" slack="0"/>
</pin_list>
<bind>
<StgValue><ssdm name="compute_output_buffer_2d<array,array<ap_fixed<8,2,5,3,0>,1u>,config4>"/></StgValue>
</bind>
</comp>

<comp id="88" class="1001" name="const_88">
<pin_list>
<pin id="89" dir="1" index="0" bw="1" slack="2147483647"/>
</pin_list>
<bind>
<StgValue><ssdm name="_ssdm_op_SpecLoopName"/></StgValue>
</bind>
</comp>

<comp id="90" class="1001" name="const_90">
<pin_list>
<pin id="91" dir="1" index="0" bw="1" slack="2147483647"/>
</pin_list>
<bind>
<StgValue><ssdm name="ReadInputHeight_ReadInputWidth_str"/></StgValue>
</bind>
</comp>

<comp id="92" class="1001" name="const_92">
<pin_list>
<pin id="93" dir="1" index="0" bw="1" slack="2147483647"/>
</pin_list>
<bind>
<StgValue><ssdm name="_ssdm_op_SpecLoopTripCount"/></StgValue>
</bind>
</comp>

<comp id="94" class="1001" name="const_94">
<pin_list>
<pin id="95" dir="1" index="0" bw="1" slack="2147483647"/>
</pin_list>
<bind>
<StgValue><ssdm name=""/></StgValue>
</bind>
</comp>

<comp id="96" class="1001" name="const_96">
<pin_list>
<pin id="97" dir="1" index="0" bw="1" slack="2147483647"/>
</pin_list>
<bind>
<StgValue><ssdm name="empty_7"/></StgValue>
</bind>
</comp>

<comp id="98" class="1004" name="indvar_flatten_fu_98">
<pin_list>
<pin id="99" dir="0" index="0" bw="1" slack="0"/>
<pin id="100" dir="1" index="1" bw="15" slack="0"/>
</pin_list>
<bind>
<opcode="alloca(26) " fcode="alloca"/>
<opset="indvar_flatten/1 "/>
</bind>
</comp>

<comp id="102" class="1004" name="layer6_out_read_read_fu_102">
<pin_list>
<pin id="103" dir="0" index="0" bw="16" slack="0"/>
<pin id="104" dir="0" index="1" bw="16" slack="0"/>
<pin id="105" dir="1" index="2" bw="16" slack="0"/>
</pin_list>
<bind>
<opcode="read(1150) " fcode="read"/>
<opset="layer6_out_read/2 "/>
</bind>
</comp>

<comp id="108" class="1004" name="grp_compute_output_buffer_2d_array_array_ap_fixed_8_2_5_3_0_1u_config4_s_fu_108">
<pin_list>
<pin id="109" dir="0" index="0" bw="0" slack="0"/>
<pin id="110" dir="0" index="1" bw="8" slack="0"/>
<pin id="111" dir="0" index="2" bw="8" slack="0"/>
<pin id="112" dir="0" index="3" bw="8" slack="0"/>
<pin id="113" dir="0" index="4" bw="8" slack="0"/>
<pin id="114" dir="0" index="5" bw="8" slack="0"/>
<pin id="115" dir="0" index="6" bw="8" slack="0"/>
<pin id="116" dir="0" index="7" bw="8" slack="0"/>
<pin id="117" dir="0" index="8" bw="8" slack="0"/>
<pin id="118" dir="0" index="9" bw="8" slack="0"/>
<pin id="119" dir="0" index="10" bw="8" slack="0"/>
<pin id="120" dir="0" index="11" bw="8" slack="0"/>
<pin id="121" dir="0" index="12" bw="8" slack="0"/>
<pin id="122" dir="0" index="13" bw="8" slack="0"/>
<pin id="123" dir="0" index="14" bw="8" slack="0"/>
<pin id="124" dir="0" index="15" bw="8" slack="0"/>
<pin id="125" dir="0" index="16" bw="8" slack="0"/>
<pin id="126" dir="0" index="17" bw="8" slack="0"/>
<pin id="127" dir="0" index="18" bw="8" slack="0"/>
<pin id="128" dir="0" index="19" bw="8" slack="0"/>
<pin id="129" dir="0" index="20" bw="8" slack="0"/>
<pin id="130" dir="0" index="21" bw="8" slack="0"/>
<pin id="131" dir="0" index="22" bw="8" slack="0"/>
<pin id="132" dir="0" index="23" bw="8" slack="0"/>
<pin id="133" dir="0" index="24" bw="8" slack="0"/>
<pin id="134" dir="0" index="25" bw="8" slack="0"/>
<pin id="135" dir="0" index="26" bw="32" slack="0"/>
<pin id="136" dir="0" index="27" bw="32" slack="0"/>
<pin id="137" dir="0" index="28" bw="32" slack="0"/>
<pin id="138" dir="0" index="29" bw="32" slack="0"/>
<pin id="139" dir="0" index="30" bw="7" slack="0"/>
<pin id="140" dir="1" index="31" bw="0" slack="2147483647"/>
</pin_list>
<bind>
<opcode="call(48) " fcode="call"/>
<opset="call_ln93/2 "/>
</bind>
</comp>

<comp id="170" class="1004" name="store_ln85_store_fu_170">
<pin_list>
<pin id="171" dir="0" index="0" bw="1" slack="0"/>
<pin id="172" dir="0" index="1" bw="15" slack="0"/>
<pin id="173" dir="1" index="2" bw="0" slack="2147483647"/>
</pin_list>
<bind>
<opcode="store(28) " fcode="store"/>
<opset="store_ln85/1 "/>
</bind>
</comp>

<comp id="175" class="1004" name="indvar_flatten_load_load_fu_175">
<pin_list>
<pin id="176" dir="0" index="0" bw="15" slack="1"/>
<pin id="177" dir="1" index="1" bw="15" slack="0"/>
</pin_list>
<bind>
<opcode="load(27) " fcode="load"/>
<opset="indvar_flatten_load/2 "/>
</bind>
</comp>

<comp id="178" class="1004" name="icmp_ln85_fu_178">
<pin_list>
<pin id="179" dir="0" index="0" bw="15" slack="0"/>
<pin id="180" dir="0" index="1" bw="15" slack="0"/>
<pin id="181" dir="1" index="2" bw="1" slack="2147483647"/>
</pin_list>
<bind>
<opcode="icmp(45) " fcode="icmp"/>
<opset="icmp_ln85/2 "/>
</bind>
</comp>

<comp id="184" class="1004" name="add_ln85_fu_184">
<pin_list>
<pin id="185" dir="0" index="0" bw="15" slack="0"/>
<pin id="186" dir="0" index="1" bw="1" slack="0"/>
<pin id="187" dir="1" index="2" bw="15" slack="0"/>
</pin_list>
<bind>
<opcode="add(8) " fcode="add"/>
<opset="add_ln85/2 "/>
</bind>
</comp>

<comp id="190" class="1004" name="trunc_ln144_fu_190">
<pin_list>
<pin id="191" dir="0" index="0" bw="16" slack="0"/>
<pin id="192" dir="1" index="1" bw="8" slack="0"/>
</pin_list>
<bind>
<opcode="trunc(33) " fcode="trunc"/>
<opset="trunc_ln144/2 "/>
</bind>
</comp>

<comp id="195" class="1004" name="trunc_ln144_3_fu_195">
<pin_list>
<pin id="196" dir="0" index="0" bw="8" slack="0"/>
<pin id="197" dir="0" index="1" bw="16" slack="0"/>
<pin id="198" dir="0" index="2" bw="5" slack="0"/>
<pin id="199" dir="0" index="3" bw="5" slack="0"/>
<pin id="200" dir="1" index="4" bw="8" slack="0"/>
</pin_list>
<bind>
<opcode="partselect(1002) " fcode="partselect"/>
<opset="trunc_ln144_3/2 "/>
</bind>
</comp>

<comp id="206" class="1004" name="store_ln85_store_fu_206">
<pin_list>
<pin id="207" dir="0" index="0" bw="15" slack="0"/>
<pin id="208" dir="0" index="1" bw="15" slack="1"/>
<pin id="209" dir="1" index="2" bw="0" slack="2147483647"/>
</pin_list>
<bind>
<opcode="store(28) " fcode="store"/>
<opset="store_ln85/2 "/>
</bind>
</comp>

<comp id="211" class="1005" name="indvar_flatten_reg_211">
<pin_list>
<pin id="212" dir="0" index="0" bw="15" slack="0"/>
<pin id="213" dir="1" index="1" bw="15" slack="0"/>
</pin_list>
<bind>
<opset="indvar_flatten "/>
</bind>
</comp>

<comp id="221" class="1005" name="trunc_ln144_reg_221">
<pin_list>
<pin id="222" dir="0" index="0" bw="8" slack="1"/>
<pin id="223" dir="1" index="1" bw="8" slack="1"/>
</pin_list>
<bind>
<opset="trunc_ln144 "/>
</bind>
</comp>

<comp id="226" class="1005" name="trunc_ln144_3_reg_226">
<pin_list>
<pin id="227" dir="0" index="0" bw="8" slack="1"/>
<pin id="228" dir="1" index="1" bw="8" slack="1"/>
</pin_list>
<bind>
<opset="trunc_ln144_3 "/>
</bind>
</comp>

</comp_list>

<net_list>
<net id="101"><net_src comp="58" pin="0"/><net_sink comp="98" pin=0"/></net>

<net id="106"><net_src comp="78" pin="0"/><net_sink comp="102" pin=0"/></net>

<net id="107"><net_src comp="0" pin="0"/><net_sink comp="102" pin=1"/></net>

<net id="141"><net_src comp="86" pin="0"/><net_sink comp="108" pin=0"/></net>

<net id="142"><net_src comp="2" pin="0"/><net_sink comp="108" pin=3"/></net>

<net id="143"><net_src comp="4" pin="0"/><net_sink comp="108" pin=4"/></net>

<net id="144"><net_src comp="6" pin="0"/><net_sink comp="108" pin=5"/></net>

<net id="145"><net_src comp="8" pin="0"/><net_sink comp="108" pin=6"/></net>

<net id="146"><net_src comp="10" pin="0"/><net_sink comp="108" pin=7"/></net>

<net id="147"><net_src comp="12" pin="0"/><net_sink comp="108" pin=8"/></net>

<net id="148"><net_src comp="14" pin="0"/><net_sink comp="108" pin=9"/></net>

<net id="149"><net_src comp="16" pin="0"/><net_sink comp="108" pin=10"/></net>

<net id="150"><net_src comp="18" pin="0"/><net_sink comp="108" pin=11"/></net>

<net id="151"><net_src comp="20" pin="0"/><net_sink comp="108" pin=12"/></net>

<net id="152"><net_src comp="22" pin="0"/><net_sink comp="108" pin=13"/></net>

<net id="153"><net_src comp="24" pin="0"/><net_sink comp="108" pin=14"/></net>

<net id="154"><net_src comp="26" pin="0"/><net_sink comp="108" pin=15"/></net>

<net id="155"><net_src comp="28" pin="0"/><net_sink comp="108" pin=16"/></net>

<net id="156"><net_src comp="30" pin="0"/><net_sink comp="108" pin=17"/></net>

<net id="157"><net_src comp="32" pin="0"/><net_sink comp="108" pin=18"/></net>

<net id="158"><net_src comp="34" pin="0"/><net_sink comp="108" pin=19"/></net>

<net id="159"><net_src comp="36" pin="0"/><net_sink comp="108" pin=20"/></net>

<net id="160"><net_src comp="38" pin="0"/><net_sink comp="108" pin=21"/></net>

<net id="161"><net_src comp="40" pin="0"/><net_sink comp="108" pin=22"/></net>

<net id="162"><net_src comp="42" pin="0"/><net_sink comp="108" pin=23"/></net>

<net id="163"><net_src comp="44" pin="0"/><net_sink comp="108" pin=24"/></net>

<net id="164"><net_src comp="46" pin="0"/><net_sink comp="108" pin=25"/></net>

<net id="165"><net_src comp="48" pin="0"/><net_sink comp="108" pin=26"/></net>

<net id="166"><net_src comp="50" pin="0"/><net_sink comp="108" pin=27"/></net>

<net id="167"><net_src comp="52" pin="0"/><net_sink comp="108" pin=28"/></net>

<net id="168"><net_src comp="54" pin="0"/><net_sink comp="108" pin=29"/></net>

<net id="169"><net_src comp="56" pin="0"/><net_sink comp="108" pin=30"/></net>

<net id="174"><net_src comp="72" pin="0"/><net_sink comp="170" pin=0"/></net>

<net id="182"><net_src comp="175" pin="1"/><net_sink comp="178" pin=0"/></net>

<net id="183"><net_src comp="74" pin="0"/><net_sink comp="178" pin=1"/></net>

<net id="188"><net_src comp="175" pin="1"/><net_sink comp="184" pin=0"/></net>

<net id="189"><net_src comp="76" pin="0"/><net_sink comp="184" pin=1"/></net>

<net id="193"><net_src comp="102" pin="2"/><net_sink comp="190" pin=0"/></net>

<net id="194"><net_src comp="190" pin="1"/><net_sink comp="108" pin=1"/></net>

<net id="201"><net_src comp="80" pin="0"/><net_sink comp="195" pin=0"/></net>

<net id="202"><net_src comp="102" pin="2"/><net_sink comp="195" pin=1"/></net>

<net id="203"><net_src comp="82" pin="0"/><net_sink comp="195" pin=2"/></net>

<net id="204"><net_src comp="84" pin="0"/><net_sink comp="195" pin=3"/></net>

<net id="205"><net_src comp="195" pin="4"/><net_sink comp="108" pin=2"/></net>

<net id="210"><net_src comp="184" pin="2"/><net_sink comp="206" pin=0"/></net>

<net id="214"><net_src comp="98" pin="1"/><net_sink comp="211" pin=0"/></net>

<net id="215"><net_src comp="211" pin="1"/><net_sink comp="170" pin=1"/></net>

<net id="216"><net_src comp="211" pin="1"/><net_sink comp="175" pin=0"/></net>

<net id="217"><net_src comp="211" pin="1"/><net_sink comp="206" pin=1"/></net>

<net id="224"><net_src comp="190" pin="1"/><net_sink comp="221" pin=0"/></net>

<net id="225"><net_src comp="221" pin="1"/><net_sink comp="108" pin=1"/></net>

<net id="229"><net_src comp="195" pin="4"/><net_sink comp="226" pin=0"/></net>

<net id="230"><net_src comp="226" pin="1"/><net_sink comp="108" pin=2"/></net>

</net_list>

</model> 
---------------- Datapath Model END ------------------

* FSMD analyzer results:
  - Output states:
	Port: layer4_out | {2 3 }
	Port: void_compute_output_buffer_2d_array_const_ap_shift_reg_n_chan_stream_weig_7 | {2 3 }
	Port: void_compute_output_buffer_2d_array_const_ap_shift_reg_n_chan_stream_weig_9 | {2 3 }
	Port: void_compute_output_buffer_2d_array_const_ap_shift_reg_n_chan_stream_weig_6 | {2 3 }
	Port: void_compute_output_buffer_2d_array_const_ap_shift_reg_n_chan_stream_weig_8 | {2 3 }
	Port: void_compute_output_buffer_2d_array_const_ap_shift_reg_n_chan_stream_weig_1 | {2 3 }
	Port: void_compute_output_buffer_2d_array_const_ap_shift_reg_n_chan_stream_weig_3 | {2 3 }
	Port: void_compute_output_buffer_2d_array_const_ap_shift_reg_n_chan_stream_weig | {2 3 }
	Port: void_compute_output_buffer_2d_array_const_ap_shift_reg_n_chan_stream_weig_2 | {2 3 }
	Port: p_ZZN4nnet24compute_output_buffer_2dINS_5arrayI8ap_fixedILi8ELi2EL9ap_q_mode5EL9a_3 | {2 3 }
	Port: p_ZZN4nnet24compute_output_buffer_2dINS_5arrayI8ap_fixedILi8ELi2EL9ap_q_mode5EL9a_5 | {2 3 }
	Port: p_ZZN4nnet24compute_output_buffer_2dINS_5arrayI8ap_fixedILi8ELi2EL9ap_q_mode5EL9a_2 | {2 3 }
	Port: p_ZZN4nnet24compute_output_buffer_2dINS_5arrayI8ap_fixedILi8ELi2EL9ap_q_mode5EL9a_4 | {2 3 }
	Port: void_compute_output_buffer_2d_array_const_ap_shift_reg_n_chan_stream_weig_5 | {2 3 }
	Port: void_compute_output_buffer_2d_array_const_ap_shift_reg_n_chan_stream_weig_4 | {2 3 }
	Port: p_ZZN4nnet24compute_output_buffer_2dINS_5arrayI8ap_fixedILi8ELi2EL9ap_q_mode5EL9a_7 | {2 3 }
	Port: p_ZZN4nnet24compute_output_buffer_2dINS_5arrayI8ap_fixedILi8ELi2EL9ap_q_mode5EL9a_6 | {2 3 }
	Port: p_ZZN4nnet24compute_output_buffer_2dINS_5arrayI8ap_fixedILi8ELi2EL9ap_q_mode5EL9a_1 | {2 3 }
	Port: p_ZZN4nnet24compute_output_buffer_2dINS_5arrayI8ap_fixedILi8ELi2EL9ap_q_mode5EL9a | {2 3 }
	Port: void_conv_2d_buffer_cl_stream_stream_weight_t_bias_t_line_buffer_0 | {2 3 }
	Port: void_conv_2d_buffer_cl_stream_stream_weight_t_bias_t_line_buffer | {2 3 }
	Port: void_conv_2d_buffer_cl_stream_stream_weight_t_bias_t_line_buffer_1_0 | {2 3 }
	Port: void_conv_2d_buffer_cl_stream_stream_weight_t_bias_t_line_buffer_1 | {2 3 }
	Port: sX | {2 3 }
	Port: sY | {2 3 }
	Port: pY | {2 3 }
	Port: pX | {2 3 }
	Port: w4_V | {}
 - Input state : 
	Port: conv_2d_cl<array<ap_fixed,2u>,array<ap_fixed<8,2,5,3,0>,1u>,config4> : layer6_out | {2 }
	Port: conv_2d_cl<array<ap_fixed,2u>,array<ap_fixed<8,2,5,3,0>,1u>,config4> : layer4_out | {}
	Port: conv_2d_cl<array<ap_fixed,2u>,array<ap_fixed<8,2,5,3,0>,1u>,config4> : void_compute_output_buffer_2d_array_const_ap_shift_reg_n_chan_stream_weig_7 | {2 3 }
	Port: conv_2d_cl<array<ap_fixed,2u>,array<ap_fixed<8,2,5,3,0>,1u>,config4> : void_compute_output_buffer_2d_array_const_ap_shift_reg_n_chan_stream_weig_9 | {2 3 }
	Port: conv_2d_cl<array<ap_fixed,2u>,array<ap_fixed<8,2,5,3,0>,1u>,config4> : void_compute_output_buffer_2d_array_const_ap_shift_reg_n_chan_stream_weig_6 | {2 3 }
	Port: conv_2d_cl<array<ap_fixed,2u>,array<ap_fixed<8,2,5,3,0>,1u>,config4> : void_compute_output_buffer_2d_array_const_ap_shift_reg_n_chan_stream_weig_8 | {2 3 }
	Port: conv_2d_cl<array<ap_fixed,2u>,array<ap_fixed<8,2,5,3,0>,1u>,config4> : void_compute_output_buffer_2d_array_const_ap_shift_reg_n_chan_stream_weig_1 | {2 3 }
	Port: conv_2d_cl<array<ap_fixed,2u>,array<ap_fixed<8,2,5,3,0>,1u>,config4> : void_compute_output_buffer_2d_array_const_ap_shift_reg_n_chan_stream_weig_3 | {2 3 }
	Port: conv_2d_cl<array<ap_fixed,2u>,array<ap_fixed<8,2,5,3,0>,1u>,config4> : void_compute_output_buffer_2d_array_const_ap_shift_reg_n_chan_stream_weig | {2 3 }
	Port: conv_2d_cl<array<ap_fixed,2u>,array<ap_fixed<8,2,5,3,0>,1u>,config4> : void_compute_output_buffer_2d_array_const_ap_shift_reg_n_chan_stream_weig_2 | {2 3 }
	Port: conv_2d_cl<array<ap_fixed,2u>,array<ap_fixed<8,2,5,3,0>,1u>,config4> : p_ZZN4nnet24compute_output_buffer_2dINS_5arrayI8ap_fixedILi8ELi2EL9ap_q_mode5EL9a_3 | {2 3 }
	Port: conv_2d_cl<array<ap_fixed,2u>,array<ap_fixed<8,2,5,3,0>,1u>,config4> : p_ZZN4nnet24compute_output_buffer_2dINS_5arrayI8ap_fixedILi8ELi2EL9ap_q_mode5EL9a_5 | {2 3 }
	Port: conv_2d_cl<array<ap_fixed,2u>,array<ap_fixed<8,2,5,3,0>,1u>,config4> : p_ZZN4nnet24compute_output_buffer_2dINS_5arrayI8ap_fixedILi8ELi2EL9ap_q_mode5EL9a_2 | {2 3 }
	Port: conv_2d_cl<array<ap_fixed,2u>,array<ap_fixed<8,2,5,3,0>,1u>,config4> : p_ZZN4nnet24compute_output_buffer_2dINS_5arrayI8ap_fixedILi8ELi2EL9ap_q_mode5EL9a_4 | {2 3 }
	Port: conv_2d_cl<array<ap_fixed,2u>,array<ap_fixed<8,2,5,3,0>,1u>,config4> : void_compute_output_buffer_2d_array_const_ap_shift_reg_n_chan_stream_weig_5 | {2 3 }
	Port: conv_2d_cl<array<ap_fixed,2u>,array<ap_fixed<8,2,5,3,0>,1u>,config4> : void_compute_output_buffer_2d_array_const_ap_shift_reg_n_chan_stream_weig_4 | {2 3 }
	Port: conv_2d_cl<array<ap_fixed,2u>,array<ap_fixed<8,2,5,3,0>,1u>,config4> : p_ZZN4nnet24compute_output_buffer_2dINS_5arrayI8ap_fixedILi8ELi2EL9ap_q_mode5EL9a_7 | {2 3 }
	Port: conv_2d_cl<array<ap_fixed,2u>,array<ap_fixed<8,2,5,3,0>,1u>,config4> : p_ZZN4nnet24compute_output_buffer_2dINS_5arrayI8ap_fixedILi8ELi2EL9ap_q_mode5EL9a_6 | {2 3 }
	Port: conv_2d_cl<array<ap_fixed,2u>,array<ap_fixed<8,2,5,3,0>,1u>,config4> : p_ZZN4nnet24compute_output_buffer_2dINS_5arrayI8ap_fixedILi8ELi2EL9ap_q_mode5EL9a_1 | {2 3 }
	Port: conv_2d_cl<array<ap_fixed,2u>,array<ap_fixed<8,2,5,3,0>,1u>,config4> : p_ZZN4nnet24compute_output_buffer_2dINS_5arrayI8ap_fixedILi8ELi2EL9ap_q_mode5EL9a | {2 3 }
	Port: conv_2d_cl<array<ap_fixed,2u>,array<ap_fixed<8,2,5,3,0>,1u>,config4> : void_conv_2d_buffer_cl_stream_stream_weight_t_bias_t_line_buffer_0 | {2 3 }
	Port: conv_2d_cl<array<ap_fixed,2u>,array<ap_fixed<8,2,5,3,0>,1u>,config4> : void_conv_2d_buffer_cl_stream_stream_weight_t_bias_t_line_buffer | {2 3 }
	Port: conv_2d_cl<array<ap_fixed,2u>,array<ap_fixed<8,2,5,3,0>,1u>,config4> : void_conv_2d_buffer_cl_stream_stream_weight_t_bias_t_line_buffer_1_0 | {2 3 }
	Port: conv_2d_cl<array<ap_fixed,2u>,array<ap_fixed<8,2,5,3,0>,1u>,config4> : void_conv_2d_buffer_cl_stream_stream_weight_t_bias_t_line_buffer_1 | {2 3 }
	Port: conv_2d_cl<array<ap_fixed,2u>,array<ap_fixed<8,2,5,3,0>,1u>,config4> : sX | {2 3 }
	Port: conv_2d_cl<array<ap_fixed,2u>,array<ap_fixed<8,2,5,3,0>,1u>,config4> : sY | {2 3 }
	Port: conv_2d_cl<array<ap_fixed,2u>,array<ap_fixed<8,2,5,3,0>,1u>,config4> : pY | {2 3 }
	Port: conv_2d_cl<array<ap_fixed,2u>,array<ap_fixed<8,2,5,3,0>,1u>,config4> : pX | {2 3 }
	Port: conv_2d_cl<array<ap_fixed,2u>,array<ap_fixed<8,2,5,3,0>,1u>,config4> : w4_V | {2 3 }
  - Chain level:
	State 1
		store_ln85 : 1
	State 2
		icmp_ln85 : 1
		add_ln85 : 1
		br_ln85 : 2
		call_ln93 : 1
		store_ln85 : 2
	State 3
	State 4


============================================================
+ Verbose Summary: Datapath Resource usage 
============================================================

* Functional unit list:
|----------|---------------------------------------------------------------------------------|---------|---------|---------|---------|
| Operation|                                 Functional Unit                                 |   DSP   |  Delay  |    FF   |   LUT   |
|----------|---------------------------------------------------------------------------------|---------|---------|---------|---------|
|   call   | grp_compute_output_buffer_2d_array_array_ap_fixed_8_2_5_3_0_1u_config4_s_fu_108 |    0    |  1.588  |   540   |   504   |
|----------|---------------------------------------------------------------------------------|---------|---------|---------|---------|
|    add   |                                 add_ln85_fu_184                                 |    0    |    0    |    0    |    20   |
|----------|---------------------------------------------------------------------------------|---------|---------|---------|---------|
|   icmp   |                                 icmp_ln85_fu_178                                |    0    |    0    |    0    |    12   |
|----------|---------------------------------------------------------------------------------|---------|---------|---------|---------|
|   read   |                           layer6_out_read_read_fu_102                           |    0    |    0    |    0    |    0    |
|----------|---------------------------------------------------------------------------------|---------|---------|---------|---------|
|   trunc  |                                trunc_ln144_fu_190                               |    0    |    0    |    0    |    0    |
|----------|---------------------------------------------------------------------------------|---------|---------|---------|---------|
|partselect|                               trunc_ln144_3_fu_195                              |    0    |    0    |    0    |    0    |
|----------|---------------------------------------------------------------------------------|---------|---------|---------|---------|
|   Total  |                                                                                 |    0    |  1.588  |   540   |   536   |
|----------|---------------------------------------------------------------------------------|---------|---------|---------|---------|

Memories:
N/A

* Register list:
+----------------------+--------+
|                      |   FF   |
+----------------------+--------+
|indvar_flatten_reg_211|   15   |
| trunc_ln144_3_reg_226|    8   |
|  trunc_ln144_reg_221 |    8   |
+----------------------+--------+
|         Total        |   31   |
+----------------------+--------+

* Multiplexer (MUX) list: 
|---------------------------------------------------------------------------------|------|------|------|--------||---------||---------|
|                                       Comp                                      |  Pin | Size |  BW  | S x BW ||  Delay  ||   LUT   |
|---------------------------------------------------------------------------------|------|------|------|--------||---------||---------|
| grp_compute_output_buffer_2d_array_array_ap_fixed_8_2_5_3_0_1u_config4_s_fu_108 |  p1  |   2  |   8  |   16   ||    9    |
| grp_compute_output_buffer_2d_array_array_ap_fixed_8_2_5_3_0_1u_config4_s_fu_108 |  p2  |   2  |   8  |   16   ||    9    |
|---------------------------------------------------------------------------------|------|------|------|--------||---------||---------|
|                                      Total                                      |      |      |      |   32   ||  3.176  ||    18   |
|---------------------------------------------------------------------------------|------|------|------|--------||---------||---------|



* Summary:
+-----------+--------+--------+--------+--------+
|           |   DSP  |  Delay |   FF   |   LUT  |
+-----------+--------+--------+--------+--------+
|  Function |    0   |    1   |   540  |   536  |
|   Memory  |    -   |    -   |    -   |    -   |
|Multiplexer|    -   |    3   |    -   |   18   |
|  Register |    -   |    -   |   31   |    -   |
+-----------+--------+--------+--------+--------+
|   Total   |    0   |    4   |   571  |   554  |
+-----------+--------+--------+--------+--------+
