

================================================================
== Vitis HLS Report for 'dense_resource_rf_gt_nin_rem0_ap_fixed_ap_fixed_8_2_5_3_0_config2_mult_s'
================================================================
* Date:           Tue May 26 23:24:13 2026

* Version:        2021.2 (Build 3367213 on Tue Oct 19 02:48:09 MDT 2021)
* Project:        myproject_prj
* Solution:       solution1 (Vivado IP Flow Target)
* Product family: zynq
* Target device:  xc7z020-clg400-1


================================================================
== Performance Estimates
================================================================
+ Timing: 
    * Summary: 
    +--------+----------+----------+------------+
    |  Clock |  Target  | Estimated| Uncertainty|
    +--------+----------+----------+------------+
    |ap_clk  |  10.00 ns|  8.181 ns|     1.25 ns|
    +--------+----------+----------+------------+

+ Latency: 
    * Summary: 
    +---------+---------+----------+----------+-----+-----+------------------------------------------+
    |  Latency (cycles) |  Latency (absolute) |  Interval |                 Pipeline                 |
    |   min   |   max   |    min   |    max   | min | max |                   Type                   |
    +---------+---------+----------+----------+-----+-----+------------------------------------------+
    |       19|       20|  0.190 us|  0.200 us|   18|   18|  loop rewind stp(delay=0 clock cycles(s))|
    +---------+---------+----------+----------+-----+-----+------------------------------------------+

    + Detail: 
        * Instance: 
        N/A

        * Loop: 
        +-------------+---------+---------+----------+-----------+-----------+------+----------+
        |             |  Latency (cycles) | Iteration|  Initiation Interval  | Trip |          |
        |  Loop Name  |   min   |   max   |  Latency |  achieved |   target  | Count| Pipelined|
        +-------------+---------+---------+----------+-----------+-----------+------+----------+
        |- ReuseLoop  |       19|       19|         3|          1|          1|    18|       yes|
        +-------------+---------+---------+----------+-----------+-----------+------+----------+

============================================================
+ Verbose Summary: Synthesis Manager
============================================================
InlineROM: 1
ExposeGlobal: 0
============================================================
+ Verbose Summary: CDFG Model
============================================================
IsTopModel: 0
ResetActiveHigh: 1
IsCombinational: 0
IsDatapathOnly: 0
HasWiredReturn: 1
HasMFsm: 2
HasVarLatency: 1
IsPipeline: 0
IsRtlPipelined: 0
IsInstanceOverlapped: 0
IsDontTouch: 0
HasImplIP: 0
IsGatedGlobalClock: 0

+ Individual pipeline summary: 
  * Pipeline-0: initiation interval (II) = 1, depth = 3


============================================================
+ Verbose Summary: Schedule
============================================================
* Number of FSM states : 3
* Pipeline : 1
  Pipeline-0 : II = 1, D = 3, States = { 1 2 3 }
* Dataflow Pipeline: 0

* FSM state transitions: 
1 --> 2 
2 --> 3 
3 --> 

* FSM state operations: 

State 1 <SV = 0> <Delay = 4.84>
ST_1 : Operation 5 [1/1] (1.58ns)   --->   "%br_ln135 = br void %rewind_header" [firmware/nnet_utils/nnet_dense_resource.h:135]   --->   Operation 5 'br' 'br_ln135' <Predicate = true> <Delay = 1.58>
ST_1 : Operation 6 [1/1] (0.00ns)   --->   "%do_init = phi i1 1, void %entry, i1 0, void %_ZN8ap_fixedILi8ELi2EL9ap_q_mode5EL9ap_o_mode3ELi0EEC2ILi16ELi4ELb1ELS0_5ELS1_3ELi0EEERK13ap_fixed_baseIXT_EXT0_EXT1_EXT2_EXT3_EXT4_EE.exit.split.i, i1 1, void %dense_resource_rf_gt_nin_rem0<ap_fixed<8, 2, 5, 3, 0>, ap_fixed<8, 2, 5, 3, 0>, config2_mult>.exit"   --->   Operation 6 'phi' 'do_init' <Predicate = true> <Delay = 0.00>
ST_1 : Operation 7 [1/1] (0.00ns)   --->   "%w_index13 = phi i5 0, void %entry, i5 %w_index, void %_ZN8ap_fixedILi8ELi2EL9ap_q_mode5EL9ap_o_mode3ELi0EEC2ILi16ELi4ELb1ELS0_5ELS1_3ELi0EEERK13ap_fixed_baseIXT_EXT0_EXT1_EXT2_EXT3_EXT4_EE.exit.split.i, i5 0, void %dense_resource_rf_gt_nin_rem0<ap_fixed<8, 2, 5, 3, 0>, ap_fixed<8, 2, 5, 3, 0>, config2_mult>.exit"   --->   Operation 7 'phi' 'w_index13' <Predicate = true> <Delay = 0.00>
ST_1 : Operation 8 [1/1] (0.00ns)   --->   "%specmemcore_ln0 = specmemcore void @_ssdm_op_SpecMemCore, i7 %w2_V, i64 666, i64 38, i64 18446744073709551615"   --->   Operation 8 'specmemcore' 'specmemcore_ln0' <Predicate = (do_init)> <Delay = 0.00>
ST_1 : Operation 9 [1/1] (0.00ns)   --->   "%void_compute_output_buffer_2d_array_const_ap_shift_reg_n_chan_stream_weig_70 = load i8 %void_compute_output_buffer_2d_array_const_ap_shift_reg_n_chan_stream_weig_18"   --->   Operation 9 'load' 'void_compute_output_buffer_2d_array_const_ap_shift_reg_n_chan_stream_weig_70' <Predicate = (do_init)> <Delay = 0.00>
ST_1 : Operation 10 [1/1] (0.00ns)   --->   "%void_compute_output_buffer_2d_array_const_ap_shift_reg_n_chan_stream_weig_71 = load i8 %void_compute_output_buffer_2d_array_const_ap_shift_reg_n_chan_stream_weig_17"   --->   Operation 10 'load' 'void_compute_output_buffer_2d_array_const_ap_shift_reg_n_chan_stream_weig_71' <Predicate = (do_init)> <Delay = 0.00>
ST_1 : Operation 11 [1/1] (0.00ns)   --->   "%void_compute_output_buffer_2d_array_const_ap_shift_reg_n_chan_stream_weig_72 = load i8 %void_compute_output_buffer_2d_array_const_ap_shift_reg_n_chan_stream_weig_16"   --->   Operation 11 'load' 'void_compute_output_buffer_2d_array_const_ap_shift_reg_n_chan_stream_weig_72' <Predicate = (do_init)> <Delay = 0.00>
ST_1 : Operation 12 [1/1] (0.00ns)   --->   "%void_compute_output_buffer_2d_array_const_ap_shift_reg_n_chan_stream_weig_73 = load i8 %void_compute_output_buffer_2d_array_const_ap_shift_reg_n_chan_stream_weig_15"   --->   Operation 12 'load' 'void_compute_output_buffer_2d_array_const_ap_shift_reg_n_chan_stream_weig_73' <Predicate = (do_init)> <Delay = 0.00>
ST_1 : Operation 13 [1/1] (0.00ns)   --->   "%void_compute_output_buffer_2d_array_const_ap_shift_reg_n_chan_stream_weig_74 = load i8 %void_compute_output_buffer_2d_array_const_ap_shift_reg_n_chan_stream_weig_14"   --->   Operation 13 'load' 'void_compute_output_buffer_2d_array_const_ap_shift_reg_n_chan_stream_weig_74' <Predicate = (do_init)> <Delay = 0.00>
ST_1 : Operation 14 [1/1] (0.00ns)   --->   "%void_compute_output_buffer_2d_array_const_ap_shift_reg_n_chan_stream_weig_75 = load i8 %void_compute_output_buffer_2d_array_const_ap_shift_reg_n_chan_stream_weig_13"   --->   Operation 14 'load' 'void_compute_output_buffer_2d_array_const_ap_shift_reg_n_chan_stream_weig_75' <Predicate = (do_init)> <Delay = 0.00>
ST_1 : Operation 15 [1/1] (0.00ns)   --->   "%void_compute_output_buffer_2d_array_const_ap_shift_reg_n_chan_stream_weig_76 = load i8 %void_compute_output_buffer_2d_array_const_ap_shift_reg_n_chan_stream_weig_12"   --->   Operation 15 'load' 'void_compute_output_buffer_2d_array_const_ap_shift_reg_n_chan_stream_weig_76' <Predicate = (do_init)> <Delay = 0.00>
ST_1 : Operation 16 [1/1] (0.00ns)   --->   "%void_compute_output_buffer_2d_array_const_ap_shift_reg_n_chan_stream_weig_77 = load i8 %void_compute_output_buffer_2d_array_const_ap_shift_reg_n_chan_stream_weig_11"   --->   Operation 16 'load' 'void_compute_output_buffer_2d_array_const_ap_shift_reg_n_chan_stream_weig_77' <Predicate = (do_init)> <Delay = 0.00>
ST_1 : Operation 17 [1/1] (0.00ns)   --->   "%void_compute_output_buffer_2d_array_const_ap_shift_reg_n_chan_stream_weig_78 = load i8 %void_compute_output_buffer_2d_array_const_ap_shift_reg_n_chan_stream_weig_10"   --->   Operation 17 'load' 'void_compute_output_buffer_2d_array_const_ap_shift_reg_n_chan_stream_weig_78' <Predicate = (do_init)> <Delay = 0.00>
ST_1 : Operation 18 [1/1] (1.58ns)   --->   "%br_ln135 = br void %_ZN8ap_fixedILi8ELi2EL9ap_q_mode5EL9ap_o_mode3ELi0EEC2ILi16ELi4ELb1ELS0_5ELS1_3ELi0EEERK13ap_fixed_baseIXT_EXT0_EXT1_EXT2_EXT3_EXT4_EE.exit.split.i" [firmware/nnet_utils/nnet_dense_resource.h:135]   --->   Operation 18 'br' 'br_ln135' <Predicate = (do_init)> <Delay = 1.58>
ST_1 : Operation 19 [1/1] (0.00ns)   --->   "%zext_ln135 = zext i5 %w_index13" [firmware/nnet_utils/nnet_dense_resource.h:135]   --->   Operation 19 'zext' 'zext_ln135' <Predicate = true> <Delay = 0.00>
ST_1 : Operation 20 [1/1] (0.00ns)   --->   "%outidx_addr = getelementptr i1 %outidx, i64 0, i64 %zext_ln135" [firmware/nnet_utils/nnet_dense_resource.h:139]   --->   Operation 20 'getelementptr' 'outidx_addr' <Predicate = true> <Delay = 0.00>
ST_1 : Operation 21 [2/2] (2.32ns)   --->   "%out_index = load i5 %outidx_addr"   --->   Operation 21 'load' 'out_index' <Predicate = true> <Delay = 2.32> <CoreInst = "ROM">   --->   Core 95 'ROM' <Latency = 1> <II = 1> <Delay = 2.32> <Storage> <Opcode : 'load'> <Ports = 0> <Width = 1> <Depth = 18> <ROM>
ST_1 : Operation 22 [1/1] (0.00ns)   --->   "%w2_V_addr = getelementptr i7 %w2_V, i64 0, i64 %zext_ln135" [firmware/nnet_utils/nnet_dense_resource.h:135]   --->   Operation 22 'getelementptr' 'w2_V_addr' <Predicate = true> <Delay = 0.00>
ST_1 : Operation 23 [2/2] (3.25ns)   --->   "%w_V = load i5 %w2_V_addr" [firmware/nnet_utils/nnet_dense_resource.h:135]   --->   Operation 23 'load' 'w_V' <Predicate = true> <Delay = 3.25> <CoreInst = "ROM_nP_BRAM">   --->   Core 103 'ROM_nP_BRAM' <Latency = 1> <II = 1> <Delay = 3.25> <Storage> <Opcode : 'load'> <Ports = 0> <Width = 7> <Depth = 18> <ROM>
ST_1 : Operation 24 [1/1] (1.78ns)   --->   "%w_index = add i5 %w_index13, i5 1" [firmware/nnet_utils/nnet_dense_resource.h:135]   --->   Operation 24 'add' 'w_index' <Predicate = true> <Delay = 1.78> <CoreInst = "Adder">   --->   Core 1 'Adder' <Latency = 0> <II = 1> <Delay = 1.78> <FuncUnit> <Opcode : 'add' 'sub'> <InPorts = 2> <OutPorts = 1>
ST_1 : Operation 25 [1/1] (1.36ns)   --->   "%icmp_ln135 = icmp_eq  i5 %w_index13, i5 17" [firmware/nnet_utils/nnet_dense_resource.h:135]   --->   Operation 25 'icmp' 'icmp_ln135' <Predicate = true> <Delay = 1.36> <CoreInst = "Cmp">   --->   Core 9 'Cmp' <Latency = 0> <II = 1> <Delay = 1.36> <FuncUnit> <Opcode : 'icmp'> <InPorts = 2> <OutPorts = 1>
ST_1 : Operation 26 [1/1] (0.00ns)   --->   "%br_ln135 = br i1 %icmp_ln135, void %rewind_header, void %dense_resource_rf_gt_nin_rem0<ap_fixed<8, 2, 5, 3, 0>, ap_fixed<8, 2, 5, 3, 0>, config2_mult>.exit" [firmware/nnet_utils/nnet_dense_resource.h:135]   --->   Operation 26 'br' 'br_ln135' <Predicate = true> <Delay = 0.00>
ST_1 : Operation 27 [1/1] (0.00ns)   --->   "%br_ln0 = br void %rewind_header"   --->   Operation 27 'br' 'br_ln0' <Predicate = (icmp_ln135)> <Delay = 0.00>

State 2 <SV = 1> <Delay = 8.18>
ST_2 : Operation 28 [1/1] (0.00ns)   --->   "%void_compute_output_buffer_2d_array_const_ap_shift_reg_n_chan_stream_weig_79 = phi i8 0, void %entry, i8 %void_compute_output_buffer_2d_array_const_ap_shift_reg_n_chan_stream_weig_61, void %_ZN8ap_fixedILi8ELi2EL9ap_q_mode5EL9ap_o_mode3ELi0EEC2ILi16ELi4ELb1ELS0_5ELS1_3ELi0EEERK13ap_fixed_baseIXT_EXT0_EXT1_EXT2_EXT3_EXT4_EE.exit.split.i, i8 0, void %dense_resource_rf_gt_nin_rem0<ap_fixed<8, 2, 5, 3, 0>, ap_fixed<8, 2, 5, 3, 0>, config2_mult>.exit"   --->   Operation 28 'phi' 'void_compute_output_buffer_2d_array_const_ap_shift_reg_n_chan_stream_weig_79' <Predicate = true> <Delay = 0.00>
ST_2 : Operation 29 [1/1] (0.00ns)   --->   "%void_compute_output_buffer_2d_array_const_ap_shift_reg_n_chan_stream_weig_80 = phi i8 0, void %entry, i8 %void_compute_output_buffer_2d_array_const_ap_shift_reg_n_chan_stream_weig_62, void %_ZN8ap_fixedILi8ELi2EL9ap_q_mode5EL9ap_o_mode3ELi0EEC2ILi16ELi4ELb1ELS0_5ELS1_3ELi0EEERK13ap_fixed_baseIXT_EXT0_EXT1_EXT2_EXT3_EXT4_EE.exit.split.i, i8 0, void %dense_resource_rf_gt_nin_rem0<ap_fixed<8, 2, 5, 3, 0>, ap_fixed<8, 2, 5, 3, 0>, config2_mult>.exit"   --->   Operation 29 'phi' 'void_compute_output_buffer_2d_array_const_ap_shift_reg_n_chan_stream_weig_80' <Predicate = true> <Delay = 0.00>
ST_2 : Operation 30 [1/1] (0.00ns)   --->   "%void_compute_output_buffer_2d_array_const_ap_shift_reg_n_chan_stream_weig_81 = phi i8 0, void %entry, i8 %void_compute_output_buffer_2d_array_const_ap_shift_reg_n_chan_stream_weig_63, void %_ZN8ap_fixedILi8ELi2EL9ap_q_mode5EL9ap_o_mode3ELi0EEC2ILi16ELi4ELb1ELS0_5ELS1_3ELi0EEERK13ap_fixed_baseIXT_EXT0_EXT1_EXT2_EXT3_EXT4_EE.exit.split.i, i8 0, void %dense_resource_rf_gt_nin_rem0<ap_fixed<8, 2, 5, 3, 0>, ap_fixed<8, 2, 5, 3, 0>, config2_mult>.exit"   --->   Operation 30 'phi' 'void_compute_output_buffer_2d_array_const_ap_shift_reg_n_chan_stream_weig_81' <Predicate = true> <Delay = 0.00>
ST_2 : Operation 31 [1/1] (0.00ns)   --->   "%void_compute_output_buffer_2d_array_const_ap_shift_reg_n_chan_stream_weig_82 = phi i8 0, void %entry, i8 %void_compute_output_buffer_2d_array_const_ap_shift_reg_n_chan_stream_weig_64, void %_ZN8ap_fixedILi8ELi2EL9ap_q_mode5EL9ap_o_mode3ELi0EEC2ILi16ELi4ELb1ELS0_5ELS1_3ELi0EEERK13ap_fixed_baseIXT_EXT0_EXT1_EXT2_EXT3_EXT4_EE.exit.split.i, i8 0, void %dense_resource_rf_gt_nin_rem0<ap_fixed<8, 2, 5, 3, 0>, ap_fixed<8, 2, 5, 3, 0>, config2_mult>.exit"   --->   Operation 31 'phi' 'void_compute_output_buffer_2d_array_const_ap_shift_reg_n_chan_stream_weig_82' <Predicate = true> <Delay = 0.00>
ST_2 : Operation 32 [1/1] (0.00ns)   --->   "%void_compute_output_buffer_2d_array_const_ap_shift_reg_n_chan_stream_weig_83 = phi i8 0, void %entry, i8 %void_compute_output_buffer_2d_array_const_ap_shift_reg_n_chan_stream_weig_65, void %_ZN8ap_fixedILi8ELi2EL9ap_q_mode5EL9ap_o_mode3ELi0EEC2ILi16ELi4ELb1ELS0_5ELS1_3ELi0EEERK13ap_fixed_baseIXT_EXT0_EXT1_EXT2_EXT3_EXT4_EE.exit.split.i, i8 0, void %dense_resource_rf_gt_nin_rem0<ap_fixed<8, 2, 5, 3, 0>, ap_fixed<8, 2, 5, 3, 0>, config2_mult>.exit"   --->   Operation 32 'phi' 'void_compute_output_buffer_2d_array_const_ap_shift_reg_n_chan_stream_weig_83' <Predicate = true> <Delay = 0.00>
ST_2 : Operation 33 [1/1] (0.00ns)   --->   "%void_compute_output_buffer_2d_array_const_ap_shift_reg_n_chan_stream_weig_84 = phi i8 0, void %entry, i8 %void_compute_output_buffer_2d_array_const_ap_shift_reg_n_chan_stream_weig_66, void %_ZN8ap_fixedILi8ELi2EL9ap_q_mode5EL9ap_o_mode3ELi0EEC2ILi16ELi4ELb1ELS0_5ELS1_3ELi0EEERK13ap_fixed_baseIXT_EXT0_EXT1_EXT2_EXT3_EXT4_EE.exit.split.i, i8 0, void %dense_resource_rf_gt_nin_rem0<ap_fixed<8, 2, 5, 3, 0>, ap_fixed<8, 2, 5, 3, 0>, config2_mult>.exit"   --->   Operation 33 'phi' 'void_compute_output_buffer_2d_array_const_ap_shift_reg_n_chan_stream_weig_84' <Predicate = true> <Delay = 0.00>
ST_2 : Operation 34 [1/1] (0.00ns)   --->   "%void_compute_output_buffer_2d_array_const_ap_shift_reg_n_chan_stream_weig_85 = phi i8 0, void %entry, i8 %void_compute_output_buffer_2d_array_const_ap_shift_reg_n_chan_stream_weig_67, void %_ZN8ap_fixedILi8ELi2EL9ap_q_mode5EL9ap_o_mode3ELi0EEC2ILi16ELi4ELb1ELS0_5ELS1_3ELi0EEERK13ap_fixed_baseIXT_EXT0_EXT1_EXT2_EXT3_EXT4_EE.exit.split.i, i8 0, void %dense_resource_rf_gt_nin_rem0<ap_fixed<8, 2, 5, 3, 0>, ap_fixed<8, 2, 5, 3, 0>, config2_mult>.exit"   --->   Operation 34 'phi' 'void_compute_output_buffer_2d_array_const_ap_shift_reg_n_chan_stream_weig_85' <Predicate = true> <Delay = 0.00>
ST_2 : Operation 35 [1/1] (0.00ns)   --->   "%void_compute_output_buffer_2d_array_const_ap_shift_reg_n_chan_stream_weig_86 = phi i8 0, void %entry, i8 %void_compute_output_buffer_2d_array_const_ap_shift_reg_n_chan_stream_weig_68, void %_ZN8ap_fixedILi8ELi2EL9ap_q_mode5EL9ap_o_mode3ELi0EEC2ILi16ELi4ELb1ELS0_5ELS1_3ELi0EEERK13ap_fixed_baseIXT_EXT0_EXT1_EXT2_EXT3_EXT4_EE.exit.split.i, i8 0, void %dense_resource_rf_gt_nin_rem0<ap_fixed<8, 2, 5, 3, 0>, ap_fixed<8, 2, 5, 3, 0>, config2_mult>.exit"   --->   Operation 35 'phi' 'void_compute_output_buffer_2d_array_const_ap_shift_reg_n_chan_stream_weig_86' <Predicate = true> <Delay = 0.00>
ST_2 : Operation 36 [1/1] (0.00ns)   --->   "%void_compute_output_buffer_2d_array_const_ap_shift_reg_n_chan_stream_weig_87 = phi i8 0, void %entry, i8 %void_compute_output_buffer_2d_array_const_ap_shift_reg_n_chan_stream_weig_69, void %_ZN8ap_fixedILi8ELi2EL9ap_q_mode5EL9ap_o_mode3ELi0EEC2ILi16ELi4ELb1ELS0_5ELS1_3ELi0EEERK13ap_fixed_baseIXT_EXT0_EXT1_EXT2_EXT3_EXT4_EE.exit.split.i, i8 0, void %dense_resource_rf_gt_nin_rem0<ap_fixed<8, 2, 5, 3, 0>, ap_fixed<8, 2, 5, 3, 0>, config2_mult>.exit"   --->   Operation 36 'phi' 'void_compute_output_buffer_2d_array_const_ap_shift_reg_n_chan_stream_weig_87' <Predicate = true> <Delay = 0.00>
ST_2 : Operation 37 [1/1] (0.00ns)   --->   "%in_index14 = phi i32 0, void %entry, i32 %in_index, void %_ZN8ap_fixedILi8ELi2EL9ap_q_mode5EL9ap_o_mode3ELi0EEC2ILi16ELi4ELb1ELS0_5ELS1_3ELi0EEERK13ap_fixed_baseIXT_EXT0_EXT1_EXT2_EXT3_EXT4_EE.exit.split.i, i32 0, void %dense_resource_rf_gt_nin_rem0<ap_fixed<8, 2, 5, 3, 0>, ap_fixed<8, 2, 5, 3, 0>, config2_mult>.exit"   --->   Operation 37 'phi' 'in_index14' <Predicate = true> <Delay = 0.00>
ST_2 : Operation 38 [1/1] (1.58ns)   --->   "%br_ln0 = br i1 %do_init, void %_ZN8ap_fixedILi8ELi2EL9ap_q_mode5EL9ap_o_mode3ELi0EEC2ILi16ELi4ELb1ELS0_5ELS1_3ELi0EEERK13ap_fixed_baseIXT_EXT0_EXT1_EXT2_EXT3_EXT4_EE.exit.split.i, void %rewind_init"   --->   Operation 38 'br' 'br_ln0' <Predicate = true> <Delay = 1.58>
ST_2 : Operation 39 [1/1] (0.00ns)   --->   "%void_compute_output_buffer_2d_array_const_ap_shift_reg_n_chan_stream_weig_61 = phi i8 %void_compute_output_buffer_2d_array_const_ap_shift_reg_n_chan_stream_weig_78, void %rewind_init, i8 %void_compute_output_buffer_2d_array_const_ap_shift_reg_n_chan_stream_weig_79, void %rewind_header"   --->   Operation 39 'phi' 'void_compute_output_buffer_2d_array_const_ap_shift_reg_n_chan_stream_weig_61' <Predicate = true> <Delay = 0.00>
ST_2 : Operation 40 [1/1] (0.00ns)   --->   "%void_compute_output_buffer_2d_array_const_ap_shift_reg_n_chan_stream_weig_62 = phi i8 %void_compute_output_buffer_2d_array_const_ap_shift_reg_n_chan_stream_weig_77, void %rewind_init, i8 %void_compute_output_buffer_2d_array_const_ap_shift_reg_n_chan_stream_weig_80, void %rewind_header"   --->   Operation 40 'phi' 'void_compute_output_buffer_2d_array_const_ap_shift_reg_n_chan_stream_weig_62' <Predicate = true> <Delay = 0.00>
ST_2 : Operation 41 [1/1] (0.00ns)   --->   "%void_compute_output_buffer_2d_array_const_ap_shift_reg_n_chan_stream_weig_63 = phi i8 %void_compute_output_buffer_2d_array_const_ap_shift_reg_n_chan_stream_weig_76, void %rewind_init, i8 %void_compute_output_buffer_2d_array_const_ap_shift_reg_n_chan_stream_weig_81, void %rewind_header"   --->   Operation 41 'phi' 'void_compute_output_buffer_2d_array_const_ap_shift_reg_n_chan_stream_weig_63' <Predicate = true> <Delay = 0.00>
ST_2 : Operation 42 [1/1] (0.00ns)   --->   "%void_compute_output_buffer_2d_array_const_ap_shift_reg_n_chan_stream_weig_64 = phi i8 %void_compute_output_buffer_2d_array_const_ap_shift_reg_n_chan_stream_weig_75, void %rewind_init, i8 %void_compute_output_buffer_2d_array_const_ap_shift_reg_n_chan_stream_weig_82, void %rewind_header"   --->   Operation 42 'phi' 'void_compute_output_buffer_2d_array_const_ap_shift_reg_n_chan_stream_weig_64' <Predicate = true> <Delay = 0.00>
ST_2 : Operation 43 [1/1] (0.00ns)   --->   "%void_compute_output_buffer_2d_array_const_ap_shift_reg_n_chan_stream_weig_65 = phi i8 %void_compute_output_buffer_2d_array_const_ap_shift_reg_n_chan_stream_weig_74, void %rewind_init, i8 %void_compute_output_buffer_2d_array_const_ap_shift_reg_n_chan_stream_weig_83, void %rewind_header"   --->   Operation 43 'phi' 'void_compute_output_buffer_2d_array_const_ap_shift_reg_n_chan_stream_weig_65' <Predicate = true> <Delay = 0.00>
ST_2 : Operation 44 [1/1] (0.00ns)   --->   "%void_compute_output_buffer_2d_array_const_ap_shift_reg_n_chan_stream_weig_66 = phi i8 %void_compute_output_buffer_2d_array_const_ap_shift_reg_n_chan_stream_weig_73, void %rewind_init, i8 %void_compute_output_buffer_2d_array_const_ap_shift_reg_n_chan_stream_weig_84, void %rewind_header"   --->   Operation 44 'phi' 'void_compute_output_buffer_2d_array_const_ap_shift_reg_n_chan_stream_weig_66' <Predicate = true> <Delay = 0.00>
ST_2 : Operation 45 [1/1] (0.00ns)   --->   "%void_compute_output_buffer_2d_array_const_ap_shift_reg_n_chan_stream_weig_67 = phi i8 %void_compute_output_buffer_2d_array_const_ap_shift_reg_n_chan_stream_weig_72, void %rewind_init, i8 %void_compute_output_buffer_2d_array_const_ap_shift_reg_n_chan_stream_weig_85, void %rewind_header"   --->   Operation 45 'phi' 'void_compute_output_buffer_2d_array_const_ap_shift_reg_n_chan_stream_weig_67' <Predicate = true> <Delay = 0.00>
ST_2 : Operation 46 [1/1] (0.00ns)   --->   "%void_compute_output_buffer_2d_array_const_ap_shift_reg_n_chan_stream_weig_68 = phi i8 %void_compute_output_buffer_2d_array_const_ap_shift_reg_n_chan_stream_weig_71, void %rewind_init, i8 %void_compute_output_buffer_2d_array_const_ap_shift_reg_n_chan_stream_weig_86, void %rewind_header"   --->   Operation 46 'phi' 'void_compute_output_buffer_2d_array_const_ap_shift_reg_n_chan_stream_weig_68' <Predicate = true> <Delay = 0.00>
ST_2 : Operation 47 [1/1] (0.00ns)   --->   "%void_compute_output_buffer_2d_array_const_ap_shift_reg_n_chan_stream_weig_69 = phi i8 %void_compute_output_buffer_2d_array_const_ap_shift_reg_n_chan_stream_weig_70, void %rewind_init, i8 %void_compute_output_buffer_2d_array_const_ap_shift_reg_n_chan_stream_weig_87, void %rewind_header"   --->   Operation 47 'phi' 'void_compute_output_buffer_2d_array_const_ap_shift_reg_n_chan_stream_weig_69' <Predicate = true> <Delay = 0.00>
ST_2 : Operation 48 [1/2] (2.32ns)   --->   "%out_index = load i5 %outidx_addr"   --->   Operation 48 'load' 'out_index' <Predicate = true> <Delay = 2.32> <CoreInst = "ROM">   --->   Core 95 'ROM' <Latency = 1> <II = 1> <Delay = 2.32> <Storage> <Opcode : 'load'> <Ports = 0> <Width = 1> <Depth = 18> <ROM>
ST_2 : Operation 49 [1/1] (2.42ns)   --->   "%a_V = mux i8 @_ssdm_op_Mux.ap_auto.9i8.i32, i8 %void_compute_output_buffer_2d_array_const_ap_shift_reg_n_chan_stream_weig_69, i8 %void_compute_output_buffer_2d_array_const_ap_shift_reg_n_chan_stream_weig_68, i8 %void_compute_output_buffer_2d_array_const_ap_shift_reg_n_chan_stream_weig_67, i8 %void_compute_output_buffer_2d_array_const_ap_shift_reg_n_chan_stream_weig_66, i8 %void_compute_output_buffer_2d_array_const_ap_shift_reg_n_chan_stream_weig_65, i8 %void_compute_output_buffer_2d_array_const_ap_shift_reg_n_chan_stream_weig_64, i8 %void_compute_output_buffer_2d_array_const_ap_shift_reg_n_chan_stream_weig_63, i8 %void_compute_output_buffer_2d_array_const_ap_shift_reg_n_chan_stream_weig_62, i8 %void_compute_output_buffer_2d_array_const_ap_shift_reg_n_chan_stream_weig_61, i32 %in_index14" [firmware/nnet_utils/nnet_dense_resource.h:154]   --->   Operation 49 'mux' 'a_V' <Predicate = true> <Delay = 2.42> <CoreInst = "Multiplexer">   --->   Core 76 'Multiplexer' <Latency = 0> <II = 1> <Delay = 2.42> <FuncUnit> <Opcode : 'mux'> <InPorts = 2> <OutPorts = 1>
ST_2 : Operation 50 [1/2] (3.25ns)   --->   "%w_V = load i5 %w2_V_addr" [firmware/nnet_utils/nnet_dense_resource.h:135]   --->   Operation 50 'load' 'w_V' <Predicate = true> <Delay = 3.25> <CoreInst = "ROM_nP_BRAM">   --->   Core 103 'ROM_nP_BRAM' <Latency = 1> <II = 1> <Delay = 3.25> <Storage> <Opcode : 'load'> <Ports = 0> <Width = 7> <Depth = 18> <ROM>
ST_2 : Operation 51 [1/1] (0.00ns)   --->   "%sext_ln1168 = sext i8 %a_V"   --->   Operation 51 'sext' 'sext_ln1168' <Predicate = true> <Delay = 0.00>
ST_2 : Operation 52 [1/1] (0.00ns)   --->   "%sext_ln1168_2 = sext i7 %w_V"   --->   Operation 52 'sext' 'sext_ln1168_2' <Predicate = true> <Delay = 0.00>
ST_2 : Operation 53 [1/1] (4.17ns)   --->   "%mul_ln1168 = mul i14 %sext_ln1168, i14 %sext_ln1168_2"   --->   Operation 53 'mul' 'mul_ln1168' <Predicate = true> <Delay = 4.17> <CoreInst = "Multiplier">   --->   Core 3 'Multiplier' <Latency = 0> <II = 1> <Delay = 4.17> <FuncUnit> <Opcode : 'mul'> <InPorts = 2> <OutPorts = 1>
ST_2 : Operation 54 [1/1] (0.00ns)   --->   "%rhs = partselect i8 @_ssdm_op_PartSelect.i8.i14.i32.i32, i14 %mul_ln1168, i32 6, i32 13"   --->   Operation 54 'partselect' 'rhs' <Predicate = true> <Delay = 0.00>
ST_2 : Operation 55 [1/1] (2.55ns)   --->   "%in_index_1 = add i32 %in_index14, i32 1" [firmware/nnet_utils/nnet_dense_resource.h:153]   --->   Operation 55 'add' 'in_index_1' <Predicate = true> <Delay = 2.55> <CoreInst = "Adder">   --->   Core 1 'Adder' <Latency = 0> <II = 1> <Delay = 1.78> <FuncUnit> <Opcode : 'add' 'sub'> <InPorts = 2> <OutPorts = 1>
ST_2 : Operation 56 [1/1] (2.47ns)   --->   "%icmp_ln154 = icmp_sgt  i32 %in_index_1, i32 8" [firmware/nnet_utils/nnet_dense_resource.h:154]   --->   Operation 56 'icmp' 'icmp_ln154' <Predicate = true> <Delay = 2.47> <CoreInst = "Cmp">   --->   Core 9 'Cmp' <Latency = 0> <II = 1> <Delay = 1.36> <FuncUnit> <Opcode : 'icmp'> <InPorts = 2> <OutPorts = 1>
ST_2 : Operation 57 [1/1] (0.69ns)   --->   "%in_index = select i1 %icmp_ln154, i32 0, i32 %in_index_1" [firmware/nnet_utils/nnet_dense_resource.h:154]   --->   Operation 57 'select' 'in_index' <Predicate = true> <Delay = 0.69> <CoreInst = "Sel">   --->   Core 73 'Sel' <Latency = 0> <II = 1> <Delay = 0.69> <FuncUnit> <Opcode : 'select'> <InPorts = 3> <OutPorts = 1>

State 3 <SV = 2> <Delay = 7.38>
ST_3 : Operation 58 [1/1] (0.00ns)   --->   "%res_0_0_i12 = phi i8 0, void %entry, i8 %acc_V, void %_ZN8ap_fixedILi8ELi2EL9ap_q_mode5EL9ap_o_mode3ELi0EEC2ILi16ELi4ELb1ELS0_5ELS1_3ELi0EEERK13ap_fixed_baseIXT_EXT0_EXT1_EXT2_EXT3_EXT4_EE.exit.split.i, i8 0, void %dense_resource_rf_gt_nin_rem0<ap_fixed<8, 2, 5, 3, 0>, ap_fixed<8, 2, 5, 3, 0>, config2_mult>.exit"   --->   Operation 58 'phi' 'res_0_0_i12' <Predicate = true> <Delay = 0.00>
ST_3 : Operation 59 [1/1] (0.00ns)   --->   "%res_1_0_i10 = phi i8 0, void %entry, i8 %acc_V_1, void %_ZN8ap_fixedILi8ELi2EL9ap_q_mode5EL9ap_o_mode3ELi0EEC2ILi16ELi4ELb1ELS0_5ELS1_3ELi0EEERK13ap_fixed_baseIXT_EXT0_EXT1_EXT2_EXT3_EXT4_EE.exit.split.i, i8 0, void %dense_resource_rf_gt_nin_rem0<ap_fixed<8, 2, 5, 3, 0>, ap_fixed<8, 2, 5, 3, 0>, config2_mult>.exit"   --->   Operation 59 'phi' 'res_1_0_i10' <Predicate = true> <Delay = 0.00>
ST_3 : Operation 60 [1/1] (0.00ns)   --->   "%empty = speclooptripcount i32 @_ssdm_op_SpecLoopTripCount, i64 18, i64 18, i64 18"   --->   Operation 60 'speclooptripcount' 'empty' <Predicate = true> <Delay = 0.00>
ST_3 : Operation 61 [1/1] (0.00ns)   --->   "%specpipeline_ln119 = specpipeline void @_ssdm_op_SpecPipeline, i32 1, i32 0, i32 0, i32 0, void @empty_6" [firmware/nnet_utils/nnet_dense_resource.h:119]   --->   Operation 61 'specpipeline' 'specpipeline_ln119' <Predicate = true> <Delay = 0.00>
ST_3 : Operation 62 [1/1] (0.00ns)   --->   "%specloopname_ln119 = specloopname void @_ssdm_op_SpecLoopName, void @empty_3" [firmware/nnet_utils/nnet_dense_resource.h:119]   --->   Operation 62 'specloopname' 'specloopname_ln119' <Predicate = true> <Delay = 0.00>
ST_3 : Operation 63 [1/1] (1.58ns)   --->   "%lhs = mux i8 @_ssdm_op_Mux.ap_auto.2i8.i1, i8 %res_0_0_i12, i8 %res_1_0_i10, i1 %out_index"   --->   Operation 63 'mux' 'lhs' <Predicate = true> <Delay = 1.58> <CoreInst = "Multiplexer">   --->   Core 76 'Multiplexer' <Latency = 0> <II = 1> <Delay = 1.58> <FuncUnit> <Opcode : 'mux'> <InPorts = 2> <OutPorts = 1>
ST_3 : Operation 64 [1/1] (0.00ns)   --->   "%sext_ln712 = sext i8 %lhs"   --->   Operation 64 'sext' 'sext_ln712' <Predicate = true> <Delay = 0.00>
ST_3 : Operation 65 [1/1] (0.00ns)   --->   "%sext_ln712_1 = sext i8 %rhs"   --->   Operation 65 'sext' 'sext_ln712_1' <Predicate = true> <Delay = 0.00>
ST_3 : Operation 66 [1/1] (0.00ns) (grouped into LUT with out node or_ln707)   --->   "%xor_ln712 = xor i1 %out_index, i1 1"   --->   Operation 66 'xor' 'xor_ln712' <Predicate = true> <Delay = 0.00> <CoreInst = "LogicGate">   --->   Core 74 'LogicGate' <Latency = 0> <II = 1> <Delay = 0.97> <FuncUnit> <Opcode : 'and' 'or' 'xor'> <InPorts = 2> <OutPorts = 1>
ST_3 : Operation 67 [1/1] (1.91ns)   --->   "%sub_ln707 = sub i9 0, i9 %sext_ln712"   --->   Operation 67 'sub' 'sub_ln707' <Predicate = true> <Delay = 1.91> <CoreInst = "Adder">   --->   Core 1 'Adder' <Latency = 0> <II = 1> <Delay = 1.78> <FuncUnit> <Opcode : 'add' 'sub'> <InPorts = 2> <OutPorts = 1>
ST_3 : Operation 68 [1/1] (1.66ns)   --->   "%icmp_ln707 = icmp_ne  i9 %sext_ln712_1, i9 %sub_ln707"   --->   Operation 68 'icmp' 'icmp_ln707' <Predicate = true> <Delay = 1.66> <CoreInst = "Cmp">   --->   Core 9 'Cmp' <Latency = 0> <II = 1> <Delay = 1.36> <FuncUnit> <Opcode : 'icmp'> <InPorts = 2> <OutPorts = 1>
ST_3 : Operation 69 [1/1] (0.97ns) (out node of the LUT)   --->   "%or_ln707 = or i1 %icmp_ln707, i1 %xor_ln712"   --->   Operation 69 'or' 'or_ln707' <Predicate = true> <Delay = 0.97> <CoreInst = "LogicGate">   --->   Core 74 'LogicGate' <Latency = 0> <II = 1> <Delay = 0.97> <FuncUnit> <Opcode : 'and' 'or' 'xor'> <InPorts = 2> <OutPorts = 1>
ST_3 : Operation 70 [1/1] (0.00ns) (grouped into LUT with out node acc_V)   --->   "%select_ln707 = select i1 %icmp_ln707, i8 %res_0_0_i12, i8 0"   --->   Operation 70 'select' 'select_ln707' <Predicate = (out_index)> <Delay = 0.00> <CoreInst = "Sel">   --->   Core 73 'Sel' <Latency = 0> <II = 1> <Delay = 0.69> <FuncUnit> <Opcode : 'select'> <InPorts = 3> <OutPorts = 1>
ST_3 : Operation 71 [1/1] (0.00ns) (grouped into LUT with out node acc_V_1)   --->   "%select_ln707_1 = select i1 %or_ln707, i8 %res_1_0_i10, i8 0"   --->   Operation 71 'select' 'select_ln707_1' <Predicate = (!out_index)> <Delay = 0.00> <CoreInst = "Sel">   --->   Core 73 'Sel' <Latency = 0> <II = 1> <Delay = 0.69> <FuncUnit> <Opcode : 'select'> <InPorts = 3> <OutPorts = 1>
ST_3 : Operation 72 [1/1] (0.00ns) (grouped into LUT with out node acc_V)   --->   "%select_ln707_2 = select i1 %or_ln707, i8 %select_ln707, i8 %res_0_0_i12"   --->   Operation 72 'select' 'select_ln707_2' <Predicate = (out_index)> <Delay = 0.00> <CoreInst = "Sel">   --->   Core 73 'Sel' <Latency = 0> <II = 1> <Delay = 0.69> <FuncUnit> <Opcode : 'select'> <InPorts = 3> <OutPorts = 1>
ST_3 : Operation 73 [1/1] (1.91ns)   --->   "%add_ln712 = add i8 %rhs, i8 %lhs"   --->   Operation 73 'add' 'add_ln712' <Predicate = true> <Delay = 1.91> <CoreInst = "Adder">   --->   Core 1 'Adder' <Latency = 0> <II = 1> <Delay = 1.78> <FuncUnit> <Opcode : 'add' 'sub'> <InPorts = 2> <OutPorts = 1>
ST_3 : Operation 74 [1/1] (1.24ns) (out node of the LUT)   --->   "%acc_V_1 = select i1 %out_index, i8 %add_ln712, i8 %select_ln707_1"   --->   Operation 74 'select' 'acc_V_1' <Predicate = true> <Delay = 1.24> <CoreInst = "Sel">   --->   Core 73 'Sel' <Latency = 0> <II = 1> <Delay = 0.69> <FuncUnit> <Opcode : 'select'> <InPorts = 3> <OutPorts = 1>
ST_3 : Operation 75 [1/1] (1.24ns) (out node of the LUT)   --->   "%acc_V = select i1 %out_index, i8 %select_ln707_2, i8 %add_ln712"   --->   Operation 75 'select' 'acc_V' <Predicate = true> <Delay = 1.24> <CoreInst = "Sel">   --->   Core 73 'Sel' <Latency = 0> <II = 1> <Delay = 0.69> <FuncUnit> <Opcode : 'select'> <InPorts = 3> <OutPorts = 1>
ST_3 : Operation 76 [1/1] (0.00ns)   --->   "%mrv_i = insertvalue i16 <undef>, i8 %acc_V" [firmware/nnet_utils/nnet_dense_resource.h:166]   --->   Operation 76 'insertvalue' 'mrv_i' <Predicate = (icmp_ln135)> <Delay = 0.00>
ST_3 : Operation 77 [1/1] (0.00ns)   --->   "%mrv_1_i = insertvalue i16 %mrv_i, i8 %acc_V_1" [firmware/nnet_utils/nnet_dense_resource.h:166]   --->   Operation 77 'insertvalue' 'mrv_1_i' <Predicate = (icmp_ln135)> <Delay = 0.00>
ST_3 : Operation 78 [1/1] (0.00ns)   --->   "%return_ln166 = return void @_ssdm_op_Return, i16 %mrv_1_i" [firmware/nnet_utils/nnet_dense_resource.h:166]   --->   Operation 78 'return' 'return_ln166' <Predicate = (icmp_ln135)> <Delay = 0.00>


============================================================
+ Verbose Summary: Timing violations
============================================================
Target clock period: 10ns, clock uncertainty: 1.25ns.

 <State 1>: 4.84ns
The critical path consists of the following:
	multiplexor before 'phi' operation ('w_index') with incoming values : ('w_index', firmware/nnet_utils/nnet_dense_resource.h:135) [25]  (1.59 ns)
	'phi' operation ('w_index') with incoming values : ('w_index', firmware/nnet_utils/nnet_dense_resource.h:135) [25]  (0 ns)
	'getelementptr' operation ('w2_V_addr', firmware/nnet_utils/nnet_dense_resource.h:135) [58]  (0 ns)
	'load' operation ('w.V', firmware/nnet_utils/nnet_dense_resource.h:135) on array 'w2_V' [59]  (3.25 ns)

 <State 2>: 8.18ns
The critical path consists of the following:
	'phi' operation ('void_compute_output_buffer_2d_array_const_ap_shift_reg_n_chan_stream_weig_79') with incoming values : ('void_compute_output_buffer_2d_array_const_ap_shift_reg_n_chan_stream_weig_78') [15]  (0 ns)
	multiplexor before 'phi' operation ('void_compute_output_buffer_2d_array_const_ap_shift_reg_n_chan_stream_weig_61') with incoming values : ('void_compute_output_buffer_2d_array_const_ap_shift_reg_n_chan_stream_weig_78') [42]  (1.59 ns)
	'phi' operation ('void_compute_output_buffer_2d_array_const_ap_shift_reg_n_chan_stream_weig_61') with incoming values : ('void_compute_output_buffer_2d_array_const_ap_shift_reg_n_chan_stream_weig_78') [42]  (0 ns)
	'mux' operation ('a.V', firmware/nnet_utils/nnet_dense_resource.h:154) [57]  (2.42 ns)
	'mul' operation ('mul_ln1168') [62]  (4.17 ns)

 <State 3>: 7.39ns
The critical path consists of the following:
	'phi' operation ('acc.V') with incoming values : ('acc.V') [26]  (0 ns)
	'mux' operation ('lhs') [64]  (1.59 ns)
	'sub' operation ('sub_ln707') [68]  (1.92 ns)
	'icmp' operation ('icmp_ln707') [69]  (1.66 ns)
	'or' operation ('or_ln707') [70]  (0.978 ns)
	'select' operation ('select_ln707_2') [73]  (0 ns)
	'select' operation ('acc.V') [76]  (1.25 ns)
	'insertvalue' operation ('mrv_i', firmware/nnet_utils/nnet_dense_resource.h:166) [84]  (0 ns)


============================================================
+ Verbose Summary: Binding
============================================================
N/A
* FSMD analyzer results:
  - Output states:
 - Input state : 
  - Chain level:
	State 1
	State 2
	State 3


============================================================
+ Verbose Summary: Datapath Resource usage 
============================================================
N/A
