

================================================================
== Vitis HLS Report for 'myproject'
================================================================
* Date:           Tue May 26 23:24:18 2026

* Version:        2021.2 (Build 3367213 on Tue Oct 19 02:48:09 MDT 2021)
* Project:        myproject_prj
* Solution:       solution1 (Vivado IP Flow Target)
* Product family: zynq
* Target device:  xc7z020-clg400-1


================================================================
== Performance Estimates
================================================================
+ Timing: 
    * Summary: 
    +--------+----------+----------+------------+
    |  Clock |  Target  | Estimated| Uncertainty|
    +--------+----------+----------+------------+
    |ap_clk  |  10.00 ns|  8.599 ns|     1.25 ns|
    +--------+----------+----------+------------+

+ Latency: 
    * Summary: 
    +---------+---------+----------+----------+--------+--------+----------+
    |  Latency (cycles) |  Latency (absolute) |     Interval    | Pipeline |
    |   min   |   max   |    min   |    max   |   min  |   max  |   Type   |
    +---------+---------+----------+----------+--------+--------+----------+
    |   504947|   504947|  5.049 ms|  5.049 ms|  100863|  504303|  dataflow|
    +---------+---------+----------+----------+--------+--------+----------+

    + Detail: 
        * Instance: 
        +---------------------------------------------------------------------------------+----------------------------------------------------------------------+---------+---------+----------+----------+--------+--------+---------+
        |                                                                                 |                                                                      |  Latency (cycles) |  Latency (absolute) |     Interval    | Pipeline|
        |                                     Instance                                    |                                Module                                |   min   |   max   |    min   |    max   |   min  |   max  |   Type  |
        +---------------------------------------------------------------------------------+----------------------------------------------------------------------+---------+---------+----------+----------+--------+--------+---------+
        |grp_zeropad2d_cl_array_ap_fixed_1u_array_ap_fixed_8_2_5_3_0_1u_config5_s_fu_168  |zeropad2d_cl_array_ap_fixed_1u_array_ap_fixed_8_2_5_3_0_1u_config5_s  |    40145|    40145|  0.401 ms|  0.401 ms|   40145|   40145|       no|
        |grp_conv_2d_cl_array_ap_fixed_1u_array_ap_fixed_8_2_5_3_0_2u_config2_s_fu_175    |conv_2d_cl_array_ap_fixed_1u_array_ap_fixed_8_2_5_3_0_2u_config2_s    |    80689|   504301|  0.807 ms|  5.043 ms|   80689|  504301|       no|
        |grp_relu_array_ap_fixed_2u_array_ap_fixed_8_2_5_3_0_2u_relu_config3_s_fu_215     |relu_array_ap_fixed_2u_array_ap_fixed_8_2_5_3_0_2u_relu_config3_s     |    19605|    19605|  0.196 ms|  0.196 ms|   19605|   19605|       no|
        |grp_zeropad2d_cl_array_ap_fixed_2u_array_ap_fixed_8_2_5_3_0_2u_config6_s_fu_221  |zeropad2d_cl_array_ap_fixed_2u_array_ap_fixed_8_2_5_3_0_2u_config6_s  |    40145|    40145|  0.401 ms|  0.401 ms|   40145|   40145|       no|
        |grp_conv_2d_cl_array_ap_fixed_2u_array_ap_fixed_8_2_5_3_0_1u_config4_s_fu_227    |conv_2d_cl_array_ap_fixed_2u_array_ap_fixed_8_2_5_3_0_1u_config4_s    |   100862|   504302|  1.009 ms|  5.043 ms|  100862|  504302|       no|
        +---------------------------------------------------------------------------------+----------------------------------------------------------------------+---------+---------+----------+----------+--------+--------+---------+

        * Loop: 
        N/A

============================================================
+ Verbose Summary: Synthesis Manager
============================================================
InlineROM: 1
ExposeGlobal: 0
============================================================
+ Verbose Summary: CDFG Model
============================================================
IsTopModel: 1
ResetActiveHigh: 1
IsCombinational: 2
IsDatapathOnly: 0
HasWiredReturn: 1
HasMFsm: 0
HasVarLatency: 1
IsPipeline: 0
IsRtlPipelined: 0
IsInstanceOverlapped: 0
IsDontTouch: 0
HasImplIP: 0
IsGatedGlobalClock: 0


============================================================
+ Verbose Summary: Schedule
============================================================
* Number of FSM states : 12
* Pipeline : 0
* Dataflow Pipeline: 1
  DF-Pipeline-0: Size = 12, States = { 1 2 3 4 5 6 7 8 9 10 11 12 }

* FSM state transitions: 
1 --> 2 
2 --> 3 
3 --> 4 
4 --> 5 
5 --> 6 
6 --> 7 
7 --> 8 
8 --> 9 
9 --> 10 
10 --> 11 
11 --> 12 
12 --> 

* FSM state operations: 

State 1 <SV = 0> <Delay = 0.00>
ST_1 : Operation 13 [1/1] (0.00ns)   --->   "%layer5_out = alloca i64 1"   --->   Operation 13 'alloca' 'layer5_out' <Predicate = true> <Delay = 0.00> <CoreInst = "FIFO">   --->   Core 78 'FIFO' <Latency = 0> <II = 1> <Delay = 3.50> <Storage> <Opcode : 'read' 'write' 'nbread' 'nbwrite'> <Ports = 0> <Width = 8> <Depth = 20172> <FIFO>
ST_1 : Operation 14 [1/1] (0.00ns)   --->   "%layer2_out = alloca i64 1"   --->   Operation 14 'alloca' 'layer2_out' <Predicate = true> <Delay = 0.00> <CoreInst = "FIFO">   --->   Core 78 'FIFO' <Latency = 0> <II = 1> <Delay = 3.50> <Storage> <Opcode : 'read' 'write' 'nbread' 'nbwrite'> <Ports = 0> <Width = 16> <Depth = 19602> <FIFO>
ST_1 : Operation 15 [1/1] (0.00ns)   --->   "%layer3_out = alloca i64 1"   --->   Operation 15 'alloca' 'layer3_out' <Predicate = true> <Delay = 0.00> <CoreInst = "FIFO">   --->   Core 78 'FIFO' <Latency = 0> <II = 1> <Delay = 3.50> <Storage> <Opcode : 'read' 'write' 'nbread' 'nbwrite'> <Ports = 0> <Width = 16> <Depth = 19602> <FIFO>
ST_1 : Operation 16 [1/1] (0.00ns)   --->   "%layer6_out = alloca i64 1"   --->   Operation 16 'alloca' 'layer6_out' <Predicate = true> <Delay = 0.00> <CoreInst = "FIFO">   --->   Core 78 'FIFO' <Latency = 0> <II = 1> <Delay = 3.50> <Storage> <Opcode : 'read' 'write' 'nbread' 'nbwrite'> <Ports = 0> <Width = 16> <Depth = 20172> <FIFO>

State 2 <SV = 1> <Delay = 0.00>
ST_2 : Operation 17 [2/2] (0.00ns)   --->   "%call_ln44 = call void @zeropad2d_cl<array<ap_fixed,1u>,array<ap_fixed<8,2,5,3,0>,1u>,config5>, i8 %input_image, i8 %layer5_out" [firmware/myproject.cpp:44]   --->   Operation 17 'call' 'call_ln44' <Predicate = true> <Delay = 0.00> <CoreType = "Generic">   --->   Core 0 '' <Latency = 0> <II = 1> <Delay = 1.00> <Generic> <Opcode : >

State 3 <SV = 2> <Delay = 0.00>
ST_3 : Operation 18 [1/2] (0.00ns)   --->   "%call_ln44 = call void @zeropad2d_cl<array<ap_fixed,1u>,array<ap_fixed<8,2,5,3,0>,1u>,config5>, i8 %input_image, i8 %layer5_out" [firmware/myproject.cpp:44]   --->   Operation 18 'call' 'call_ln44' <Predicate = true> <Delay = 0.00> <CoreType = "Generic">   --->   Core 0 '' <Latency = 0> <II = 1> <Delay = 1.00> <Generic> <Opcode : >

State 4 <SV = 3> <Delay = 0.00>
ST_4 : Operation 19 [2/2] (0.00ns)   --->   "%call_ln46 = call void @conv_2d_cl<array<ap_fixed,1u>,array<ap_fixed<8,2,5,3,0>,2u>,config2>, i8 %layer5_out, i16 %layer2_out, i8 %void_compute_output_buffer_2d_array_const_ap_shift_reg_n_chan_stream_weig_17, i8 %void_compute_output_buffer_2d_array_const_ap_shift_reg_n_chan_stream_weig_18, i8 %void_compute_output_buffer_2d_array_const_ap_shift_reg_n_chan_stream_weig_14, i8 %void_compute_output_buffer_2d_array_const_ap_shift_reg_n_chan_stream_weig_15, i8 %void_compute_output_buffer_2d_array_const_ap_shift_reg_n_chan_stream_weig_11, i8 %void_compute_output_buffer_2d_array_const_ap_shift_reg_n_chan_stream_weig_12, i8 %void_compute_output_buffer_2d_array_const_ap_shift_reg_n_chan_stream_weig_16, i8 %void_compute_output_buffer_2d_array_const_ap_shift_reg_n_chan_stream_weig_13, i8 %void_compute_output_buffer_2d_array_const_ap_shift_reg_n_chan_stream_weig_10, i8 %void_conv_2d_buffer_cl_stream_stream_weight_t_bias_t_line_buffer_0_1, i8 %void_conv_2d_buffer_cl_stream_stream_weight_t_bias_t_line_buffer_2, i32 %sX_1, i32 %sY_1, i32 %pY_1, i32 %pX_1, i1 %outidx, i7 %w2_V" [firmware/myproject.cpp:46]   --->   Operation 19 'call' 'call_ln46' <Predicate = true> <Delay = 0.00> <CoreType = "Generic">   --->   Core 0 '' <Latency = 0> <II = 1> <Delay = 1.00> <Generic> <Opcode : >

State 5 <SV = 4> <Delay = 0.00>
ST_5 : Operation 20 [1/2] (0.00ns)   --->   "%call_ln46 = call void @conv_2d_cl<array<ap_fixed,1u>,array<ap_fixed<8,2,5,3,0>,2u>,config2>, i8 %layer5_out, i16 %layer2_out, i8 %void_compute_output_buffer_2d_array_const_ap_shift_reg_n_chan_stream_weig_17, i8 %void_compute_output_buffer_2d_array_const_ap_shift_reg_n_chan_stream_weig_18, i8 %void_compute_output_buffer_2d_array_const_ap_shift_reg_n_chan_stream_weig_14, i8 %void_compute_output_buffer_2d_array_const_ap_shift_reg_n_chan_stream_weig_15, i8 %void_compute_output_buffer_2d_array_const_ap_shift_reg_n_chan_stream_weig_11, i8 %void_compute_output_buffer_2d_array_const_ap_shift_reg_n_chan_stream_weig_12, i8 %void_compute_output_buffer_2d_array_const_ap_shift_reg_n_chan_stream_weig_16, i8 %void_compute_output_buffer_2d_array_const_ap_shift_reg_n_chan_stream_weig_13, i8 %void_compute_output_buffer_2d_array_const_ap_shift_reg_n_chan_stream_weig_10, i8 %void_conv_2d_buffer_cl_stream_stream_weight_t_bias_t_line_buffer_0_1, i8 %void_conv_2d_buffer_cl_stream_stream_weight_t_bias_t_line_buffer_2, i32 %sX_1, i32 %sY_1, i32 %pY_1, i32 %pX_1, i1 %outidx, i7 %w2_V" [firmware/myproject.cpp:46]   --->   Operation 20 'call' 'call_ln46' <Predicate = true> <Delay = 0.00> <CoreType = "Generic">   --->   Core 0 '' <Latency = 0> <II = 1> <Delay = 1.00> <Generic> <Opcode : >

State 6 <SV = 5> <Delay = 0.00>
ST_6 : Operation 21 [2/2] (0.00ns)   --->   "%call_ln48 = call void @relu<array<ap_fixed,2u>,array<ap_fixed<8,2,5,3,0>,2u>,relu_config3>, i16 %layer2_out, i16 %layer3_out" [firmware/myproject.cpp:48]   --->   Operation 21 'call' 'call_ln48' <Predicate = true> <Delay = 0.00> <CoreType = "Generic">   --->   Core 0 '' <Latency = 0> <II = 1> <Delay = 1.00> <Generic> <Opcode : >

State 7 <SV = 6> <Delay = 0.00>
ST_7 : Operation 22 [1/2] (0.00ns)   --->   "%call_ln48 = call void @relu<array<ap_fixed,2u>,array<ap_fixed<8,2,5,3,0>,2u>,relu_config3>, i16 %layer2_out, i16 %layer3_out" [firmware/myproject.cpp:48]   --->   Operation 22 'call' 'call_ln48' <Predicate = true> <Delay = 0.00> <CoreType = "Generic">   --->   Core 0 '' <Latency = 0> <II = 1> <Delay = 1.00> <Generic> <Opcode : >

State 8 <SV = 7> <Delay = 0.00>
ST_8 : Operation 23 [2/2] (0.00ns)   --->   "%call_ln50 = call void @zeropad2d_cl<array<ap_fixed,2u>,array<ap_fixed<8,2,5,3,0>,2u>,config6>, i16 %layer3_out, i16 %layer6_out" [firmware/myproject.cpp:50]   --->   Operation 23 'call' 'call_ln50' <Predicate = true> <Delay = 0.00> <CoreType = "Generic">   --->   Core 0 '' <Latency = 0> <II = 1> <Delay = 1.00> <Generic> <Opcode : >

State 9 <SV = 8> <Delay = 0.00>
ST_9 : Operation 24 [1/2] (0.00ns)   --->   "%call_ln50 = call void @zeropad2d_cl<array<ap_fixed,2u>,array<ap_fixed<8,2,5,3,0>,2u>,config6>, i16 %layer3_out, i16 %layer6_out" [firmware/myproject.cpp:50]   --->   Operation 24 'call' 'call_ln50' <Predicate = true> <Delay = 0.00> <CoreType = "Generic">   --->   Core 0 '' <Latency = 0> <II = 1> <Delay = 1.00> <Generic> <Opcode : >

State 10 <SV = 9> <Delay = 0.00>
ST_10 : Operation 25 [2/2] (0.00ns)   --->   "%call_ln52 = call void @conv_2d_cl<array<ap_fixed,2u>,array<ap_fixed<8,2,5,3,0>,1u>,config4>, i16 %layer6_out, i8 %layer4_out, i8 %void_compute_output_buffer_2d_array_const_ap_shift_reg_n_chan_stream_weig_7, i8 %void_compute_output_buffer_2d_array_const_ap_shift_reg_n_chan_stream_weig_9, i8 %void_compute_output_buffer_2d_array_const_ap_shift_reg_n_chan_stream_weig_6, i8 %void_compute_output_buffer_2d_array_const_ap_shift_reg_n_chan_stream_weig_8, i8 %void_compute_output_buffer_2d_array_const_ap_shift_reg_n_chan_stream_weig_1, i8 %void_compute_output_buffer_2d_array_const_ap_shift_reg_n_chan_stream_weig_3, i8 %void_compute_output_buffer_2d_array_const_ap_shift_reg_n_chan_stream_weig, i8 %void_compute_output_buffer_2d_array_const_ap_shift_reg_n_chan_stream_weig_2, i8 %p_ZZN4nnet24compute_output_buffer_2dINS_5arrayI8ap_fixedILi8ELi2EL9ap_q_mode5EL9a_3, i8 %p_ZZN4nnet24compute_output_buffer_2dINS_5arrayI8ap_fixedILi8ELi2EL9ap_q_mode5EL9a_5, i8 %p_ZZN4nnet24compute_output_buffer_2dINS_5arrayI8ap_fixedILi8ELi2EL9ap_q_mode5EL9a_2, i8 %p_ZZN4nnet24compute_output_buffer_2dINS_5arrayI8ap_fixedILi8ELi2EL9ap_q_mode5EL9a_4, i8 %void_compute_output_buffer_2d_array_const_ap_shift_reg_n_chan_stream_weig_5, i8 %void_compute_output_buffer_2d_array_const_ap_shift_reg_n_chan_stream_weig_4, i8 %p_ZZN4nnet24compute_output_buffer_2dINS_5arrayI8ap_fixedILi8ELi2EL9ap_q_mode5EL9a_7, i8 %p_ZZN4nnet24compute_output_buffer_2dINS_5arrayI8ap_fixedILi8ELi2EL9ap_q_mode5EL9a_6, i8 %p_ZZN4nnet24compute_output_buffer_2dINS_5arrayI8ap_fixedILi8ELi2EL9ap_q_mode5EL9a_1, i8 %p_ZZN4nnet24compute_output_buffer_2dINS_5arrayI8ap_fixedILi8ELi2EL9ap_q_mode5EL9a, i8 %void_conv_2d_buffer_cl_stream_stream_weight_t_bias_t_line_buffer_0, i8 %void_conv_2d_buffer_cl_stream_stream_weight_t_bias_t_line_buffer, i8 %void_conv_2d_buffer_cl_stream_stream_weight_t_bias_t_line_buffer_1_0, i8 %void_conv_2d_buffer_cl_stream_stream_weight_t_bias_t_line_buffer_1, i32 %sX, i32 %sY, i32 %pY, i32 %pX, i7 %w4_V" [firmware/myproject.cpp:52]   --->   Operation 25 'call' 'call_ln52' <Predicate = true> <Delay = 0.00> <CoreType = "Generic">   --->   Core 0 '' <Latency = 0> <II = 1> <Delay = 1.00> <Generic> <Opcode : >

State 11 <SV = 10> <Delay = 0.00>
ST_11 : Operation 26 [1/2] (0.00ns)   --->   "%call_ln52 = call void @conv_2d_cl<array<ap_fixed,2u>,array<ap_fixed<8,2,5,3,0>,1u>,config4>, i16 %layer6_out, i8 %layer4_out, i8 %void_compute_output_buffer_2d_array_const_ap_shift_reg_n_chan_stream_weig_7, i8 %void_compute_output_buffer_2d_array_const_ap_shift_reg_n_chan_stream_weig_9, i8 %void_compute_output_buffer_2d_array_const_ap_shift_reg_n_chan_stream_weig_6, i8 %void_compute_output_buffer_2d_array_const_ap_shift_reg_n_chan_stream_weig_8, i8 %void_compute_output_buffer_2d_array_const_ap_shift_reg_n_chan_stream_weig_1, i8 %void_compute_output_buffer_2d_array_const_ap_shift_reg_n_chan_stream_weig_3, i8 %void_compute_output_buffer_2d_array_const_ap_shift_reg_n_chan_stream_weig, i8 %void_compute_output_buffer_2d_array_const_ap_shift_reg_n_chan_stream_weig_2, i8 %p_ZZN4nnet24compute_output_buffer_2dINS_5arrayI8ap_fixedILi8ELi2EL9ap_q_mode5EL9a_3, i8 %p_ZZN4nnet24compute_output_buffer_2dINS_5arrayI8ap_fixedILi8ELi2EL9ap_q_mode5EL9a_5, i8 %p_ZZN4nnet24compute_output_buffer_2dINS_5arrayI8ap_fixedILi8ELi2EL9ap_q_mode5EL9a_2, i8 %p_ZZN4nnet24compute_output_buffer_2dINS_5arrayI8ap_fixedILi8ELi2EL9ap_q_mode5EL9a_4, i8 %void_compute_output_buffer_2d_array_const_ap_shift_reg_n_chan_stream_weig_5, i8 %void_compute_output_buffer_2d_array_const_ap_shift_reg_n_chan_stream_weig_4, i8 %p_ZZN4nnet24compute_output_buffer_2dINS_5arrayI8ap_fixedILi8ELi2EL9ap_q_mode5EL9a_7, i8 %p_ZZN4nnet24compute_output_buffer_2dINS_5arrayI8ap_fixedILi8ELi2EL9ap_q_mode5EL9a_6, i8 %p_ZZN4nnet24compute_output_buffer_2dINS_5arrayI8ap_fixedILi8ELi2EL9ap_q_mode5EL9a_1, i8 %p_ZZN4nnet24compute_output_buffer_2dINS_5arrayI8ap_fixedILi8ELi2EL9ap_q_mode5EL9a, i8 %void_conv_2d_buffer_cl_stream_stream_weight_t_bias_t_line_buffer_0, i8 %void_conv_2d_buffer_cl_stream_stream_weight_t_bias_t_line_buffer, i8 %void_conv_2d_buffer_cl_stream_stream_weight_t_bias_t_line_buffer_1_0, i8 %void_conv_2d_buffer_cl_stream_stream_weight_t_bias_t_line_buffer_1, i32 %sX, i32 %sY, i32 %pY, i32 %pX, i7 %w4_V" [firmware/myproject.cpp:52]   --->   Operation 26 'call' 'call_ln52' <Predicate = true> <Delay = 0.00> <CoreType = "Generic">   --->   Core 0 '' <Latency = 0> <II = 1> <Delay = 1.00> <Generic> <Opcode : >

State 12 <SV = 11> <Delay = 0.00>
ST_12 : Operation 27 [1/1] (0.00ns)   --->   "%specdataflowpipeline_ln0 = specdataflowpipeline void @_ssdm_op_SpecDataflowPipeline, i32 4294967295, i32 0, void @empty_6"   --->   Operation 27 'specdataflowpipeline' 'specdataflowpipeline_ln0' <Predicate = true> <Delay = 0.00>
ST_12 : Operation 28 [1/1] (0.00ns)   --->   "%spectopmodule_ln0 = spectopmodule void @_ssdm_op_SpecTopModule, void @empty_2"   --->   Operation 28 'spectopmodule' 'spectopmodule_ln0' <Predicate = true> <Delay = 0.00>
ST_12 : Operation 29 [1/1] (0.00ns)   --->   "%specinterface_ln0 = specinterface void @_ssdm_op_SpecInterface, i8 %input_image, void @empty_9, i32 1, i32 1, void @empty_8, i32 0, i32 0, void @empty_6, void @empty_6, void @empty_6, i32 0, i32 0, i32 0, i32 0, void @empty_6, void @empty_6"   --->   Operation 29 'specinterface' 'specinterface_ln0' <Predicate = true> <Delay = 0.00>
ST_12 : Operation 30 [1/1] (0.00ns)   --->   "%specbitsmap_ln0 = specbitsmap void @_ssdm_op_SpecBitsMap, i8 %input_image"   --->   Operation 30 'specbitsmap' 'specbitsmap_ln0' <Predicate = true> <Delay = 0.00>
ST_12 : Operation 31 [1/1] (0.00ns)   --->   "%specinterface_ln0 = specinterface void @_ssdm_op_SpecInterface, i8 %layer4_out, void @empty_9, i32 1, i32 1, void @empty_8, i32 0, i32 0, void @empty_6, void @empty_6, void @empty_6, i32 0, i32 0, i32 0, i32 0, void @empty_6, void @empty_6"   --->   Operation 31 'specinterface' 'specinterface_ln0' <Predicate = true> <Delay = 0.00>
ST_12 : Operation 32 [1/1] (0.00ns)   --->   "%specbitsmap_ln0 = specbitsmap void @_ssdm_op_SpecBitsMap, i8 %layer4_out"   --->   Operation 32 'specbitsmap' 'specbitsmap_ln0' <Predicate = true> <Delay = 0.00>
ST_12 : Operation 33 [1/1] (0.00ns)   --->   "%empty = specchannel i32 @_ssdm_op_SpecChannel, void @layer5_out_str, i32 1, void @p_str, void @p_str, i32 20172, i32 20172, i8 %layer5_out, i8 %layer5_out"   --->   Operation 33 'specchannel' 'empty' <Predicate = true> <Delay = 0.00>
ST_12 : Operation 34 [1/1] (0.00ns)   --->   "%specinterface_ln0 = specinterface void @_ssdm_op_SpecInterface, i8 %layer5_out, void @empty_4, i32 0, i32 0, void @empty_6, i32 0, i32 0, void @empty_6, void @empty_6, void @empty_6, i32 0, i32 0, i32 0, i32 0, void @empty_6, void @empty_6"   --->   Operation 34 'specinterface' 'specinterface_ln0' <Predicate = true> <Delay = 0.00>
ST_12 : Operation 35 [1/1] (0.00ns)   --->   "%empty_30 = specchannel i32 @_ssdm_op_SpecChannel, void @layer2_out_str, i32 1, void @p_str, void @p_str, i32 19602, i32 19602, i16 %layer2_out, i16 %layer2_out"   --->   Operation 35 'specchannel' 'empty_30' <Predicate = true> <Delay = 0.00>
ST_12 : Operation 36 [1/1] (0.00ns)   --->   "%specinterface_ln0 = specinterface void @_ssdm_op_SpecInterface, i16 %layer2_out, void @empty_4, i32 0, i32 0, void @empty_6, i32 0, i32 0, void @empty_6, void @empty_6, void @empty_6, i32 0, i32 0, i32 0, i32 0, void @empty_6, void @empty_6"   --->   Operation 36 'specinterface' 'specinterface_ln0' <Predicate = true> <Delay = 0.00>
ST_12 : Operation 37 [1/1] (0.00ns)   --->   "%empty_31 = specchannel i32 @_ssdm_op_SpecChannel, void @layer3_out_str, i32 1, void @p_str, void @p_str, i32 19602, i32 19602, i16 %layer3_out, i16 %layer3_out"   --->   Operation 37 'specchannel' 'empty_31' <Predicate = true> <Delay = 0.00>
ST_12 : Operation 38 [1/1] (0.00ns)   --->   "%specinterface_ln0 = specinterface void @_ssdm_op_SpecInterface, i16 %layer3_out, void @empty_4, i32 0, i32 0, void @empty_6, i32 0, i32 0, void @empty_6, void @empty_6, void @empty_6, i32 0, i32 0, i32 0, i32 0, void @empty_6, void @empty_6"   --->   Operation 38 'specinterface' 'specinterface_ln0' <Predicate = true> <Delay = 0.00>
ST_12 : Operation 39 [1/1] (0.00ns)   --->   "%empty_32 = specchannel i32 @_ssdm_op_SpecChannel, void @layer6_out_str, i32 1, void @p_str, void @p_str, i32 20172, i32 20172, i16 %layer6_out, i16 %layer6_out"   --->   Operation 39 'specchannel' 'empty_32' <Predicate = true> <Delay = 0.00>
ST_12 : Operation 40 [1/1] (0.00ns)   --->   "%specinterface_ln0 = specinterface void @_ssdm_op_SpecInterface, i16 %layer6_out, void @empty_4, i32 0, i32 0, void @empty_6, i32 0, i32 0, void @empty_6, void @empty_6, void @empty_6, i32 0, i32 0, i32 0, i32 0, void @empty_6, void @empty_6"   --->   Operation 40 'specinterface' 'specinterface_ln0' <Predicate = true> <Delay = 0.00>
ST_12 : Operation 41 [1/1] (0.00ns)   --->   "%specmemcore_ln46 = specmemcore void @_ssdm_op_SpecMemCore, i7 %w2_V, i64 666, i64 38, i64 18446744073709551615" [firmware/myproject.cpp:46]   --->   Operation 41 'specmemcore' 'specmemcore_ln46' <Predicate = true> <Delay = 0.00>
ST_12 : Operation 42 [1/1] (0.00ns)   --->   "%specmemcore_ln52 = specmemcore void @_ssdm_op_SpecMemCore, i7 %w4_V, i64 666, i64 38, i64 18446744073709551615" [firmware/myproject.cpp:52]   --->   Operation 42 'specmemcore' 'specmemcore_ln52' <Predicate = true> <Delay = 0.00>
ST_12 : Operation 43 [1/1] (0.00ns)   --->   "%ret_ln54 = ret" [firmware/myproject.cpp:54]   --->   Operation 43 'ret' 'ret_ln54' <Predicate = true> <Delay = 0.00>


============================================================
+ Verbose Summary: Binding
============================================================
STG Binding: 
---------------- STG Properties BEGIN ----------------
- Is combinational: 0
- Is one-state seq: 0
- Is datapath-only: 0
- Is pipelined: 0
- Is top level: 1
Port [ Return ] is wired: 1; IO mode=ap_ctrl_hs:ce=0
Port [ input_image]:  wired=1; compound=1; hidden=0; nouse=0; global=0; static=0; extern=0; dir=0; type=0; pingpong=0; private_global=0; IO mode=axis:ce=0
Port [ layer4_out]:  wired=1; compound=1; hidden=0; nouse=0; global=0; static=0; extern=0; dir=1; type=0; pingpong=0; private_global=0; IO mode=axis:ce=0
Port [ void_compute_output_buffer_2d_array_const_ap_shift_reg_n_chan_stream_weig_17]:  wired=0; compound=0; hidden=1; nouse=1; global=1; static=1; extern=0; dir=2; type=0; pingpong=0; private_global=0; IO mode=ap_ovld:ce=0
Port [ void_compute_output_buffer_2d_array_const_ap_shift_reg_n_chan_stream_weig_18]:  wired=0; compound=0; hidden=1; nouse=1; global=1; static=1; extern=0; dir=2; type=0; pingpong=0; private_global=0; IO mode=ap_ovld:ce=0
Port [ void_compute_output_buffer_2d_array_const_ap_shift_reg_n_chan_stream_weig_14]:  wired=0; compound=0; hidden=1; nouse=1; global=1; static=1; extern=0; dir=2; type=0; pingpong=0; private_global=0; IO mode=ap_ovld:ce=0
Port [ void_compute_output_buffer_2d_array_const_ap_shift_reg_n_chan_stream_weig_15]:  wired=0; compound=0; hidden=1; nouse=1; global=1; static=1; extern=0; dir=2; type=0; pingpong=0; private_global=0; IO mode=ap_ovld:ce=0
Port [ void_compute_output_buffer_2d_array_const_ap_shift_reg_n_chan_stream_weig_11]:  wired=0; compound=0; hidden=1; nouse=1; global=1; static=1; extern=0; dir=2; type=0; pingpong=0; private_global=0; IO mode=ap_ovld:ce=0
Port [ void_compute_output_buffer_2d_array_const_ap_shift_reg_n_chan_stream_weig_12]:  wired=0; compound=0; hidden=1; nouse=1; global=1; static=1; extern=0; dir=2; type=0; pingpong=0; private_global=0; IO mode=ap_ovld:ce=0
Port [ void_compute_output_buffer_2d_array_const_ap_shift_reg_n_chan_stream_weig_16]:  wired=0; compound=0; hidden=1; nouse=1; global=1; static=1; extern=0; dir=2; type=0; pingpong=0; private_global=0; IO mode=ap_ovld:ce=0
Port [ void_compute_output_buffer_2d_array_const_ap_shift_reg_n_chan_stream_weig_13]:  wired=0; compound=0; hidden=1; nouse=1; global=1; static=1; extern=0; dir=2; type=0; pingpong=0; private_global=0; IO mode=ap_ovld:ce=0
Port [ void_compute_output_buffer_2d_array_const_ap_shift_reg_n_chan_stream_weig_10]:  wired=0; compound=0; hidden=1; nouse=1; global=1; static=1; extern=0; dir=2; type=0; pingpong=0; private_global=0; IO mode=ap_ovld:ce=0
Port [ void_conv_2d_buffer_cl_stream_stream_weight_t_bias_t_line_buffer_0_1]:  wired=0; compound=1; hidden=1; nouse=1; global=1; static=1; extern=0; dir=3; type=1; pingpong=0; private_global=0; MemPort=[2]; IO mode=ap_memory:ce=0
Port [ void_conv_2d_buffer_cl_stream_stream_weight_t_bias_t_line_buffer_2]:  wired=0; compound=1; hidden=1; nouse=1; global=1; static=1; extern=0; dir=3; type=1; pingpong=0; private_global=0; MemPort=[2]; IO mode=ap_memory:ce=0
Port [ sX_1]:  wired=0; compound=0; hidden=1; nouse=1; global=1; static=1; extern=0; dir=2; type=0; pingpong=0; private_global=0; IO mode=ap_ovld:ce=0
Port [ sY_1]:  wired=0; compound=0; hidden=1; nouse=1; global=1; static=1; extern=0; dir=2; type=0; pingpong=0; private_global=0; IO mode=ap_ovld:ce=0
Port [ pY_1]:  wired=0; compound=0; hidden=1; nouse=1; global=1; static=1; extern=0; dir=2; type=0; pingpong=0; private_global=0; IO mode=ap_ovld:ce=0
Port [ pX_1]:  wired=0; compound=0; hidden=1; nouse=1; global=1; static=1; extern=0; dir=2; type=0; pingpong=0; private_global=0; IO mode=ap_ovld:ce=0
Port [ outidx]:  wired=0; compound=1; hidden=1; nouse=1; global=1; static=1; extern=0; dir=0; type=1; pingpong=0; private_global=0; MemPort=[1]; IO mode=ap_memory:ce=0
Port [ w2_V]:  wired=0; compound=1; hidden=1; nouse=1; global=1; static=1; extern=0; dir=0; type=1; pingpong=0; private_global=0; MemPort=[1]; IO mode=ap_memory:ce=0
Port [ void_compute_output_buffer_2d_array_const_ap_shift_reg_n_chan_stream_weig_7]:  wired=0; compound=0; hidden=1; nouse=1; global=1; static=1; extern=0; dir=2; type=0; pingpong=0; private_global=0; IO mode=ap_ovld:ce=0
Port [ void_compute_output_buffer_2d_array_const_ap_shift_reg_n_chan_stream_weig_9]:  wired=0; compound=0; hidden=1; nouse=1; global=1; static=1; extern=0; dir=2; type=0; pingpong=0; private_global=0; IO mode=ap_ovld:ce=0
Port [ void_compute_output_buffer_2d_array_const_ap_shift_reg_n_chan_stream_weig_6]:  wired=0; compound=0; hidden=1; nouse=1; global=1; static=1; extern=0; dir=2; type=0; pingpong=0; private_global=0; IO mode=ap_ovld:ce=0
Port [ void_compute_output_buffer_2d_array_const_ap_shift_reg_n_chan_stream_weig_8]:  wired=0; compound=0; hidden=1; nouse=1; global=1; static=1; extern=0; dir=2; type=0; pingpong=0; private_global=0; IO mode=ap_ovld:ce=0
Port [ void_compute_output_buffer_2d_array_const_ap_shift_reg_n_chan_stream_weig_1]:  wired=0; compound=0; hidden=1; nouse=1; global=1; static=1; extern=0; dir=2; type=0; pingpong=0; private_global=0; IO mode=ap_ovld:ce=0
Port [ void_compute_output_buffer_2d_array_const_ap_shift_reg_n_chan_stream_weig_3]:  wired=0; compound=0; hidden=1; nouse=1; global=1; static=1; extern=0; dir=2; type=0; pingpong=0; private_global=0; IO mode=ap_ovld:ce=0
Port [ void_compute_output_buffer_2d_array_const_ap_shift_reg_n_chan_stream_weig]:  wired=0; compound=0; hidden=1; nouse=1; global=1; static=1; extern=0; dir=2; type=0; pingpong=0; private_global=0; IO mode=ap_ovld:ce=0
Port [ void_compute_output_buffer_2d_array_const_ap_shift_reg_n_chan_stream_weig_2]:  wired=0; compound=0; hidden=1; nouse=1; global=1; static=1; extern=0; dir=2; type=0; pingpong=0; private_global=0; IO mode=ap_ovld:ce=0
Port [ p_ZZN4nnet24compute_output_buffer_2dINS_5arrayI8ap_fixedILi8ELi2EL9ap_q_mode5EL9a_3]:  wired=0; compound=0; hidden=1; nouse=1; global=1; static=1; extern=0; dir=2; type=0; pingpong=0; private_global=0; IO mode=ap_ovld:ce=0
Port [ p_ZZN4nnet24compute_output_buffer_2dINS_5arrayI8ap_fixedILi8ELi2EL9ap_q_mode5EL9a_5]:  wired=0; compound=0; hidden=1; nouse=1; global=1; static=1; extern=0; dir=2; type=0; pingpong=0; private_global=0; IO mode=ap_ovld:ce=0
Port [ p_ZZN4nnet24compute_output_buffer_2dINS_5arrayI8ap_fixedILi8ELi2EL9ap_q_mode5EL9a_2]:  wired=0; compound=0; hidden=1; nouse=1; global=1; static=1; extern=0; dir=2; type=0; pingpong=0; private_global=0; IO mode=ap_ovld:ce=0
Port [ p_ZZN4nnet24compute_output_buffer_2dINS_5arrayI8ap_fixedILi8ELi2EL9ap_q_mode5EL9a_4]:  wired=0; compound=0; hidden=1; nouse=1; global=1; static=1; extern=0; dir=2; type=0; pingpong=0; private_global=0; IO mode=ap_ovld:ce=0
Port [ void_compute_output_buffer_2d_array_const_ap_shift_reg_n_chan_stream_weig_5]:  wired=0; compound=0; hidden=1; nouse=1; global=1; static=1; extern=0; dir=2; type=0; pingpong=0; private_global=0; IO mode=ap_ovld:ce=0
Port [ void_compute_output_buffer_2d_array_const_ap_shift_reg_n_chan_stream_weig_4]:  wired=0; compound=0; hidden=1; nouse=1; global=1; static=1; extern=0; dir=2; type=0; pingpong=0; private_global=0; IO mode=ap_ovld:ce=0
Port [ p_ZZN4nnet24compute_output_buffer_2dINS_5arrayI8ap_fixedILi8ELi2EL9ap_q_mode5EL9a_7]:  wired=0; compound=0; hidden=1; nouse=1; global=1; static=1; extern=0; dir=2; type=0; pingpong=0; private_global=0; IO mode=ap_ovld:ce=0
Port [ p_ZZN4nnet24compute_output_buffer_2dINS_5arrayI8ap_fixedILi8ELi2EL9ap_q_mode5EL9a_6]:  wired=0; compound=0; hidden=1; nouse=1; global=1; static=1; extern=0; dir=2; type=0; pingpong=0; private_global=0; IO mode=ap_ovld:ce=0
Port [ p_ZZN4nnet24compute_output_buffer_2dINS_5arrayI8ap_fixedILi8ELi2EL9ap_q_mode5EL9a_1]:  wired=0; compound=0; hidden=1; nouse=1; global=1; static=1; extern=0; dir=2; type=0; pingpong=0; private_global=0; IO mode=ap_ovld:ce=0
Port [ p_ZZN4nnet24compute_output_buffer_2dINS_5arrayI8ap_fixedILi8ELi2EL9ap_q_mode5EL9a]:  wired=0; compound=0; hidden=1; nouse=1; global=1; static=1; extern=0; dir=2; type=0; pingpong=0; private_global=0; IO mode=ap_ovld:ce=0
Port [ void_conv_2d_buffer_cl_stream_stream_weight_t_bias_t_line_buffer_0]:  wired=0; compound=1; hidden=1; nouse=1; global=1; static=1; extern=0; dir=3; type=1; pingpong=0; private_global=0; MemPort=[2]; IO mode=ap_memory:ce=0
Port [ void_conv_2d_buffer_cl_stream_stream_weight_t_bias_t_line_buffer]:  wired=0; compound=1; hidden=1; nouse=1; global=1; static=1; extern=0; dir=3; type=1; pingpong=0; private_global=0; MemPort=[2]; IO mode=ap_memory:ce=0
Port [ void_conv_2d_buffer_cl_stream_stream_weight_t_bias_t_line_buffer_1_0]:  wired=0; compound=1; hidden=1; nouse=1; global=1; static=1; extern=0; dir=3; type=1; pingpong=0; private_global=0; MemPort=[2]; IO mode=ap_memory:ce=0
Port [ void_conv_2d_buffer_cl_stream_stream_weight_t_bias_t_line_buffer_1]:  wired=0; compound=1; hidden=1; nouse=1; global=1; static=1; extern=0; dir=3; type=1; pingpong=0; private_global=0; MemPort=[2]; IO mode=ap_memory:ce=0
Port [ sX]:  wired=0; compound=0; hidden=1; nouse=1; global=1; static=1; extern=0; dir=2; type=0; pingpong=0; private_global=0; IO mode=ap_ovld:ce=0
Port [ sY]:  wired=0; compound=0; hidden=1; nouse=1; global=1; static=1; extern=0; dir=2; type=0; pingpong=0; private_global=0; IO mode=ap_ovld:ce=0
Port [ pY]:  wired=0; compound=0; hidden=1; nouse=1; global=1; static=1; extern=0; dir=2; type=0; pingpong=0; private_global=0; IO mode=ap_ovld:ce=0
Port [ pX]:  wired=0; compound=0; hidden=1; nouse=1; global=1; static=1; extern=0; dir=2; type=0; pingpong=0; private_global=0; IO mode=ap_ovld:ce=0
Port [ w4_V]:  wired=0; compound=1; hidden=1; nouse=1; global=1; static=1; extern=0; dir=0; type=1; pingpong=0; private_global=0; MemPort=[1]; IO mode=ap_memory:ce=0
---------------- STG Properties END ------------------

---------------- Datapath Model BEGIN ----------------

<LifeTime>
<method=bitvector/>
layer5_out               (alloca              ) [ 0011111111111]
layer2_out               (alloca              ) [ 0011111111111]
layer3_out               (alloca              ) [ 0011111111111]
layer6_out               (alloca              ) [ 0011111111111]
call_ln44                (call                ) [ 0000000000000]
call_ln46                (call                ) [ 0000000000000]
call_ln48                (call                ) [ 0000000000000]
call_ln50                (call                ) [ 0000000000000]
call_ln52                (call                ) [ 0000000000000]
specdataflowpipeline_ln0 (specdataflowpipeline) [ 0000000000000]
spectopmodule_ln0        (spectopmodule       ) [ 0000000000000]
specinterface_ln0        (specinterface       ) [ 0000000000000]
specbitsmap_ln0          (specbitsmap         ) [ 0000000000000]
specinterface_ln0        (specinterface       ) [ 0000000000000]
specbitsmap_ln0          (specbitsmap         ) [ 0000000000000]
empty                    (specchannel         ) [ 0000000000000]
specinterface_ln0        (specinterface       ) [ 0000000000000]
empty_30                 (specchannel         ) [ 0000000000000]
specinterface_ln0        (specinterface       ) [ 0000000000000]
empty_31                 (specchannel         ) [ 0000000000000]
specinterface_ln0        (specinterface       ) [ 0000000000000]
empty_32                 (specchannel         ) [ 0000000000000]
specinterface_ln0        (specinterface       ) [ 0000000000000]
specmemcore_ln46         (specmemcore         ) [ 0000000000000]
specmemcore_ln52         (specmemcore         ) [ 0000000000000]
ret_ln54                 (ret                 ) [ 0000000000000]
</LifeTime>

<model>

<comp_list>
<comp id="0" class="1000" name="input_image">
<pin_list>
<pin id="1" dir="1" index="0" bw="1" slack="0"/>
</pin_list>
<bind>
<StgValue><ssdm name="input_image"/></StgValue>
</bind>
</comp>

<comp id="2" class="1000" name="layer4_out">
<pin_list>
<pin id="3" dir="1" index="0" bw="1" slack="0"/>
</pin_list>
<bind>
<StgValue><ssdm name="layer4_out"/></StgValue>
</bind>
</comp>

<comp id="4" class="1000" name="void_compute_output_buffer_2d_array_const_ap_shift_reg_n_chan_stream_weig_17">
<pin_list>
<pin id="5" dir="1" index="0" bw="1" slack="0"/>
</pin_list>
<bind>
<StgValue><ssdm name="void_compute_output_buffer_2d_array_const_ap_shift_reg_n_chan_stream_weig_17"/></StgValue>
</bind>
</comp>

<comp id="6" class="1000" name="void_compute_output_buffer_2d_array_const_ap_shift_reg_n_chan_stream_weig_18">
<pin_list>
<pin id="7" dir="1" index="0" bw="1" slack="0"/>
</pin_list>
<bind>
<StgValue><ssdm name="void_compute_output_buffer_2d_array_const_ap_shift_reg_n_chan_stream_weig_18"/></StgValue>
</bind>
</comp>

<comp id="8" class="1000" name="void_compute_output_buffer_2d_array_const_ap_shift_reg_n_chan_stream_weig_14">
<pin_list>
<pin id="9" dir="1" index="0" bw="1" slack="0"/>
</pin_list>
<bind>
<StgValue><ssdm name="void_compute_output_buffer_2d_array_const_ap_shift_reg_n_chan_stream_weig_14"/></StgValue>
</bind>
</comp>

<comp id="10" class="1000" name="void_compute_output_buffer_2d_array_const_ap_shift_reg_n_chan_stream_weig_15">
<pin_list>
<pin id="11" dir="1" index="0" bw="1" slack="0"/>
</pin_list>
<bind>
<StgValue><ssdm name="void_compute_output_buffer_2d_array_const_ap_shift_reg_n_chan_stream_weig_15"/></StgValue>
</bind>
</comp>

<comp id="12" class="1000" name="void_compute_output_buffer_2d_array_const_ap_shift_reg_n_chan_stream_weig_11">
<pin_list>
<pin id="13" dir="1" index="0" bw="1" slack="0"/>
</pin_list>
<bind>
<StgValue><ssdm name="void_compute_output_buffer_2d_array_const_ap_shift_reg_n_chan_stream_weig_11"/></StgValue>
</bind>
</comp>

<comp id="14" class="1000" name="void_compute_output_buffer_2d_array_const_ap_shift_reg_n_chan_stream_weig_12">
<pin_list>
<pin id="15" dir="1" index="0" bw="1" slack="0"/>
</pin_list>
<bind>
<StgValue><ssdm name="void_compute_output_buffer_2d_array_const_ap_shift_reg_n_chan_stream_weig_12"/></StgValue>
</bind>
</comp>

<comp id="16" class="1000" name="void_compute_output_buffer_2d_array_const_ap_shift_reg_n_chan_stream_weig_16">
<pin_list>
<pin id="17" dir="1" index="0" bw="1" slack="0"/>
</pin_list>
<bind>
<StgValue><ssdm name="void_compute_output_buffer_2d_array_const_ap_shift_reg_n_chan_stream_weig_16"/></StgValue>
</bind>
</comp>

<comp id="18" class="1000" name="void_compute_output_buffer_2d_array_const_ap_shift_reg_n_chan_stream_weig_13">
<pin_list>
<pin id="19" dir="1" index="0" bw="1" slack="0"/>
</pin_list>
<bind>
<StgValue><ssdm name="void_compute_output_buffer_2d_array_const_ap_shift_reg_n_chan_stream_weig_13"/></StgValue>
</bind>
</comp>

<comp id="20" class="1000" name="void_compute_output_buffer_2d_array_const_ap_shift_reg_n_chan_stream_weig_10">
<pin_list>
<pin id="21" dir="1" index="0" bw="1" slack="0"/>
</pin_list>
<bind>
<StgValue><ssdm name="void_compute_output_buffer_2d_array_const_ap_shift_reg_n_chan_stream_weig_10"/></StgValue>
</bind>
</comp>

<comp id="22" class="1000" name="void_conv_2d_buffer_cl_stream_stream_weight_t_bias_t_line_buffer_0_1">
<pin_list>
<pin id="23" dir="1" index="0" bw="1" slack="0"/>
</pin_list>
<bind>
<StgValue><ssdm name="void_conv_2d_buffer_cl_stream_stream_weight_t_bias_t_line_buffer_0_1"/><MemPortTyVec>2 </MemPortTyVec>
</StgValue>
</bind>
</comp>

<comp id="24" class="1000" name="void_conv_2d_buffer_cl_stream_stream_weight_t_bias_t_line_buffer_2">
<pin_list>
<pin id="25" dir="1" index="0" bw="1" slack="0"/>
</pin_list>
<bind>
<StgValue><ssdm name="void_conv_2d_buffer_cl_stream_stream_weight_t_bias_t_line_buffer_2"/><MemPortTyVec>2 </MemPortTyVec>
</StgValue>
</bind>
</comp>

<comp id="26" class="1000" name="sX_1">
<pin_list>
<pin id="27" dir="1" index="0" bw="1" slack="0"/>
</pin_list>
<bind>
<StgValue><ssdm name="sX_1"/></StgValue>
</bind>
</comp>

<comp id="28" class="1000" name="sY_1">
<pin_list>
<pin id="29" dir="1" index="0" bw="1" slack="0"/>
</pin_list>
<bind>
<StgValue><ssdm name="sY_1"/></StgValue>
</bind>
</comp>

<comp id="30" class="1000" name="pY_1">
<pin_list>
<pin id="31" dir="1" index="0" bw="1" slack="0"/>
</pin_list>
<bind>
<StgValue><ssdm name="pY_1"/></StgValue>
</bind>
</comp>

<comp id="32" class="1000" name="pX_1">
<pin_list>
<pin id="33" dir="1" index="0" bw="1" slack="0"/>
</pin_list>
<bind>
<StgValue><ssdm name="pX_1"/></StgValue>
</bind>
</comp>

<comp id="34" class="1000" name="outidx">
<pin_list>
<pin id="35" dir="1" index="0" bw="1" slack="0"/>
</pin_list>
<bind>
<StgValue><ssdm name="outidx"/><MemPortTyVec>1 </MemPortTyVec>
</StgValue>
</bind>
</comp>

<comp id="36" class="1000" name="w2_V">
<pin_list>
<pin id="37" dir="1" index="0" bw="1" slack="0"/>
</pin_list>
<bind>
<StgValue><ssdm name="w2_V"/><MemPortTyVec>1 </MemPortTyVec>
</StgValue>
</bind>
</comp>

<comp id="38" class="1000" name="void_compute_output_buffer_2d_array_const_ap_shift_reg_n_chan_stream_weig_7">
<pin_list>
<pin id="39" dir="1" index="0" bw="1" slack="0"/>
</pin_list>
<bind>
<StgValue><ssdm name="void_compute_output_buffer_2d_array_const_ap_shift_reg_n_chan_stream_weig_7"/></StgValue>
</bind>
</comp>

<comp id="40" class="1000" name="void_compute_output_buffer_2d_array_const_ap_shift_reg_n_chan_stream_weig_9">
<pin_list>
<pin id="41" dir="1" index="0" bw="1" slack="0"/>
</pin_list>
<bind>
<StgValue><ssdm name="void_compute_output_buffer_2d_array_const_ap_shift_reg_n_chan_stream_weig_9"/></StgValue>
</bind>
</comp>

<comp id="42" class="1000" name="void_compute_output_buffer_2d_array_const_ap_shift_reg_n_chan_stream_weig_6">
<pin_list>
<pin id="43" dir="1" index="0" bw="1" slack="0"/>
</pin_list>
<bind>
<StgValue><ssdm name="void_compute_output_buffer_2d_array_const_ap_shift_reg_n_chan_stream_weig_6"/></StgValue>
</bind>
</comp>

<comp id="44" class="1000" name="void_compute_output_buffer_2d_array_const_ap_shift_reg_n_chan_stream_weig_8">
<pin_list>
<pin id="45" dir="1" index="0" bw="1" slack="0"/>
</pin_list>
<bind>
<StgValue><ssdm name="void_compute_output_buffer_2d_array_const_ap_shift_reg_n_chan_stream_weig_8"/></StgValue>
</bind>
</comp>

<comp id="46" class="1000" name="void_compute_output_buffer_2d_array_const_ap_shift_reg_n_chan_stream_weig_1">
<pin_list>
<pin id="47" dir="1" index="0" bw="1" slack="0"/>
</pin_list>
<bind>
<StgValue><ssdm name="void_compute_output_buffer_2d_array_const_ap_shift_reg_n_chan_stream_weig_1"/></StgValue>
</bind>
</comp>

<comp id="48" class="1000" name="void_compute_output_buffer_2d_array_const_ap_shift_reg_n_chan_stream_weig_3">
<pin_list>
<pin id="49" dir="1" index="0" bw="1" slack="0"/>
</pin_list>
<bind>
<StgValue><ssdm name="void_compute_output_buffer_2d_array_const_ap_shift_reg_n_chan_stream_weig_3"/></StgValue>
</bind>
</comp>

<comp id="50" class="1000" name="void_compute_output_buffer_2d_array_const_ap_shift_reg_n_chan_stream_weig">
<pin_list>
<pin id="51" dir="1" index="0" bw="1" slack="0"/>
</pin_list>
<bind>
<StgValue><ssdm name="void_compute_output_buffer_2d_array_const_ap_shift_reg_n_chan_stream_weig"/></StgValue>
</bind>
</comp>

<comp id="52" class="1000" name="void_compute_output_buffer_2d_array_const_ap_shift_reg_n_chan_stream_weig_2">
<pin_list>
<pin id="53" dir="1" index="0" bw="1" slack="0"/>
</pin_list>
<bind>
<StgValue><ssdm name="void_compute_output_buffer_2d_array_const_ap_shift_reg_n_chan_stream_weig_2"/></StgValue>
</bind>
</comp>

<comp id="54" class="1000" name="p_ZZN4nnet24compute_output_buffer_2dINS_5arrayI8ap_fixedILi8ELi2EL9ap_q_mode5EL9a_3">
<pin_list>
<pin id="55" dir="1" index="0" bw="1" slack="0"/>
</pin_list>
<bind>
<StgValue><ssdm name="p_ZZN4nnet24compute_output_buffer_2dINS_5arrayI8ap_fixedILi8ELi2EL9ap_q_mode5EL9a_3"/></StgValue>
</bind>
</comp>

<comp id="56" class="1000" name="p_ZZN4nnet24compute_output_buffer_2dINS_5arrayI8ap_fixedILi8ELi2EL9ap_q_mode5EL9a_5">
<pin_list>
<pin id="57" dir="1" index="0" bw="1" slack="0"/>
</pin_list>
<bind>
<StgValue><ssdm name="p_ZZN4nnet24compute_output_buffer_2dINS_5arrayI8ap_fixedILi8ELi2EL9ap_q_mode5EL9a_5"/></StgValue>
</bind>
</comp>

<comp id="58" class="1000" name="p_ZZN4nnet24compute_output_buffer_2dINS_5arrayI8ap_fixedILi8ELi2EL9ap_q_mode5EL9a_2">
<pin_list>
<pin id="59" dir="1" index="0" bw="1" slack="0"/>
</pin_list>
<bind>
<StgValue><ssdm name="p_ZZN4nnet24compute_output_buffer_2dINS_5arrayI8ap_fixedILi8ELi2EL9ap_q_mode5EL9a_2"/></StgValue>
</bind>
</comp>

<comp id="60" class="1000" name="p_ZZN4nnet24compute_output_buffer_2dINS_5arrayI8ap_fixedILi8ELi2EL9ap_q_mode5EL9a_4">
<pin_list>
<pin id="61" dir="1" index="0" bw="1" slack="0"/>
</pin_list>
<bind>
<StgValue><ssdm name="p_ZZN4nnet24compute_output_buffer_2dINS_5arrayI8ap_fixedILi8ELi2EL9ap_q_mode5EL9a_4"/></StgValue>
</bind>
</comp>

<comp id="62" class="1000" name="void_compute_output_buffer_2d_array_const_ap_shift_reg_n_chan_stream_weig_5">
<pin_list>
<pin id="63" dir="1" index="0" bw="1" slack="0"/>
</pin_list>
<bind>
<StgValue><ssdm name="void_compute_output_buffer_2d_array_const_ap_shift_reg_n_chan_stream_weig_5"/></StgValue>
</bind>
</comp>

<comp id="64" class="1000" name="void_compute_output_buffer_2d_array_const_ap_shift_reg_n_chan_stream_weig_4">
<pin_list>
<pin id="65" dir="1" index="0" bw="1" slack="0"/>
</pin_list>
<bind>
<StgValue><ssdm name="void_compute_output_buffer_2d_array_const_ap_shift_reg_n_chan_stream_weig_4"/></StgValue>
</bind>
</comp>

<comp id="66" class="1000" name="p_ZZN4nnet24compute_output_buffer_2dINS_5arrayI8ap_fixedILi8ELi2EL9ap_q_mode5EL9a_7">
<pin_list>
<pin id="67" dir="1" index="0" bw="1" slack="0"/>
</pin_list>
<bind>
<StgValue><ssdm name="p_ZZN4nnet24compute_output_buffer_2dINS_5arrayI8ap_fixedILi8ELi2EL9ap_q_mode5EL9a_7"/></StgValue>
</bind>
</comp>

<comp id="68" class="1000" name="p_ZZN4nnet24compute_output_buffer_2dINS_5arrayI8ap_fixedILi8ELi2EL9ap_q_mode5EL9a_6">
<pin_list>
<pin id="69" dir="1" index="0" bw="1" slack="0"/>
</pin_list>
<bind>
<StgValue><ssdm name="p_ZZN4nnet24compute_output_buffer_2dINS_5arrayI8ap_fixedILi8ELi2EL9ap_q_mode5EL9a_6"/></StgValue>
</bind>
</comp>

<comp id="70" class="1000" name="p_ZZN4nnet24compute_output_buffer_2dINS_5arrayI8ap_fixedILi8ELi2EL9ap_q_mode5EL9a_1">
<pin_list>
<pin id="71" dir="1" index="0" bw="1" slack="0"/>
</pin_list>
<bind>
<StgValue><ssdm name="p_ZZN4nnet24compute_output_buffer_2dINS_5arrayI8ap_fixedILi8ELi2EL9ap_q_mode5EL9a_1"/></StgValue>
</bind>
</comp>

<comp id="72" class="1000" name="p_ZZN4nnet24compute_output_buffer_2dINS_5arrayI8ap_fixedILi8ELi2EL9ap_q_mode5EL9a">
<pin_list>
<pin id="73" dir="1" index="0" bw="1" slack="0"/>
</pin_list>
<bind>
<StgValue><ssdm name="p_ZZN4nnet24compute_output_buffer_2dINS_5arrayI8ap_fixedILi8ELi2EL9ap_q_mode5EL9a"/></StgValue>
</bind>
</comp>

<comp id="74" class="1000" name="void_conv_2d_buffer_cl_stream_stream_weight_t_bias_t_line_buffer_0">
<pin_list>
<pin id="75" dir="1" index="0" bw="1" slack="0"/>
</pin_list>
<bind>
<StgValue><ssdm name="void_conv_2d_buffer_cl_stream_stream_weight_t_bias_t_line_buffer_0"/><MemPortTyVec>2 </MemPortTyVec>
</StgValue>
</bind>
</comp>

<comp id="76" class="1000" name="void_conv_2d_buffer_cl_stream_stream_weight_t_bias_t_line_buffer">
<pin_list>
<pin id="77" dir="1" index="0" bw="1" slack="0"/>
</pin_list>
<bind>
<StgValue><ssdm name="void_conv_2d_buffer_cl_stream_stream_weight_t_bias_t_line_buffer"/><MemPortTyVec>2 </MemPortTyVec>
</StgValue>
</bind>
</comp>

<comp id="78" class="1000" name="void_conv_2d_buffer_cl_stream_stream_weight_t_bias_t_line_buffer_1_0">
<pin_list>
<pin id="79" dir="1" index="0" bw="1" slack="0"/>
</pin_list>
<bind>
<StgValue><ssdm name="void_conv_2d_buffer_cl_stream_stream_weight_t_bias_t_line_buffer_1_0"/><MemPortTyVec>2 </MemPortTyVec>
</StgValue>
</bind>
</comp>

<comp id="80" class="1000" name="void_conv_2d_buffer_cl_stream_stream_weight_t_bias_t_line_buffer_1">
<pin_list>
<pin id="81" dir="1" index="0" bw="1" slack="0"/>
</pin_list>
<bind>
<StgValue><ssdm name="void_conv_2d_buffer_cl_stream_stream_weight_t_bias_t_line_buffer_1"/><MemPortTyVec>2 </MemPortTyVec>
</StgValue>
</bind>
</comp>

<comp id="82" class="1000" name="sX">
<pin_list>
<pin id="83" dir="1" index="0" bw="1" slack="0"/>
</pin_list>
<bind>
<StgValue><ssdm name="sX"/></StgValue>
</bind>
</comp>

<comp id="84" class="1000" name="sY">
<pin_list>
<pin id="85" dir="1" index="0" bw="1" slack="0"/>
</pin_list>
<bind>
<StgValue><ssdm name="sY"/></StgValue>
</bind>
</comp>

<comp id="86" class="1000" name="pY">
<pin_list>
<pin id="87" dir="1" index="0" bw="1" slack="0"/>
</pin_list>
<bind>
<StgValue><ssdm name="pY"/></StgValue>
</bind>
</comp>

<comp id="88" class="1000" name="pX">
<pin_list>
<pin id="89" dir="1" index="0" bw="1" slack="0"/>
</pin_list>
<bind>
<StgValue><ssdm name="pX"/></StgValue>
</bind>
</comp>

<comp id="90" class="1000" name="w4_V">
<pin_list>
<pin id="91" dir="1" index="0" bw="1" slack="0"/>
</pin_list>
<bind>
<StgValue><ssdm name="w4_V"/><MemPortTyVec>1 </MemPortTyVec>
</StgValue>
</bind>
</comp>

<comp id="92" class="1001" name="const_92">
<pin_list>
<pin id="93" dir="1" index="0" bw="1" slack="0"/>
</pin_list>
<bind>
<StgValue><ssdm name=""/></StgValue>
</bind>
</comp>

<comp id="94" class="1001" name="const_94">
<pin_list>
<pin id="95" dir="1" index="0" bw="1" slack="0"/>
</pin_list>
<bind>
<StgValue><ssdm name="zeropad2d_cl<array<ap_fixed,1u>,array<ap_fixed<8,2,5,3,0>,1u>,config5>"/></StgValue>
</bind>
</comp>

<comp id="96" class="1001" name="const_96">
<pin_list>
<pin id="97" dir="1" index="0" bw="1" slack="0"/>
</pin_list>
<bind>
<StgValue><ssdm name="conv_2d_cl<array<ap_fixed,1u>,array<ap_fixed<8,2,5,3,0>,2u>,config2>"/></StgValue>
</bind>
</comp>

<comp id="98" class="1001" name="const_98">
<pin_list>
<pin id="99" dir="1" index="0" bw="1" slack="0"/>
</pin_list>
<bind>
<StgValue><ssdm name="relu<array<ap_fixed,2u>,array<ap_fixed<8,2,5,3,0>,2u>,relu_config3>"/></StgValue>
</bind>
</comp>

<comp id="100" class="1001" name="const_100">
<pin_list>
<pin id="101" dir="1" index="0" bw="1" slack="0"/>
</pin_list>
<bind>
<StgValue><ssdm name="zeropad2d_cl<array<ap_fixed,2u>,array<ap_fixed<8,2,5,3,0>,2u>,config6>"/></StgValue>
</bind>
</comp>

<comp id="102" class="1001" name="const_102">
<pin_list>
<pin id="103" dir="1" index="0" bw="1" slack="0"/>
</pin_list>
<bind>
<StgValue><ssdm name="conv_2d_cl<array<ap_fixed,2u>,array<ap_fixed<8,2,5,3,0>,1u>,config4>"/></StgValue>
</bind>
</comp>

<comp id="104" class="1001" name="const_104">
<pin_list>
<pin id="105" dir="1" index="0" bw="1" slack="2147483647"/>
</pin_list>
<bind>
<StgValue><ssdm name="_ssdm_op_SpecDataflowPipeline"/></StgValue>
</bind>
</comp>

<comp id="106" class="1001" name="const_106">
<pin_list>
<pin id="107" dir="1" index="0" bw="1" slack="2147483647"/>
</pin_list>
<bind>
<StgValue><ssdm name=""/></StgValue>
</bind>
</comp>

<comp id="108" class="1001" name="const_108">
<pin_list>
<pin id="109" dir="1" index="0" bw="1" slack="2147483647"/>
</pin_list>
<bind>
<StgValue><ssdm name=""/></StgValue>
</bind>
</comp>

<comp id="110" class="1001" name="const_110">
<pin_list>
<pin id="111" dir="1" index="0" bw="1" slack="2147483647"/>
</pin_list>
<bind>
<StgValue><ssdm name="empty_6"/></StgValue>
</bind>
</comp>

<comp id="112" class="1001" name="const_112">
<pin_list>
<pin id="113" dir="1" index="0" bw="1" slack="2147483647"/>
</pin_list>
<bind>
<StgValue><ssdm name="_ssdm_op_SpecTopModule"/></StgValue>
</bind>
</comp>

<comp id="114" class="1001" name="const_114">
<pin_list>
<pin id="115" dir="1" index="0" bw="1" slack="2147483647"/>
</pin_list>
<bind>
<StgValue><ssdm name="empty_2"/></StgValue>
</bind>
</comp>

<comp id="116" class="1001" name="const_116">
<pin_list>
<pin id="117" dir="1" index="0" bw="1" slack="2147483647"/>
</pin_list>
<bind>
<StgValue><ssdm name="_ssdm_op_SpecInterface"/></StgValue>
</bind>
</comp>

<comp id="118" class="1001" name="const_118">
<pin_list>
<pin id="119" dir="1" index="0" bw="1" slack="2147483647"/>
</pin_list>
<bind>
<StgValue><ssdm name="empty_9"/></StgValue>
</bind>
</comp>

<comp id="120" class="1001" name="const_120">
<pin_list>
<pin id="121" dir="1" index="0" bw="1" slack="2147483647"/>
</pin_list>
<bind>
<StgValue><ssdm name=""/></StgValue>
</bind>
</comp>

<comp id="122" class="1001" name="const_122">
<pin_list>
<pin id="123" dir="1" index="0" bw="1" slack="2147483647"/>
</pin_list>
<bind>
<StgValue><ssdm name="empty_8"/></StgValue>
</bind>
</comp>

<comp id="124" class="1001" name="const_124">
<pin_list>
<pin id="125" dir="1" index="0" bw="1" slack="2147483647"/>
</pin_list>
<bind>
<StgValue><ssdm name="_ssdm_op_SpecBitsMap"/></StgValue>
</bind>
</comp>

<comp id="126" class="1001" name="const_126">
<pin_list>
<pin id="127" dir="1" index="0" bw="1" slack="2147483647"/>
</pin_list>
<bind>
<StgValue><ssdm name="_ssdm_op_SpecChannel"/></StgValue>
</bind>
</comp>

<comp id="128" class="1001" name="const_128">
<pin_list>
<pin id="129" dir="1" index="0" bw="1" slack="2147483647"/>
</pin_list>
<bind>
<StgValue><ssdm name="layer5_out_str"/></StgValue>
</bind>
</comp>

<comp id="130" class="1001" name="const_130">
<pin_list>
<pin id="131" dir="1" index="0" bw="1" slack="2147483647"/>
</pin_list>
<bind>
<StgValue><ssdm name="p_str"/></StgValue>
</bind>
</comp>

<comp id="132" class="1001" name="const_132">
<pin_list>
<pin id="133" dir="1" index="0" bw="1" slack="2147483647"/>
</pin_list>
<bind>
<StgValue><ssdm name=""/></StgValue>
</bind>
</comp>

<comp id="134" class="1001" name="const_134">
<pin_list>
<pin id="135" dir="1" index="0" bw="1" slack="2147483647"/>
</pin_list>
<bind>
<StgValue><ssdm name="empty_4"/></StgValue>
</bind>
</comp>

<comp id="136" class="1001" name="const_136">
<pin_list>
<pin id="137" dir="1" index="0" bw="1" slack="2147483647"/>
</pin_list>
<bind>
<StgValue><ssdm name="layer2_out_str"/></StgValue>
</bind>
</comp>

<comp id="138" class="1001" name="const_138">
<pin_list>
<pin id="139" dir="1" index="0" bw="1" slack="2147483647"/>
</pin_list>
<bind>
<StgValue><ssdm name=""/></StgValue>
</bind>
</comp>

<comp id="140" class="1001" name="const_140">
<pin_list>
<pin id="141" dir="1" index="0" bw="1" slack="2147483647"/>
</pin_list>
<bind>
<StgValue><ssdm name="layer3_out_str"/></StgValue>
</bind>
</comp>

<comp id="142" class="1001" name="const_142">
<pin_list>
<pin id="143" dir="1" index="0" bw="1" slack="2147483647"/>
</pin_list>
<bind>
<StgValue><ssdm name="layer6_out_str"/></StgValue>
</bind>
</comp>

<comp id="144" class="1001" name="const_144">
<pin_list>
<pin id="145" dir="1" index="0" bw="1" slack="2147483647"/>
</pin_list>
<bind>
<StgValue><ssdm name="_ssdm_op_SpecMemCore"/></StgValue>
</bind>
</comp>

<comp id="146" class="1001" name="const_146">
<pin_list>
<pin id="147" dir="1" index="0" bw="1" slack="2147483647"/>
</pin_list>
<bind>
<StgValue><ssdm name=""/></StgValue>
</bind>
</comp>

<comp id="148" class="1001" name="const_148">
<pin_list>
<pin id="149" dir="1" index="0" bw="1" slack="2147483647"/>
</pin_list>
<bind>
<StgValue><ssdm name=""/></StgValue>
</bind>
</comp>

<comp id="150" class="1001" name="const_150">
<pin_list>
<pin id="151" dir="1" index="0" bw="1" slack="2147483647"/>
</pin_list>
<bind>
<StgValue><ssdm name=""/></StgValue>
</bind>
</comp>

<comp id="152" class="1004" name="layer5_out_fu_152">
<pin_list>
<pin id="153" dir="0" index="0" bw="1" slack="0"/>
<pin id="154" dir="1" index="1" bw="8" slack="1"/>
</pin_list>
<bind>
<opcode="alloca(26) " fcode="alloca"/>
<opset="layer5_out/1 "/>
</bind>
</comp>

<comp id="156" class="1004" name="layer2_out_fu_156">
<pin_list>
<pin id="157" dir="0" index="0" bw="1" slack="0"/>
<pin id="158" dir="1" index="1" bw="16" slack="3"/>
</pin_list>
<bind>
<opcode="alloca(26) " fcode="alloca"/>
<opset="layer2_out/1 "/>
</bind>
</comp>

<comp id="160" class="1004" name="layer3_out_fu_160">
<pin_list>
<pin id="161" dir="0" index="0" bw="1" slack="0"/>
<pin id="162" dir="1" index="1" bw="16" slack="5"/>
</pin_list>
<bind>
<opcode="alloca(26) " fcode="alloca"/>
<opset="layer3_out/1 "/>
</bind>
</comp>

<comp id="164" class="1004" name="layer6_out_fu_164">
<pin_list>
<pin id="165" dir="0" index="0" bw="1" slack="0"/>
<pin id="166" dir="1" index="1" bw="16" slack="7"/>
</pin_list>
<bind>
<opcode="alloca(26) " fcode="alloca"/>
<opset="layer6_out/1 "/>
</bind>
</comp>

<comp id="168" class="1004" name="grp_zeropad2d_cl_array_ap_fixed_1u_array_ap_fixed_8_2_5_3_0_1u_config5_s_fu_168">
<pin_list>
<pin id="169" dir="0" index="0" bw="0" slack="0"/>
<pin id="170" dir="0" index="1" bw="8" slack="0"/>
<pin id="171" dir="0" index="2" bw="8" slack="1"/>
<pin id="172" dir="1" index="3" bw="0" slack="2147483647"/>
</pin_list>
<bind>
<opcode="call(48) " fcode="call"/>
<opset="call_ln44/2 "/>
</bind>
</comp>

<comp id="175" class="1004" name="grp_conv_2d_cl_array_ap_fixed_1u_array_ap_fixed_8_2_5_3_0_2u_config2_s_fu_175">
<pin_list>
<pin id="176" dir="0" index="0" bw="0" slack="0"/>
<pin id="177" dir="0" index="1" bw="8" slack="3"/>
<pin id="178" dir="0" index="2" bw="16" slack="3"/>
<pin id="179" dir="0" index="3" bw="8" slack="0"/>
<pin id="180" dir="0" index="4" bw="8" slack="0"/>
<pin id="181" dir="0" index="5" bw="8" slack="0"/>
<pin id="182" dir="0" index="6" bw="8" slack="0"/>
<pin id="183" dir="0" index="7" bw="8" slack="0"/>
<pin id="184" dir="0" index="8" bw="8" slack="0"/>
<pin id="185" dir="0" index="9" bw="8" slack="0"/>
<pin id="186" dir="0" index="10" bw="8" slack="0"/>
<pin id="187" dir="0" index="11" bw="8" slack="0"/>
<pin id="188" dir="0" index="12" bw="8" slack="0"/>
<pin id="189" dir="0" index="13" bw="8" slack="0"/>
<pin id="190" dir="0" index="14" bw="32" slack="0"/>
<pin id="191" dir="0" index="15" bw="32" slack="0"/>
<pin id="192" dir="0" index="16" bw="32" slack="0"/>
<pin id="193" dir="0" index="17" bw="32" slack="0"/>
<pin id="194" dir="0" index="18" bw="1" slack="0"/>
<pin id="195" dir="0" index="19" bw="7" slack="0"/>
<pin id="196" dir="1" index="20" bw="0" slack="2147483647"/>
</pin_list>
<bind>
<opcode="call(48) " fcode="call"/>
<opset="call_ln46/4 "/>
</bind>
</comp>

<comp id="215" class="1004" name="grp_relu_array_ap_fixed_2u_array_ap_fixed_8_2_5_3_0_2u_relu_config3_s_fu_215">
<pin_list>
<pin id="216" dir="0" index="0" bw="0" slack="0"/>
<pin id="217" dir="0" index="1" bw="16" slack="5"/>
<pin id="218" dir="0" index="2" bw="16" slack="5"/>
<pin id="219" dir="1" index="3" bw="0" slack="2147483647"/>
</pin_list>
<bind>
<opcode="call(48) " fcode="call"/>
<opset="call_ln48/6 "/>
</bind>
</comp>

<comp id="221" class="1004" name="grp_zeropad2d_cl_array_ap_fixed_2u_array_ap_fixed_8_2_5_3_0_2u_config6_s_fu_221">
<pin_list>
<pin id="222" dir="0" index="0" bw="0" slack="0"/>
<pin id="223" dir="0" index="1" bw="16" slack="7"/>
<pin id="224" dir="0" index="2" bw="16" slack="7"/>
<pin id="225" dir="1" index="3" bw="0" slack="2147483647"/>
</pin_list>
<bind>
<opcode="call(48) " fcode="call"/>
<opset="call_ln50/8 "/>
</bind>
</comp>

<comp id="227" class="1004" name="grp_conv_2d_cl_array_ap_fixed_2u_array_ap_fixed_8_2_5_3_0_1u_config4_s_fu_227">
<pin_list>
<pin id="228" dir="0" index="0" bw="0" slack="0"/>
<pin id="229" dir="0" index="1" bw="16" slack="9"/>
<pin id="230" dir="0" index="2" bw="8" slack="0"/>
<pin id="231" dir="0" index="3" bw="8" slack="0"/>
<pin id="232" dir="0" index="4" bw="8" slack="0"/>
<pin id="233" dir="0" index="5" bw="8" slack="0"/>
<pin id="234" dir="0" index="6" bw="8" slack="0"/>
<pin id="235" dir="0" index="7" bw="8" slack="0"/>
<pin id="236" dir="0" index="8" bw="8" slack="0"/>
<pin id="237" dir="0" index="9" bw="8" slack="0"/>
<pin id="238" dir="0" index="10" bw="8" slack="0"/>
<pin id="239" dir="0" index="11" bw="8" slack="0"/>
<pin id="240" dir="0" index="12" bw="8" slack="0"/>
<pin id="241" dir="0" index="13" bw="8" slack="0"/>
<pin id="242" dir="0" index="14" bw="8" slack="0"/>
<pin id="243" dir="0" index="15" bw="8" slack="0"/>
<pin id="244" dir="0" index="16" bw="8" slack="0"/>
<pin id="245" dir="0" index="17" bw="8" slack="0"/>
<pin id="246" dir="0" index="18" bw="8" slack="0"/>
<pin id="247" dir="0" index="19" bw="8" slack="0"/>
<pin id="248" dir="0" index="20" bw="8" slack="0"/>
<pin id="249" dir="0" index="21" bw="8" slack="0"/>
<pin id="250" dir="0" index="22" bw="8" slack="0"/>
<pin id="251" dir="0" index="23" bw="8" slack="0"/>
<pin id="252" dir="0" index="24" bw="8" slack="0"/>
<pin id="253" dir="0" index="25" bw="32" slack="0"/>
<pin id="254" dir="0" index="26" bw="32" slack="0"/>
<pin id="255" dir="0" index="27" bw="32" slack="0"/>
<pin id="256" dir="0" index="28" bw="32" slack="0"/>
<pin id="257" dir="0" index="29" bw="7" slack="0"/>
<pin id="258" dir="1" index="30" bw="0" slack="2147483647"/>
</pin_list>
<bind>
<opcode="call(48) " fcode="call"/>
<opset="call_ln52/10 "/>
</bind>
</comp>

<comp id="288" class="1005" name="layer5_out_reg_288">
<pin_list>
<pin id="289" dir="0" index="0" bw="8" slack="1"/>
<pin id="290" dir="1" index="1" bw="8" slack="1"/>
</pin_list>
<bind>
<opset="layer5_out "/>
</bind>
</comp>

<comp id="294" class="1005" name="layer2_out_reg_294">
<pin_list>
<pin id="295" dir="0" index="0" bw="16" slack="3"/>
<pin id="296" dir="1" index="1" bw="16" slack="3"/>
</pin_list>
<bind>
<opset="layer2_out "/>
</bind>
</comp>

<comp id="300" class="1005" name="layer3_out_reg_300">
<pin_list>
<pin id="301" dir="0" index="0" bw="16" slack="5"/>
<pin id="302" dir="1" index="1" bw="16" slack="5"/>
</pin_list>
<bind>
<opset="layer3_out "/>
</bind>
</comp>

<comp id="306" class="1005" name="layer6_out_reg_306">
<pin_list>
<pin id="307" dir="0" index="0" bw="16" slack="7"/>
<pin id="308" dir="1" index="1" bw="16" slack="7"/>
</pin_list>
<bind>
<opset="layer6_out "/>
</bind>
</comp>

</comp_list>

<net_list>
<net id="155"><net_src comp="92" pin="0"/><net_sink comp="152" pin=0"/></net>

<net id="159"><net_src comp="92" pin="0"/><net_sink comp="156" pin=0"/></net>

<net id="163"><net_src comp="92" pin="0"/><net_sink comp="160" pin=0"/></net>

<net id="167"><net_src comp="92" pin="0"/><net_sink comp="164" pin=0"/></net>

<net id="173"><net_src comp="94" pin="0"/><net_sink comp="168" pin=0"/></net>

<net id="174"><net_src comp="0" pin="0"/><net_sink comp="168" pin=1"/></net>

<net id="197"><net_src comp="96" pin="0"/><net_sink comp="175" pin=0"/></net>

<net id="198"><net_src comp="4" pin="0"/><net_sink comp="175" pin=3"/></net>

<net id="199"><net_src comp="6" pin="0"/><net_sink comp="175" pin=4"/></net>

<net id="200"><net_src comp="8" pin="0"/><net_sink comp="175" pin=5"/></net>

<net id="201"><net_src comp="10" pin="0"/><net_sink comp="175" pin=6"/></net>

<net id="202"><net_src comp="12" pin="0"/><net_sink comp="175" pin=7"/></net>

<net id="203"><net_src comp="14" pin="0"/><net_sink comp="175" pin=8"/></net>

<net id="204"><net_src comp="16" pin="0"/><net_sink comp="175" pin=9"/></net>

<net id="205"><net_src comp="18" pin="0"/><net_sink comp="175" pin=10"/></net>

<net id="206"><net_src comp="20" pin="0"/><net_sink comp="175" pin=11"/></net>

<net id="207"><net_src comp="22" pin="0"/><net_sink comp="175" pin=12"/></net>

<net id="208"><net_src comp="24" pin="0"/><net_sink comp="175" pin=13"/></net>

<net id="209"><net_src comp="26" pin="0"/><net_sink comp="175" pin=14"/></net>

<net id="210"><net_src comp="28" pin="0"/><net_sink comp="175" pin=15"/></net>

<net id="211"><net_src comp="30" pin="0"/><net_sink comp="175" pin=16"/></net>

<net id="212"><net_src comp="32" pin="0"/><net_sink comp="175" pin=17"/></net>

<net id="213"><net_src comp="34" pin="0"/><net_sink comp="175" pin=18"/></net>

<net id="214"><net_src comp="36" pin="0"/><net_sink comp="175" pin=19"/></net>

<net id="220"><net_src comp="98" pin="0"/><net_sink comp="215" pin=0"/></net>

<net id="226"><net_src comp="100" pin="0"/><net_sink comp="221" pin=0"/></net>

<net id="259"><net_src comp="102" pin="0"/><net_sink comp="227" pin=0"/></net>

<net id="260"><net_src comp="2" pin="0"/><net_sink comp="227" pin=2"/></net>

<net id="261"><net_src comp="38" pin="0"/><net_sink comp="227" pin=3"/></net>

<net id="262"><net_src comp="40" pin="0"/><net_sink comp="227" pin=4"/></net>

<net id="263"><net_src comp="42" pin="0"/><net_sink comp="227" pin=5"/></net>

<net id="264"><net_src comp="44" pin="0"/><net_sink comp="227" pin=6"/></net>

<net id="265"><net_src comp="46" pin="0"/><net_sink comp="227" pin=7"/></net>

<net id="266"><net_src comp="48" pin="0"/><net_sink comp="227" pin=8"/></net>

<net id="267"><net_src comp="50" pin="0"/><net_sink comp="227" pin=9"/></net>

<net id="268"><net_src comp="52" pin="0"/><net_sink comp="227" pin=10"/></net>

<net id="269"><net_src comp="54" pin="0"/><net_sink comp="227" pin=11"/></net>

<net id="270"><net_src comp="56" pin="0"/><net_sink comp="227" pin=12"/></net>

<net id="271"><net_src comp="58" pin="0"/><net_sink comp="227" pin=13"/></net>

<net id="272"><net_src comp="60" pin="0"/><net_sink comp="227" pin=14"/></net>

<net id="273"><net_src comp="62" pin="0"/><net_sink comp="227" pin=15"/></net>

<net id="274"><net_src comp="64" pin="0"/><net_sink comp="227" pin=16"/></net>

<net id="275"><net_src comp="66" pin="0"/><net_sink comp="227" pin=17"/></net>

<net id="276"><net_src comp="68" pin="0"/><net_sink comp="227" pin=18"/></net>

<net id="277"><net_src comp="70" pin="0"/><net_sink comp="227" pin=19"/></net>

<net id="278"><net_src comp="72" pin="0"/><net_sink comp="227" pin=20"/></net>

<net id="279"><net_src comp="74" pin="0"/><net_sink comp="227" pin=21"/></net>

<net id="280"><net_src comp="76" pin="0"/><net_sink comp="227" pin=22"/></net>

<net id="281"><net_src comp="78" pin="0"/><net_sink comp="227" pin=23"/></net>

<net id="282"><net_src comp="80" pin="0"/><net_sink comp="227" pin=24"/></net>

<net id="283"><net_src comp="82" pin="0"/><net_sink comp="227" pin=25"/></net>

<net id="284"><net_src comp="84" pin="0"/><net_sink comp="227" pin=26"/></net>

<net id="285"><net_src comp="86" pin="0"/><net_sink comp="227" pin=27"/></net>

<net id="286"><net_src comp="88" pin="0"/><net_sink comp="227" pin=28"/></net>

<net id="287"><net_src comp="90" pin="0"/><net_sink comp="227" pin=29"/></net>

<net id="291"><net_src comp="152" pin="1"/><net_sink comp="288" pin=0"/></net>

<net id="292"><net_src comp="288" pin="1"/><net_sink comp="168" pin=2"/></net>

<net id="293"><net_src comp="288" pin="1"/><net_sink comp="175" pin=1"/></net>

<net id="297"><net_src comp="156" pin="1"/><net_sink comp="294" pin=0"/></net>

<net id="298"><net_src comp="294" pin="1"/><net_sink comp="175" pin=2"/></net>

<net id="299"><net_src comp="294" pin="1"/><net_sink comp="215" pin=1"/></net>

<net id="303"><net_src comp="160" pin="1"/><net_sink comp="300" pin=0"/></net>

<net id="304"><net_src comp="300" pin="1"/><net_sink comp="215" pin=2"/></net>

<net id="305"><net_src comp="300" pin="1"/><net_sink comp="221" pin=1"/></net>

<net id="309"><net_src comp="164" pin="1"/><net_sink comp="306" pin=0"/></net>

<net id="310"><net_src comp="306" pin="1"/><net_sink comp="221" pin=2"/></net>

<net id="311"><net_src comp="306" pin="1"/><net_sink comp="227" pin=1"/></net>

</net_list>

</model> 
---------------- Datapath Model END ------------------

* FSMD analyzer results:
  - Output states:
	Port: layer4_out | {10 11 }
	Port: void_compute_output_buffer_2d_array_const_ap_shift_reg_n_chan_stream_weig_17 | {4 5 }
	Port: void_compute_output_buffer_2d_array_const_ap_shift_reg_n_chan_stream_weig_18 | {4 5 }
	Port: void_compute_output_buffer_2d_array_const_ap_shift_reg_n_chan_stream_weig_14 | {4 5 }
	Port: void_compute_output_buffer_2d_array_const_ap_shift_reg_n_chan_stream_weig_15 | {4 5 }
	Port: void_compute_output_buffer_2d_array_const_ap_shift_reg_n_chan_stream_weig_11 | {4 5 }
	Port: void_compute_output_buffer_2d_array_const_ap_shift_reg_n_chan_stream_weig_12 | {4 5 }
	Port: void_compute_output_buffer_2d_array_const_ap_shift_reg_n_chan_stream_weig_16 | {4 5 }
	Port: void_compute_output_buffer_2d_array_const_ap_shift_reg_n_chan_stream_weig_13 | {4 5 }
	Port: void_compute_output_buffer_2d_array_const_ap_shift_reg_n_chan_stream_weig_10 | {4 5 }
	Port: void_conv_2d_buffer_cl_stream_stream_weight_t_bias_t_line_buffer_0_1 | {4 5 }
	Port: void_conv_2d_buffer_cl_stream_stream_weight_t_bias_t_line_buffer_2 | {4 5 }
	Port: sX_1 | {4 5 }
	Port: sY_1 | {4 5 }
	Port: pY_1 | {4 5 }
	Port: pX_1 | {4 5 }
	Port: void_compute_output_buffer_2d_array_const_ap_shift_reg_n_chan_stream_weig_7 | {10 11 }
	Port: void_compute_output_buffer_2d_array_const_ap_shift_reg_n_chan_stream_weig_9 | {10 11 }
	Port: void_compute_output_buffer_2d_array_const_ap_shift_reg_n_chan_stream_weig_6 | {10 11 }
	Port: void_compute_output_buffer_2d_array_const_ap_shift_reg_n_chan_stream_weig_8 | {10 11 }
	Port: void_compute_output_buffer_2d_array_const_ap_shift_reg_n_chan_stream_weig_1 | {10 11 }
	Port: void_compute_output_buffer_2d_array_const_ap_shift_reg_n_chan_stream_weig_3 | {10 11 }
	Port: void_compute_output_buffer_2d_array_const_ap_shift_reg_n_chan_stream_weig | {10 11 }
	Port: void_compute_output_buffer_2d_array_const_ap_shift_reg_n_chan_stream_weig_2 | {10 11 }
	Port: p_ZZN4nnet24compute_output_buffer_2dINS_5arrayI8ap_fixedILi8ELi2EL9ap_q_mode5EL9a_3 | {10 11 }
	Port: p_ZZN4nnet24compute_output_buffer_2dINS_5arrayI8ap_fixedILi8ELi2EL9ap_q_mode5EL9a_5 | {10 11 }
	Port: p_ZZN4nnet24compute_output_buffer_2dINS_5arrayI8ap_fixedILi8ELi2EL9ap_q_mode5EL9a_2 | {10 11 }
	Port: p_ZZN4nnet24compute_output_buffer_2dINS_5arrayI8ap_fixedILi8ELi2EL9ap_q_mode5EL9a_4 | {10 11 }
	Port: void_compute_output_buffer_2d_array_const_ap_shift_reg_n_chan_stream_weig_5 | {10 11 }
	Port: void_compute_output_buffer_2d_array_const_ap_shift_reg_n_chan_stream_weig_4 | {10 11 }
	Port: p_ZZN4nnet24compute_output_buffer_2dINS_5arrayI8ap_fixedILi8ELi2EL9ap_q_mode5EL9a_7 | {10 11 }
	Port: p_ZZN4nnet24compute_output_buffer_2dINS_5arrayI8ap_fixedILi8ELi2EL9ap_q_mode5EL9a_6 | {10 11 }
	Port: p_ZZN4nnet24compute_output_buffer_2dINS_5arrayI8ap_fixedILi8ELi2EL9ap_q_mode5EL9a_1 | {10 11 }
	Port: p_ZZN4nnet24compute_output_buffer_2dINS_5arrayI8ap_fixedILi8ELi2EL9ap_q_mode5EL9a | {10 11 }
	Port: void_conv_2d_buffer_cl_stream_stream_weight_t_bias_t_line_buffer_0 | {10 11 }
	Port: void_conv_2d_buffer_cl_stream_stream_weight_t_bias_t_line_buffer | {10 11 }
	Port: void_conv_2d_buffer_cl_stream_stream_weight_t_bias_t_line_buffer_1_0 | {10 11 }
	Port: void_conv_2d_buffer_cl_stream_stream_weight_t_bias_t_line_buffer_1 | {10 11 }
	Port: sX | {10 11 }
	Port: sY | {10 11 }
	Port: pY | {10 11 }
	Port: pX | {10 11 }
 - Input state : 
	Port: myproject : input_image | {2 3 }
	Port: myproject : void_compute_output_buffer_2d_array_const_ap_shift_reg_n_chan_stream_weig_17 | {4 5 }
	Port: myproject : void_compute_output_buffer_2d_array_const_ap_shift_reg_n_chan_stream_weig_18 | {4 5 }
	Port: myproject : void_compute_output_buffer_2d_array_const_ap_shift_reg_n_chan_stream_weig_14 | {4 5 }
	Port: myproject : void_compute_output_buffer_2d_array_const_ap_shift_reg_n_chan_stream_weig_15 | {4 5 }
	Port: myproject : void_compute_output_buffer_2d_array_const_ap_shift_reg_n_chan_stream_weig_11 | {4 5 }
	Port: myproject : void_compute_output_buffer_2d_array_const_ap_shift_reg_n_chan_stream_weig_12 | {4 5 }
	Port: myproject : void_compute_output_buffer_2d_array_const_ap_shift_reg_n_chan_stream_weig_16 | {4 5 }
	Port: myproject : void_compute_output_buffer_2d_array_const_ap_shift_reg_n_chan_stream_weig_13 | {4 5 }
	Port: myproject : void_compute_output_buffer_2d_array_const_ap_shift_reg_n_chan_stream_weig_10 | {4 5 }
	Port: myproject : void_conv_2d_buffer_cl_stream_stream_weight_t_bias_t_line_buffer_0_1 | {4 5 }
	Port: myproject : void_conv_2d_buffer_cl_stream_stream_weight_t_bias_t_line_buffer_2 | {4 5 }
	Port: myproject : sX_1 | {4 5 }
	Port: myproject : sY_1 | {4 5 }
	Port: myproject : pY_1 | {4 5 }
	Port: myproject : pX_1 | {4 5 }
	Port: myproject : outidx | {4 5 }
	Port: myproject : w2_V | {4 5 }
	Port: myproject : void_compute_output_buffer_2d_array_const_ap_shift_reg_n_chan_stream_weig_7 | {10 11 }
	Port: myproject : void_compute_output_buffer_2d_array_const_ap_shift_reg_n_chan_stream_weig_9 | {10 11 }
	Port: myproject : void_compute_output_buffer_2d_array_const_ap_shift_reg_n_chan_stream_weig_6 | {10 11 }
	Port: myproject : void_compute_output_buffer_2d_array_const_ap_shift_reg_n_chan_stream_weig_8 | {10 11 }
	Port: myproject : void_compute_output_buffer_2d_array_const_ap_shift_reg_n_chan_stream_weig_1 | {10 11 }
	Port: myproject : void_compute_output_buffer_2d_array_const_ap_shift_reg_n_chan_stream_weig_3 | {10 11 }
	Port: myproject : void_compute_output_buffer_2d_array_const_ap_shift_reg_n_chan_stream_weig | {10 11 }
	Port: myproject : void_compute_output_buffer_2d_array_const_ap_shift_reg_n_chan_stream_weig_2 | {10 11 }
	Port: myproject : p_ZZN4nnet24compute_output_buffer_2dINS_5arrayI8ap_fixedILi8ELi2EL9ap_q_mode5EL9a_3 | {10 11 }
	Port: myproject : p_ZZN4nnet24compute_output_buffer_2dINS_5arrayI8ap_fixedILi8ELi2EL9ap_q_mode5EL9a_5 | {10 11 }
	Port: myproject : p_ZZN4nnet24compute_output_buffer_2dINS_5arrayI8ap_fixedILi8ELi2EL9ap_q_mode5EL9a_2 | {10 11 }
	Port: myproject : p_ZZN4nnet24compute_output_buffer_2dINS_5arrayI8ap_fixedILi8ELi2EL9ap_q_mode5EL9a_4 | {10 11 }
	Port: myproject : void_compute_output_buffer_2d_array_const_ap_shift_reg_n_chan_stream_weig_5 | {10 11 }
	Port: myproject : void_compute_output_buffer_2d_array_const_ap_shift_reg_n_chan_stream_weig_4 | {10 11 }
	Port: myproject : p_ZZN4nnet24compute_output_buffer_2dINS_5arrayI8ap_fixedILi8ELi2EL9ap_q_mode5EL9a_7 | {10 11 }
	Port: myproject : p_ZZN4nnet24compute_output_buffer_2dINS_5arrayI8ap_fixedILi8ELi2EL9ap_q_mode5EL9a_6 | {10 11 }
	Port: myproject : p_ZZN4nnet24compute_output_buffer_2dINS_5arrayI8ap_fixedILi8ELi2EL9ap_q_mode5EL9a_1 | {10 11 }
	Port: myproject : p_ZZN4nnet24compute_output_buffer_2dINS_5arrayI8ap_fixedILi8ELi2EL9ap_q_mode5EL9a | {10 11 }
	Port: myproject : void_conv_2d_buffer_cl_stream_stream_weight_t_bias_t_line_buffer_0 | {10 11 }
	Port: myproject : void_conv_2d_buffer_cl_stream_stream_weight_t_bias_t_line_buffer | {10 11 }
	Port: myproject : void_conv_2d_buffer_cl_stream_stream_weight_t_bias_t_line_buffer_1_0 | {10 11 }
	Port: myproject : void_conv_2d_buffer_cl_stream_stream_weight_t_bias_t_line_buffer_1 | {10 11 }
	Port: myproject : sX | {10 11 }
	Port: myproject : sY | {10 11 }
	Port: myproject : pY | {10 11 }
	Port: myproject : pX | {10 11 }
	Port: myproject : w4_V | {10 11 }
  - Chain level:
	State 1
	State 2
	State 3
	State 4
	State 5
	State 6
	State 7
	State 8
	State 9
	State 10
	State 11
	State 12


============================================================
+ Verbose Summary: Datapath Resource usage 
============================================================

* Functional unit list:
|----------|---------------------------------------------------------------------------------|---------|---------|---------|---------|
| Operation|                                 Functional Unit                                 |   DSP   |  Delay  |    FF   |   LUT   |
|----------|---------------------------------------------------------------------------------|---------|---------|---------|---------|
|          | grp_zeropad2d_cl_array_ap_fixed_1u_array_ap_fixed_8_2_5_3_0_1u_config5_s_fu_168 |    0    |  1.588  |    33   |   122   |
|          |  grp_conv_2d_cl_array_ap_fixed_1u_array_ap_fixed_8_2_5_3_0_2u_config2_s_fu_175  |    0    |  4.764  |   416   |   683   |
|   call   |   grp_relu_array_ap_fixed_2u_array_ap_fixed_8_2_5_3_0_2u_relu_config3_s_fu_215  |    0    |    0    |    30   |    68   |
|          | grp_zeropad2d_cl_array_ap_fixed_2u_array_ap_fixed_8_2_5_3_0_2u_config6_s_fu_221 |    0    |  1.588  |    33   |   122   |
|          |  grp_conv_2d_cl_array_ap_fixed_2u_array_ap_fixed_8_2_5_3_0_1u_config4_s_fu_227  |    0    |  4.764  |   571   |   554   |
|----------|---------------------------------------------------------------------------------|---------|---------|---------|---------|
|   Total  |                                                                                 |    0    |  12.704 |   1083  |   1549  |
|----------|---------------------------------------------------------------------------------|---------|---------|---------|---------|

Memories:
+--------------------------------------------------------------------+--------+--------+--------+
|                                                                    |  BRAM  |   FF   |   LUT  |
+--------------------------------------------------------------------+--------+--------+--------+
|                               outidx                               |    0   |    1   |    1   |
|  void_conv_2d_buffer_cl_stream_stream_weight_t_bias_t_line_buffer  |    -   |   64   |   32   |
| void_conv_2d_buffer_cl_stream_stream_weight_t_bias_t_line_buffer_0 |    -   |   64   |   32   |
|void_conv_2d_buffer_cl_stream_stream_weight_t_bias_t_line_buffer_0_1|    -   |   64   |   32   |
| void_conv_2d_buffer_cl_stream_stream_weight_t_bias_t_line_buffer_1 |    -   |   64   |   32   |
|void_conv_2d_buffer_cl_stream_stream_weight_t_bias_t_line_buffer_1_0|    -   |   64   |   32   |
| void_conv_2d_buffer_cl_stream_stream_weight_t_bias_t_line_buffer_2 |    -   |   64   |   32   |
|                                w2_V                                |    1   |    0   |    0   |
|                                w4_V                                |    1   |    0   |    0   |
+--------------------------------------------------------------------+--------+--------+--------+
|                                Total                               |    2   |   385  |   193  |
+--------------------------------------------------------------------+--------+--------+--------+

* Register list:
+------------------+--------+
|                  |   FF   |
+------------------+--------+
|layer2_out_reg_294|   16   |
|layer3_out_reg_300|   16   |
|layer5_out_reg_288|    8   |
|layer6_out_reg_306|   16   |
+------------------+--------+
|       Total      |   56   |
+------------------+--------+

* Multiplexer (MUX) list: 
|--------|------|------|------|--------|
|  Comp  |  Pin | Size |  BW  | S x BW |
|--------|------|------|------|--------|
|  Total |      |      |      |    0   |
|--------|------|------|------|--------|



* Summary:
+-----------+--------+--------+--------+--------+--------+
|           |  BRAM  |   DSP  |  Delay |   FF   |   LUT  |
+-----------+--------+--------+--------+--------+--------+
|  Function |    -   |    0   |   12   |  1083  |  1549  |
|   Memory  |    2   |    -   |    -   |   385  |   193  |
|Multiplexer|    -   |    -   |    -   |    -   |    -   |
|  Register |    -   |    -   |    -   |   56   |    -   |
+-----------+--------+--------+--------+--------+--------+
|   Total   |    2   |    0   |   12   |  1524  |  1742  |
+-----------+--------+--------+--------+--------+--------+
