

================================================================
== Vitis HLS Report for 'relu_array_ap_fixed_2u_array_ap_fixed_8_2_5_3_0_2u_relu_config3_s'
================================================================
* Date:           Tue May 26 23:24:15 2026

* Version:        2021.2 (Build 3367213 on Tue Oct 19 02:48:09 MDT 2021)
* Project:        myproject_prj
* Solution:       solution1 (Vivado IP Flow Target)
* Product family: zynq
* Target device:  xc7z020-clg400-1


================================================================
== Performance Estimates
================================================================
+ Timing: 
    * Summary: 
    +--------+----------+----------+------------+
    |  Clock |  Target  | Estimated| Uncertainty|
    +--------+----------+----------+------------+
    |ap_clk  |  10.00 ns|  6.051 ns|     1.25 ns|
    +--------+----------+----------+------------+

+ Latency: 
    * Summary: 
    +---------+---------+----------+----------+-------+-------+---------+
    |  Latency (cycles) |  Latency (absolute) |    Interval   | Pipeline|
    |   min   |   max   |    min   |    max   |  min  |  max  |   Type  |
    +---------+---------+----------+----------+-------+-------+---------+
    |    19605|    19605|  0.196 ms|  0.196 ms|  19605|  19605|       no|
    +---------+---------+----------+----------+-------+-------+---------+

    + Detail: 
        * Instance: 
        N/A

        * Loop: 
        +---------------+---------+---------+----------+-----------+-----------+-------+----------+
        |               |  Latency (cycles) | Iteration|  Initiation Interval  |  Trip |          |
        |   Loop Name   |   min   |   max   |  Latency |  achieved |   target  | Count | Pipelined|
        +---------------+---------+---------+----------+-----------+-----------+-------+----------+
        |- ReLUActLoop  |    19603|    19603|         3|          1|          1|  19602|       yes|
        +---------------+---------+---------+----------+-----------+-----------+-------+----------+

============================================================
+ Verbose Summary: Synthesis Manager
============================================================
InlineROM: 1
ExposeGlobal: 0
============================================================
+ Verbose Summary: CDFG Model
============================================================
IsTopModel: 0
ResetActiveHigh: 1
IsCombinational: 2
IsDatapathOnly: 0
HasWiredReturn: 1
HasMFsm: 2
HasVarLatency: 1
IsPipeline: 0
IsRtlPipelined: 0
IsInstanceOverlapped: 0
IsDontTouch: 0
HasImplIP: 0
IsGatedGlobalClock: 0

+ Individual pipeline summary: 
  * Pipeline-0: initiation interval (II) = 1, depth = 3


============================================================
+ Verbose Summary: Schedule
============================================================
* Number of FSM states : 3
* Pipeline : 1
  Pipeline-0 : II = 1, D = 3, States = { 1 2 3 }
* Dataflow Pipeline: 0

* FSM state transitions: 
1 --> 2 
2 --> 3 
3 --> 

* FSM state operations: 

State 1 <SV = 0> <Delay = 3.90>
ST_1 : Operation 6 [1/1] (0.00ns)   --->   "%i = alloca i32 1"   --->   Operation 6 'alloca' 'i' <Predicate = true> <Delay = 0.00>
ST_1 : Operation 7 [1/1] (0.00ns)   --->   "%specinterface_ln0 = specinterface void @_ssdm_op_SpecInterface, i16 %layer3_out, void @empty_4, i32 0, i32 0, void @empty_6, i32 0, i32 0, void @empty_6, void @empty_6, void @empty_6, i32 0, i32 0, i32 0, i32 0, void @empty_6, void @empty_6"   --->   Operation 7 'specinterface' 'specinterface_ln0' <Predicate = true> <Delay = 0.00>
ST_1 : Operation 8 [1/1] (0.00ns)   --->   "%specinterface_ln0 = specinterface void @_ssdm_op_SpecInterface, i16 %layer2_out, void @empty_4, i32 0, i32 0, void @empty_6, i32 0, i32 0, void @empty_6, void @empty_6, void @empty_6, i32 0, i32 0, i32 0, i32 0, void @empty_6, void @empty_6"   --->   Operation 8 'specinterface' 'specinterface_ln0' <Predicate = true> <Delay = 0.00>
ST_1 : Operation 9 [1/1] (1.58ns)   --->   "%store_ln41 = store i15 0, i15 %i" [firmware/nnet_utils/nnet_activation_stream.h:41]   --->   Operation 9 'store' 'store_ln41' <Predicate = true> <Delay = 1.58>
ST_1 : Operation 10 [1/1] (0.00ns)   --->   "%br_ln41 = br void %_ZgtILi8ELi2ELb1EL9ap_q_mode5EL9ap_o_mode3ELi0EEbRK13ap_fixed_baseIXT_EXT0_EXT1_EXT2_EXT3_EXT4_EEi.exit" [firmware/nnet_utils/nnet_activation_stream.h:41]   --->   Operation 10 'br' 'br_ln41' <Predicate = true> <Delay = 0.00>
ST_1 : Operation 11 [1/1] (0.00ns)   --->   "%i_3 = load i15 %i" [firmware/nnet_utils/nnet_activation_stream.h:41]   --->   Operation 11 'load' 'i_3' <Predicate = true> <Delay = 0.00>
ST_1 : Operation 12 [1/1] (2.31ns)   --->   "%icmp_ln41 = icmp_eq  i15 %i_3, i15 19602" [firmware/nnet_utils/nnet_activation_stream.h:41]   --->   Operation 12 'icmp' 'icmp_ln41' <Predicate = true> <Delay = 2.31> <CoreInst = "Cmp">   --->   Core 9 'Cmp' <Latency = 0> <II = 1> <Delay = 1.55> <FuncUnit> <Opcode : 'icmp'> <InPorts = 2> <OutPorts = 1>
ST_1 : Operation 13 [1/1] (0.00ns)   --->   "%empty = speclooptripcount i32 @_ssdm_op_SpecLoopTripCount, i64 19602, i64 19602, i64 19602"   --->   Operation 13 'speclooptripcount' 'empty' <Predicate = true> <Delay = 0.00>
ST_1 : Operation 14 [1/1] (1.94ns)   --->   "%i_4 = add i15 %i_3, i15 1" [firmware/nnet_utils/nnet_activation_stream.h:41]   --->   Operation 14 'add' 'i_4' <Predicate = true> <Delay = 1.94> <CoreInst = "Adder">   --->   Core 1 'Adder' <Latency = 0> <II = 1> <Delay = 1.94> <FuncUnit> <Opcode : 'add' 'sub'> <InPorts = 2> <OutPorts = 1>
ST_1 : Operation 15 [1/1] (0.00ns)   --->   "%br_ln41 = br i1 %icmp_ln41, void %_ZgtILi8ELi2ELb1EL9ap_q_mode5EL9ap_o_mode3ELi0EEbRK13ap_fixed_baseIXT_EXT0_EXT1_EXT2_EXT3_EXT4_EEi.exit.split, void" [firmware/nnet_utils/nnet_activation_stream.h:41]   --->   Operation 15 'br' 'br_ln41' <Predicate = true> <Delay = 0.00>
ST_1 : Operation 16 [1/1] (1.58ns)   --->   "%store_ln41 = store i15 %i_4, i15 %i" [firmware/nnet_utils/nnet_activation_stream.h:41]   --->   Operation 16 'store' 'store_ln41' <Predicate = (!icmp_ln41)> <Delay = 1.58>

State 2 <SV = 1> <Delay = 6.05>
ST_2 : Operation 17 [1/1] (3.50ns)   --->   "%layer2_out_read = read i16 @_ssdm_op_Read.ap_fifo.volatile.i16P0A, i16 %layer2_out" [C:/Xilinx/Vitis_HLS/2021.2/common/technology/autopilot/hls_stream_39.h:144]   --->   Operation 17 'read' 'layer2_out_read' <Predicate = true> <Delay = 3.50> <CoreInst = "FIFO">   --->   Core 78 'FIFO' <Latency = 0> <II = 1> <Delay = 3.50> <Storage> <Opcode : 'read' 'write' 'nbread' 'nbwrite'> <Ports = 0> <Width = 16> <Depth = 19602> <FIFO>
ST_2 : Operation 18 [1/1] (0.00ns)   --->   "%trunc_ln144 = trunc i16 %layer2_out_read" [C:/Xilinx/Vitis_HLS/2021.2/common/technology/autopilot/hls_stream_39.h:144]   --->   Operation 18 'trunc' 'trunc_ln144' <Predicate = true> <Delay = 0.00>
ST_2 : Operation 19 [1/1] (0.00ns)   --->   "%trunc_ln144_1 = trunc i16 %layer2_out_read" [C:/Xilinx/Vitis_HLS/2021.2/common/technology/autopilot/hls_stream_39.h:144]   --->   Operation 19 'trunc' 'trunc_ln144_1' <Predicate = true> <Delay = 0.00>
ST_2 : Operation 20 [1/1] (0.00ns)   --->   "%trunc_ln144_2 = partselect i8 @_ssdm_op_PartSelect.i8.i16.i32.i32, i16 %layer2_out_read, i32 8, i32 15" [C:/Xilinx/Vitis_HLS/2021.2/common/technology/autopilot/hls_stream_39.h:144]   --->   Operation 20 'partselect' 'trunc_ln144_2' <Predicate = true> <Delay = 0.00>
ST_2 : Operation 21 [1/1] (0.00ns)   --->   "%trunc_ln1 = partselect i7 @_ssdm_op_PartSelect.i7.i16.i32.i32, i16 %layer2_out_read, i32 8, i32 14"   --->   Operation 21 'partselect' 'trunc_ln1' <Predicate = true> <Delay = 0.00>
ST_2 : Operation 22 [1/1] (1.55ns)   --->   "%icmp_ln1547 = icmp_sgt  i8 %trunc_ln144, i8 0"   --->   Operation 22 'icmp' 'icmp_ln1547' <Predicate = true> <Delay = 1.55> <CoreInst = "Cmp">   --->   Core 9 'Cmp' <Latency = 0> <II = 1> <Delay = 1.55> <FuncUnit> <Opcode : 'icmp'> <InPorts = 2> <OutPorts = 1>
ST_2 : Operation 23 [1/1] (0.99ns)   --->   "%select_ln51 = select i1 %icmp_ln1547, i7 %trunc_ln144_1, i7 0" [firmware/nnet_utils/nnet_activation_stream.h:51]   --->   Operation 23 'select' 'select_ln51' <Predicate = true> <Delay = 0.99> <CoreInst = "Sel">   --->   Core 73 'Sel' <Latency = 0> <II = 1> <Delay = 0.99> <FuncUnit> <Opcode : 'select'> <InPorts = 3> <OutPorts = 1>
ST_2 : Operation 24 [1/1] (1.55ns)   --->   "%icmp_ln1547_1 = icmp_sgt  i8 %trunc_ln144_2, i8 0"   --->   Operation 24 'icmp' 'icmp_ln1547_1' <Predicate = true> <Delay = 1.55> <CoreInst = "Cmp">   --->   Core 9 'Cmp' <Latency = 0> <II = 1> <Delay = 1.55> <FuncUnit> <Opcode : 'icmp'> <InPorts = 2> <OutPorts = 1>
ST_2 : Operation 25 [1/1] (0.99ns)   --->   "%select_ln51_1 = select i1 %icmp_ln1547_1, i7 %trunc_ln1, i7 0" [firmware/nnet_utils/nnet_activation_stream.h:51]   --->   Operation 25 'select' 'select_ln51_1' <Predicate = true> <Delay = 0.99> <CoreInst = "Sel">   --->   Core 73 'Sel' <Latency = 0> <II = 1> <Delay = 0.99> <FuncUnit> <Opcode : 'select'> <InPorts = 3> <OutPorts = 1>
ST_2 : Operation 33 [1/1] (0.00ns)   --->   "%ret_ln59 = ret" [firmware/nnet_utils/nnet_activation_stream.h:59]   --->   Operation 33 'ret' 'ret_ln59' <Predicate = (icmp_ln41)> <Delay = 0.00>

State 3 <SV = 2> <Delay = 3.50>
ST_3 : Operation 26 [1/1] (0.00ns)   --->   "%specpipeline_ln41 = specpipeline void @_ssdm_op_SpecPipeline, i32 4294967295, i32 0, i32 0, i32 0, void @empty_6" [firmware/nnet_utils/nnet_activation_stream.h:41]   --->   Operation 26 'specpipeline' 'specpipeline_ln41' <Predicate = true> <Delay = 0.00>
ST_3 : Operation 27 [1/1] (0.00ns)   --->   "%specloopname_ln41 = specloopname void @_ssdm_op_SpecLoopName, void @empty_10" [firmware/nnet_utils/nnet_activation_stream.h:41]   --->   Operation 27 'specloopname' 'specloopname_ln41' <Predicate = true> <Delay = 0.00>
ST_3 : Operation 28 [1/1] (0.00ns)   --->   "%zext_ln1547 = zext i7 %select_ln51"   --->   Operation 28 'zext' 'zext_ln1547' <Predicate = true> <Delay = 0.00>
ST_3 : Operation 29 [1/1] (0.00ns)   --->   "%tmp_1 = bitconcatenate i15 @_ssdm_op_BitConcatenate.i15.i7.i8, i7 %select_ln51_1, i8 %zext_ln1547" [C:/Xilinx/Vitis_HLS/2021.2/common/technology/autopilot/hls_stream_39.h:173]   --->   Operation 29 'bitconcatenate' 'tmp_1' <Predicate = true> <Delay = 0.00>
ST_3 : Operation 30 [1/1] (0.00ns)   --->   "%zext_ln173 = zext i15 %tmp_1" [C:/Xilinx/Vitis_HLS/2021.2/common/technology/autopilot/hls_stream_39.h:173]   --->   Operation 30 'zext' 'zext_ln173' <Predicate = true> <Delay = 0.00>
ST_3 : Operation 31 [1/1] (3.50ns)   --->   "%write_ln173 = write void @_ssdm_op_Write.ap_fifo.volatile.i16P0A, i16 %layer3_out, i16 %zext_ln173" [C:/Xilinx/Vitis_HLS/2021.2/common/technology/autopilot/hls_stream_39.h:173]   --->   Operation 31 'write' 'write_ln173' <Predicate = true> <Delay = 3.50> <CoreInst = "FIFO">   --->   Core 78 'FIFO' <Latency = 0> <II = 1> <Delay = 3.50> <Storage> <Opcode : 'read' 'write' 'nbread' 'nbwrite'> <Ports = 0> <Width = 16> <Depth = 19602> <FIFO>
ST_3 : Operation 32 [1/1] (0.00ns)   --->   "%br_ln0 = br void %_ZgtILi8ELi2ELb1EL9ap_q_mode5EL9ap_o_mode3ELi0EEbRK13ap_fixed_baseIXT_EXT0_EXT1_EXT2_EXT3_EXT4_EEi.exit"   --->   Operation 32 'br' 'br_ln0' <Predicate = true> <Delay = 0.00>


============================================================
+ Verbose Summary: Binding
============================================================
STG Binding: 
---------------- STG Properties BEGIN ----------------
- Is combinational: 0
- Is one-state seq: 0
- Is datapath-only: 0
- Is pipelined: 0
- Is top level: 0
Port [ Return ] is wired: 1; IO mode=ap_ctrl_hs:ce=0
Port [ layer2_out]:  wired=1; compound=1; hidden=0; nouse=0; global=0; static=0; extern=0; dir=0; type=3; pingpong=0; private_global=0; IO mode=ap_fifo:ce=0
Port [ layer3_out]:  wired=1; compound=1; hidden=0; nouse=0; global=0; static=0; extern=0; dir=1; type=3; pingpong=0; private_global=0; IO mode=ap_fifo:ce=0
---------------- STG Properties END ------------------

---------------- Datapath Model BEGIN ----------------

<LifeTime>
<method=bitvector/>
i                 (alloca           ) [ 0100]
specinterface_ln0 (specinterface    ) [ 0000]
specinterface_ln0 (specinterface    ) [ 0000]
store_ln41        (store            ) [ 0000]
br_ln41           (br               ) [ 0000]
i_3               (load             ) [ 0000]
icmp_ln41         (icmp             ) [ 0110]
empty             (speclooptripcount) [ 0000]
i_4               (add              ) [ 0000]
br_ln41           (br               ) [ 0000]
store_ln41        (store            ) [ 0000]
layer2_out_read   (read             ) [ 0000]
trunc_ln144       (trunc            ) [ 0000]
trunc_ln144_1     (trunc            ) [ 0000]
trunc_ln144_2     (partselect       ) [ 0000]
trunc_ln1         (partselect       ) [ 0000]
icmp_ln1547       (icmp             ) [ 0000]
select_ln51       (select           ) [ 0101]
icmp_ln1547_1     (icmp             ) [ 0000]
select_ln51_1     (select           ) [ 0101]
specpipeline_ln41 (specpipeline     ) [ 0000]
specloopname_ln41 (specloopname     ) [ 0000]
zext_ln1547       (zext             ) [ 0000]
tmp_1             (bitconcatenate   ) [ 0000]
zext_ln173        (zext             ) [ 0000]
write_ln173       (write            ) [ 0000]
br_ln0            (br               ) [ 0000]
ret_ln59          (ret              ) [ 0000]
</LifeTime>

<model>

<comp_list>
<comp id="0" class="1000" name="layer2_out">
<pin_list>
<pin id="1" dir="1" index="0" bw="1" slack="0"/>
</pin_list>
<bind>
<StgValue><ssdm name="layer2_out"/></StgValue>
</bind>
</comp>

<comp id="2" class="1000" name="layer3_out">
<pin_list>
<pin id="3" dir="1" index="0" bw="1" slack="0"/>
</pin_list>
<bind>
<StgValue><ssdm name="layer3_out"/></StgValue>
</bind>
</comp>

<comp id="4" class="1001" name="const_4">
<pin_list>
<pin id="5" dir="1" index="0" bw="1" slack="0"/>
</pin_list>
<bind>
<StgValue><ssdm name=""/></StgValue>
</bind>
</comp>

<comp id="6" class="1001" name="const_6">
<pin_list>
<pin id="7" dir="1" index="0" bw="1" slack="2147483647"/>
</pin_list>
<bind>
<StgValue><ssdm name="_ssdm_op_SpecInterface"/></StgValue>
</bind>
</comp>

<comp id="8" class="1001" name="const_8">
<pin_list>
<pin id="9" dir="1" index="0" bw="1" slack="2147483647"/>
</pin_list>
<bind>
<StgValue><ssdm name="empty_4"/></StgValue>
</bind>
</comp>

<comp id="10" class="1001" name="const_10">
<pin_list>
<pin id="11" dir="1" index="0" bw="1" slack="2147483647"/>
</pin_list>
<bind>
<StgValue><ssdm name=""/></StgValue>
</bind>
</comp>

<comp id="12" class="1001" name="const_12">
<pin_list>
<pin id="13" dir="1" index="0" bw="1" slack="2147483647"/>
</pin_list>
<bind>
<StgValue><ssdm name="empty_6"/></StgValue>
</bind>
</comp>

<comp id="14" class="1001" name="const_14">
<pin_list>
<pin id="15" dir="1" index="0" bw="1" slack="0"/>
</pin_list>
<bind>
<StgValue><ssdm name=""/></StgValue>
</bind>
</comp>

<comp id="16" class="1001" name="const_16">
<pin_list>
<pin id="17" dir="1" index="0" bw="1" slack="0"/>
</pin_list>
<bind>
<StgValue><ssdm name=""/></StgValue>
</bind>
</comp>

<comp id="18" class="1001" name="const_18">
<pin_list>
<pin id="19" dir="1" index="0" bw="1" slack="2147483647"/>
</pin_list>
<bind>
<StgValue><ssdm name="_ssdm_op_SpecLoopTripCount"/></StgValue>
</bind>
</comp>

<comp id="20" class="1001" name="const_20">
<pin_list>
<pin id="21" dir="1" index="0" bw="1" slack="2147483647"/>
</pin_list>
<bind>
<StgValue><ssdm name=""/></StgValue>
</bind>
</comp>

<comp id="22" class="1001" name="const_22">
<pin_list>
<pin id="23" dir="1" index="0" bw="1" slack="0"/>
</pin_list>
<bind>
<StgValue><ssdm name=""/></StgValue>
</bind>
</comp>

<comp id="24" class="1001" name="const_24">
<pin_list>
<pin id="25" dir="1" index="0" bw="1" slack="0"/>
</pin_list>
<bind>
<StgValue><ssdm name="_ssdm_op_Read.ap_fifo.volatile.i16P0A"/></StgValue>
</bind>
</comp>

<comp id="26" class="1001" name="const_26">
<pin_list>
<pin id="27" dir="1" index="0" bw="1" slack="0"/>
</pin_list>
<bind>
<StgValue><ssdm name="_ssdm_op_PartSelect.i8.i16.i32.i32"/></StgValue>
</bind>
</comp>

<comp id="28" class="1001" name="const_28">
<pin_list>
<pin id="29" dir="1" index="0" bw="1" slack="0"/>
</pin_list>
<bind>
<StgValue><ssdm name=""/></StgValue>
</bind>
</comp>

<comp id="30" class="1001" name="const_30">
<pin_list>
<pin id="31" dir="1" index="0" bw="1" slack="0"/>
</pin_list>
<bind>
<StgValue><ssdm name=""/></StgValue>
</bind>
</comp>

<comp id="32" class="1001" name="const_32">
<pin_list>
<pin id="33" dir="1" index="0" bw="1" slack="0"/>
</pin_list>
<bind>
<StgValue><ssdm name="_ssdm_op_PartSelect.i7.i16.i32.i32"/></StgValue>
</bind>
</comp>

<comp id="34" class="1001" name="const_34">
<pin_list>
<pin id="35" dir="1" index="0" bw="1" slack="0"/>
</pin_list>
<bind>
<StgValue><ssdm name=""/></StgValue>
</bind>
</comp>

<comp id="36" class="1001" name="const_36">
<pin_list>
<pin id="37" dir="1" index="0" bw="1" slack="0"/>
</pin_list>
<bind>
<StgValue><ssdm name=""/></StgValue>
</bind>
</comp>

<comp id="38" class="1001" name="const_38">
<pin_list>
<pin id="39" dir="1" index="0" bw="1" slack="0"/>
</pin_list>
<bind>
<StgValue><ssdm name=""/></StgValue>
</bind>
</comp>

<comp id="40" class="1001" name="const_40">
<pin_list>
<pin id="41" dir="1" index="0" bw="1" slack="2147483647"/>
</pin_list>
<bind>
<StgValue><ssdm name="_ssdm_op_SpecPipeline"/></StgValue>
</bind>
</comp>

<comp id="42" class="1001" name="const_42">
<pin_list>
<pin id="43" dir="1" index="0" bw="1" slack="2147483647"/>
</pin_list>
<bind>
<StgValue><ssdm name=""/></StgValue>
</bind>
</comp>

<comp id="44" class="1001" name="const_44">
<pin_list>
<pin id="45" dir="1" index="0" bw="1" slack="2147483647"/>
</pin_list>
<bind>
<StgValue><ssdm name="_ssdm_op_SpecLoopName"/></StgValue>
</bind>
</comp>

<comp id="46" class="1001" name="const_46">
<pin_list>
<pin id="47" dir="1" index="0" bw="1" slack="2147483647"/>
</pin_list>
<bind>
<StgValue><ssdm name="empty_10"/></StgValue>
</bind>
</comp>

<comp id="48" class="1001" name="const_48">
<pin_list>
<pin id="49" dir="1" index="0" bw="1" slack="0"/>
</pin_list>
<bind>
<StgValue><ssdm name="_ssdm_op_BitConcatenate.i15.i7.i8"/></StgValue>
</bind>
</comp>

<comp id="50" class="1001" name="const_50">
<pin_list>
<pin id="51" dir="1" index="0" bw="1" slack="0"/>
</pin_list>
<bind>
<StgValue><ssdm name="_ssdm_op_Write.ap_fifo.volatile.i16P0A"/></StgValue>
</bind>
</comp>

<comp id="52" class="1004" name="i_fu_52">
<pin_list>
<pin id="53" dir="0" index="0" bw="1" slack="0"/>
<pin id="54" dir="1" index="1" bw="15" slack="0"/>
</pin_list>
<bind>
<opcode="alloca(26) " fcode="alloca"/>
<opset="i/1 "/>
</bind>
</comp>

<comp id="56" class="1004" name="layer2_out_read_read_fu_56">
<pin_list>
<pin id="57" dir="0" index="0" bw="16" slack="0"/>
<pin id="58" dir="0" index="1" bw="16" slack="0"/>
<pin id="59" dir="1" index="2" bw="16" slack="0"/>
</pin_list>
<bind>
<opcode="read(1150) " fcode="read"/>
<opset="layer2_out_read/2 "/>
</bind>
</comp>

<comp id="62" class="1004" name="write_ln173_write_fu_62">
<pin_list>
<pin id="63" dir="0" index="0" bw="0" slack="0"/>
<pin id="64" dir="0" index="1" bw="16" slack="0"/>
<pin id="65" dir="0" index="2" bw="15" slack="0"/>
<pin id="66" dir="1" index="3" bw="0" slack="2147483647"/>
</pin_list>
<bind>
<opcode="write(1151) " fcode="write"/>
<opset="write_ln173/3 "/>
</bind>
</comp>

<comp id="69" class="1004" name="store_ln41_store_fu_69">
<pin_list>
<pin id="70" dir="0" index="0" bw="1" slack="0"/>
<pin id="71" dir="0" index="1" bw="15" slack="0"/>
<pin id="72" dir="1" index="2" bw="0" slack="2147483647"/>
</pin_list>
<bind>
<opcode="store(28) " fcode="store"/>
<opset="store_ln41/1 "/>
</bind>
</comp>

<comp id="74" class="1004" name="i_3_load_fu_74">
<pin_list>
<pin id="75" dir="0" index="0" bw="15" slack="0"/>
<pin id="76" dir="1" index="1" bw="15" slack="0"/>
</pin_list>
<bind>
<opcode="load(27) " fcode="load"/>
<opset="i_3/1 "/>
</bind>
</comp>

<comp id="77" class="1004" name="icmp_ln41_fu_77">
<pin_list>
<pin id="78" dir="0" index="0" bw="15" slack="0"/>
<pin id="79" dir="0" index="1" bw="15" slack="0"/>
<pin id="80" dir="1" index="2" bw="1" slack="1"/>
</pin_list>
<bind>
<opcode="icmp(45) " fcode="icmp"/>
<opset="icmp_ln41/1 "/>
</bind>
</comp>

<comp id="83" class="1004" name="i_4_fu_83">
<pin_list>
<pin id="84" dir="0" index="0" bw="15" slack="0"/>
<pin id="85" dir="0" index="1" bw="1" slack="0"/>
<pin id="86" dir="1" index="2" bw="15" slack="0"/>
</pin_list>
<bind>
<opcode="add(8) " fcode="add"/>
<opset="i_4/1 "/>
</bind>
</comp>

<comp id="89" class="1004" name="store_ln41_store_fu_89">
<pin_list>
<pin id="90" dir="0" index="0" bw="15" slack="0"/>
<pin id="91" dir="0" index="1" bw="15" slack="0"/>
<pin id="92" dir="1" index="2" bw="0" slack="2147483647"/>
</pin_list>
<bind>
<opcode="store(28) " fcode="store"/>
<opset="store_ln41/1 "/>
</bind>
</comp>

<comp id="94" class="1004" name="trunc_ln144_fu_94">
<pin_list>
<pin id="95" dir="0" index="0" bw="16" slack="0"/>
<pin id="96" dir="1" index="1" bw="8" slack="0"/>
</pin_list>
<bind>
<opcode="trunc(33) " fcode="trunc"/>
<opset="trunc_ln144/2 "/>
</bind>
</comp>

<comp id="98" class="1004" name="trunc_ln144_1_fu_98">
<pin_list>
<pin id="99" dir="0" index="0" bw="16" slack="0"/>
<pin id="100" dir="1" index="1" bw="7" slack="0"/>
</pin_list>
<bind>
<opcode="trunc(33) " fcode="trunc"/>
<opset="trunc_ln144_1/2 "/>
</bind>
</comp>

<comp id="102" class="1004" name="trunc_ln144_2_fu_102">
<pin_list>
<pin id="103" dir="0" index="0" bw="8" slack="0"/>
<pin id="104" dir="0" index="1" bw="16" slack="0"/>
<pin id="105" dir="0" index="2" bw="5" slack="0"/>
<pin id="106" dir="0" index="3" bw="5" slack="0"/>
<pin id="107" dir="1" index="4" bw="8" slack="0"/>
</pin_list>
<bind>
<opcode="partselect(1002) " fcode="partselect"/>
<opset="trunc_ln144_2/2 "/>
</bind>
</comp>

<comp id="112" class="1004" name="trunc_ln1_fu_112">
<pin_list>
<pin id="113" dir="0" index="0" bw="7" slack="0"/>
<pin id="114" dir="0" index="1" bw="16" slack="0"/>
<pin id="115" dir="0" index="2" bw="5" slack="0"/>
<pin id="116" dir="0" index="3" bw="5" slack="0"/>
<pin id="117" dir="1" index="4" bw="7" slack="0"/>
</pin_list>
<bind>
<opcode="partselect(1002) " fcode="partselect"/>
<opset="trunc_ln1/2 "/>
</bind>
</comp>

<comp id="122" class="1004" name="icmp_ln1547_fu_122">
<pin_list>
<pin id="123" dir="0" index="0" bw="8" slack="0"/>
<pin id="124" dir="0" index="1" bw="1" slack="0"/>
<pin id="125" dir="1" index="2" bw="1" slack="0"/>
</pin_list>
<bind>
<opcode="icmp(45) " fcode="icmp"/>
<opset="icmp_ln1547/2 "/>
</bind>
</comp>

<comp id="128" class="1004" name="select_ln51_fu_128">
<pin_list>
<pin id="129" dir="0" index="0" bw="1" slack="0"/>
<pin id="130" dir="0" index="1" bw="7" slack="0"/>
<pin id="131" dir="0" index="2" bw="1" slack="0"/>
<pin id="132" dir="1" index="3" bw="7" slack="1"/>
</pin_list>
<bind>
<opcode="select(49) " fcode="select"/>
<opset="select_ln51/2 "/>
</bind>
</comp>

<comp id="136" class="1004" name="icmp_ln1547_1_fu_136">
<pin_list>
<pin id="137" dir="0" index="0" bw="8" slack="0"/>
<pin id="138" dir="0" index="1" bw="1" slack="0"/>
<pin id="139" dir="1" index="2" bw="1" slack="0"/>
</pin_list>
<bind>
<opcode="icmp(45) " fcode="icmp"/>
<opset="icmp_ln1547_1/2 "/>
</bind>
</comp>

<comp id="142" class="1004" name="select_ln51_1_fu_142">
<pin_list>
<pin id="143" dir="0" index="0" bw="1" slack="0"/>
<pin id="144" dir="0" index="1" bw="7" slack="0"/>
<pin id="145" dir="0" index="2" bw="1" slack="0"/>
<pin id="146" dir="1" index="3" bw="7" slack="1"/>
</pin_list>
<bind>
<opcode="select(49) " fcode="select"/>
<opset="select_ln51_1/2 "/>
</bind>
</comp>

<comp id="150" class="1004" name="zext_ln1547_fu_150">
<pin_list>
<pin id="151" dir="0" index="0" bw="7" slack="1"/>
<pin id="152" dir="1" index="1" bw="8" slack="0"/>
</pin_list>
<bind>
<opcode="zext(34) " fcode="zext"/>
<opset="zext_ln1547/3 "/>
</bind>
</comp>

<comp id="153" class="1004" name="tmp_1_fu_153">
<pin_list>
<pin id="154" dir="0" index="0" bw="15" slack="0"/>
<pin id="155" dir="0" index="1" bw="7" slack="1"/>
<pin id="156" dir="0" index="2" bw="7" slack="0"/>
<pin id="157" dir="1" index="3" bw="15" slack="0"/>
</pin_list>
<bind>
<opcode="bitconcatenate(1004) " fcode="bitconcatenate"/>
<opset="tmp_1/3 "/>
</bind>
</comp>

<comp id="160" class="1004" name="zext_ln173_fu_160">
<pin_list>
<pin id="161" dir="0" index="0" bw="15" slack="0"/>
<pin id="162" dir="1" index="1" bw="16" slack="0"/>
</pin_list>
<bind>
<opcode="zext(34) " fcode="zext"/>
<opset="zext_ln173/3 "/>
</bind>
</comp>

<comp id="165" class="1005" name="i_reg_165">
<pin_list>
<pin id="166" dir="0" index="0" bw="15" slack="0"/>
<pin id="167" dir="1" index="1" bw="15" slack="0"/>
</pin_list>
<bind>
<opset="i "/>
</bind>
</comp>

<comp id="172" class="1005" name="icmp_ln41_reg_172">
<pin_list>
<pin id="173" dir="0" index="0" bw="1" slack="1"/>
<pin id="174" dir="1" index="1" bw="1" slack="2147483647"/>
</pin_list>
<bind>
<opset="icmp_ln41 "/>
</bind>
</comp>

<comp id="176" class="1005" name="select_ln51_reg_176">
<pin_list>
<pin id="177" dir="0" index="0" bw="7" slack="1"/>
<pin id="178" dir="1" index="1" bw="7" slack="1"/>
</pin_list>
<bind>
<opset="select_ln51 "/>
</bind>
</comp>

<comp id="181" class="1005" name="select_ln51_1_reg_181">
<pin_list>
<pin id="182" dir="0" index="0" bw="7" slack="1"/>
<pin id="183" dir="1" index="1" bw="7" slack="1"/>
</pin_list>
<bind>
<opset="select_ln51_1 "/>
</bind>
</comp>

</comp_list>

<net_list>
<net id="55"><net_src comp="4" pin="0"/><net_sink comp="52" pin=0"/></net>

<net id="60"><net_src comp="24" pin="0"/><net_sink comp="56" pin=0"/></net>

<net id="61"><net_src comp="0" pin="0"/><net_sink comp="56" pin=1"/></net>

<net id="67"><net_src comp="50" pin="0"/><net_sink comp="62" pin=0"/></net>

<net id="68"><net_src comp="2" pin="0"/><net_sink comp="62" pin=1"/></net>

<net id="73"><net_src comp="14" pin="0"/><net_sink comp="69" pin=0"/></net>

<net id="81"><net_src comp="74" pin="1"/><net_sink comp="77" pin=0"/></net>

<net id="82"><net_src comp="16" pin="0"/><net_sink comp="77" pin=1"/></net>

<net id="87"><net_src comp="74" pin="1"/><net_sink comp="83" pin=0"/></net>

<net id="88"><net_src comp="22" pin="0"/><net_sink comp="83" pin=1"/></net>

<net id="93"><net_src comp="83" pin="2"/><net_sink comp="89" pin=0"/></net>

<net id="97"><net_src comp="56" pin="2"/><net_sink comp="94" pin=0"/></net>

<net id="101"><net_src comp="56" pin="2"/><net_sink comp="98" pin=0"/></net>

<net id="108"><net_src comp="26" pin="0"/><net_sink comp="102" pin=0"/></net>

<net id="109"><net_src comp="56" pin="2"/><net_sink comp="102" pin=1"/></net>

<net id="110"><net_src comp="28" pin="0"/><net_sink comp="102" pin=2"/></net>

<net id="111"><net_src comp="30" pin="0"/><net_sink comp="102" pin=3"/></net>

<net id="118"><net_src comp="32" pin="0"/><net_sink comp="112" pin=0"/></net>

<net id="119"><net_src comp="56" pin="2"/><net_sink comp="112" pin=1"/></net>

<net id="120"><net_src comp="28" pin="0"/><net_sink comp="112" pin=2"/></net>

<net id="121"><net_src comp="34" pin="0"/><net_sink comp="112" pin=3"/></net>

<net id="126"><net_src comp="94" pin="1"/><net_sink comp="122" pin=0"/></net>

<net id="127"><net_src comp="36" pin="0"/><net_sink comp="122" pin=1"/></net>

<net id="133"><net_src comp="122" pin="2"/><net_sink comp="128" pin=0"/></net>

<net id="134"><net_src comp="98" pin="1"/><net_sink comp="128" pin=1"/></net>

<net id="135"><net_src comp="38" pin="0"/><net_sink comp="128" pin=2"/></net>

<net id="140"><net_src comp="102" pin="4"/><net_sink comp="136" pin=0"/></net>

<net id="141"><net_src comp="36" pin="0"/><net_sink comp="136" pin=1"/></net>

<net id="147"><net_src comp="136" pin="2"/><net_sink comp="142" pin=0"/></net>

<net id="148"><net_src comp="112" pin="4"/><net_sink comp="142" pin=1"/></net>

<net id="149"><net_src comp="38" pin="0"/><net_sink comp="142" pin=2"/></net>

<net id="158"><net_src comp="48" pin="0"/><net_sink comp="153" pin=0"/></net>

<net id="159"><net_src comp="150" pin="1"/><net_sink comp="153" pin=2"/></net>

<net id="163"><net_src comp="153" pin="3"/><net_sink comp="160" pin=0"/></net>

<net id="164"><net_src comp="160" pin="1"/><net_sink comp="62" pin=2"/></net>

<net id="168"><net_src comp="52" pin="1"/><net_sink comp="165" pin=0"/></net>

<net id="169"><net_src comp="165" pin="1"/><net_sink comp="69" pin=1"/></net>

<net id="170"><net_src comp="165" pin="1"/><net_sink comp="74" pin=0"/></net>

<net id="171"><net_src comp="165" pin="1"/><net_sink comp="89" pin=1"/></net>

<net id="175"><net_src comp="77" pin="2"/><net_sink comp="172" pin=0"/></net>

<net id="179"><net_src comp="128" pin="3"/><net_sink comp="176" pin=0"/></net>

<net id="180"><net_src comp="176" pin="1"/><net_sink comp="150" pin=0"/></net>

<net id="184"><net_src comp="142" pin="3"/><net_sink comp="181" pin=0"/></net>

<net id="185"><net_src comp="181" pin="1"/><net_sink comp="153" pin=1"/></net>

</net_list>

</model> 
---------------- Datapath Model END ------------------

* FSMD analyzer results:
  - Output states:
	Port: layer3_out | {3 }
 - Input state : 
	Port: relu<array<ap_fixed,2u>,array<ap_fixed<8,2,5,3,0>,2u>,relu_config3> : layer2_out | {2 }
  - Chain level:
	State 1
		store_ln41 : 1
		i_3 : 1
		icmp_ln41 : 2
		i_4 : 2
		br_ln41 : 3
		store_ln41 : 3
	State 2
		icmp_ln1547 : 1
		select_ln51 : 2
		icmp_ln1547_1 : 1
		select_ln51_1 : 2
	State 3
		tmp_1 : 1
		zext_ln173 : 2
		write_ln173 : 3


============================================================
+ Verbose Summary: Datapath Resource usage 
============================================================

* Functional unit list:
|----------|----------------------------|---------|---------|
| Operation|       Functional Unit      |    FF   |   LUT   |
|----------|----------------------------|---------|---------|
|          |       icmp_ln41_fu_77      |    0    |    12   |
|   icmp   |     icmp_ln1547_fu_122     |    0    |    11   |
|          |    icmp_ln1547_1_fu_136    |    0    |    11   |
|----------|----------------------------|---------|---------|
|    add   |          i_4_fu_83         |    0    |    20   |
|----------|----------------------------|---------|---------|
|  select  |     select_ln51_fu_128     |    0    |    7    |
|          |    select_ln51_1_fu_142    |    0    |    7    |
|----------|----------------------------|---------|---------|
|   read   | layer2_out_read_read_fu_56 |    0    |    0    |
|----------|----------------------------|---------|---------|
|   write  |   write_ln173_write_fu_62  |    0    |    0    |
|----------|----------------------------|---------|---------|
|   trunc  |      trunc_ln144_fu_94     |    0    |    0    |
|          |     trunc_ln144_1_fu_98    |    0    |    0    |
|----------|----------------------------|---------|---------|
|partselect|    trunc_ln144_2_fu_102    |    0    |    0    |
|          |      trunc_ln1_fu_112      |    0    |    0    |
|----------|----------------------------|---------|---------|
|   zext   |     zext_ln1547_fu_150     |    0    |    0    |
|          |      zext_ln173_fu_160     |    0    |    0    |
|----------|----------------------------|---------|---------|
|bitconcatenate|        tmp_1_fu_153        |    0    |    0    |
|----------|----------------------------|---------|---------|
|   Total  |                            |    0    |    68   |
|----------|----------------------------|---------|---------|

Memories:
N/A

* Register list:
+---------------------+--------+
|                     |   FF   |
+---------------------+--------+
|      i_reg_165      |   15   |
|  icmp_ln41_reg_172  |    1   |
|select_ln51_1_reg_181|    7   |
| select_ln51_reg_176 |    7   |
+---------------------+--------+
|        Total        |   30   |
+---------------------+--------+

* Multiplexer (MUX) list: 
|--------|------|------|------|--------|
|  Comp  |  Pin | Size |  BW  | S x BW |
|--------|------|------|------|--------|
|  Total |      |      |      |    0   |
|--------|------|------|------|--------|



* Summary:
+-----------+--------+--------+
|           |   FF   |   LUT  |
+-----------+--------+--------+
|  Function |    0   |   68   |
|   Memory  |    -   |    -   |
|Multiplexer|    -   |    -   |
|  Register |   30   |    -   |
+-----------+--------+--------+
|   Total   |   30   |   68   |
+-----------+--------+--------+
