

================================================================
== Vitis HLS Report for 'zeropad2d_cl_array_array_ap_fixed_8_2_5_3_0_1u_config5_Pipeline_CopyMain'
================================================================
* Date:           Tue May 26 23:24:12 2026

* Version:        2021.2 (Build 3367213 on Tue Oct 19 02:48:09 MDT 2021)
* Project:        myproject_prj
* Solution:       solution1 (Vivado IP Flow Target)
* Product family: zynq
* Target device:  xc7z020-clg400-1


================================================================
== Performance Estimates
================================================================
+ Timing: 
    * Summary: 
    +--------+----------+----------+------------+
    |  Clock |  Target  | Estimated| Uncertainty|
    +--------+----------+----------+------------+
    |ap_clk  |  10.00 ns|  3.507 ns|     1.25 ns|
    +--------+----------+----------+------------+

+ Latency: 
    * Summary: 
    +---------+---------+----------+----------+-----+-----+---------+
    |  Latency (cycles) |  Latency (absolute) |  Interval | Pipeline|
    |   min   |   max   |    min   |    max   | min | max |   Type  |
    +---------+---------+----------+----------+-----+-----+---------+
    |      326|      326|  3.260 us|  3.260 us|  326|  326|       no|
    +---------+---------+----------+----------+-----+-----+---------+

    + Detail: 
        * Instance: 
        N/A

        * Loop: 
        +------------+---------+---------+----------+-----------+-----------+------+----------+
        |            |  Latency (cycles) | Iteration|  Initiation Interval  | Trip |          |
        |  Loop Name |   min   |   max   |  Latency |  achieved |   target  | Count| Pipelined|
        +------------+---------+---------+----------+-----------+-----------+------+----------+
        |- CopyMain  |      324|      324|         3|          2|          1|   162|       yes|
        +------------+---------+---------+----------+-----------+-----------+------+----------+

============================================================
+ Verbose Summary: Synthesis Manager
============================================================
InlineROM: 1
ExposeGlobal: 0
============================================================
+ Verbose Summary: CDFG Model
============================================================
IsTopModel: 0
ResetActiveHigh: 1
IsCombinational: 0
IsDatapathOnly: 0
HasWiredReturn: 1
HasMFsm: 2
HasVarLatency: 1
IsPipeline: 0
IsRtlPipelined: 0
IsInstanceOverlapped: 0
IsDontTouch: 0
HasImplIP: 0
IsGatedGlobalClock: 0

+ Individual pipeline summary: 
  * Pipeline-0: initiation interval (II) = 2, depth = 3


============================================================
+ Verbose Summary: Schedule
============================================================
* Number of FSM states : 3
* Pipeline : 1
  Pipeline-0 : II = 2, D = 3, States = { 1 2 3 }
* Dataflow Pipeline: 0

* FSM state transitions: 
1 --> 2 
2 --> 3 
3 --> 

* FSM state operations: 

State 1 <SV = 0> <Delay = 3.50>
ST_1 : Operation 6 [1/1] (0.00ns)   --->   "%j = alloca i32 1"   --->   Operation 6 'alloca' 'j' <Predicate = true> <Delay = 0.00>
ST_1 : Operation 7 [1/1] (0.00ns)   --->   "%specinterface_ln0 = specinterface void @_ssdm_op_SpecInterface, i8 %input_image, void @empty_9, i32 0, i32 0, void @empty_8, i32 0, i32 0, void @empty_6, void @empty_6, void @empty_6, i32 0, i32 0, i32 0, i32 0, void @empty_6, void @empty_6"   --->   Operation 7 'specinterface' 'specinterface_ln0' <Predicate = true> <Delay = 0.00>
ST_1 : Operation 8 [1/1] (0.00ns)   --->   "%specinterface_ln0 = specinterface void @_ssdm_op_SpecInterface, i8 %layer5_out, void @empty_4, i32 0, i32 0, void @empty_6, i32 0, i32 0, void @empty_6, void @empty_6, void @empty_6, i32 0, i32 0, i32 0, i32 0, void @empty_6, void @empty_6"   --->   Operation 8 'specinterface' 'specinterface_ln0' <Predicate = true> <Delay = 0.00>
ST_1 : Operation 9 [1/1] (1.58ns)   --->   "%store_ln0 = store i8 0, i8 %j"   --->   Operation 9 'store' 'store_ln0' <Predicate = true> <Delay = 1.58>
ST_1 : Operation 10 [1/1] (0.00ns)   --->   "%br_ln0 = br void"   --->   Operation 10 'br' 'br_ln0' <Predicate = true> <Delay = 0.00>
ST_1 : Operation 11 [1/1] (0.00ns)   --->   "%j_7 = load i8 %j" [firmware/nnet_utils/nnet_padding_stream.h:65]   --->   Operation 11 'load' 'j_7' <Predicate = true> <Delay = 0.00>
ST_1 : Operation 12 [1/1] (0.00ns)   --->   "%specpipeline_ln0 = specpipeline void @_ssdm_op_SpecPipeline, i32 4294967295, i32 0, i32 1, i32 0, void @p_str"   --->   Operation 12 'specpipeline' 'specpipeline_ln0' <Predicate = true> <Delay = 0.00>
ST_1 : Operation 13 [1/1] (1.55ns)   --->   "%icmp_ln65 = icmp_eq  i8 %j_7, i8 162" [firmware/nnet_utils/nnet_padding_stream.h:65]   --->   Operation 13 'icmp' 'icmp_ln65' <Predicate = true> <Delay = 1.55> <CoreInst = "Cmp">   --->   Core 9 'Cmp' <Latency = 0> <II = 1> <Delay = 1.55> <FuncUnit> <Opcode : 'icmp'> <InPorts = 2> <OutPorts = 1>
ST_1 : Operation 14 [1/1] (0.00ns)   --->   "%empty = speclooptripcount i32 @_ssdm_op_SpecLoopTripCount, i64 162, i64 162, i64 162"   --->   Operation 14 'speclooptripcount' 'empty' <Predicate = true> <Delay = 0.00>
ST_1 : Operation 15 [1/1] (1.91ns)   --->   "%j_8 = add i8 %j_7, i8 1" [firmware/nnet_utils/nnet_padding_stream.h:65]   --->   Operation 15 'add' 'j_8' <Predicate = true> <Delay = 1.91> <CoreInst = "Adder">   --->   Core 1 'Adder' <Latency = 0> <II = 1> <Delay = 1.91> <FuncUnit> <Opcode : 'add' 'sub'> <InPorts = 2> <OutPorts = 1>
ST_1 : Operation 16 [1/1] (0.00ns)   --->   "%br_ln65 = br i1 %icmp_ln65, void %.split, void %_ZN8ap_fixedILi8ELi2EL9ap_q_mode5EL9ap_o_mode3ELi0EEC2Ei.exit.i46.exitStub" [firmware/nnet_utils/nnet_padding_stream.h:65]   --->   Operation 16 'br' 'br_ln65' <Predicate = true> <Delay = 0.00>
ST_1 : Operation 17 [1/1] (1.55ns)   --->   "%ifzero = icmp_eq  i8 %j_8, i8 162" [firmware/nnet_utils/nnet_padding_stream.h:65]   --->   Operation 17 'icmp' 'ifzero' <Predicate = (!icmp_ln65)> <Delay = 1.55> <CoreInst = "Cmp">   --->   Core 9 'Cmp' <Latency = 0> <II = 1> <Delay = 1.55> <FuncUnit> <Opcode : 'icmp'> <InPorts = 2> <OutPorts = 1>
ST_1 : Operation 18 [1/1] (0.00ns)   --->   "%br_ln65 = br i1 %ifzero, void %ifFalse, void %ifTrue" [firmware/nnet_utils/nnet_padding_stream.h:65]   --->   Operation 18 'br' 'br_ln65' <Predicate = (!icmp_ln65)> <Delay = 0.00>
ST_1 : Operation 19 [1/1] (1.58ns)   --->   "%store_ln65 = store i8 %j_8, i8 %j" [firmware/nnet_utils/nnet_padding_stream.h:65]   --->   Operation 19 'store' 'store_ln65' <Predicate = (!icmp_ln65)> <Delay = 1.58>
ST_1 : Operation 20 [1/1] (0.00ns)   --->   "%br_ln0 = br void"   --->   Operation 20 'br' 'br_ln0' <Predicate = (!icmp_ln65)> <Delay = 0.00>
ST_1 : Operation 26 [1/1] (0.00ns)   --->   "%ret_ln0 = ret"   --->   Operation 26 'ret' 'ret_ln0' <Predicate = (icmp_ln65)> <Delay = 0.00>

State 2 <SV = 1> <Delay = 3.50>
ST_2 : Operation 21 [1/1] (0.00ns)   --->   "%specloopname_ln18 = specloopname void @_ssdm_op_SpecLoopName, void @empty_0" [firmware/nnet_utils/nnet_padding_stream.h:18]   --->   Operation 21 'specloopname' 'specloopname_ln18' <Predicate = (!icmp_ln65)> <Delay = 0.00>
ST_2 : Operation 22 [1/1] (0.00ns)   --->   "%input_image_read = read i8 @_ssdm_op_Read.axis.volatile.i8P128A, i8 %input_image" [C:/Xilinx/Vitis_HLS/2021.2/common/technology/autopilot/hls_stream_39.h:144]   --->   Operation 22 'read' 'input_image_read' <Predicate = (!icmp_ln65)> <Delay = 0.00> <CoreInst = "axis">   --->   Core 115 'axis' <Latency = 0> <II = 1> <Delay = 1.00> <Adapter> <Opcode : >
ST_2 : Operation 23 [1/1] (3.50ns)   --->   "%write_ln173 = write void @_ssdm_op_Write.ap_fifo.volatile.i8P0A, i8 %layer5_out, i8 %input_image_read" [C:/Xilinx/Vitis_HLS/2021.2/common/technology/autopilot/hls_stream_39.h:173]   --->   Operation 23 'write' 'write_ln173' <Predicate = (!icmp_ln65)> <Delay = 3.50> <CoreInst = "FIFO">   --->   Core 78 'FIFO' <Latency = 0> <II = 1> <Delay = 3.50> <Storage> <Opcode : 'read' 'write' 'nbread' 'nbwrite'> <Ports = 0> <Width = 8> <Depth = 20172> <FIFO>

State 3 <SV = 2> <Delay = 3.50>
ST_3 : Operation 24 [1/1] (3.50ns)   --->   "%write_ln173 = write void @_ssdm_op_Write.ap_fifo.volatile.i8P0A, i8 %layer5_out, i8 0" [C:/Xilinx/Vitis_HLS/2021.2/common/technology/autopilot/hls_stream_39.h:173]   --->   Operation 24 'write' 'write_ln173' <Predicate = (ifzero)> <Delay = 3.50> <CoreInst = "FIFO">   --->   Core 78 'FIFO' <Latency = 0> <II = 1> <Delay = 3.50> <Storage> <Opcode : 'read' 'write' 'nbread' 'nbwrite'> <Ports = 0> <Width = 8> <Depth = 20172> <FIFO>
ST_3 : Operation 25 [1/1] (0.00ns)   --->   "%br_ln0 = br void %ifFalse"   --->   Operation 25 'br' 'br_ln0' <Predicate = (ifzero)> <Delay = 0.00>


============================================================
+ Verbose Summary: Binding
============================================================
STG Binding: 
---------------- STG Properties BEGIN ----------------
- Is combinational: 0
- Is one-state seq: 0
- Is datapath-only: 0
- Is pipelined: 0
- Is top level: 0
Port [ Return ] is wired: 1; IO mode=ap_ctrl_hs:ce=0
Port [ input_image]:  wired=1; compound=1; hidden=0; nouse=0; global=0; static=0; extern=0; dir=0; type=0; pingpong=0; private_global=0; IO mode=axis:ce=0
Port [ layer5_out]:  wired=1; compound=1; hidden=0; nouse=0; global=0; static=0; extern=0; dir=1; type=3; pingpong=0; private_global=0; IO mode=ap_fifo:ce=0
---------------- STG Properties END ------------------

---------------- Datapath Model BEGIN ----------------

<LifeTime>
<method=bitvector/>
j                 (alloca           ) [ 0100]
specinterface_ln0 (specinterface    ) [ 0000]
specinterface_ln0 (specinterface    ) [ 0000]
store_ln0         (store            ) [ 0000]
br_ln0            (br               ) [ 0000]
j_7               (load             ) [ 0000]
specpipeline_ln0  (specpipeline     ) [ 0000]
icmp_ln65         (icmp             ) [ 0110]
empty             (speclooptripcount) [ 0000]
j_8               (add              ) [ 0000]
br_ln65           (br               ) [ 0000]
ifzero            (icmp             ) [ 0111]
br_ln65           (br               ) [ 0000]
store_ln65        (store            ) [ 0000]
br_ln0            (br               ) [ 0000]
specloopname_ln18 (specloopname     ) [ 0000]
input_image_read  (read             ) [ 0000]
write_ln173       (write            ) [ 0000]
write_ln173       (write            ) [ 0000]
br_ln0            (br               ) [ 0000]
ret_ln0           (ret              ) [ 0000]
</LifeTime>

<model>

<comp_list>
<comp id="0" class="1000" name="input_image">
<pin_list>
<pin id="1" dir="1" index="0" bw="1" slack="0"/>
</pin_list>
<bind>
<StgValue><ssdm name="input_image"/></StgValue>
</bind>
</comp>

<comp id="2" class="1000" name="layer5_out">
<pin_list>
<pin id="3" dir="1" index="0" bw="1" slack="0"/>
</pin_list>
<bind>
<StgValue><ssdm name="layer5_out"/></StgValue>
</bind>
</comp>

<comp id="4" class="1001" name="const_4">
<pin_list>
<pin id="5" dir="1" index="0" bw="1" slack="0"/>
</pin_list>
<bind>
<StgValue><ssdm name=""/></StgValue>
</bind>
</comp>

<comp id="6" class="1001" name="const_6">
<pin_list>
<pin id="7" dir="1" index="0" bw="1" slack="2147483647"/>
</pin_list>
<bind>
<StgValue><ssdm name="_ssdm_op_SpecInterface"/></StgValue>
</bind>
</comp>

<comp id="8" class="1001" name="const_8">
<pin_list>
<pin id="9" dir="1" index="0" bw="1" slack="2147483647"/>
</pin_list>
<bind>
<StgValue><ssdm name="empty_9"/></StgValue>
</bind>
</comp>

<comp id="10" class="1001" name="const_10">
<pin_list>
<pin id="11" dir="1" index="0" bw="1" slack="2147483647"/>
</pin_list>
<bind>
<StgValue><ssdm name=""/></StgValue>
</bind>
</comp>

<comp id="12" class="1001" name="const_12">
<pin_list>
<pin id="13" dir="1" index="0" bw="1" slack="2147483647"/>
</pin_list>
<bind>
<StgValue><ssdm name="empty_8"/></StgValue>
</bind>
</comp>

<comp id="14" class="1001" name="const_14">
<pin_list>
<pin id="15" dir="1" index="0" bw="1" slack="2147483647"/>
</pin_list>
<bind>
<StgValue><ssdm name="empty_6"/></StgValue>
</bind>
</comp>

<comp id="16" class="1001" name="const_16">
<pin_list>
<pin id="17" dir="1" index="0" bw="1" slack="2147483647"/>
</pin_list>
<bind>
<StgValue><ssdm name="empty_4"/></StgValue>
</bind>
</comp>

<comp id="18" class="1001" name="const_18">
<pin_list>
<pin id="19" dir="1" index="0" bw="1" slack="0"/>
</pin_list>
<bind>
<StgValue><ssdm name=""/></StgValue>
</bind>
</comp>

<comp id="20" class="1001" name="const_20">
<pin_list>
<pin id="21" dir="1" index="0" bw="1" slack="2147483647"/>
</pin_list>
<bind>
<StgValue><ssdm name="_ssdm_op_SpecPipeline"/></StgValue>
</bind>
</comp>

<comp id="22" class="1001" name="const_22">
<pin_list>
<pin id="23" dir="1" index="0" bw="1" slack="2147483647"/>
</pin_list>
<bind>
<StgValue><ssdm name=""/></StgValue>
</bind>
</comp>

<comp id="24" class="1001" name="const_24">
<pin_list>
<pin id="25" dir="1" index="0" bw="1" slack="2147483647"/>
</pin_list>
<bind>
<StgValue><ssdm name="p_str"/></StgValue>
</bind>
</comp>

<comp id="26" class="1001" name="const_26">
<pin_list>
<pin id="27" dir="1" index="0" bw="1" slack="0"/>
</pin_list>
<bind>
<StgValue><ssdm name=""/></StgValue>
</bind>
</comp>

<comp id="28" class="1001" name="const_28">
<pin_list>
<pin id="29" dir="1" index="0" bw="1" slack="2147483647"/>
</pin_list>
<bind>
<StgValue><ssdm name="_ssdm_op_SpecLoopTripCount"/></StgValue>
</bind>
</comp>

<comp id="30" class="1001" name="const_30">
<pin_list>
<pin id="31" dir="1" index="0" bw="1" slack="2147483647"/>
</pin_list>
<bind>
<StgValue><ssdm name=""/></StgValue>
</bind>
</comp>

<comp id="32" class="1001" name="const_32">
<pin_list>
<pin id="33" dir="1" index="0" bw="1" slack="0"/>
</pin_list>
<bind>
<StgValue><ssdm name=""/></StgValue>
</bind>
</comp>

<comp id="34" class="1001" name="const_34">
<pin_list>
<pin id="35" dir="1" index="0" bw="1" slack="2147483647"/>
</pin_list>
<bind>
<StgValue><ssdm name="_ssdm_op_SpecLoopName"/></StgValue>
</bind>
</comp>

<comp id="36" class="1001" name="const_36">
<pin_list>
<pin id="37" dir="1" index="0" bw="1" slack="2147483647"/>
</pin_list>
<bind>
<StgValue><ssdm name="empty_0"/></StgValue>
</bind>
</comp>

<comp id="38" class="1001" name="const_38">
<pin_list>
<pin id="39" dir="1" index="0" bw="1" slack="0"/>
</pin_list>
<bind>
<StgValue><ssdm name="_ssdm_op_Read.axis.volatile.i8P128A"/></StgValue>
</bind>
</comp>

<comp id="40" class="1001" name="const_40">
<pin_list>
<pin id="41" dir="1" index="0" bw="1" slack="0"/>
</pin_list>
<bind>
<StgValue><ssdm name="_ssdm_op_Write.ap_fifo.volatile.i8P0A"/></StgValue>
</bind>
</comp>

<comp id="42" class="1004" name="j_fu_42">
<pin_list>
<pin id="43" dir="0" index="0" bw="1" slack="0"/>
<pin id="44" dir="1" index="1" bw="8" slack="0"/>
</pin_list>
<bind>
<opcode="alloca(26) " fcode="alloca"/>
<opset="j/1 "/>
</bind>
</comp>

<comp id="46" class="1004" name="input_image_read_read_fu_46">
<pin_list>
<pin id="47" dir="0" index="0" bw="8" slack="0"/>
<pin id="48" dir="0" index="1" bw="8" slack="0"/>
<pin id="49" dir="1" index="2" bw="8" slack="0"/>
</pin_list>
<bind>
<opcode="read(1150) " fcode="read"/>
<opset="input_image_read/2 "/>
</bind>
</comp>

<comp id="52" class="1004" name="grp_write_fu_52">
<pin_list>
<pin id="53" dir="0" index="0" bw="0" slack="0"/>
<pin id="54" dir="0" index="1" bw="8" slack="0"/>
<pin id="55" dir="0" index="2" bw="8" slack="0"/>
<pin id="56" dir="1" index="3" bw="0" slack="2147483647"/>
</pin_list>
<bind>
<opcode="write(1151) " fcode="write"/>
<opset="write_ln173/2 write_ln173/3 "/>
</bind>
</comp>

<comp id="61" class="1004" name="store_ln0_store_fu_61">
<pin_list>
<pin id="62" dir="0" index="0" bw="1" slack="0"/>
<pin id="63" dir="0" index="1" bw="8" slack="0"/>
<pin id="64" dir="1" index="2" bw="0" slack="2147483647"/>
</pin_list>
<bind>
<opcode="store(28) " fcode="store"/>
<opset="store_ln0/1 "/>
</bind>
</comp>

<comp id="66" class="1004" name="j_7_load_fu_66">
<pin_list>
<pin id="67" dir="0" index="0" bw="8" slack="0"/>
<pin id="68" dir="1" index="1" bw="8" slack="0"/>
</pin_list>
<bind>
<opcode="load(27) " fcode="load"/>
<opset="j_7/1 "/>
</bind>
</comp>

<comp id="69" class="1004" name="icmp_ln65_fu_69">
<pin_list>
<pin id="70" dir="0" index="0" bw="8" slack="0"/>
<pin id="71" dir="0" index="1" bw="8" slack="0"/>
<pin id="72" dir="1" index="2" bw="1" slack="1"/>
</pin_list>
<bind>
<opcode="icmp(45) " fcode="icmp"/>
<opset="icmp_ln65/1 "/>
</bind>
</comp>

<comp id="75" class="1004" name="j_8_fu_75">
<pin_list>
<pin id="76" dir="0" index="0" bw="8" slack="0"/>
<pin id="77" dir="0" index="1" bw="1" slack="0"/>
<pin id="78" dir="1" index="2" bw="8" slack="0"/>
</pin_list>
<bind>
<opcode="add(8) " fcode="add"/>
<opset="j_8/1 "/>
</bind>
</comp>

<comp id="81" class="1004" name="ifzero_fu_81">
<pin_list>
<pin id="82" dir="0" index="0" bw="8" slack="0"/>
<pin id="83" dir="0" index="1" bw="8" slack="0"/>
<pin id="84" dir="1" index="2" bw="1" slack="2"/>
</pin_list>
<bind>
<opcode="icmp(45) " fcode="icmp"/>
<opset="ifzero/1 "/>
</bind>
</comp>

<comp id="87" class="1004" name="store_ln65_store_fu_87">
<pin_list>
<pin id="88" dir="0" index="0" bw="8" slack="0"/>
<pin id="89" dir="0" index="1" bw="8" slack="0"/>
<pin id="90" dir="1" index="2" bw="0" slack="2147483647"/>
</pin_list>
<bind>
<opcode="store(28) " fcode="store"/>
<opset="store_ln65/1 "/>
</bind>
</comp>

<comp id="92" class="1005" name="j_reg_92">
<pin_list>
<pin id="93" dir="0" index="0" bw="8" slack="0"/>
<pin id="94" dir="1" index="1" bw="8" slack="0"/>
</pin_list>
<bind>
<opset="j "/>
</bind>
</comp>

<comp id="99" class="1005" name="icmp_ln65_reg_99">
<pin_list>
<pin id="100" dir="0" index="0" bw="1" slack="1"/>
<pin id="101" dir="1" index="1" bw="1" slack="2147483647"/>
</pin_list>
<bind>
<opset="icmp_ln65 "/>
</bind>
</comp>

<comp id="103" class="1005" name="ifzero_reg_103">
<pin_list>
<pin id="104" dir="0" index="0" bw="1" slack="2"/>
<pin id="105" dir="1" index="1" bw="1" slack="2147483647"/>
</pin_list>
<bind>
<opset="ifzero "/>
</bind>
</comp>

</comp_list>

<net_list>
<net id="45"><net_src comp="4" pin="0"/><net_sink comp="42" pin=0"/></net>

<net id="50"><net_src comp="38" pin="0"/><net_sink comp="46" pin=0"/></net>

<net id="51"><net_src comp="0" pin="0"/><net_sink comp="46" pin=1"/></net>

<net id="57"><net_src comp="40" pin="0"/><net_sink comp="52" pin=0"/></net>

<net id="58"><net_src comp="2" pin="0"/><net_sink comp="52" pin=1"/></net>

<net id="59"><net_src comp="46" pin="2"/><net_sink comp="52" pin=2"/></net>

<net id="60"><net_src comp="18" pin="0"/><net_sink comp="52" pin=2"/></net>

<net id="65"><net_src comp="18" pin="0"/><net_sink comp="61" pin=0"/></net>

<net id="73"><net_src comp="66" pin="1"/><net_sink comp="69" pin=0"/></net>

<net id="74"><net_src comp="26" pin="0"/><net_sink comp="69" pin=1"/></net>

<net id="79"><net_src comp="66" pin="1"/><net_sink comp="75" pin=0"/></net>

<net id="80"><net_src comp="32" pin="0"/><net_sink comp="75" pin=1"/></net>

<net id="85"><net_src comp="75" pin="2"/><net_sink comp="81" pin=0"/></net>

<net id="86"><net_src comp="26" pin="0"/><net_sink comp="81" pin=1"/></net>

<net id="91"><net_src comp="75" pin="2"/><net_sink comp="87" pin=0"/></net>

<net id="95"><net_src comp="42" pin="1"/><net_sink comp="92" pin=0"/></net>

<net id="96"><net_src comp="92" pin="1"/><net_sink comp="61" pin=1"/></net>

<net id="97"><net_src comp="92" pin="1"/><net_sink comp="66" pin=0"/></net>

<net id="98"><net_src comp="92" pin="1"/><net_sink comp="87" pin=1"/></net>

<net id="102"><net_src comp="69" pin="2"/><net_sink comp="99" pin=0"/></net>

<net id="106"><net_src comp="81" pin="2"/><net_sink comp="103" pin=0"/></net>

</net_list>

</model> 
---------------- Datapath Model END ------------------

* FSMD analyzer results:
  - Output states:
	Port: layer5_out | {2 3 }
 - Input state : 
	Port: zeropad2d_cl<array,array<ap_fixed<8,2,5,3,0>,1u>,config5>_Pipeline_CopyMain : input_image | {2 }
  - Chain level:
	State 1
		store_ln0 : 1
		j_7 : 1
		icmp_ln65 : 2
		j_8 : 2
		br_ln65 : 3
		ifzero : 3
		br_ln65 : 4
		store_ln65 : 3
	State 2
	State 3


============================================================
+ Verbose Summary: Datapath Resource usage 
============================================================

* Functional unit list:
|----------|-----------------------------|---------|---------|
| Operation|       Functional Unit       |    FF   |   LUT   |
|----------|-----------------------------|---------|---------|
|   icmp   |       icmp_ln65_fu_69       |    0    |    11   |
|          |         ifzero_fu_81        |    0    |    11   |
|----------|-----------------------------|---------|---------|
|    add   |          j_8_fu_75          |    0    |    15   |
|----------|-----------------------------|---------|---------|
|   read   | input_image_read_read_fu_46 |    0    |    0    |
|----------|-----------------------------|---------|---------|
|   write  |       grp_write_fu_52       |    0    |    0    |
|----------|-----------------------------|---------|---------|
|   Total  |                             |    0    |    37   |
|----------|-----------------------------|---------|---------|

Memories:
N/A

* Register list:
+----------------+--------+
|                |   FF   |
+----------------+--------+
|icmp_ln65_reg_99|    1   |
| ifzero_reg_103 |    1   |
|    j_reg_92    |    8   |
+----------------+--------+
|      Total     |   10   |
+----------------+--------+

* Multiplexer (MUX) list: 
|-----------------|------|------|------|--------||---------||---------|
|       Comp      |  Pin | Size |  BW  | S x BW ||  Delay  ||   LUT   |
|-----------------|------|------|------|--------||---------||---------|
| grp_write_fu_52 |  p2  |   2  |   8  |   16   ||    9    |
|-----------------|------|------|------|--------||---------||---------|
|      Total      |      |      |      |   16   ||  1.588  ||    9    |
|-----------------|------|------|------|--------||---------||---------|



* Summary:
+-----------+--------+--------+--------+
|           |  Delay |   FF   |   LUT  |
+-----------+--------+--------+--------+
|  Function |    -   |    0   |   37   |
|   Memory  |    -   |    -   |    -   |
|Multiplexer|    1   |    -   |    9   |
|  Register |    -   |   10   |    -   |
+-----------+--------+--------+--------+
|   Total   |    1   |   10   |   46   |
+-----------+--------+--------+--------+
