
*** Running vivado
    with args -log system_AXI_GammaCorrection_0_0.vds -m64 -product Vivado -mode batch -messageDb vivado.pb -notrace -source system_AXI_GammaCorrection_0_0.tcl



****** Vivado v2021.2 (64-bit)
  **** SW Build 3367213 on Tue Oct 19 02:48:09 MDT 2021
  **** IP Build 3369179 on Thu Oct 21 08:25:16 MDT 2021
    ** Copyright 1986-2021 Xilinx, Inc. All Rights Reserved.

source system_AXI_GammaCorrection_0_0.tcl -notrace
create_project: Time (s): cpu = 00:00:08 ; elapsed = 00:00:08 . Memory (MB): peak = 1355.488 ; gain = 0.000
INFO: [IP_Flow 19-234] Refreshing IP repositories
INFO: [IP_Flow 19-1700] Loaded user IP repository 'c:/Users/brand/Documents/engs192/zybo-edge-ai/2021.1PCamSystem/hw/hw.ipdefs/repo'.
INFO: [IP_Flow 19-2313] Loaded Vivado IP repository 'C:/Xilinx/Vivado/2021.2/data/ip'.
Command: synth_design -top system_AXI_GammaCorrection_0_0 -part xc7z020clg400-1 -mode out_of_context
Starting synth_design
Attempting to get a license for feature 'Synthesis' and/or device 'xc7z020'
INFO: [Common 17-349] Got license for feature 'Synthesis' and/or device 'xc7z020'
INFO: [Device 21-403] Loading part xc7z020clg400-1
INFO: [Synth 8-7079] Multithreading enabled for synth_design using a maximum of 2 processes.
INFO: [Synth 8-7078] Launching helper process for spawning children vivado processes
INFO: [Synth 8-7075] Helper process launched with PID 19388
---------------------------------------------------------------------------------
Starting RTL Elaboration : Time (s): cpu = 00:00:11 ; elapsed = 00:00:17 . Memory (MB): peak = 1355.488 ; gain = 0.000
---------------------------------------------------------------------------------
INFO: [Synth 8-638] synthesizing module 'system_AXI_GammaCorrection_0_0' [c:/Users/brand/Documents/engs192/zybo-edge-ai/2021.1PCamSystem/hw/hw.gen/sources_1/bd/system/ip/system_AXI_GammaCorrection_0_0/synth/system_AXI_GammaCorrection_0_0.vhd:94]
	Parameter kAXI_InputDataWidth bound to: 32 - type: integer 
	Parameter kAXI_OutputDataWidth bound to: 24 - type: integer 
	Parameter kInputColorWidth bound to: 10 - type: integer 
	Parameter C_S_AXI_DATA_WIDTH bound to: 32 - type: integer 
	Parameter C_S_AXI_ADDR_WIDTH bound to: 3 - type: integer 
INFO: [Synth 8-3491] module 'AXI_GammaCorrection' declared at 'c:/Users/brand/Documents/engs192/zybo-edge-ai/2021.1PCamSystem/hw/hw.gen/sources_1/bd/system/ipshared/a507/hdl/AXI_GammaCorrection.vhd:57' bound to instance 'U0' of component 'AXI_GammaCorrection' [c:/Users/brand/Documents/engs192/zybo-edge-ai/2021.1PCamSystem/hw/hw.gen/sources_1/bd/system/ip/system_AXI_GammaCorrection_0_0/synth/system_AXI_GammaCorrection_0_0.vhd:191]
INFO: [Synth 8-638] synthesizing module 'AXI_GammaCorrection' [c:/Users/brand/Documents/engs192/zybo-edge-ai/2021.1PCamSystem/hw/hw.gen/sources_1/bd/system/ipshared/a507/hdl/AXI_GammaCorrection.vhd:143]
INFO: [Synth 8-638] synthesizing module 'StoredGammaCoefs' [c:/Users/brand/Documents/engs192/zybo-edge-ai/2021.1PCamSystem/hw/hw.gen/sources_1/bd/system/ipshared/a507/hdl/StoredGammaCoefs.vhd:53]
INFO: [Synth 8-256] done synthesizing module 'StoredGammaCoefs' (1#1) [c:/Users/brand/Documents/engs192/zybo-edge-ai/2021.1PCamSystem/hw/hw.gen/sources_1/bd/system/ipshared/a507/hdl/StoredGammaCoefs.vhd:53]
WARNING: [Synth 8-6014] Unused sequential element loc_addr_reg was removed.  [c:/Users/brand/Documents/engs192/zybo-edge-ai/2021.1PCamSystem/hw/hw.gen/sources_1/bd/system/ipshared/a507/hdl/AXI_GammaCorrection.vhd:397]
WARNING: [Synth 8-6014] Unused sequential element axi_araddr_reg was removed.  [c:/Users/brand/Documents/engs192/zybo-edge-ai/2021.1PCamSystem/hw/hw.gen/sources_1/bd/system/ipshared/a507/hdl/AXI_GammaCorrection.vhd:450]
INFO: [Synth 8-256] done synthesizing module 'AXI_GammaCorrection' (2#1) [c:/Users/brand/Documents/engs192/zybo-edge-ai/2021.1PCamSystem/hw/hw.gen/sources_1/bd/system/ipshared/a507/hdl/AXI_GammaCorrection.vhd:143]
INFO: [Synth 8-256] done synthesizing module 'system_AXI_GammaCorrection_0_0' (3#1) [c:/Users/brand/Documents/engs192/zybo-edge-ai/2021.1PCamSystem/hw/hw.gen/sources_1/bd/system/ip/system_AXI_GammaCorrection_0_0/synth/system_AXI_GammaCorrection_0_0.vhd:94]
WARNING: [Synth 8-7129] Port s_axis_video_tdata[31] in module AXI_GammaCorrection is either unconnected or has no load
WARNING: [Synth 8-7129] Port s_axis_video_tdata[30] in module AXI_GammaCorrection is either unconnected or has no load
WARNING: [Synth 8-7129] Port S_AXI_AWPROT[2] in module AXI_GammaCorrection is either unconnected or has no load
WARNING: [Synth 8-7129] Port S_AXI_AWPROT[1] in module AXI_GammaCorrection is either unconnected or has no load
WARNING: [Synth 8-7129] Port S_AXI_AWPROT[0] in module AXI_GammaCorrection is either unconnected or has no load
WARNING: [Synth 8-7129] Port S_AXI_ARADDR[2] in module AXI_GammaCorrection is either unconnected or has no load
WARNING: [Synth 8-7129] Port S_AXI_ARADDR[1] in module AXI_GammaCorrection is either unconnected or has no load
WARNING: [Synth 8-7129] Port S_AXI_ARADDR[0] in module AXI_GammaCorrection is either unconnected or has no load
WARNING: [Synth 8-7129] Port S_AXI_ARPROT[2] in module AXI_GammaCorrection is either unconnected or has no load
WARNING: [Synth 8-7129] Port S_AXI_ARPROT[1] in module AXI_GammaCorrection is either unconnected or has no load
WARNING: [Synth 8-7129] Port S_AXI_ARPROT[0] in module AXI_GammaCorrection is either unconnected or has no load
---------------------------------------------------------------------------------
Finished RTL Elaboration : Time (s): cpu = 00:00:13 ; elapsed = 00:00:19 . Memory (MB): peak = 1355.488 ; gain = 0.000
---------------------------------------------------------------------------------
---------------------------------------------------------------------------------
Start Handling Custom Attributes
---------------------------------------------------------------------------------
---------------------------------------------------------------------------------
Finished Handling Custom Attributes : Time (s): cpu = 00:00:14 ; elapsed = 00:00:21 . Memory (MB): peak = 1355.488 ; gain = 0.000
---------------------------------------------------------------------------------
---------------------------------------------------------------------------------
Finished RTL Optimization Phase 1 : Time (s): cpu = 00:00:14 ; elapsed = 00:00:21 . Memory (MB): peak = 1355.488 ; gain = 0.000
---------------------------------------------------------------------------------
Netlist sorting complete. Time (s): cpu = 00:00:00 ; elapsed = 00:00:00.008 . Memory (MB): peak = 1355.488 ; gain = 0.000
INFO: [Project 1-570] Preparing netlist for logic optimization

Processing XDC Constraints
Initializing timing engine
Parsing XDC File [c:/Users/brand/Documents/engs192/zybo-edge-ai/2021.1PCamSystem/hw/hw.gen/sources_1/bd/system/ip/system_AXI_GammaCorrection_0_0/xdc/AXI_GammaCorrection.xdc] for cell 'U0'
Finished Parsing XDC File [c:/Users/brand/Documents/engs192/zybo-edge-ai/2021.1PCamSystem/hw/hw.gen/sources_1/bd/system/ip/system_AXI_GammaCorrection_0_0/xdc/AXI_GammaCorrection.xdc] for cell 'U0'
Parsing XDC File [C:/Users/brand/Documents/engs192/zybo-edge-ai/2021.1PCamSystem/hw/hw.runs/system_AXI_GammaCorrection_0_0_synth_1/dont_touch.xdc]
Finished Parsing XDC File [C:/Users/brand/Documents/engs192/zybo-edge-ai/2021.1PCamSystem/hw/hw.runs/system_AXI_GammaCorrection_0_0_synth_1/dont_touch.xdc]
Completed Processing XDC Constraints

Netlist sorting complete. Time (s): cpu = 00:00:00 ; elapsed = 00:00:00 . Memory (MB): peak = 1355.488 ; gain = 0.000
INFO: [Project 1-111] Unisim Transformation Summary:
No Unisim elements were transformed.

Constraint Validation Runtime : Time (s): cpu = 00:00:00 ; elapsed = 00:00:00.048 . Memory (MB): peak = 1355.488 ; gain = 0.000
---------------------------------------------------------------------------------
Finished Constraint Validation : Time (s): cpu = 00:00:28 ; elapsed = 00:00:35 . Memory (MB): peak = 1355.488 ; gain = 0.000
---------------------------------------------------------------------------------
---------------------------------------------------------------------------------
Start Loading Part and Timing Information
---------------------------------------------------------------------------------
Loading part: xc7z020clg400-1
---------------------------------------------------------------------------------
Finished Loading Part and Timing Information : Time (s): cpu = 00:00:28 ; elapsed = 00:00:35 . Memory (MB): peak = 1355.488 ; gain = 0.000
---------------------------------------------------------------------------------
---------------------------------------------------------------------------------
Start Applying 'set_property' XDC Constraints
---------------------------------------------------------------------------------
Applied set_property KEEP_HIERARCHY = SOFT for U0. (constraint file  C:/Users/brand/Documents/engs192/zybo-edge-ai/2021.1PCamSystem/hw/hw.runs/system_AXI_GammaCorrection_0_0_synth_1/dont_touch.xdc, line 9).
---------------------------------------------------------------------------------
Finished applying 'set_property' XDC Constraints : Time (s): cpu = 00:00:28 ; elapsed = 00:00:35 . Memory (MB): peak = 1355.488 ; gain = 0.000
---------------------------------------------------------------------------------
---------------------------------------------------------------------------------
Finished RTL Optimization Phase 2 : Time (s): cpu = 00:00:29 ; elapsed = 00:00:36 . Memory (MB): peak = 1355.488 ; gain = 0.000
---------------------------------------------------------------------------------
---------------------------------------------------------------------------------
Start RTL Component Statistics 
---------------------------------------------------------------------------------
Detailed RTL Component Info : 
+---Registers : 
	               32 Bit    Registers := 1     
	                8 Bit    Registers := 3     
	                3 Bit    Registers := 1     
	                2 Bit    Registers := 2     
	                1 Bit    Registers := 10    
+---Muxes : 
	   2 Input   32 Bit        Muxes := 2     
	   4 Input    8 Bit        Muxes := 3     
	   2 Input    8 Bit        Muxes := 3     
	   2 Input    1 Bit        Muxes := 9     
---------------------------------------------------------------------------------
Finished RTL Component Statistics 
---------------------------------------------------------------------------------
---------------------------------------------------------------------------------
Start Part Resource Summary
---------------------------------------------------------------------------------
Part Resources:
DSPs: 220 (col length:60)
BRAMs: 280 (col length: RAMB18 60 RAMB36 30)
---------------------------------------------------------------------------------
Finished Part Resource Summary
---------------------------------------------------------------------------------
---------------------------------------------------------------------------------
Start Cross Boundary and Area Optimization
---------------------------------------------------------------------------------
WARNING: [Synth 8-7080] Parallel synthesis criteria is not met
WARNING: [Synth 8-7129] Port s_axis_video_tdata[31] in module AXI_GammaCorrection is either unconnected or has no load
WARNING: [Synth 8-7129] Port s_axis_video_tdata[30] in module AXI_GammaCorrection is either unconnected or has no load
WARNING: [Synth 8-7129] Port S_AXI_AWPROT[2] in module AXI_GammaCorrection is either unconnected or has no load
WARNING: [Synth 8-7129] Port S_AXI_AWPROT[1] in module AXI_GammaCorrection is either unconnected or has no load
WARNING: [Synth 8-7129] Port S_AXI_AWPROT[0] in module AXI_GammaCorrection is either unconnected or has no load
WARNING: [Synth 8-7129] Port S_AXI_ARADDR[2] in module AXI_GammaCorrection is either unconnected or has no load
WARNING: [Synth 8-7129] Port S_AXI_ARADDR[1] in module AXI_GammaCorrection is either unconnected or has no load
WARNING: [Synth 8-7129] Port S_AXI_ARADDR[0] in module AXI_GammaCorrection is either unconnected or has no load
WARNING: [Synth 8-7129] Port S_AXI_ARPROT[2] in module AXI_GammaCorrection is either unconnected or has no load
WARNING: [Synth 8-7129] Port S_AXI_ARPROT[1] in module AXI_GammaCorrection is either unconnected or has no load
WARNING: [Synth 8-7129] Port S_AXI_ARPROT[0] in module AXI_GammaCorrection is either unconnected or has no load
---------------------------------------------------------------------------------
Finished Cross Boundary and Area Optimization : Time (s): cpu = 00:01:15 ; elapsed = 00:01:24 . Memory (MB): peak = 1355.488 ; gain = 0.000
---------------------------------------------------------------------------------
---------------------------------------------------------------------------------
Start ROM, RAM, DSP, Shift Register and Retiming Reporting
---------------------------------------------------------------------------------

ROM: Preliminary Mapping Report
+--------------------+-----------------+---------------+----------------+
|Module Name         | RTL Object      | Depth x Width | Implemented As | 
+--------------------+-----------------+---------------+----------------+
|StoredGammaCoefs    | rStoredCoefs2_2 | 1024x8        | LUT            | 
|StoredGammaCoefs    | rStoredCoefs1_8 | 1024x8        | LUT            | 
|StoredGammaCoefs    | rStoredCoefs1_5 | 1024x8        | LUT            | 
|StoredGammaCoefs    | rStoredCoefs1_2 | 1024x8        | LUT            | 
|AXI_GammaCorrection | p_0_out         | 1024x8        | LUT            | 
|AXI_GammaCorrection | p_0_out         | 1024x8        | LUT            | 
|AXI_GammaCorrection | p_0_out         | 1024x8        | LUT            | 
|AXI_GammaCorrection | p_0_out         | 1024x8        | LUT            | 
|AXI_GammaCorrection | p_0_out         | 1024x8        | LUT            | 
|AXI_GammaCorrection | p_0_out         | 1024x8        | LUT            | 
|AXI_GammaCorrection | p_0_out         | 1024x8        | LUT            | 
|AXI_GammaCorrection | p_0_out         | 1024x8        | LUT            | 
|AXI_GammaCorrection | p_0_out         | 1024x8        | LUT            | 
|AXI_GammaCorrection | p_0_out         | 1024x8        | LUT            | 
|AXI_GammaCorrection | p_0_out         | 1024x8        | LUT            | 
|AXI_GammaCorrection | p_0_out         | 1024x8        | LUT            | 
+--------------------+-----------------+---------------+----------------+

---------------------------------------------------------------------------------
Finished ROM, RAM, DSP, Shift Register and Retiming Reporting
---------------------------------------------------------------------------------
---------------------------------------------------------------------------------
Start Applying XDC Timing Constraints
---------------------------------------------------------------------------------
---------------------------------------------------------------------------------
Finished Applying XDC Timing Constraints : Time (s): cpu = 00:01:28 ; elapsed = 00:01:37 . Memory (MB): peak = 1355.488 ; gain = 0.000
---------------------------------------------------------------------------------
---------------------------------------------------------------------------------
Start Timing Optimization
---------------------------------------------------------------------------------
---------------------------------------------------------------------------------
Finished Timing Optimization : Time (s): cpu = 00:01:28 ; elapsed = 00:01:38 . Memory (MB): peak = 1355.934 ; gain = 0.445
---------------------------------------------------------------------------------
---------------------------------------------------------------------------------
Start Technology Mapping
---------------------------------------------------------------------------------
---------------------------------------------------------------------------------
Finished Technology Mapping : Time (s): cpu = 00:01:30 ; elapsed = 00:01:40 . Memory (MB): peak = 1385.023 ; gain = 29.535
---------------------------------------------------------------------------------
---------------------------------------------------------------------------------
Start IO Insertion
---------------------------------------------------------------------------------
---------------------------------------------------------------------------------
Start Flattening Before IO Insertion
---------------------------------------------------------------------------------
---------------------------------------------------------------------------------
Finished Flattening Before IO Insertion
---------------------------------------------------------------------------------
---------------------------------------------------------------------------------
Start Final Netlist Cleanup
---------------------------------------------------------------------------------
---------------------------------------------------------------------------------
Finished Final Netlist Cleanup
---------------------------------------------------------------------------------
---------------------------------------------------------------------------------
Finished IO Insertion : Time (s): cpu = 00:01:42 ; elapsed = 00:01:53 . Memory (MB): peak = 1399.742 ; gain = 44.254
---------------------------------------------------------------------------------
---------------------------------------------------------------------------------
Start Renaming Generated Instances
---------------------------------------------------------------------------------
---------------------------------------------------------------------------------
Finished Renaming Generated Instances : Time (s): cpu = 00:01:42 ; elapsed = 00:01:53 . Memory (MB): peak = 1399.742 ; gain = 44.254
---------------------------------------------------------------------------------
---------------------------------------------------------------------------------
Start Rebuilding User Hierarchy
---------------------------------------------------------------------------------
---------------------------------------------------------------------------------
Finished Rebuilding User Hierarchy : Time (s): cpu = 00:01:42 ; elapsed = 00:01:53 . Memory (MB): peak = 1399.742 ; gain = 44.254
---------------------------------------------------------------------------------
---------------------------------------------------------------------------------
Start Renaming Generated Ports
---------------------------------------------------------------------------------
---------------------------------------------------------------------------------
Finished Renaming Generated Ports : Time (s): cpu = 00:01:42 ; elapsed = 00:01:53 . Memory (MB): peak = 1399.742 ; gain = 44.254
---------------------------------------------------------------------------------
---------------------------------------------------------------------------------
Start Handling Custom Attributes
---------------------------------------------------------------------------------
---------------------------------------------------------------------------------
Finished Handling Custom Attributes : Time (s): cpu = 00:01:43 ; elapsed = 00:01:53 . Memory (MB): peak = 1399.742 ; gain = 44.254
---------------------------------------------------------------------------------
---------------------------------------------------------------------------------
Start Renaming Generated Nets
---------------------------------------------------------------------------------
---------------------------------------------------------------------------------
Finished Renaming Generated Nets : Time (s): cpu = 00:01:43 ; elapsed = 00:01:53 . Memory (MB): peak = 1399.742 ; gain = 44.254
---------------------------------------------------------------------------------
---------------------------------------------------------------------------------
Start Writing Synthesis Report
---------------------------------------------------------------------------------

Report BlackBoxes: 
+-+--------------+----------+
| |BlackBox name |Instances |
+-+--------------+----------+
+-+--------------+----------+

Report Cell Usage: 
+------+------+------+
|      |Cell  |Count |
+------+------+------+
|1     |LUT1  |     1|
|2     |LUT2  |    17|
|3     |LUT3  |    39|
|4     |LUT4  |    33|
|5     |LUT5  |    76|
|6     |LUT6  |  1051|
|7     |MUXF7 |   366|
|8     |MUXF8 |   142|
|9     |FDRE  |    38|
+------+------+------+
---------------------------------------------------------------------------------
Finished Writing Synthesis Report : Time (s): cpu = 00:01:43 ; elapsed = 00:01:53 . Memory (MB): peak = 1399.742 ; gain = 44.254
---------------------------------------------------------------------------------
Synthesis finished with 0 errors, 0 critical warnings and 12 warnings.
Synthesis Optimization Runtime : Time (s): cpu = 00:01:25 ; elapsed = 00:01:49 . Memory (MB): peak = 1399.742 ; gain = 44.254
Synthesis Optimization Complete : Time (s): cpu = 00:01:43 ; elapsed = 00:01:53 . Memory (MB): peak = 1399.742 ; gain = 44.254
INFO: [Project 1-571] Translating synthesized netlist
Netlist sorting complete. Time (s): cpu = 00:00:00 ; elapsed = 00:00:00.018 . Memory (MB): peak = 1411.836 ; gain = 0.000
INFO: [Netlist 29-17] Analyzing 508 Unisim elements for replacement
INFO: [Netlist 29-28] Unisim Transformation completed in 0 CPU seconds
INFO: [Project 1-570] Preparing netlist for logic optimization
INFO: [Opt 31-138] Pushed 0 inverter(s) to 0 load pin(s).
Netlist sorting complete. Time (s): cpu = 00:00:00 ; elapsed = 00:00:00.001 . Memory (MB): peak = 1415.492 ; gain = 0.000
INFO: [Project 1-111] Unisim Transformation Summary:
No Unisim elements were transformed.

Synth Design complete, checksum: 58c7ab98
INFO: [Common 17-83] Releasing license: Synthesis
24 Infos, 25 Warnings, 0 Critical Warnings and 0 Errors encountered.
synth_design completed successfully
synth_design: Time (s): cpu = 00:01:50 ; elapsed = 00:02:03 . Memory (MB): peak = 1415.492 ; gain = 60.004
INFO: [Common 17-1381] The checkpoint 'C:/Users/brand/Documents/engs192/zybo-edge-ai/2021.1PCamSystem/hw/hw.runs/system_AXI_GammaCorrection_0_0_synth_1/system_AXI_GammaCorrection_0_0.dcp' has been generated.
INFO: [Coretcl 2-1648] Added synthesis output to IP cache for IP system_AXI_GammaCorrection_0_0, cache-ID = 50cac95e959e5cb3
INFO: [Coretcl 2-1174] Renamed 4 cell refs.
INFO: [Common 17-1381] The checkpoint 'C:/Users/brand/Documents/engs192/zybo-edge-ai/2021.1PCamSystem/hw/hw.runs/system_AXI_GammaCorrection_0_0_synth_1/system_AXI_GammaCorrection_0_0.dcp' has been generated.
INFO: [runtcl-4] Executing : report_utilization -file system_AXI_GammaCorrection_0_0_utilization_synth.rpt -pb system_AXI_GammaCorrection_0_0_utilization_synth.pb
INFO: [Common 17-206] Exiting Vivado at Thu Apr 23 13:57:53 2026...
