#-----------------------------------------------------------
# Vivado v2021.2 (64-bit)
# SW Build 3367213 on Tue Oct 19 02:48:09 MDT 2021
# IP Build 3369179 on Thu Oct 21 08:25:16 MDT 2021
# Start of session at: Tue May 26 01:13:30 2026
# Process ID: 32164
# Current directory: C:/Users/brand/Documents/engs192/zybo-edge-ai/hls/edge_cnn_linear_stream_hls/edge_cnn_linear_stream_prj/solution1/impl/ip
# Command line: vivado.exe -notrace -mode batch -source run_ippack.tcl
# Log file: C:/Users/brand/Documents/engs192/zybo-edge-ai/hls/edge_cnn_linear_stream_hls/edge_cnn_linear_stream_prj/solution1/impl/ip/vivado.log
# Journal file: C:/Users/brand/Documents/engs192/zybo-edge-ai/hls/edge_cnn_linear_stream_hls/edge_cnn_linear_stream_prj/solution1/impl/ip\vivado.jou
# Running On: brandon-x13, OS: Windows, CPU Frequency: 2419 MHz, CPU Physical cores: 4, Host memory: 16885 MB
#-----------------------------------------------------------
source run_ippack.tcl -notrace
ERROR: '2605260113' is an invalid argument. Please specify an integer value.
    while executing
"rdi::set_property core_revision 2605260113 {component component_1}"
    invoked from within
"set_property core_revision $Revision $core"
    (file "run_ippack.tcl" line 876)
INFO: [Common 17-206] Exiting Vivado at Tue May 26 01:13:40 2026...
