
*** Running vivado
    with args -log system_DVIClocking_0_0.vds -m64 -product Vivado -mode batch -messageDb vivado.pb -notrace -source system_DVIClocking_0_0.tcl



****** Vivado v2021.2 (64-bit)
  **** SW Build 3367213 on Tue Oct 19 02:48:09 MDT 2021
  **** IP Build 3369179 on Thu Oct 21 08:25:16 MDT 2021
    ** Copyright 1986-2021 Xilinx, Inc. All Rights Reserved.

source system_DVIClocking_0_0.tcl -notrace
create_project: Time (s): cpu = 00:00:07 ; elapsed = 00:00:08 . Memory (MB): peak = 1353.941 ; gain = 0.000
INFO: [IP_Flow 19-234] Refreshing IP repositories
INFO: [IP_Flow 19-1700] Loaded user IP repository 'c:/Users/brand/Documents/engs192/zybo-edge-ai/2021.1PCamSystem/hw/hw.ipdefs/repo'.
INFO: [IP_Flow 19-2313] Loaded Vivado IP repository 'C:/Xilinx/Vivado/2021.2/data/ip'.
Command: synth_design -top system_DVIClocking_0_0 -part xc7z020clg400-1 -mode out_of_context
Starting synth_design
Attempting to get a license for feature 'Synthesis' and/or device 'xc7z020'
INFO: [Common 17-349] Got license for feature 'Synthesis' and/or device 'xc7z020'
INFO: [Device 21-403] Loading part xc7z020clg400-1
INFO: [Synth 8-7079] Multithreading enabled for synth_design using a maximum of 2 processes.
INFO: [Synth 8-7078] Launching helper process for spawning children vivado processes
INFO: [Synth 8-7075] Helper process launched with PID 19424
---------------------------------------------------------------------------------
Starting RTL Elaboration : Time (s): cpu = 00:00:11 ; elapsed = 00:00:17 . Memory (MB): peak = 1353.941 ; gain = 0.000
---------------------------------------------------------------------------------
INFO: [Synth 8-638] synthesizing module 'system_DVIClocking_0_0' [c:/Users/brand/Documents/engs192/zybo-edge-ai/2021.1PCamSystem/hw/hw.gen/sources_1/bd/system/ip/system_DVIClocking_0_0/synth/system_DVIClocking_0_0.vhd:66]
INFO: [Synth 8-3491] module 'DVIClocking' declared at 'C:/Users/brand/Documents/engs192/zybo-edge-ai/2021.1PCamSystem/hw/hw.srcs/sources_1/imports/hdl/DVIClocking.vhd:34' bound to instance 'U0' of component 'DVIClocking' [c:/Users/brand/Documents/engs192/zybo-edge-ai/2021.1PCamSystem/hw/hw.gen/sources_1/bd/system/ip/system_DVIClocking_0_0/synth/system_DVIClocking_0_0.vhd:87]
INFO: [Synth 8-638] synthesizing module 'DVIClocking' [C:/Users/brand/Documents/engs192/zybo-edge-ai/2021.1PCamSystem/hw/hw.srcs/sources_1/imports/hdl/DVIClocking.vhd:42]
INFO: [Synth 8-113] binding component instance 'SerialClkBuffer' to cell 'BUFIO' [C:/Users/brand/Documents/engs192/zybo-edge-ai/2021.1PCamSystem/hw/hw.srcs/sources_1/imports/hdl/DVIClocking.vhd:47]
	Parameter BUFR_DIVIDE bound to: 5 - type: string 
	Parameter SIM_DEVICE bound to: 7SERIES - type: string 
INFO: [Synth 8-113] binding component instance 'PixelClkBuffer' to cell 'BUFR' [C:/Users/brand/Documents/engs192/zybo-edge-ai/2021.1PCamSystem/hw/hw.srcs/sources_1/imports/hdl/DVIClocking.vhd:53]
INFO: [Synth 8-638] synthesizing module 'ResetBridge' [C:/Users/brand/Documents/engs192/zybo-edge-ai/2021.1PCamSystem/hw/hw.srcs/sources_1/imports/hdl/SyncAsyncReset.vhd:65]
INFO: [Synth 8-638] synthesizing module 'SyncAsync' [C:/Users/brand/Documents/engs192/zybo-edge-ai/2021.1PCamSystem/hw/hw.srcs/sources_1/imports/hdl/SyncAsync.vhd:66]
INFO: [Synth 8-256] done synthesizing module 'SyncAsync' (1#1) [C:/Users/brand/Documents/engs192/zybo-edge-ai/2021.1PCamSystem/hw/hw.srcs/sources_1/imports/hdl/SyncAsync.vhd:66]
INFO: [Synth 8-256] done synthesizing module 'ResetBridge' (2#1) [C:/Users/brand/Documents/engs192/zybo-edge-ai/2021.1PCamSystem/hw/hw.srcs/sources_1/imports/hdl/SyncAsyncReset.vhd:65]
INFO: [Synth 8-256] done synthesizing module 'DVIClocking' (3#1) [C:/Users/brand/Documents/engs192/zybo-edge-ai/2021.1PCamSystem/hw/hw.srcs/sources_1/imports/hdl/DVIClocking.vhd:42]
INFO: [Synth 8-256] done synthesizing module 'system_DVIClocking_0_0' (4#1) [c:/Users/brand/Documents/engs192/zybo-edge-ai/2021.1PCamSystem/hw/hw.gen/sources_1/bd/system/ip/system_DVIClocking_0_0/synth/system_DVIClocking_0_0.vhd:66]
---------------------------------------------------------------------------------
Finished RTL Elaboration : Time (s): cpu = 00:00:13 ; elapsed = 00:00:19 . Memory (MB): peak = 1353.941 ; gain = 0.000
---------------------------------------------------------------------------------
---------------------------------------------------------------------------------
Start Handling Custom Attributes
---------------------------------------------------------------------------------
---------------------------------------------------------------------------------
Finished Handling Custom Attributes : Time (s): cpu = 00:00:14 ; elapsed = 00:00:20 . Memory (MB): peak = 1353.941 ; gain = 0.000
---------------------------------------------------------------------------------
---------------------------------------------------------------------------------
Finished RTL Optimization Phase 1 : Time (s): cpu = 00:00:14 ; elapsed = 00:00:20 . Memory (MB): peak = 1353.941 ; gain = 0.000
---------------------------------------------------------------------------------
Netlist sorting complete. Time (s): cpu = 00:00:00 ; elapsed = 00:00:00 . Memory (MB): peak = 1353.941 ; gain = 0.000
INFO: [Netlist 29-17] Analyzing 1 Unisim elements for replacement
INFO: [Netlist 29-28] Unisim Transformation completed in 0 CPU seconds
INFO: [Project 1-570] Preparing netlist for logic optimization

Processing XDC Constraints
Initializing timing engine
Completed Processing XDC Constraints

Netlist sorting complete. Time (s): cpu = 00:00:00 ; elapsed = 00:00:00 . Memory (MB): peak = 1353.941 ; gain = 0.000
INFO: [Project 1-111] Unisim Transformation Summary:
No Unisim elements were transformed.

Constraint Validation Runtime : Time (s): cpu = 00:00:00 ; elapsed = 00:00:00.035 . Memory (MB): peak = 1353.941 ; gain = 0.000
---------------------------------------------------------------------------------
Finished Constraint Validation : Time (s): cpu = 00:00:28 ; elapsed = 00:00:35 . Memory (MB): peak = 1353.941 ; gain = 0.000
---------------------------------------------------------------------------------
---------------------------------------------------------------------------------
Start Loading Part and Timing Information
---------------------------------------------------------------------------------
Loading part: xc7z020clg400-1
---------------------------------------------------------------------------------
Finished Loading Part and Timing Information : Time (s): cpu = 00:00:28 ; elapsed = 00:00:35 . Memory (MB): peak = 1353.941 ; gain = 0.000
---------------------------------------------------------------------------------
---------------------------------------------------------------------------------
Start Applying 'set_property' XDC Constraints
---------------------------------------------------------------------------------
---------------------------------------------------------------------------------
Finished applying 'set_property' XDC Constraints : Time (s): cpu = 00:00:28 ; elapsed = 00:00:35 . Memory (MB): peak = 1353.941 ; gain = 0.000
---------------------------------------------------------------------------------
---------------------------------------------------------------------------------
Finished RTL Optimization Phase 2 : Time (s): cpu = 00:00:28 ; elapsed = 00:00:35 . Memory (MB): peak = 1353.941 ; gain = 0.000
---------------------------------------------------------------------------------
---------------------------------------------------------------------------------
Start RTL Component Statistics 
---------------------------------------------------------------------------------
Detailed RTL Component Info : 
+---Registers : 
	                2 Bit    Registers := 1     
---------------------------------------------------------------------------------
Finished RTL Component Statistics 
---------------------------------------------------------------------------------
---------------------------------------------------------------------------------
Start Part Resource Summary
---------------------------------------------------------------------------------
Part Resources:
DSPs: 220 (col length:60)
BRAMs: 280 (col length: RAMB18 60 RAMB36 30)
---------------------------------------------------------------------------------
Finished Part Resource Summary
---------------------------------------------------------------------------------
---------------------------------------------------------------------------------
Start Cross Boundary and Area Optimization
---------------------------------------------------------------------------------
WARNING: [Synth 8-7080] Parallel synthesis criteria is not met
---------------------------------------------------------------------------------
Finished Cross Boundary and Area Optimization : Time (s): cpu = 00:00:31 ; elapsed = 00:00:38 . Memory (MB): peak = 1353.941 ; gain = 0.000
---------------------------------------------------------------------------------
---------------------------------------------------------------------------------
Start Applying XDC Timing Constraints
---------------------------------------------------------------------------------
---------------------------------------------------------------------------------
Finished Applying XDC Timing Constraints : Time (s): cpu = 00:00:40 ; elapsed = 00:00:48 . Memory (MB): peak = 1353.941 ; gain = 0.000
---------------------------------------------------------------------------------
---------------------------------------------------------------------------------
Start Timing Optimization
---------------------------------------------------------------------------------
---------------------------------------------------------------------------------
Finished Timing Optimization : Time (s): cpu = 00:00:40 ; elapsed = 00:00:48 . Memory (MB): peak = 1353.941 ; gain = 0.000
---------------------------------------------------------------------------------
---------------------------------------------------------------------------------
Start Technology Mapping
---------------------------------------------------------------------------------
---------------------------------------------------------------------------------
Finished Technology Mapping : Time (s): cpu = 00:00:40 ; elapsed = 00:00:48 . Memory (MB): peak = 1353.941 ; gain = 0.000
---------------------------------------------------------------------------------
---------------------------------------------------------------------------------
Start IO Insertion
---------------------------------------------------------------------------------
---------------------------------------------------------------------------------
Start Flattening Before IO Insertion
---------------------------------------------------------------------------------
---------------------------------------------------------------------------------
Finished Flattening Before IO Insertion
---------------------------------------------------------------------------------
---------------------------------------------------------------------------------
Start Final Netlist Cleanup
---------------------------------------------------------------------------------
---------------------------------------------------------------------------------
Finished Final Netlist Cleanup
---------------------------------------------------------------------------------
---------------------------------------------------------------------------------
Finished IO Insertion : Time (s): cpu = 00:00:48 ; elapsed = 00:00:55 . Memory (MB): peak = 1353.941 ; gain = 0.000
---------------------------------------------------------------------------------
---------------------------------------------------------------------------------
Start Renaming Generated Instances
---------------------------------------------------------------------------------
---------------------------------------------------------------------------------
Finished Renaming Generated Instances : Time (s): cpu = 00:00:48 ; elapsed = 00:00:55 . Memory (MB): peak = 1353.941 ; gain = 0.000
---------------------------------------------------------------------------------
---------------------------------------------------------------------------------
Start Rebuilding User Hierarchy
---------------------------------------------------------------------------------
---------------------------------------------------------------------------------
Finished Rebuilding User Hierarchy : Time (s): cpu = 00:00:48 ; elapsed = 00:00:55 . Memory (MB): peak = 1353.941 ; gain = 0.000
---------------------------------------------------------------------------------
---------------------------------------------------------------------------------
Start Renaming Generated Ports
---------------------------------------------------------------------------------
---------------------------------------------------------------------------------
Finished Renaming Generated Ports : Time (s): cpu = 00:00:48 ; elapsed = 00:00:55 . Memory (MB): peak = 1353.941 ; gain = 0.000
---------------------------------------------------------------------------------
---------------------------------------------------------------------------------
Start Handling Custom Attributes
---------------------------------------------------------------------------------
---------------------------------------------------------------------------------
Finished Handling Custom Attributes : Time (s): cpu = 00:00:48 ; elapsed = 00:00:56 . Memory (MB): peak = 1353.941 ; gain = 0.000
---------------------------------------------------------------------------------
---------------------------------------------------------------------------------
Start Renaming Generated Nets
---------------------------------------------------------------------------------
---------------------------------------------------------------------------------
Finished Renaming Generated Nets : Time (s): cpu = 00:00:48 ; elapsed = 00:00:56 . Memory (MB): peak = 1353.941 ; gain = 0.000
---------------------------------------------------------------------------------
---------------------------------------------------------------------------------
Start Writing Synthesis Report
---------------------------------------------------------------------------------

Report BlackBoxes: 
+-+--------------+----------+
| |BlackBox name |Instances |
+-+--------------+----------+
+-+--------------+----------+

Report Cell Usage: 
+------+------+------+
|      |Cell  |Count |
+------+------+------+
|1     |BUFIO |     1|
|2     |BUFR  |     1|
|3     |LUT1  |     1|
|4     |FDCE  |     2|
+------+------+------+
---------------------------------------------------------------------------------
Finished Writing Synthesis Report : Time (s): cpu = 00:00:48 ; elapsed = 00:00:56 . Memory (MB): peak = 1353.941 ; gain = 0.000
---------------------------------------------------------------------------------
Synthesis finished with 0 errors, 0 critical warnings and 1 warnings.
Synthesis Optimization Runtime : Time (s): cpu = 00:00:30 ; elapsed = 00:00:51 . Memory (MB): peak = 1353.941 ; gain = 0.000
Synthesis Optimization Complete : Time (s): cpu = 00:00:48 ; elapsed = 00:00:56 . Memory (MB): peak = 1353.941 ; gain = 0.000
INFO: [Project 1-571] Translating synthesized netlist
Netlist sorting complete. Time (s): cpu = 00:00:00 ; elapsed = 00:00:00 . Memory (MB): peak = 1353.941 ; gain = 0.000
INFO: [Netlist 29-17] Analyzing 1 Unisim elements for replacement
INFO: [Netlist 29-28] Unisim Transformation completed in 0 CPU seconds
INFO: [Project 1-570] Preparing netlist for logic optimization
INFO: [Opt 31-138] Pushed 0 inverter(s) to 0 load pin(s).
Netlist sorting complete. Time (s): cpu = 00:00:00 ; elapsed = 00:00:00 . Memory (MB): peak = 1362.191 ; gain = 0.000
INFO: [Project 1-111] Unisim Transformation Summary:
No Unisim elements were transformed.

Synth Design complete, checksum: efbf44af
INFO: [Common 17-83] Releasing license: Synthesis
30 Infos, 1 Warnings, 0 Critical Warnings and 0 Errors encountered.
synth_design completed successfully
synth_design: Time (s): cpu = 00:00:55 ; elapsed = 00:01:06 . Memory (MB): peak = 1362.191 ; gain = 8.250
INFO: [Common 17-1381] The checkpoint 'C:/Users/brand/Documents/engs192/zybo-edge-ai/2021.1PCamSystem/hw/hw.runs/system_DVIClocking_0_0_synth_1/system_DVIClocking_0_0.dcp' has been generated.
INFO: [Coretcl 2-1648] Added synthesis output to IP cache for IP system_DVIClocking_0_0, cache-ID = 7a29f6b27d15453a
INFO: [Coretcl 2-1174] Renamed 3 cell refs.
INFO: [Common 17-1381] The checkpoint 'C:/Users/brand/Documents/engs192/zybo-edge-ai/2021.1PCamSystem/hw/hw.runs/system_DVIClocking_0_0_synth_1/system_DVIClocking_0_0.dcp' has been generated.
INFO: [runtcl-4] Executing : report_utilization -file system_DVIClocking_0_0_utilization_synth.rpt -pb system_DVIClocking_0_0_utilization_synth.pb
INFO: [Common 17-206] Exiting Vivado at Thu Apr 23 13:56:55 2026...
