

================================================================
== Vitis HLS Report for 'compute_output_buffer_2d_array_array_ap_fixed_8_2_5_3_0_1u_config4_s'
================================================================
* Date:           Tue May 26 23:24:24 2026

* Version:        2021.2 (Build 3367213 on Tue Oct 19 02:48:09 MDT 2021)
* Project:        myproject_prj
* Solution:       solution1 (Vivado IP Flow Target)
* Product family: zynq
* Target device:  xc7z020-clg400-1


================================================================
== Performance Estimates
================================================================
+ Timing: 
    * Summary: 
    +--------+----------+----------+------------+
    |  Clock |  Target  | Estimated| Uncertainty|
    +--------+----------+----------+------------+
    |ap_clk  |  10.00 ns|  8.599 ns|     1.25 ns|
    +--------+----------+----------+------------+

+ Latency: 
    * Summary: 
    +---------+---------+-----------+----------+-----+-----+---------+
    |  Latency (cycles) |  Latency (absolute)  |  Interval | Pipeline|
    |   min   |   max   |    min    |    max   | min | max |   Type  |
    +---------+---------+-----------+----------+-----+-----+---------+
    |        3|       23|  30.000 ns|  0.230 us|    3|   23|       no|
    +---------+---------+-----------+----------+-----+-----+---------+

    + Detail: 
        * Instance: 
        +---------------------------------------------------------------------------------+----------------------------------------------------------------------+---------+---------+----------+----------+-----+-----+------------------------------------------+
        |                                                                                 |                                                                      |  Latency (cycles) |  Latency (absolute) |  Interval |                 Pipeline                 |
        |                                     Instance                                    |                                Module                                |   min   |   max   |    min   |    max   | min | max |                   Type                   |
        +---------------------------------------------------------------------------------+----------------------------------------------------------------------+---------+---------+----------+----------+-----+-----+------------------------------------------+
        |call_ln281_shift_line_buffer_array_ap_fixed_8_2_5_3_0_2u_config4_s_fu_122        |shift_line_buffer_array_ap_fixed_8_2_5_3_0_2u_config4_s               |        0|        0|      0 ns|      0 ns|    1|    1|                                       yes|
        |grp_dense_resource_rf_leq_nin_ap_fixed_ap_fixed_8_2_5_3_0_config4_mult_s_fu_174  |dense_resource_rf_leq_nin_ap_fixed_ap_fixed_8_2_5_3_0_config4_mult_s  |       19|       20|  0.190 us|  0.200 us|   18|   18|  loop rewind stp(delay=0 clock cycles(s))|
        +---------------------------------------------------------------------------------+----------------------------------------------------------------------+---------+---------+----------+----------+-----+-----+------------------------------------------+

        * Loop: 
        N/A



================================================================
== Utilization Estimates
================================================================
* Summary: 
+-----------------+---------+-----+--------+-------+-----+
|       Name      | BRAM_18K| DSP |   FF   |  LUT  | URAM|
+-----------------+---------+-----+--------+-------+-----+
|DSP              |        -|    -|       -|      -|    -|
|Expression       |        -|    -|       0|    340|    -|
|FIFO             |        -|    -|       -|      -|    -|
|Instance         |        1|    0|     590|    975|    -|
|Memory           |        -|    -|       -|      -|    -|
|Multiplexer      |        -|    -|       -|     70|    -|
|Register         |        -|    -|     312|      -|    -|
+-----------------+---------+-----+--------+-------+-----+
|Total            |        1|    0|     902|   1385|    0|
+-----------------+---------+-----+--------+-------+-----+
|Available        |      280|  220|  106400|  53200|    0|
+-----------------+---------+-----+--------+-------+-----+
|Utilization (%)  |       ~0|    0|      ~0|      2|    0|
+-----------------+---------+-----+--------+-------+-----+

+ Detail: 
    * Instance: 
    +---------------------------------------------------------------------------------+----------------------------------------------------------------------+---------+----+-----+-----+-----+
    |                                     Instance                                    |                                Module                                | BRAM_18K| DSP|  FF | LUT | URAM|
    +---------------------------------------------------------------------------------+----------------------------------------------------------------------+---------+----+-----+-----+-----+
    |grp_dense_resource_rf_leq_nin_ap_fixed_ap_fixed_8_2_5_3_0_config4_mult_s_fu_174  |dense_resource_rf_leq_nin_ap_fixed_ap_fixed_8_2_5_3_0_config4_mult_s  |        1|   0|  333|  739|    0|
    |call_ln281_shift_line_buffer_array_ap_fixed_8_2_5_3_0_2u_config4_s_fu_122        |shift_line_buffer_array_ap_fixed_8_2_5_3_0_2u_config4_s               |        0|   0|  257|  236|    0|
    +---------------------------------------------------------------------------------+----------------------------------------------------------------------+---------+----+-----+-----+-----+
    |Total                                                                            |                                                                      |        1|   0|  590|  975|    0|
    +---------------------------------------------------------------------------------+----------------------------------------------------------------------+---------+----+-----+-----+-----+

    * DSP: 
    N/A

    * Memory: 
    N/A

    * FIFO: 
    N/A

    * Expression: 
    +---------------------------------+----------+----+---+----+------------+------------+
    |          Variable Name          | Operation| DSP| FF| LUT| Bitwidth P0| Bitwidth P1|
    +---------------------------------+----------+----+---+----+------------+------------+
    |add_ln303_fu_289_p2              |         +|   0|  0|  39|          32|           1|
    |add_ln307_fu_336_p2              |         +|   0|  0|  39|          32|           1|
    |add_ln313_fu_353_p2              |         +|   0|  0|  39|          32|           1|
    |add_ln318_fu_306_p2              |         +|   0|  0|  39|          32|           1|
    |and_ln284_1_fu_283_p2            |       and|   0|  0|   2|           1|           1|
    |and_ln284_fu_277_p2              |       and|   0|  0|   2|           1|           1|
    |ap_block_state3                  |       and|   0|  0|   2|           1|           1|
    |ap_block_state3_on_subcall_done  |       and|   0|  0|   2|           1|           1|
    |ap_condition_183                 |       and|   0|  0|   2|           1|           1|
    |ap_condition_295                 |       and|   0|  0|   2|           1|           1|
    |ap_predicate_op24_call_state3    |       and|   0|  0|   2|           1|           1|
    |grp_fu_217_p2                    |      icmp|   0|  0|  18|          32|           2|
    |icmp_ln284_4_fu_255_p2           |      icmp|   0|  0|  17|          31|           1|
    |icmp_ln284_5_fu_271_p2           |      icmp|   0|  0|  17|          31|           1|
    |icmp_ln284_fu_226_p2             |      icmp|   0|  0|  18|          32|           2|
    |icmp_ln303_fu_294_p2             |      icmp|   0|  0|  18|          32|           8|
    |icmp_ln307_fu_341_p2             |      icmp|   0|  0|  18|          32|           7|
    |select_ln313_fu_358_p3           |    select|   0|  0|  32|           1|           2|
    |select_ln318_fu_311_p3           |    select|   0|  0|  32|           1|           2|
    +---------------------------------+----------+----+---+----+------------+------------+
    |Total                            |          |   0|  0| 340|         327|          36|
    +---------------------------------+----------+----+---+----+------------+------------+

    * Multiplexer: 
    +------------------------+----+-----------+-----+-----------+
    |          Name          | LUT| Input Size| Bits| Total Bits|
    +------------------------+----+-----------+-----+-----------+
    |ap_NS_fsm               |  25|          5|    1|          5|
    |layer4_out_TDATA_blk_n  |   9|          2|    1|          2|
    |pX                      |   9|          2|   32|         64|
    |pY                      |   9|          2|   32|         64|
    |sX                      |   9|          2|   32|         64|
    |storemerge_reg_111      |   9|          2|   32|         64|
    +------------------------+----+-----------+-----+-----------+
    |Total                   |  70|         15|  130|        263|
    +------------------------+----+-----------+-----+-----------+

    * Register: 
    +----------------------------------------------------------------------------------------------+----+----+-----+-----------+
    |                                             Name                                             | FF | LUT| Bits| Const Bits|
    +----------------------------------------------------------------------------------------------+----+----+-----+-----------+
    |and_ln284_1_reg_395                                                                           |   1|   0|    1|          0|
    |ap_CS_fsm                                                                                     |   4|   0|    4|          0|
    |grp_dense_resource_rf_leq_nin_ap_fixed_ap_fixed_8_2_5_3_0_config4_mult_s_fu_174_ap_start_reg  |   1|   0|    1|          0|
    |icmp_ln284_reg_381                                                                            |   1|   0|    1|          0|
    |icmp_ln303_reg_399                                                                            |   1|   0|    1|          0|
    |pX                                                                                            |  32|   0|   32|          0|
    |pY                                                                                            |  32|   0|   32|          0|
    |p_ZZN4nnet24compute_output_buffer_2dINS_5arrayI8ap_fixedILi8ELi2EL9ap_q_mode5EL9a             |   8|   0|    8|          0|
    |p_ZZN4nnet24compute_output_buffer_2dINS_5arrayI8ap_fixedILi8ELi2EL9ap_q_mode5EL9a_1           |   8|   0|    8|          0|
    |p_ZZN4nnet24compute_output_buffer_2dINS_5arrayI8ap_fixedILi8ELi2EL9ap_q_mode5EL9a_2           |   8|   0|    8|          0|
    |p_ZZN4nnet24compute_output_buffer_2dINS_5arrayI8ap_fixedILi8ELi2EL9ap_q_mode5EL9a_3           |   8|   0|    8|          0|
    |p_ZZN4nnet24compute_output_buffer_2dINS_5arrayI8ap_fixedILi8ELi2EL9ap_q_mode5EL9a_4           |   8|   0|    8|          0|
    |p_ZZN4nnet24compute_output_buffer_2dINS_5arrayI8ap_fixedILi8ELi2EL9ap_q_mode5EL9a_5           |   8|   0|    8|          0|
    |p_ZZN4nnet24compute_output_buffer_2dINS_5arrayI8ap_fixedILi8ELi2EL9ap_q_mode5EL9a_6           |   8|   0|    8|          0|
    |p_ZZN4nnet24compute_output_buffer_2dINS_5arrayI8ap_fixedILi8ELi2EL9ap_q_mode5EL9a_7           |   8|   0|    8|          0|
    |sX                                                                                            |  32|   0|   32|          0|
    |sY                                                                                            |  32|   0|   32|          0|
    |storemerge_reg_111                                                                            |  32|   0|   32|          0|
    |void_compute_output_buffer_2d_array_const_ap_shift_reg_n_chan_stream_weig                     |   8|   0|    8|          0|
    |void_compute_output_buffer_2d_array_const_ap_shift_reg_n_chan_stream_weig_1                   |   8|   0|    8|          0|
    |void_compute_output_buffer_2d_array_const_ap_shift_reg_n_chan_stream_weig_2                   |   8|   0|    8|          0|
    |void_compute_output_buffer_2d_array_const_ap_shift_reg_n_chan_stream_weig_3                   |   8|   0|    8|          0|
    |void_compute_output_buffer_2d_array_const_ap_shift_reg_n_chan_stream_weig_4                   |   8|   0|    8|          0|
    |void_compute_output_buffer_2d_array_const_ap_shift_reg_n_chan_stream_weig_5                   |   8|   0|    8|          0|
    |void_compute_output_buffer_2d_array_const_ap_shift_reg_n_chan_stream_weig_6                   |   8|   0|    8|          0|
    |void_compute_output_buffer_2d_array_const_ap_shift_reg_n_chan_stream_weig_7                   |   8|   0|    8|          0|
    |void_compute_output_buffer_2d_array_const_ap_shift_reg_n_chan_stream_weig_8                   |   8|   0|    8|          0|
    |void_compute_output_buffer_2d_array_const_ap_shift_reg_n_chan_stream_weig_9                   |   8|   0|    8|          0|
    +----------------------------------------------------------------------------------------------+----+----+-----+-----------+
    |Total                                                                                         | 312|   0|  312|          0|
    +----------------------------------------------------------------------------------------------+----+----+-----+-----------+



================================================================
== Interface
================================================================
* Summary: 
+-------------------+-----+-----+------------+-----------------------------------------------------------------------+--------------+
|     RTL Ports     | Dir | Bits|  Protocol  |                             Source Object                             |    C Type    |
+-------------------+-----+-----+------------+-----------------------------------------------------------------------+--------------+
|ap_clk             |   in|    1|  ap_ctrl_hs|  compute_output_buffer_2d<array,array<ap_fixed<8,2,5,3,0>,1u>,config4>|  return value|
|ap_rst             |   in|    1|  ap_ctrl_hs|  compute_output_buffer_2d<array,array<ap_fixed<8,2,5,3,0>,1u>,config4>|  return value|
|ap_start           |   in|    1|  ap_ctrl_hs|  compute_output_buffer_2d<array,array<ap_fixed<8,2,5,3,0>,1u>,config4>|  return value|
|ap_done            |  out|    1|  ap_ctrl_hs|  compute_output_buffer_2d<array,array<ap_fixed<8,2,5,3,0>,1u>,config4>|  return value|
|ap_idle            |  out|    1|  ap_ctrl_hs|  compute_output_buffer_2d<array,array<ap_fixed<8,2,5,3,0>,1u>,config4>|  return value|
|ap_ready           |  out|    1|  ap_ctrl_hs|  compute_output_buffer_2d<array,array<ap_fixed<8,2,5,3,0>,1u>,config4>|  return value|
|p_read             |   in|    8|     ap_none|                                                                 p_read|        scalar|
|p_read1            |   in|    8|     ap_none|                                                                p_read1|        scalar|
|layer4_out_TDATA   |  out|    8|        axis|                                                             layer4_out|       pointer|
|layer4_out_TVALID  |  out|    1|        axis|                                                             layer4_out|       pointer|
|layer4_out_TREADY  |   in|    1|        axis|                                                             layer4_out|       pointer|
+-------------------+-----+-----+------------+-----------------------------------------------------------------------+--------------+

