

================================================================
== Vitis HLS Report for 'compute_output_buffer_2d_array_array_ap_fixed_8_2_5_3_0_2u_config2_s'
================================================================
* Date:           Tue May 26 23:24:20 2026

* Version:        2021.2 (Build 3367213 on Tue Oct 19 02:48:09 MDT 2021)
* Project:        myproject_prj
* Solution:       solution1 (Vivado IP Flow Target)
* Product family: zynq
* Target device:  xc7z020-clg400-1


================================================================
== Performance Estimates
================================================================
+ Timing: 
    * Summary: 
    +--------+----------+----------+------------+
    |  Clock |  Target  | Estimated| Uncertainty|
    +--------+----------+----------+------------+
    |ap_clk  |  10.00 ns|  8.181 ns|     1.25 ns|
    +--------+----------+----------+------------+

+ Latency: 
    * Summary: 
    +---------+---------+-----------+----------+-----+-----+---------+
    |  Latency (cycles) |  Latency (absolute)  |  Interval | Pipeline|
    |   min   |   max   |    min    |    max   | min | max |   Type  |
    +---------+---------+-----------+----------+-----+-----+---------+
    |        2|       23|  20.000 ns|  0.230 us|    2|   23|       no|
    +---------+---------+-----------+----------+-----+-----+---------+

    + Detail: 
        * Instance: 
        +-------------------------------------------------------------------------------------+--------------------------------------------------------------------------+---------+---------+----------+----------+-----+-----+------------------------------------------+
        |                                                                                     |                                                                          |  Latency (cycles) |  Latency (absolute) |  Interval |                 Pipeline                 |
        |                                       Instance                                      |                                  Module                                  |   min   |   max   |    min   |    max   | min | max |                   Type                   |
        +-------------------------------------------------------------------------------------+--------------------------------------------------------------------------+---------+---------+----------+----------+-----+-----+------------------------------------------+
        |call_ln281_shift_line_buffer_array_ap_fixed_8_2_5_3_0_1u_config2_s_fu_93             |shift_line_buffer_array_ap_fixed_8_2_5_3_0_1u_config2_s                   |        0|        0|      0 ns|      0 ns|    1|    1|                                       yes|
        |grp_dense_resource_rf_gt_nin_rem0_ap_fixed_ap_fixed_8_2_5_3_0_config2_mult_s_fu_121  |dense_resource_rf_gt_nin_rem0_ap_fixed_ap_fixed_8_2_5_3_0_config2_mult_s  |       19|       20|  0.190 us|  0.200 us|   18|   18|  loop rewind stp(delay=0 clock cycles(s))|
        +-------------------------------------------------------------------------------------+--------------------------------------------------------------------------+---------+---------+----------+----------+-----+-----+------------------------------------------+

        * Loop: 
        N/A



================================================================
== Utilization Estimates
================================================================
* Summary: 
+-----------------+---------+-----+--------+-------+-----+
|       Name      | BRAM_18K| DSP |   FF   |  LUT  | URAM|
+-----------------+---------+-----+--------+-------+-----+
|DSP              |        -|    -|       -|      -|    -|
|Expression       |        -|    -|       0|    338|    -|
|FIFO             |        -|    -|       -|      -|    -|
|Instance         |        1|    0|     400|    793|    -|
|Memory           |        -|    -|       -|      -|    -|
|Multiplexer      |        -|    -|       -|     75|    -|
|Register         |        -|    -|     223|      -|    -|
+-----------------+---------+-----+--------+-------+-----+
|Total            |        1|    0|     623|   1206|    0|
+-----------------+---------+-----+--------+-------+-----+
|Available        |      280|  220|  106400|  53200|    0|
+-----------------+---------+-----+--------+-------+-----+
|Utilization (%)  |       ~0|    0|      ~0|      2|    0|
+-----------------+---------+-----+--------+-------+-----+

+ Detail: 
    * Instance: 
    +-------------------------------------------------------------------------------------+--------------------------------------------------------------------------+---------+----+-----+-----+-----+
    |                                       Instance                                      |                                  Module                                  | BRAM_18K| DSP|  FF | LUT | URAM|
    +-------------------------------------------------------------------------------------+--------------------------------------------------------------------------+---------+----+-----+-----+-----+
    |grp_dense_resource_rf_gt_nin_rem0_ap_fixed_ap_fixed_8_2_5_3_0_config2_mult_s_fu_121  |dense_resource_rf_gt_nin_rem0_ap_fixed_ap_fixed_8_2_5_3_0_config2_mult_s  |        1|   0|  271|  675|    0|
    |call_ln281_shift_line_buffer_array_ap_fixed_8_2_5_3_0_1u_config2_s_fu_93             |shift_line_buffer_array_ap_fixed_8_2_5_3_0_1u_config2_s                   |        0|   0|  129|  118|    0|
    +-------------------------------------------------------------------------------------+--------------------------------------------------------------------------+---------+----+-----+-----+-----+
    |Total                                                                                |                                                                          |        1|   0|  400|  793|    0|
    +-------------------------------------------------------------------------------------+--------------------------------------------------------------------------+---------+----+-----+-----+-----+

    * DSP: 
    N/A

    * Memory: 
    N/A

    * FIFO: 
    N/A

    * Expression: 
    +--------------------------------+----------+----+---+----+------------+------------+
    |          Variable Name         | Operation| DSP| FF| LUT| Bitwidth P0| Bitwidth P1|
    +--------------------------------+----------+----+---+----+------------+------------+
    |add_ln303_fu_234_p2             |         +|   0|  0|  39|          32|           1|
    |add_ln307_fu_281_p2             |         +|   0|  0|  39|          32|           1|
    |add_ln313_fu_298_p2             |         +|   0|  0|  39|          32|           1|
    |add_ln318_fu_251_p2             |         +|   0|  0|  39|          32|           1|
    |and_ln284_1_fu_213_p2           |       and|   0|  0|   2|           1|           1|
    |and_ln284_fu_207_p2             |       and|   0|  0|   2|           1|           1|
    |ap_block_state4                 |       and|   0|  0|   2|           1|           1|
    |ap_condition_131                |       and|   0|  0|   2|           1|           1|
    |ap_condition_215                |       and|   0|  0|   2|           1|           1|
    |ap_predicate_op27_write_state4  |       and|   0|  0|   2|           1|           1|
    |grp_fu_147_p2                   |      icmp|   0|  0|  18|          32|           2|
    |icmp_ln284_2_fu_185_p2          |      icmp|   0|  0|  17|          31|           1|
    |icmp_ln284_3_fu_201_p2          |      icmp|   0|  0|  17|          31|           1|
    |icmp_ln284_fu_156_p2            |      icmp|   0|  0|  18|          32|           2|
    |icmp_ln303_fu_239_p2            |      icmp|   0|  0|  18|          32|           8|
    |icmp_ln307_fu_286_p2            |      icmp|   0|  0|  18|          32|           7|
    |select_ln313_fu_303_p3          |    select|   0|  0|  32|           1|           2|
    |select_ln318_fu_256_p3          |    select|   0|  0|  32|           1|           2|
    +--------------------------------+----------+----+---+----+------------+------------+
    |Total                           |          |   0|  0| 338|         326|          35|
    +--------------------------------+----------+----+---+----+------------+------------+

    * Multiplexer: 
    +------------------------------------+----+-----------+-----+-----------+
    |                Name                | LUT| Input Size| Bits| Total Bits|
    +------------------------------------+----+-----------+-----+-----------+
    |ap_NS_fsm                           |  25|          5|    1|          5|
    |ap_phi_mux_storemerge_phi_fu_86_p4  |  14|          3|   32|         96|
    |layer2_out_blk_n                    |   9|          2|    1|          2|
    |pX_1                                |   9|          2|   32|         64|
    |pY_1                                |   9|          2|   32|         64|
    |sX_1                                |   9|          2|   32|         64|
    +------------------------------------+----+-----------+-----+-----------+
    |Total                               |  75|         16|  130|        295|
    +------------------------------------+----+-----------+-----+-----------+

    * Register: 
    +--------------------------------------------------------------------------------------------------+----+----+-----+-----------+
    |                                               Name                                               | FF | LUT| Bits| Const Bits|
    +--------------------------------------------------------------------------------------------------+----+----+-----+-----------+
    |and_ln284_1_reg_341                                                                               |   1|   0|    1|          0|
    |ap_CS_fsm                                                                                         |   4|   0|    4|          0|
    |grp_dense_resource_rf_gt_nin_rem0_ap_fixed_ap_fixed_8_2_5_3_0_config2_mult_s_fu_121_ap_start_reg  |   1|   0|    1|          0|
    |icmp_ln284_reg_327                                                                                |   1|   0|    1|          0|
    |pX_1                                                                                              |  32|   0|   32|          0|
    |pY_1                                                                                              |  32|   0|   32|          0|
    |res_out_V_2_reg_350                                                                               |   8|   0|    8|          0|
    |res_out_V_reg_345                                                                                 |   8|   0|    8|          0|
    |sX_1                                                                                              |  32|   0|   32|          0|
    |sY_1                                                                                              |  32|   0|   32|          0|
    |void_compute_output_buffer_2d_array_const_ap_shift_reg_n_chan_stream_weig_10                      |   8|   0|    8|          0|
    |void_compute_output_buffer_2d_array_const_ap_shift_reg_n_chan_stream_weig_11                      |   8|   0|    8|          0|
    |void_compute_output_buffer_2d_array_const_ap_shift_reg_n_chan_stream_weig_12                      |   8|   0|    8|          0|
    |void_compute_output_buffer_2d_array_const_ap_shift_reg_n_chan_stream_weig_13                      |   8|   0|    8|          0|
    |void_compute_output_buffer_2d_array_const_ap_shift_reg_n_chan_stream_weig_14                      |   8|   0|    8|          0|
    |void_compute_output_buffer_2d_array_const_ap_shift_reg_n_chan_stream_weig_15                      |   8|   0|    8|          0|
    |void_compute_output_buffer_2d_array_const_ap_shift_reg_n_chan_stream_weig_16                      |   8|   0|    8|          0|
    |void_compute_output_buffer_2d_array_const_ap_shift_reg_n_chan_stream_weig_17                      |   8|   0|    8|          0|
    |void_compute_output_buffer_2d_array_const_ap_shift_reg_n_chan_stream_weig_18                      |   8|   0|    8|          0|
    +--------------------------------------------------------------------------------------------------+----+----+-----+-----------+
    |Total                                                                                             | 223|   0|  223|          0|
    +--------------------------------------------------------------------------------------------------+----+----+-----+-----------+



================================================================
== Interface
================================================================
* Summary: 
+-------------------+-----+-----+------------+-----------------------------------------------------------------------+--------------+
|     RTL Ports     | Dir | Bits|  Protocol  |                             Source Object                             |    C Type    |
+-------------------+-----+-----+------------+-----------------------------------------------------------------------+--------------+
|ap_clk             |   in|    1|  ap_ctrl_hs|  compute_output_buffer_2d<array,array<ap_fixed<8,2,5,3,0>,2u>,config2>|  return value|
|ap_rst             |   in|    1|  ap_ctrl_hs|  compute_output_buffer_2d<array,array<ap_fixed<8,2,5,3,0>,2u>,config2>|  return value|
|ap_start           |   in|    1|  ap_ctrl_hs|  compute_output_buffer_2d<array,array<ap_fixed<8,2,5,3,0>,2u>,config2>|  return value|
|ap_done            |  out|    1|  ap_ctrl_hs|  compute_output_buffer_2d<array,array<ap_fixed<8,2,5,3,0>,2u>,config2>|  return value|
|ap_idle            |  out|    1|  ap_ctrl_hs|  compute_output_buffer_2d<array,array<ap_fixed<8,2,5,3,0>,2u>,config2>|  return value|
|ap_ready           |  out|    1|  ap_ctrl_hs|  compute_output_buffer_2d<array,array<ap_fixed<8,2,5,3,0>,2u>,config2>|  return value|
|p_read             |   in|    8|     ap_none|                                                                 p_read|        scalar|
|layer2_out_din     |  out|   16|     ap_fifo|                                                             layer2_out|       pointer|
|layer2_out_full_n  |   in|    1|     ap_fifo|                                                             layer2_out|       pointer|
|layer2_out_write   |  out|    1|     ap_fifo|                                                             layer2_out|       pointer|
+-------------------+-----+-----+------------+-----------------------------------------------------------------------+--------------+

