

================================================================
== Vitis HLS Report for 'dense_resource_rf_gt_nin_rem0_ap_fixed_ap_fixed_8_2_5_3_0_config2_mult_s'
================================================================
* Date:           Tue May 26 23:24:20 2026

* Version:        2021.2 (Build 3367213 on Tue Oct 19 02:48:09 MDT 2021)
* Project:        myproject_prj
* Solution:       solution1 (Vivado IP Flow Target)
* Product family: zynq
* Target device:  xc7z020-clg400-1


================================================================
== Performance Estimates
================================================================
+ Timing: 
    * Summary: 
    +--------+----------+----------+------------+
    |  Clock |  Target  | Estimated| Uncertainty|
    +--------+----------+----------+------------+
    |ap_clk  |  10.00 ns|  8.181 ns|     1.25 ns|
    +--------+----------+----------+------------+

+ Latency: 
    * Summary: 
    +---------+---------+----------+----------+-----+-----+------------------------------------------+
    |  Latency (cycles) |  Latency (absolute) |  Interval |                 Pipeline                 |
    |   min   |   max   |    min   |    max   | min | max |                   Type                   |
    +---------+---------+----------+----------+-----+-----+------------------------------------------+
    |       19|       20|  0.190 us|  0.200 us|   18|   18|  loop rewind stp(delay=0 clock cycles(s))|
    +---------+---------+----------+----------+-----+-----+------------------------------------------+

    + Detail: 
        * Instance: 
        N/A

        * Loop: 
        +-------------+---------+---------+----------+-----------+-----------+------+----------+
        |             |  Latency (cycles) | Iteration|  Initiation Interval  | Trip |          |
        |  Loop Name  |   min   |   max   |  Latency |  achieved |   target  | Count| Pipelined|
        +-------------+---------+---------+----------+-----------+-----------+------+----------+
        |- ReuseLoop  |       19|       19|         3|          1|          1|    18|       yes|
        +-------------+---------+---------+----------+-----------+-----------+------+----------+



================================================================
== Utilization Estimates
================================================================
* Summary: 
+-----------------+---------+-----+--------+-------+-----+
|       Name      | BRAM_18K| DSP |   FF   |  LUT  | URAM|
+-----------------+---------+-----+--------+-------+-----+
|DSP              |        -|    -|       -|      -|    -|
|Expression       |        -|    -|       0|    201|    -|
|FIFO             |        -|    -|       -|      -|    -|
|Instance         |        -|    0|       0|     98|    -|
|Memory           |        1|    -|       1|      1|    -|
|Multiplexer      |        -|    -|       -|    375|    -|
|Register         |        -|    -|     270|      -|    -|
+-----------------+---------+-----+--------+-------+-----+
|Total            |        1|    0|     271|    675|    0|
+-----------------+---------+-----+--------+-------+-----+
|Available        |      280|  220|  106400|  53200|    0|
+-----------------+---------+-----+--------+-------+-----+
|Utilization (%)  |       ~0|    0|      ~0|      1|    0|
+-----------------+---------+-----+--------+-------+-----+

+ Detail: 
    * Instance: 
    +----------------------+------------------+---------+----+---+----+-----+
    |       Instance       |      Module      | BRAM_18K| DSP| FF| LUT| URAM|
    +----------------------+------------------+---------+----+---+----+-----+
    |mul_8s_7s_14_1_1_U20  |mul_8s_7s_14_1_1  |        0|   0|  0|  41|    0|
    |mux_21_8_1_1_U21      |mux_21_8_1_1      |        0|   0|  0|   9|    0|
    |mux_932_8_1_1_U19     |mux_932_8_1_1     |        0|   0|  0|  48|    0|
    +----------------------+------------------+---------+----+---+----+-----+
    |Total                 |                  |        0|   0|  0|  98|    0|
    +----------------------+------------------+---------+----+---+----+-----+

    * DSP: 
    N/A

    * Memory: 
    +----------+----------------------------------------------------------------------------------+---------+---+----+-----+------+-----+------+-------------+
    |  Memory  |                                      Module                                      | BRAM_18K| FF| LUT| URAM| Words| Bits| Banks| W*Bits*Banks|
    +----------+----------------------------------------------------------------------------------+---------+---+----+-----+------+-----+------+-------------+
    |outidx_U  |dense_resource_rf_gt_nin_rem0_ap_fixed_ap_fixed_8_2_5_3_0_config2_mult_s_outidEe  |        0|  1|   1|    0|    18|    1|     1|           18|
    |w2_V_U    |dense_resource_rf_gt_nin_rem0_ap_fixed_ap_fixed_8_2_5_3_0_config2_mult_s_w2_VeOg  |        1|  0|   0|    0|    18|    7|     1|          126|
    +----------+----------------------------------------------------------------------------------+---------+---+----+-----+------+-----+------+-------------+
    |Total     |                                                                                  |        1|  1|   1|    0|    36|    8|     2|          144|
    +----------+----------------------------------------------------------------------------------+---------+---+----+-----+------+-----+------+-------------+

    * FIFO: 
    N/A

    * Expression: 
    +--------------------------+----------+----+---+----+------------+------------+
    |       Variable Name      | Operation| DSP| FF| LUT| Bitwidth P0| Bitwidth P1|
    +--------------------------+----------+----+---+----+------------+------------+
    |add_ln712_fu_593_p2       |         +|   0|  0|  15|           8|           8|
    |in_index_1_fu_510_p2      |         +|   0|  0|  39|          32|           1|
    |w_index_fu_450_p2         |         +|   0|  0|  13|           5|           1|
    |sub_ln707_fu_551_p2       |         -|   0|  0|  14|           1|           9|
    |ap_condition_154          |       and|   0|  0|   2|           1|           1|
    |ap_condition_165          |       and|   0|  0|   2|           1|           1|
    |icmp_ln135_fu_456_p2      |      icmp|   0|  0|   9|           5|           5|
    |icmp_ln154_fu_516_p2      |      icmp|   0|  0|  18|          32|           4|
    |icmp_ln707_fu_557_p2      |      icmp|   0|  0|  11|           9|           9|
    |or_ln707_fu_563_p2        |        or|   0|  0|   2|           1|           1|
    |acc_V_1_fu_598_p3         |    select|   0|  0|   8|           1|           8|
    |acc_V_fu_605_p3           |    select|   0|  0|   8|           1|           8|
    |in_index_fu_522_p3        |    select|   0|  0|  32|           1|           1|
    |select_ln707_1_fu_577_p3  |    select|   0|  0|   8|           1|           8|
    |select_ln707_2_fu_585_p3  |    select|   0|  0|   8|           1|           8|
    |select_ln707_fu_569_p3    |    select|   0|  0|   8|           1|           8|
    |ap_enable_pp0             |       xor|   0|  0|   2|           1|           2|
    |xor_ln712_fu_546_p2       |       xor|   0|  0|   2|           1|           2|
    +--------------------------+----------+----+---+----+------------+------------+
    |Total                     |          |   0|  0| 201|         103|          85|
    +--------------------------+----------+----+---+----+------------+------------+

    * Multiplexer: 
    +-----------------------------------------------------------------------------------------------------------+----+-----------+-----+-----------+
    |                                                    Name                                                   | LUT| Input Size| Bits| Total Bits|
    +-----------------------------------------------------------------------------------------------------------+----+-----------+-----+-----------+
    |ap_done_int                                                                                                |   9|          2|    1|          2|
    |ap_loop_exit_ready_pp0_iter2_reg                                                                           |   9|          2|    1|          2|
    |ap_phi_mux_do_init_phi_fu_107_p6                                                                           |  14|          3|    1|          3|
    |ap_phi_mux_in_index14_phi_fu_262_p6                                                                        |  14|          3|   32|         96|
    |ap_phi_mux_res_0_0_i12_phi_fu_384_p6                                                                       |   9|          2|    8|         16|
    |ap_phi_mux_res_1_0_i10_phi_fu_398_p6                                                                       |   9|          2|    8|         16|
    |ap_phi_mux_void_compute_output_buffer_2d_array_const_ap_shift_reg_n_chan_stream_weig_61_phi_fu_276_p4      |   9|          2|    8|         16|
    |ap_phi_mux_void_compute_output_buffer_2d_array_const_ap_shift_reg_n_chan_stream_weig_62_phi_fu_288_p4      |   9|          2|    8|         16|
    |ap_phi_mux_void_compute_output_buffer_2d_array_const_ap_shift_reg_n_chan_stream_weig_63_phi_fu_300_p4      |   9|          2|    8|         16|
    |ap_phi_mux_void_compute_output_buffer_2d_array_const_ap_shift_reg_n_chan_stream_weig_64_phi_fu_312_p4      |   9|          2|    8|         16|
    |ap_phi_mux_void_compute_output_buffer_2d_array_const_ap_shift_reg_n_chan_stream_weig_65_phi_fu_324_p4      |   9|          2|    8|         16|
    |ap_phi_mux_void_compute_output_buffer_2d_array_const_ap_shift_reg_n_chan_stream_weig_66_phi_fu_336_p4      |   9|          2|    8|         16|
    |ap_phi_mux_void_compute_output_buffer_2d_array_const_ap_shift_reg_n_chan_stream_weig_67_phi_fu_348_p4      |   9|          2|    8|         16|
    |ap_phi_mux_void_compute_output_buffer_2d_array_const_ap_shift_reg_n_chan_stream_weig_68_phi_fu_360_p4      |   9|          2|    8|         16|
    |ap_phi_mux_void_compute_output_buffer_2d_array_const_ap_shift_reg_n_chan_stream_weig_69_phi_fu_372_p4      |   9|          2|    8|         16|
    |ap_phi_mux_w_index13_phi_fu_122_p6                                                                         |  14|          3|    5|         15|
    |ap_phi_reg_pp0_iter1_void_compute_output_buffer_2d_array_const_ap_shift_reg_n_chan_stream_weig_61_reg_272  |   9|          2|    8|         16|
    |ap_phi_reg_pp0_iter1_void_compute_output_buffer_2d_array_const_ap_shift_reg_n_chan_stream_weig_62_reg_284  |   9|          2|    8|         16|
    |ap_phi_reg_pp0_iter1_void_compute_output_buffer_2d_array_const_ap_shift_reg_n_chan_stream_weig_63_reg_296  |   9|          2|    8|         16|
    |ap_phi_reg_pp0_iter1_void_compute_output_buffer_2d_array_const_ap_shift_reg_n_chan_stream_weig_64_reg_308  |   9|          2|    8|         16|
    |ap_phi_reg_pp0_iter1_void_compute_output_buffer_2d_array_const_ap_shift_reg_n_chan_stream_weig_65_reg_320  |   9|          2|    8|         16|
    |ap_phi_reg_pp0_iter1_void_compute_output_buffer_2d_array_const_ap_shift_reg_n_chan_stream_weig_66_reg_332  |   9|          2|    8|         16|
    |ap_phi_reg_pp0_iter1_void_compute_output_buffer_2d_array_const_ap_shift_reg_n_chan_stream_weig_67_reg_344  |   9|          2|    8|         16|
    |ap_phi_reg_pp0_iter1_void_compute_output_buffer_2d_array_const_ap_shift_reg_n_chan_stream_weig_68_reg_356  |   9|          2|    8|         16|
    |ap_phi_reg_pp0_iter1_void_compute_output_buffer_2d_array_const_ap_shift_reg_n_chan_stream_weig_69_reg_368  |   9|          2|    8|         16|
    |ap_return_0                                                                                                |   9|          2|    8|         16|
    |ap_return_1                                                                                                |   9|          2|    8|         16|
    |in_index14_reg_258                                                                                         |   9|          2|   32|         64|
    |res_0_0_i12_reg_380                                                                                        |   9|          2|    8|         16|
    |res_1_0_i10_reg_394                                                                                        |   9|          2|    8|         16|
    |void_compute_output_buffer_2d_array_const_ap_shift_reg_n_chan_stream_weig_61_reg_272                       |   9|          2|    8|         16|
    |void_compute_output_buffer_2d_array_const_ap_shift_reg_n_chan_stream_weig_62_reg_284                       |   9|          2|    8|         16|
    |void_compute_output_buffer_2d_array_const_ap_shift_reg_n_chan_stream_weig_63_reg_296                       |   9|          2|    8|         16|
    |void_compute_output_buffer_2d_array_const_ap_shift_reg_n_chan_stream_weig_64_reg_308                       |   9|          2|    8|         16|
    |void_compute_output_buffer_2d_array_const_ap_shift_reg_n_chan_stream_weig_65_reg_320                       |   9|          2|    8|         16|
    |void_compute_output_buffer_2d_array_const_ap_shift_reg_n_chan_stream_weig_66_reg_332                       |   9|          2|    8|         16|
    |void_compute_output_buffer_2d_array_const_ap_shift_reg_n_chan_stream_weig_67_reg_344                       |   9|          2|    8|         16|
    |void_compute_output_buffer_2d_array_const_ap_shift_reg_n_chan_stream_weig_68_reg_356                       |   9|          2|    8|         16|
    |void_compute_output_buffer_2d_array_const_ap_shift_reg_n_chan_stream_weig_69_reg_368                       |   9|          2|    8|         16|
    |w_index13_reg_119                                                                                          |   9|          2|    5|         10|
    +-----------------------------------------------------------------------------------------------------------+----+-----------+-----+-----------+
    |Total                                                                                                      | 375|         83|  341|        720|
    +-----------------------------------------------------------------------------------------------------------+----+-----------+-----+-----------+

    * Register: 
    +-----------------------------------------------------------------------------------------------------------+----+----+-----+-----------+
    |                                                    Name                                                   | FF | LUT| Bits| Const Bits|
    +-----------------------------------------------------------------------------------------------------------+----+----+-----+-----------+
    |ap_CS_fsm                                                                                                  |   1|   0|    1|          0|
    |ap_done_reg                                                                                                |   1|   0|    1|          0|
    |ap_enable_reg_pp0_iter1                                                                                    |   1|   0|    1|          0|
    |ap_enable_reg_pp0_iter2                                                                                    |   1|   0|    1|          0|
    |ap_loop_exit_ready_pp0_iter1_reg                                                                           |   1|   0|    1|          0|
    |ap_loop_exit_ready_pp0_iter2_reg                                                                           |   1|   0|    1|          0|
    |ap_loop_init_pp0_iter1_reg                                                                                 |   1|   0|    1|          0|
    |ap_loop_init_pp0_iter2_reg                                                                                 |   1|   0|    1|          0|
    |ap_phi_reg_pp0_iter1_void_compute_output_buffer_2d_array_const_ap_shift_reg_n_chan_stream_weig_61_reg_272  |   8|   0|    8|          0|
    |ap_phi_reg_pp0_iter1_void_compute_output_buffer_2d_array_const_ap_shift_reg_n_chan_stream_weig_62_reg_284  |   8|   0|    8|          0|
    |ap_phi_reg_pp0_iter1_void_compute_output_buffer_2d_array_const_ap_shift_reg_n_chan_stream_weig_63_reg_296  |   8|   0|    8|          0|
    |ap_phi_reg_pp0_iter1_void_compute_output_buffer_2d_array_const_ap_shift_reg_n_chan_stream_weig_64_reg_308  |   8|   0|    8|          0|
    |ap_phi_reg_pp0_iter1_void_compute_output_buffer_2d_array_const_ap_shift_reg_n_chan_stream_weig_65_reg_320  |   8|   0|    8|          0|
    |ap_phi_reg_pp0_iter1_void_compute_output_buffer_2d_array_const_ap_shift_reg_n_chan_stream_weig_66_reg_332  |   8|   0|    8|          0|
    |ap_phi_reg_pp0_iter1_void_compute_output_buffer_2d_array_const_ap_shift_reg_n_chan_stream_weig_67_reg_344  |   8|   0|    8|          0|
    |ap_phi_reg_pp0_iter1_void_compute_output_buffer_2d_array_const_ap_shift_reg_n_chan_stream_weig_68_reg_356  |   8|   0|    8|          0|
    |ap_phi_reg_pp0_iter1_void_compute_output_buffer_2d_array_const_ap_shift_reg_n_chan_stream_weig_69_reg_368  |   8|   0|    8|          0|
    |ap_return_0_preg                                                                                           |   8|   0|    8|          0|
    |ap_return_1_preg                                                                                           |   8|   0|    8|          0|
    |do_init_reg_104                                                                                            |   1|   0|    1|          0|
    |icmp_ln135_reg_688                                                                                         |   1|   0|    1|          0|
    |icmp_ln135_reg_688_pp0_iter1_reg                                                                           |   1|   0|    1|          0|
    |in_index14_reg_258                                                                                         |  32|   0|   32|          0|
    |in_index_reg_706                                                                                           |  32|   0|   32|          0|
    |out_index_reg_692                                                                                          |   1|   0|    1|          0|
    |res_0_0_i12_reg_380                                                                                        |   8|   0|    8|          0|
    |res_1_0_i10_reg_394                                                                                        |   8|   0|    8|          0|
    |rhs_reg_700                                                                                                |   8|   0|    8|          0|
    |void_compute_output_buffer_2d_array_const_ap_shift_reg_n_chan_stream_weig_61_reg_272                       |   8|   0|    8|          0|
    |void_compute_output_buffer_2d_array_const_ap_shift_reg_n_chan_stream_weig_62_reg_284                       |   8|   0|    8|          0|
    |void_compute_output_buffer_2d_array_const_ap_shift_reg_n_chan_stream_weig_63_reg_296                       |   8|   0|    8|          0|
    |void_compute_output_buffer_2d_array_const_ap_shift_reg_n_chan_stream_weig_64_reg_308                       |   8|   0|    8|          0|
    |void_compute_output_buffer_2d_array_const_ap_shift_reg_n_chan_stream_weig_65_reg_320                       |   8|   0|    8|          0|
    |void_compute_output_buffer_2d_array_const_ap_shift_reg_n_chan_stream_weig_66_reg_332                       |   8|   0|    8|          0|
    |void_compute_output_buffer_2d_array_const_ap_shift_reg_n_chan_stream_weig_67_reg_344                       |   8|   0|    8|          0|
    |void_compute_output_buffer_2d_array_const_ap_shift_reg_n_chan_stream_weig_68_reg_356                       |   8|   0|    8|          0|
    |void_compute_output_buffer_2d_array_const_ap_shift_reg_n_chan_stream_weig_69_reg_368                       |   8|   0|    8|          0|
    |w_index13_reg_119                                                                                          |   5|   0|    5|          0|
    |w_index_reg_683                                                                                            |   5|   0|    5|          0|
    +-----------------------------------------------------------------------------------------------------------+----+----+-----+-----------+
    |Total                                                                                                      | 270|   0|  270|          0|
    +-----------------------------------------------------------------------------------------------------------+----+----+-----+-----------+



================================================================
== Interface
================================================================
* Summary: 
+------------------------------------------------------------------------------+-----+-----+------------+------------------------------------------------------------------------------+--------------+
|                                   RTL Ports                                  | Dir | Bits|  Protocol  |                                 Source Object                                |    C Type    |
+------------------------------------------------------------------------------+-----+-----+------------+------------------------------------------------------------------------------+--------------+
|ap_clk                                                                        |   in|    1|  ap_ctrl_hs|      dense_resource_rf_gt_nin_rem0<ap_fixed,ap_fixed<8,2,5,3,0>,config2_mult>|  return value|
|ap_rst                                                                        |   in|    1|  ap_ctrl_hs|      dense_resource_rf_gt_nin_rem0<ap_fixed,ap_fixed<8,2,5,3,0>,config2_mult>|  return value|
|ap_start                                                                      |   in|    1|  ap_ctrl_hs|      dense_resource_rf_gt_nin_rem0<ap_fixed,ap_fixed<8,2,5,3,0>,config2_mult>|  return value|
|ap_done                                                                       |  out|    1|  ap_ctrl_hs|      dense_resource_rf_gt_nin_rem0<ap_fixed,ap_fixed<8,2,5,3,0>,config2_mult>|  return value|
|ap_idle                                                                       |  out|    1|  ap_ctrl_hs|      dense_resource_rf_gt_nin_rem0<ap_fixed,ap_fixed<8,2,5,3,0>,config2_mult>|  return value|
|ap_ready                                                                      |  out|    1|  ap_ctrl_hs|      dense_resource_rf_gt_nin_rem0<ap_fixed,ap_fixed<8,2,5,3,0>,config2_mult>|  return value|
|ap_return_0                                                                   |  out|    8|  ap_ctrl_hs|      dense_resource_rf_gt_nin_rem0<ap_fixed,ap_fixed<8,2,5,3,0>,config2_mult>|  return value|
|ap_return_1                                                                   |  out|    8|  ap_ctrl_hs|      dense_resource_rf_gt_nin_rem0<ap_fixed,ap_fixed<8,2,5,3,0>,config2_mult>|  return value|
|void_compute_output_buffer_2d_array_const_ap_shift_reg_n_chan_stream_weig_18  |   in|    8|     ap_none|  void_compute_output_buffer_2d_array_const_ap_shift_reg_n_chan_stream_weig_18|       pointer|
|void_compute_output_buffer_2d_array_const_ap_shift_reg_n_chan_stream_weig_17  |   in|    8|     ap_none|  void_compute_output_buffer_2d_array_const_ap_shift_reg_n_chan_stream_weig_17|       pointer|
|void_compute_output_buffer_2d_array_const_ap_shift_reg_n_chan_stream_weig_16  |   in|    8|     ap_none|  void_compute_output_buffer_2d_array_const_ap_shift_reg_n_chan_stream_weig_16|       pointer|
|void_compute_output_buffer_2d_array_const_ap_shift_reg_n_chan_stream_weig_15  |   in|    8|     ap_none|  void_compute_output_buffer_2d_array_const_ap_shift_reg_n_chan_stream_weig_15|       pointer|
|void_compute_output_buffer_2d_array_const_ap_shift_reg_n_chan_stream_weig_14  |   in|    8|     ap_none|  void_compute_output_buffer_2d_array_const_ap_shift_reg_n_chan_stream_weig_14|       pointer|
|void_compute_output_buffer_2d_array_const_ap_shift_reg_n_chan_stream_weig_13  |   in|    8|     ap_none|  void_compute_output_buffer_2d_array_const_ap_shift_reg_n_chan_stream_weig_13|       pointer|
|void_compute_output_buffer_2d_array_const_ap_shift_reg_n_chan_stream_weig_12  |   in|    8|     ap_none|  void_compute_output_buffer_2d_array_const_ap_shift_reg_n_chan_stream_weig_12|       pointer|
|void_compute_output_buffer_2d_array_const_ap_shift_reg_n_chan_stream_weig_11  |   in|    8|     ap_none|  void_compute_output_buffer_2d_array_const_ap_shift_reg_n_chan_stream_weig_11|       pointer|
|void_compute_output_buffer_2d_array_const_ap_shift_reg_n_chan_stream_weig_10  |   in|    8|     ap_none|  void_compute_output_buffer_2d_array_const_ap_shift_reg_n_chan_stream_weig_10|       pointer|
+------------------------------------------------------------------------------+-----+-----+------------+------------------------------------------------------------------------------+--------------+

