

================================================================
== Vitis HLS Report for 'conv_2d_cl_array_ap_fixed_16_6_5_3_0_4u_array_ap_fixed_39_19_5_3_0_4u_config4_s'
================================================================
* Date:           Tue May 26 01:13:08 2026

* Version:        2021.2 (Build 3367213 on Tue Oct 19 02:48:09 MDT 2021)
* Project:        edge_cnn_linear_stream_prj
* Solution:       solution1 (Vivado IP Flow Target)
* Product family: zynq
* Target device:  xc7z020-clg400-1


================================================================
== Performance Estimates
================================================================
+ Timing: 
    * Summary: 
    +--------+----------+----------+------------+
    |  Clock |  Target  | Estimated| Uncertainty|
    +--------+----------+----------+------------+
    |ap_clk  |  10.00 ns|  7.591 ns|     2.70 ns|
    +--------+----------+----------+------------+

+ Latency: 
    * Summary: 
    +---------+---------+----------+-----------+-------+---------+---------+
    |  Latency (cycles) |  Latency (absolute)  |     Interval    | Pipeline|
    |   min   |   max   |    min   |    max    |  min  |   max   |   Type  |
    +---------+---------+----------+-----------+-------+---------+---------+
    |    80689|  3086317|  0.807 ms|  30.863 ms|  80689|  3086317|       no|
    +---------+---------+----------+-----------+-------+---------+---------+

    + Detail: 
        * Instance: 
        +----------------------------------------------------------------------------------------------------------+-----------------------------------------------------------------------------------------------+---------+---------+-----------+----------+-----+-----+---------+
        |                                                                                                          |                                                                                               |  Latency (cycles) |  Latency (absolute)  |  Interval | Pipeline|
        |                                                 Instance                                                 |                                             Module                                            |   min   |   max   |    min    |    max   | min | max |   Type  |
        +----------------------------------------------------------------------------------------------------------+-----------------------------------------------------------------------------------------------+---------+---------+-----------+----------+-----+-----+---------+
        |grp_compute_output_buffer_2d_array_ap_fixed_16_6_5_3_0_4u_array_ap_fixed_39_19_5_3_0_4u_config4_s_fu_158  |compute_output_buffer_2d_array_ap_fixed_16_6_5_3_0_4u_array_ap_fixed_39_19_5_3_0_4u_config4_s  |        2|      151|  20.000 ns|  1.510 us|    2|  151|       no|
        +----------------------------------------------------------------------------------------------------------+-----------------------------------------------------------------------------------------------+---------+---------+-----------+----------+-----+-----+---------+

        * Loop: 
        +----------------------------------+---------+---------+----------+-----------+-----------+-------+----------+
        |                                  |  Latency (cycles) | Iteration|  Initiation Interval  |  Trip |          |
        |             Loop Name            |   min   |   max   |  Latency |  achieved |   target  | Count | Pipelined|
        +----------------------------------+---------+---------+----------+-----------+-----------+-------+----------+
        |- ReadInputHeight_ReadInputWidth  |    80688|  3086316|   4 ~ 153|          -|          -|  20172|        no|
        +----------------------------------+---------+---------+----------+-----------+-----------+-------+----------+



================================================================
== Utilization Estimates
================================================================
* Summary: 
+-----------------+---------+-----+--------+-------+-----+
|       Name      | BRAM_18K| DSP |   FF   |  LUT  | URAM|
+-----------------+---------+-----+--------+-------+-----+
|DSP              |        -|    -|       -|      -|    -|
|Expression       |        -|    -|       0|     36|    -|
|FIFO             |        -|    -|       -|      -|    -|
|Instance         |        1|    1|    2940|   2491|    -|
|Memory           |        -|    -|       -|      -|    -|
|Multiplexer      |        -|    -|       -|     65|    -|
|Register         |        -|    -|      85|      -|    -|
+-----------------+---------+-----+--------+-------+-----+
|Total            |        1|    1|    3025|   2592|    0|
+-----------------+---------+-----+--------+-------+-----+
|Available        |      280|  220|  106400|  53200|    0|
+-----------------+---------+-----+--------+-------+-----+
|Utilization (%)  |       ~0|   ~0|       2|      4|    0|
+-----------------+---------+-----+--------+-------+-----+

+ Detail: 
    * Instance: 
    +----------------------------------------------------------------------------------------------------------+-----------------------------------------------------------------------------------------------+---------+----+------+------+-----+
    |                                                 Instance                                                 |                                             Module                                            | BRAM_18K| DSP|  FF  |  LUT | URAM|
    +----------------------------------------------------------------------------------------------------------+-----------------------------------------------------------------------------------------------+---------+----+------+------+-----+
    |grp_compute_output_buffer_2d_array_ap_fixed_16_6_5_3_0_4u_array_ap_fixed_39_19_5_3_0_4u_config4_s_fu_158  |compute_output_buffer_2d_array_ap_fixed_16_6_5_3_0_4u_array_ap_fixed_39_19_5_3_0_4u_config4_s  |        1|   1|  2940|  2491|    0|
    +----------------------------------------------------------------------------------------------------------+-----------------------------------------------------------------------------------------------+---------+----+------+------+-----+
    |Total                                                                                                     |                                                                                               |        1|   1|  2940|  2491|    0|
    +----------------------------------------------------------------------------------------------------------+-----------------------------------------------------------------------------------------------+---------+----+------+------+-----+

    * DSP: 
    N/A

    * Memory: 
    N/A

    * FIFO: 
    N/A

    * Expression: 
    +---------------------+----------+----+---+----+------------+------------+
    |    Variable Name    | Operation| DSP| FF| LUT| Bitwidth P0| Bitwidth P1|
    +---------------------+----------+----+---+----+------------+------------+
    |add_ln85_fu_282_p2   |         +|   0|  0|  20|          15|           1|
    |ap_block_state2      |       and|   0|  0|   2|           1|           1|
    |icmp_ln85_fu_276_p2  |      icmp|   0|  0|  12|          15|          15|
    |ap_block_state1      |        or|   0|  0|   2|           1|           1|
    +---------------------+----------+----+---+----+------------+------------+
    |Total                |          |   0|  0|  36|          32|          18|
    +---------------------+----------+----+---+----+------------+------------+

    * Multiplexer: 
    +-----------------------+----+-----------+-----+-----------+
    |          Name         | LUT| Input Size| Bits| Total Bits|
    +-----------------------+----+-----------+-----+-----------+
    |ap_NS_fsm              |  20|          4|    1|          4|
    |ap_done                |   9|          2|    1|          2|
    |indvar_flatten_fu_148  |   9|          2|   15|         30|
    |layer4_out_write       |   9|          2|    1|          2|
    |layer8_out_blk_n       |   9|          2|    1|          2|
    |real_start             |   9|          2|    1|          2|
    +-----------------------+----+-----------+-----+-----------+
    |Total                  |  65|         14|   20|         42|
    +-----------------------+----+-----------+-----+-----------+

    * Register: 
    +-----------------------------------------------------------------------------------------------------------------------+----+----+-----+-----------+
    |                                                          Name                                                         | FF | LUT| Bits| Const Bits|
    +-----------------------------------------------------------------------------------------------------------------------+----+----+-----+-----------+
    |ap_CS_fsm                                                                                                              |   3|   0|    3|          0|
    |ap_done_reg                                                                                                            |   1|   0|    1|          0|
    |grp_compute_output_buffer_2d_array_ap_fixed_16_6_5_3_0_4u_array_ap_fixed_39_19_5_3_0_4u_config4_s_fu_158_ap_start_reg  |   1|   0|    1|          0|
    |indvar_flatten_fu_148                                                                                                  |  15|   0|   15|          0|
    |start_once_reg                                                                                                         |   1|   0|    1|          0|
    |trunc_ln144_3_reg_351                                                                                                  |  16|   0|   16|          0|
    |trunc_ln144_4_reg_356                                                                                                  |  16|   0|   16|          0|
    |trunc_ln144_reg_341                                                                                                    |  16|   0|   16|          0|
    |trunc_ln144_s_reg_346                                                                                                  |  16|   0|   16|          0|
    +-----------------------------------------------------------------------------------------------------------------------+----+----+-----+-----------+
    |Total                                                                                                                  |  85|   0|   85|          0|
    +-----------------------------------------------------------------------------------------------------------------------+----+----+-----+-----------+



================================================================
== Interface
================================================================
* Summary: 
+--------------------+-----+-----+------------+------------------------------------------------------------------------------------------------+--------------+
|      RTL Ports     | Dir | Bits|  Protocol  |                                          Source Object                                         |    C Type    |
+--------------------+-----+-----+------------+------------------------------------------------------------------------------------------------+--------------+
|ap_clk              |   in|    1|  ap_ctrl_hs|  conv_2d_cl<array<ap_fixed<16, 6, 5, 3, 0>, 4u>, array<ap_fixed<39, 19, 5, 3, 0>, 4u>, config4>|  return value|
|ap_rst              |   in|    1|  ap_ctrl_hs|  conv_2d_cl<array<ap_fixed<16, 6, 5, 3, 0>, 4u>, array<ap_fixed<39, 19, 5, 3, 0>, 4u>, config4>|  return value|
|ap_start            |   in|    1|  ap_ctrl_hs|  conv_2d_cl<array<ap_fixed<16, 6, 5, 3, 0>, 4u>, array<ap_fixed<39, 19, 5, 3, 0>, 4u>, config4>|  return value|
|start_full_n        |   in|    1|  ap_ctrl_hs|  conv_2d_cl<array<ap_fixed<16, 6, 5, 3, 0>, 4u>, array<ap_fixed<39, 19, 5, 3, 0>, 4u>, config4>|  return value|
|ap_done             |  out|    1|  ap_ctrl_hs|  conv_2d_cl<array<ap_fixed<16, 6, 5, 3, 0>, 4u>, array<ap_fixed<39, 19, 5, 3, 0>, 4u>, config4>|  return value|
|ap_continue         |   in|    1|  ap_ctrl_hs|  conv_2d_cl<array<ap_fixed<16, 6, 5, 3, 0>, 4u>, array<ap_fixed<39, 19, 5, 3, 0>, 4u>, config4>|  return value|
|ap_idle             |  out|    1|  ap_ctrl_hs|  conv_2d_cl<array<ap_fixed<16, 6, 5, 3, 0>, 4u>, array<ap_fixed<39, 19, 5, 3, 0>, 4u>, config4>|  return value|
|ap_ready            |  out|    1|  ap_ctrl_hs|  conv_2d_cl<array<ap_fixed<16, 6, 5, 3, 0>, 4u>, array<ap_fixed<39, 19, 5, 3, 0>, 4u>, config4>|  return value|
|start_out           |  out|    1|  ap_ctrl_hs|  conv_2d_cl<array<ap_fixed<16, 6, 5, 3, 0>, 4u>, array<ap_fixed<39, 19, 5, 3, 0>, 4u>, config4>|  return value|
|start_write         |  out|    1|  ap_ctrl_hs|  conv_2d_cl<array<ap_fixed<16, 6, 5, 3, 0>, 4u>, array<ap_fixed<39, 19, 5, 3, 0>, 4u>, config4>|  return value|
|layer8_out_dout     |   in|   64|     ap_fifo|                                                                                      layer8_out|       pointer|
|layer8_out_empty_n  |   in|    1|     ap_fifo|                                                                                      layer8_out|       pointer|
|layer8_out_read     |  out|    1|     ap_fifo|                                                                                      layer8_out|       pointer|
|layer4_out_din      |  out|  156|     ap_fifo|                                                                                      layer4_out|       pointer|
|layer4_out_full_n   |   in|    1|     ap_fifo|                                                                                      layer4_out|       pointer|
|layer4_out_write    |  out|    1|     ap_fifo|                                                                                      layer4_out|       pointer|
+--------------------+-----+-----+------------+------------------------------------------------------------------------------------------------+--------------+

