

================================================================
== Vitis HLS Report for 'conv_2d_cl_array_ap_fixed_16_6_5_3_0_1u_array_ap_fixed_37_17_5_3_0_4u_config2_s'
================================================================
* Date:           Tue May 26 01:13:02 2026

* Version:        2021.2 (Build 3367213 on Tue Oct 19 02:48:09 MDT 2021)
* Project:        edge_cnn_linear_stream_prj
* Solution:       solution1 (Vivado IP Flow Target)
* Product family: zynq
* Target device:  xc7z020-clg400-1


================================================================
== Performance Estimates
================================================================
+ Timing: 
    * Summary: 
    +--------+----------+----------+------------+
    |  Clock |  Target  | Estimated| Uncertainty|
    +--------+----------+----------+------------+
    |ap_clk  |  10.00 ns|  7.591 ns|     2.70 ns|
    +--------+----------+----------+------------+

+ Latency: 
    * Summary: 
    +---------+---------+----------+----------+-------+--------+---------+
    |  Latency (cycles) |  Latency (absolute) |    Interval    | Pipeline|
    |   min   |   max   |    min   |    max   |  min  |   max  |   Type  |
    +---------+---------+----------+----------+-------+--------+---------+
    |    80689|   907741|  0.807 ms|  9.077 ms|  80689|  907741|       no|
    +---------+---------+----------+----------+-------+--------+---------+

    + Detail: 
        * Instance: 
        +---------------------------------------------------------------------------------------------------------+-----------------------------------------------------------------------------------------------+---------+---------+-----------+----------+-----+-----+---------+
        |                                                                                                         |                                                                                               |  Latency (cycles) |  Latency (absolute)  |  Interval | Pipeline|
        |                                                 Instance                                                |                                             Module                                            |   min   |   max   |    min    |    max   | min | max |   Type  |
        +---------------------------------------------------------------------------------------------------------+-----------------------------------------------------------------------------------------------+---------+---------+-----------+----------+-----+-----+---------+
        |grp_compute_output_buffer_2d_array_ap_fixed_16_6_5_3_0_1u_array_ap_fixed_37_17_5_3_0_4u_config2_s_fu_78  |compute_output_buffer_2d_array_ap_fixed_16_6_5_3_0_1u_array_ap_fixed_37_17_5_3_0_4u_config2_s  |        2|       43|  20.000 ns|  0.430 us|    2|   43|       no|
        +---------------------------------------------------------------------------------------------------------+-----------------------------------------------------------------------------------------------+---------+---------+-----------+----------+-----+-----+---------+

        * Loop: 
        +----------------------------------+---------+---------+----------+-----------+-----------+-------+----------+
        |                                  |  Latency (cycles) | Iteration|  Initiation Interval  |  Trip |          |
        |             Loop Name            |   min   |   max   |  Latency |  achieved |   target  | Count | Pipelined|
        +----------------------------------+---------+---------+----------+-----------+-----------+-------+----------+
        |- ReadInputHeight_ReadInputWidth  |    80688|   907740|    4 ~ 45|          -|          -|  20172|        no|
        +----------------------------------+---------+---------+----------+-----------+-----------+-------+----------+



================================================================
== Utilization Estimates
================================================================
* Summary: 
+-----------------+---------+-----+--------+-------+-----+
|       Name      | BRAM_18K| DSP |   FF   |  LUT  | URAM|
+-----------------+---------+-----+--------+-------+-----+
|DSP              |        -|    -|       -|      -|    -|
|Expression       |        -|    -|       0|     36|    -|
|FIFO             |        -|    -|       -|      -|    -|
|Instance         |        1|    1|    1240|   1292|    -|
|Memory           |        -|    -|       -|      -|    -|
|Multiplexer      |        -|    -|       -|     65|    -|
|Register         |        -|    -|      37|      -|    -|
+-----------------+---------+-----+--------+-------+-----+
|Total            |        1|    1|    1277|   1393|    0|
+-----------------+---------+-----+--------+-------+-----+
|Available        |      280|  220|  106400|  53200|    0|
+-----------------+---------+-----+--------+-------+-----+
|Utilization (%)  |       ~0|   ~0|       1|      2|    0|
+-----------------+---------+-----+--------+-------+-----+

+ Detail: 
    * Instance: 
    +---------------------------------------------------------------------------------------------------------+-----------------------------------------------------------------------------------------------+---------+----+------+------+-----+
    |                                                 Instance                                                |                                             Module                                            | BRAM_18K| DSP|  FF  |  LUT | URAM|
    +---------------------------------------------------------------------------------------------------------+-----------------------------------------------------------------------------------------------+---------+----+------+------+-----+
    |grp_compute_output_buffer_2d_array_ap_fixed_16_6_5_3_0_1u_array_ap_fixed_37_17_5_3_0_4u_config2_s_fu_78  |compute_output_buffer_2d_array_ap_fixed_16_6_5_3_0_1u_array_ap_fixed_37_17_5_3_0_4u_config2_s  |        1|   1|  1240|  1292|    0|
    +---------------------------------------------------------------------------------------------------------+-----------------------------------------------------------------------------------------------+---------+----+------+------+-----+
    |Total                                                                                                    |                                                                                               |        1|   1|  1240|  1292|    0|
    +---------------------------------------------------------------------------------------------------------+-----------------------------------------------------------------------------------------------+---------+----+------+------+-----+

    * DSP: 
    N/A

    * Memory: 
    N/A

    * FIFO: 
    N/A

    * Expression: 
    +---------------------+----------+----+---+----+------------+------------+
    |    Variable Name    | Operation| DSP| FF| LUT| Bitwidth P0| Bitwidth P1|
    +---------------------+----------+----+---+----+------------+------------+
    |add_ln85_fu_134_p2   |         +|   0|  0|  20|          15|           1|
    |ap_block_state2      |       and|   0|  0|   2|           1|           1|
    |icmp_ln85_fu_128_p2  |      icmp|   0|  0|  12|          15|          15|
    |ap_block_state1      |        or|   0|  0|   2|           1|           1|
    +---------------------+----------+----+---+----+------------+------------+
    |Total                |          |   0|  0|  36|          32|          18|
    +---------------------+----------+----+---+----+------------+------------+

    * Multiplexer: 
    +----------------------+----+-----------+-----+-----------+
    |         Name         | LUT| Input Size| Bits| Total Bits|
    +----------------------+----+-----------+-----+-----------+
    |ap_NS_fsm             |  20|          4|    1|          4|
    |ap_done               |   9|          2|    1|          2|
    |indvar_flatten_fu_68  |   9|          2|   15|         30|
    |layer2_out_write      |   9|          2|    1|          2|
    |layer7_out_blk_n      |   9|          2|    1|          2|
    |real_start            |   9|          2|    1|          2|
    +----------------------+----+-----------+-----+-----------+
    |Total                 |  65|         14|   20|         42|
    +----------------------+----+-----------+-----+-----------+

    * Register: 
    +----------------------------------------------------------------------------------------------------------------------+----+----+-----+-----------+
    |                                                         Name                                                         | FF | LUT| Bits| Const Bits|
    +----------------------------------------------------------------------------------------------------------------------+----+----+-----+-----------+
    |ap_CS_fsm                                                                                                             |   3|   0|    3|          0|
    |ap_done_reg                                                                                                           |   1|   0|    1|          0|
    |grp_compute_output_buffer_2d_array_ap_fixed_16_6_5_3_0_1u_array_ap_fixed_37_17_5_3_0_4u_config2_s_fu_78_ap_start_reg  |   1|   0|    1|          0|
    |indvar_flatten_fu_68                                                                                                  |  15|   0|   15|          0|
    |layer7_out_read_reg_155                                                                                               |  16|   0|   16|          0|
    |start_once_reg                                                                                                        |   1|   0|    1|          0|
    +----------------------------------------------------------------------------------------------------------------------+----+----+-----+-----------+
    |Total                                                                                                                 |  37|   0|   37|          0|
    +----------------------------------------------------------------------------------------------------------------------+----+----+-----+-----------+



================================================================
== Interface
================================================================
* Summary: 
+--------------------+-----+-----+------------+------------------------------------------------------------------------------------------------+--------------+
|      RTL Ports     | Dir | Bits|  Protocol  |                                          Source Object                                         |    C Type    |
+--------------------+-----+-----+------------+------------------------------------------------------------------------------------------------+--------------+
|ap_clk              |   in|    1|  ap_ctrl_hs|  conv_2d_cl<array<ap_fixed<16, 6, 5, 3, 0>, 1u>, array<ap_fixed<37, 17, 5, 3, 0>, 4u>, config2>|  return value|
|ap_rst              |   in|    1|  ap_ctrl_hs|  conv_2d_cl<array<ap_fixed<16, 6, 5, 3, 0>, 1u>, array<ap_fixed<37, 17, 5, 3, 0>, 4u>, config2>|  return value|
|ap_start            |   in|    1|  ap_ctrl_hs|  conv_2d_cl<array<ap_fixed<16, 6, 5, 3, 0>, 1u>, array<ap_fixed<37, 17, 5, 3, 0>, 4u>, config2>|  return value|
|start_full_n        |   in|    1|  ap_ctrl_hs|  conv_2d_cl<array<ap_fixed<16, 6, 5, 3, 0>, 1u>, array<ap_fixed<37, 17, 5, 3, 0>, 4u>, config2>|  return value|
|ap_done             |  out|    1|  ap_ctrl_hs|  conv_2d_cl<array<ap_fixed<16, 6, 5, 3, 0>, 1u>, array<ap_fixed<37, 17, 5, 3, 0>, 4u>, config2>|  return value|
|ap_continue         |   in|    1|  ap_ctrl_hs|  conv_2d_cl<array<ap_fixed<16, 6, 5, 3, 0>, 1u>, array<ap_fixed<37, 17, 5, 3, 0>, 4u>, config2>|  return value|
|ap_idle             |  out|    1|  ap_ctrl_hs|  conv_2d_cl<array<ap_fixed<16, 6, 5, 3, 0>, 1u>, array<ap_fixed<37, 17, 5, 3, 0>, 4u>, config2>|  return value|
|ap_ready            |  out|    1|  ap_ctrl_hs|  conv_2d_cl<array<ap_fixed<16, 6, 5, 3, 0>, 1u>, array<ap_fixed<37, 17, 5, 3, 0>, 4u>, config2>|  return value|
|start_out           |  out|    1|  ap_ctrl_hs|  conv_2d_cl<array<ap_fixed<16, 6, 5, 3, 0>, 1u>, array<ap_fixed<37, 17, 5, 3, 0>, 4u>, config2>|  return value|
|start_write         |  out|    1|  ap_ctrl_hs|  conv_2d_cl<array<ap_fixed<16, 6, 5, 3, 0>, 1u>, array<ap_fixed<37, 17, 5, 3, 0>, 4u>, config2>|  return value|
|layer7_out_dout     |   in|   16|     ap_fifo|                                                                                      layer7_out|       pointer|
|layer7_out_empty_n  |   in|    1|     ap_fifo|                                                                                      layer7_out|       pointer|
|layer7_out_read     |  out|    1|     ap_fifo|                                                                                      layer7_out|       pointer|
|layer2_out_din      |  out|  148|     ap_fifo|                                                                                      layer2_out|       pointer|
|layer2_out_full_n   |   in|    1|     ap_fifo|                                                                                      layer2_out|       pointer|
|layer2_out_write    |  out|    1|     ap_fifo|                                                                                      layer2_out|       pointer|
+--------------------+-----+-----+------------+------------------------------------------------------------------------------------------------+--------------+

