

================================================================
== Vitis HLS Report for 'conv_2d_cl_array_ap_fixed_16_6_5_3_0_4u_array_ap_fixed_39_19_5_3_0_1u_config6_s'
================================================================
* Date:           Tue May 26 01:13:14 2026

* Version:        2021.2 (Build 3367213 on Tue Oct 19 02:48:09 MDT 2021)
* Project:        edge_cnn_linear_stream_prj
* Solution:       solution1 (Vivado IP Flow Target)
* Product family: zynq
* Target device:  xc7z020-clg400-1


================================================================
== Performance Estimates
================================================================
+ Timing: 
    * Summary: 
    +--------+----------+----------+------------+
    |  Clock |  Target  | Estimated| Uncertainty|
    +--------+----------+----------+------------+
    |ap_clk  |  10.00 ns|  7.591 ns|     2.70 ns|
    +--------+----------+----------+------------+

+ Latency: 
    * Summary: 
    +---------+---------+----------+----------+--------+--------+---------+
    |  Latency (cycles) |  Latency (absolute) |     Interval    | Pipeline|
    |   min   |   max   |    min   |    max   |   min  |   max  |   Type  |
    +---------+---------+----------+----------+--------+--------+---------+
    |   100862|   907742|  1.009 ms|  9.077 ms|  100862|  907742|       no|
    +---------+---------+----------+----------+--------+--------+---------+

    + Detail: 
        * Instance: 
        +----------------------------------------------------------------------------------------------------------+-----------------------------------------------------------------------------------------------+---------+---------+-----------+----------+-----+-----+---------+
        |                                                                                                          |                                                                                               |  Latency (cycles) |  Latency (absolute)  |  Interval | Pipeline|
        |                                                 Instance                                                 |                                             Module                                            |   min   |   max   |    min    |    max   | min | max |   Type  |
        +----------------------------------------------------------------------------------------------------------+-----------------------------------------------------------------------------------------------+---------+---------+-----------+----------+-----+-----+---------+
        |grp_compute_output_buffer_2d_array_ap_fixed_16_6_5_3_0_4u_array_ap_fixed_39_19_5_3_0_1u_config6_s_fu_160  |compute_output_buffer_2d_array_ap_fixed_16_6_5_3_0_4u_array_ap_fixed_39_19_5_3_0_1u_config6_s  |        3|       43|  30.000 ns|  0.430 us|    3|   43|       no|
        +----------------------------------------------------------------------------------------------------------+-----------------------------------------------------------------------------------------------+---------+---------+-----------+----------+-----+-----+---------+

        * Loop: 
        +----------------------------------+---------+---------+----------+-----------+-----------+-------+----------+
        |                                  |  Latency (cycles) | Iteration|  Initiation Interval  |  Trip |          |
        |             Loop Name            |   min   |   max   |  Latency |  achieved |   target  | Count | Pipelined|
        +----------------------------------+---------+---------+----------+-----------+-----------+-------+----------+
        |- ReadInputHeight_ReadInputWidth  |   100860|   907740|    5 ~ 45|          -|          -|  20172|        no|
        +----------------------------------+---------+---------+----------+-----------+-----------+-------+----------+



================================================================
== Utilization Estimates
================================================================
* Summary: 
+-----------------+---------+-----+--------+-------+-----+
|       Name      | BRAM_18K| DSP |   FF   |  LUT  | URAM|
+-----------------+---------+-----+--------+-------+-----+
|DSP              |        -|    -|       -|      -|    -|
|Expression       |        -|    -|       0|     38|    -|
|FIFO             |        -|    -|       -|      -|    -|
|Instance         |        1|    1|    2533|   2180|    -|
|Memory           |        -|    -|       -|      -|    -|
|Multiplexer      |        -|    -|       -|     52|    -|
|Register         |        -|    -|      85|      -|    -|
+-----------------+---------+-----+--------+-------+-----+
|Total            |        1|    1|    2618|   2270|    0|
+-----------------+---------+-----+--------+-------+-----+
|Available        |      280|  220|  106400|  53200|    0|
+-----------------+---------+-----+--------+-------+-----+
|Utilization (%)  |       ~0|   ~0|       2|      4|    0|
+-----------------+---------+-----+--------+-------+-----+

+ Detail: 
    * Instance: 
    +----------------------------------------------------------------------------------------------------------+-----------------------------------------------------------------------------------------------+---------+----+------+------+-----+
    |                                                 Instance                                                 |                                             Module                                            | BRAM_18K| DSP|  FF  |  LUT | URAM|
    +----------------------------------------------------------------------------------------------------------+-----------------------------------------------------------------------------------------------+---------+----+------+------+-----+
    |grp_compute_output_buffer_2d_array_ap_fixed_16_6_5_3_0_4u_array_ap_fixed_39_19_5_3_0_1u_config6_s_fu_160  |compute_output_buffer_2d_array_ap_fixed_16_6_5_3_0_4u_array_ap_fixed_39_19_5_3_0_1u_config6_s  |        1|   1|  2533|  2180|    0|
    +----------------------------------------------------------------------------------------------------------+-----------------------------------------------------------------------------------------------+---------+----+------+------+-----+
    |Total                                                                                                     |                                                                                               |        1|   1|  2533|  2180|    0|
    +----------------------------------------------------------------------------------------------------------+-----------------------------------------------------------------------------------------------+---------+----+------+------+-----+

    * DSP: 
    N/A

    * Memory: 
    N/A

    * FIFO: 
    N/A

    * Expression: 
    +----------------------------------------------------------------------------------------------------------------------------+----------+----+---+----+------------+------------+
    |                                                        Variable Name                                                       | Operation| DSP| FF| LUT| Bitwidth P0| Bitwidth P1|
    +----------------------------------------------------------------------------------------------------------------------------+----------+----+---+----+------------+------------+
    |add_ln85_fu_282_p2                                                                                                          |         +|   0|  0|  20|          15|           1|
    |ap_block_state2                                                                                                             |       and|   0|  0|   2|           1|           1|
    |grp_compute_output_buffer_2d_array_ap_fixed_16_6_5_3_0_4u_array_ap_fixed_39_19_5_3_0_1u_config6_s_fu_160_layer6_out_TREADY  |       and|   0|  0|   2|           1|           1|
    |icmp_ln85_fu_276_p2                                                                                                         |      icmp|   0|  0|  12|          15|          15|
    |ap_block_state1                                                                                                             |        or|   0|  0|   2|           1|           1|
    +----------------------------------------------------------------------------------------------------------------------------+----------+----+---+----+------------+------------+
    |Total                                                                                                                       |          |   0|  0|  38|          33|          19|
    +----------------------------------------------------------------------------------------------------------------------------+----------+----+---+----+------------+------------+

    * Multiplexer: 
    +-----------------------+----+-----------+-----+-----------+
    |          Name         | LUT| Input Size| Bits| Total Bits|
    +-----------------------+----+-----------+-----+-----------+
    |ap_NS_fsm              |  25|          5|    1|          5|
    |ap_done                |   9|          2|    1|          2|
    |indvar_flatten_fu_150  |   9|          2|   15|         30|
    |layer9_out_blk_n       |   9|          2|    1|          2|
    +-----------------------+----+-----------+-----+-----------+
    |Total                  |  52|         11|   18|         39|
    +-----------------------+----+-----------+-----+-----------+

    * Register: 
    +-----------------------------------------------------------------------------------------------------------------------+----+----+-----+-----------+
    |                                                          Name                                                         | FF | LUT| Bits| Const Bits|
    +-----------------------------------------------------------------------------------------------------------------------+----+----+-----+-----------+
    |ap_CS_fsm                                                                                                              |   4|   0|    4|          0|
    |ap_done_reg                                                                                                            |   1|   0|    1|          0|
    |grp_compute_output_buffer_2d_array_ap_fixed_16_6_5_3_0_4u_array_ap_fixed_39_19_5_3_0_1u_config6_s_fu_160_ap_start_reg  |   1|   0|    1|          0|
    |indvar_flatten_fu_150                                                                                                  |  15|   0|   15|          0|
    |trunc_ln144_5_reg_351                                                                                                  |  16|   0|   16|          0|
    |trunc_ln144_6_reg_356                                                                                                  |  16|   0|   16|          0|
    |trunc_ln144_reg_341                                                                                                    |  16|   0|   16|          0|
    |trunc_ln144_s_reg_346                                                                                                  |  16|   0|   16|          0|
    +-----------------------------------------------------------------------------------------------------------------------+----+----+-----+-----------+
    |Total                                                                                                                  |  85|   0|   85|          0|
    +-----------------------------------------------------------------------------------------------------------------------+----+----+-----+-----------+



================================================================
== Interface
================================================================
* Summary: 
+--------------------+-----+-----+------------+------------------------------------------------------------------------------------------------+--------------+
|      RTL Ports     | Dir | Bits|  Protocol  |                                          Source Object                                         |    C Type    |
+--------------------+-----+-----+------------+------------------------------------------------------------------------------------------------+--------------+
|ap_clk              |   in|    1|  ap_ctrl_hs|  conv_2d_cl<array<ap_fixed<16, 6, 5, 3, 0>, 4u>, array<ap_fixed<39, 19, 5, 3, 0>, 1u>, config6>|  return value|
|ap_rst              |   in|    1|  ap_ctrl_hs|  conv_2d_cl<array<ap_fixed<16, 6, 5, 3, 0>, 4u>, array<ap_fixed<39, 19, 5, 3, 0>, 1u>, config6>|  return value|
|ap_start            |   in|    1|  ap_ctrl_hs|  conv_2d_cl<array<ap_fixed<16, 6, 5, 3, 0>, 4u>, array<ap_fixed<39, 19, 5, 3, 0>, 1u>, config6>|  return value|
|ap_done             |  out|    1|  ap_ctrl_hs|  conv_2d_cl<array<ap_fixed<16, 6, 5, 3, 0>, 4u>, array<ap_fixed<39, 19, 5, 3, 0>, 1u>, config6>|  return value|
|ap_continue         |   in|    1|  ap_ctrl_hs|  conv_2d_cl<array<ap_fixed<16, 6, 5, 3, 0>, 4u>, array<ap_fixed<39, 19, 5, 3, 0>, 1u>, config6>|  return value|
|ap_idle             |  out|    1|  ap_ctrl_hs|  conv_2d_cl<array<ap_fixed<16, 6, 5, 3, 0>, 4u>, array<ap_fixed<39, 19, 5, 3, 0>, 1u>, config6>|  return value|
|ap_ready            |  out|    1|  ap_ctrl_hs|  conv_2d_cl<array<ap_fixed<16, 6, 5, 3, 0>, 4u>, array<ap_fixed<39, 19, 5, 3, 0>, 1u>, config6>|  return value|
|layer9_out_dout     |   in|   64|     ap_fifo|                                                                                      layer9_out|       pointer|
|layer9_out_empty_n  |   in|    1|     ap_fifo|                                                                                      layer9_out|       pointer|
|layer9_out_read     |  out|    1|     ap_fifo|                                                                                      layer9_out|       pointer|
|layer6_out_TDATA    |  out|   64|        axis|                                                                                      layer6_out|       pointer|
|layer6_out_TVALID   |  out|    1|        axis|                                                                                      layer6_out|       pointer|
|layer6_out_TREADY   |   in|    1|        axis|                                                                                      layer6_out|       pointer|
+--------------------+-----+-----+------------+------------------------------------------------------------------------------------------------+--------------+

