

================================================================
== Vitis HLS Report for 'dense_resource_rf_gt_nin_rem0_ap_fixed_16_6_5_3_0_ap_fixed_37_17_5_3_0_config2_mult_s'
================================================================
* Date:           Tue May 26 01:13:01 2026

* Version:        2021.2 (Build 3367213 on Tue Oct 19 02:48:09 MDT 2021)
* Project:        edge_cnn_linear_stream_prj
* Solution:       solution1 (Vivado IP Flow Target)
* Product family: zynq
* Target device:  xc7z020-clg400-1


================================================================
== Performance Estimates
================================================================
+ Timing: 
    * Summary: 
    +--------+----------+----------+------------+
    |  Clock |  Target  | Estimated| Uncertainty|
    +--------+----------+----------+------------+
    |ap_clk  |  10.00 ns|  6.161 ns|     2.70 ns|
    +--------+----------+----------+------------+

+ Latency: 
    * Summary: 
    +---------+---------+----------+----------+-----+-----+------------------------------------------+
    |  Latency (cycles) |  Latency (absolute) |  Interval |                 Pipeline                 |
    |   min   |   max   |    min   |    max   | min | max |                   Type                   |
    +---------+---------+----------+----------+-----+-----+------------------------------------------+
    |       39|       40|  0.390 us|  0.400 us|   36|   36|  loop rewind stp(delay=0 clock cycles(s))|
    +---------+---------+----------+----------+-----+-----+------------------------------------------+

    + Detail: 
        * Instance: 
        N/A

        * Loop: 
        +-------------+---------+---------+----------+-----------+-----------+------+----------+
        |             |  Latency (cycles) | Iteration|  Initiation Interval  | Trip |          |
        |  Loop Name  |   min   |   max   |  Latency |  achieved |   target  | Count| Pipelined|
        +-------------+---------+---------+----------+-----------+-----------+------+----------+
        |- ReuseLoop  |       39|       39|         5|          1|          1|    36|       yes|
        +-------------+---------+---------+----------+-----------+-----------+------+----------+



================================================================
== Utilization Estimates
================================================================
* Summary: 
+-----------------+---------+-----+--------+-------+-----+
|       Name      | BRAM_18K| DSP |   FF   |  LUT  | URAM|
+-----------------+---------+-----+--------+-------+-----+
|DSP              |        -|    1|       -|      -|    -|
|Expression       |        -|    -|       0|    142|    -|
|FIFO             |        -|    -|       -|      -|    -|
|Instance         |        -|    -|       0|     68|    -|
|Memory           |        1|    -|       2|      2|    -|
|Multiplexer      |        -|    -|       -|    485|    -|
|Register         |        -|    -|     682|     64|    -|
+-----------------+---------+-----+--------+-------+-----+
|Total            |        1|    1|     684|    761|    0|
+-----------------+---------+-----+--------+-------+-----+
|Available        |      280|  220|  106400|  53200|    0|
+-----------------+---------+-----+--------+-------+-----+
|Utilization (%)  |       ~0|   ~0|      ~0|      1|    0|
+-----------------+---------+-----+--------+-------+-----+

+ Detail: 
    * Instance: 
    +--------------------+----------------+---------+----+---+----+-----+
    |      Instance      |     Module     | BRAM_18K| DSP| FF| LUT| URAM|
    +--------------------+----------------+---------+----+---+----+-----+
    |mux_42_16_1_1_U20   |mux_42_16_1_1   |        0|   0|  0|  20|    0|
    |mux_932_16_1_1_U19  |mux_932_16_1_1  |        0|   0|  0|  48|    0|
    +--------------------+----------------+---------+----+---+----+-----+
    |Total               |                |        0|   0|  0|  68|    0|
    +--------------------+----------------+---------+----+---+----+-----+

    * DSP: 
    +----------------------------+------------------------+-----------+
    |          Instance          |         Module         | Expression|
    +----------------------------+------------------------+-----------+
    |mul_mul_16s_11s_26_4_1_U21  |mul_mul_16s_11s_26_4_1  |    i0 * i1|
    +----------------------------+------------------------+-----------+

    * Memory: 
    +------------+----------------------------------------------------------------------------------+---------+---+----+-----+------+-----+------+-------------+
    |   Memory   |                                      Module                                      | BRAM_18K| FF| LUT| URAM| Words| Bits| Banks| W*Bits*Banks|
    +------------+----------------------------------------------------------------------------------+---------+---+----+-----+------+-----+------+-------------+
    |outidx_1_U  |dense_resource_rf_gt_nin_rem0_ap_fixed_16_6_5_3_0_ap_fixed_37_17_5_3_0_configdEe  |        0|  2|   2|    0|    36|    2|     1|           72|
    |w2_V_U      |dense_resource_rf_gt_nin_rem0_ap_fixed_16_6_5_3_0_ap_fixed_37_17_5_3_0_configeOg  |        1|  0|   0|    0|    36|   11|     1|          396|
    +------------+----------------------------------------------------------------------------------+---------+---+----+-----+------+-----+------+-------------+
    |Total       |                                                                                  |        1|  2|   2|    0|    72|   13|     2|          468|
    +------------+----------------------------------------------------------------------------------+---------+---+----+-----+------+-----+------+-------------+

    * FIFO: 
    N/A

    * Expression: 
    +----------------------+----------+----+---+----+------------+------------+
    |     Variable Name    | Operation| DSP| FF| LUT| Bitwidth P0| Bitwidth P1|
    +----------------------+----------+----+---+----+------------+------------+
    |add_ln712_fu_650_p2   |         +|   0|  0|  23|          16|          16|
    |in_index_2_fu_608_p2  |         +|   0|  0|  39|          32|           1|
    |w_index_fu_564_p2     |         +|   0|  0|  14|           6|           1|
    |ap_condition_178      |       and|   0|  0|   2|           1|           1|
    |ap_condition_196      |       and|   0|  0|   2|           1|           1|
    |icmp_ln135_fu_570_p2  |      icmp|   0|  0|  10|           6|           6|
    |icmp_ln154_fu_614_p2  |      icmp|   0|  0|  18|          32|           4|
    |in_index_fu_620_p3    |    select|   0|  0|  32|           1|           1|
    |ap_enable_pp0         |       xor|   0|  0|   2|           1|           2|
    +----------------------+----------+----+---+----+------------+------------+
    |Total                 |          |   0|  0| 142|          96|          33|
    +----------------------+----------+----+---+----+------------+------------+

    * Multiplexer: 
    +-----------------------------------------------------------------------------------------------------------------------------------------------------------------------------------------------------------------------------------------------------+----+-----------+-----+-----------+
    |                                                                                                                         Name                                                                                                                        | LUT| Input Size| Bits| Total Bits|
    +-----------------------------------------------------------------------------------------------------------------------------------------------------------------------------------------------------------------------------------------------------+----+-----------+-----+-----------+
    |ap_done_int                                                                                                                                                                                                                                          |   9|          2|    1|          2|
    |ap_loop_exit_ready_pp0_iter4_reg                                                                                                                                                                                                                     |   9|          2|    1|          2|
    |ap_phi_mux_acc_V_10_phi_fu_490_p8                                                                                                                                                                                                                    |  14|          3|   16|         48|
    |ap_phi_mux_acc_V_11_phi_fu_472_p8                                                                                                                                                                                                                    |  14|          3|   16|         48|
    |ap_phi_mux_acc_V_12_phi_fu_454_p8                                                                                                                                                                                                                    |  14|          3|   16|         48|
    |ap_phi_mux_acc_V_phi_fu_508_p8                                                                                                                                                                                                                       |  14|          3|   16|         48|
    |ap_phi_mux_conv_i1_i15_i16_phi_fu_398_p6                                                                                                                                                                                                             |   9|          2|   16|         32|
    |ap_phi_mux_conv_i1_i18_i14_phi_fu_412_p6                                                                                                                                                                                                             |   9|          2|   16|         32|
    |ap_phi_mux_conv_i1_i21_i12_phi_fu_426_p6                                                                                                                                                                                                             |   9|          2|   16|         32|
    |ap_phi_mux_conv_i1_i24_i10_phi_fu_440_p6                                                                                                                                                                                                             |   9|          2|   16|         32|
    |ap_phi_mux_do_init_phi_fu_121_p6                                                                                                                                                                                                                     |  14|          3|    1|          3|
    |ap_phi_mux_in_index18_phi_fu_276_p6                                                                                                                                                                                                                  |  14|          3|   32|         96|
    |ap_phi_mux_void_compute_output_buffer_2d_array_array_ap_fixed_4u_config2_array_ap_fixed_16_6_5_3_0_1u_const_ap_shift_reg_value_type_in_width_n_chan_stream_array_ap_fixed_37_17_5_3_0_4u_0_weight_t_bias_t_kernel_data_1_load_phi_phi_fu_302_p4      |   9|          2|   16|         32|
    |ap_phi_mux_void_compute_output_buffer_2d_array_array_ap_fixed_4u_config2_array_ap_fixed_16_6_5_3_0_1u_const_ap_shift_reg_value_type_in_width_n_chan_stream_array_ap_fixed_37_17_5_3_0_4u_0_weight_t_bias_t_kernel_data_2_load_phi_phi_fu_314_p4      |   9|          2|   16|         32|
    |ap_phi_mux_void_compute_output_buffer_2d_array_array_ap_fixed_4u_config2_array_ap_fixed_16_6_5_3_0_1u_const_ap_shift_reg_value_type_in_width_n_chan_stream_array_ap_fixed_37_17_5_3_0_4u_0_weight_t_bias_t_kernel_data_3_load_phi_phi_fu_326_p4      |   9|          2|   16|         32|
    |ap_phi_mux_void_compute_output_buffer_2d_array_array_ap_fixed_4u_config2_array_ap_fixed_16_6_5_3_0_1u_const_ap_shift_reg_value_type_in_width_n_chan_stream_array_ap_fixed_37_17_5_3_0_4u_0_weight_t_bias_t_kernel_data_4_load_phi_phi_fu_338_p4      |   9|          2|   16|         32|
    |ap_phi_mux_void_compute_output_buffer_2d_array_array_ap_fixed_4u_config2_array_ap_fixed_16_6_5_3_0_1u_const_ap_shift_reg_value_type_in_width_n_chan_stream_array_ap_fixed_37_17_5_3_0_4u_0_weight_t_bias_t_kernel_data_5_load_phi_phi_fu_350_p4      |   9|          2|   16|         32|
    |ap_phi_mux_void_compute_output_buffer_2d_array_array_ap_fixed_4u_config2_array_ap_fixed_16_6_5_3_0_1u_const_ap_shift_reg_value_type_in_width_n_chan_stream_array_ap_fixed_37_17_5_3_0_4u_0_weight_t_bias_t_kernel_data_6_load_phi_phi_fu_362_p4      |   9|          2|   16|         32|
    |ap_phi_mux_void_compute_output_buffer_2d_array_array_ap_fixed_4u_config2_array_ap_fixed_16_6_5_3_0_1u_const_ap_shift_reg_value_type_in_width_n_chan_stream_array_ap_fixed_37_17_5_3_0_4u_0_weight_t_bias_t_kernel_data_7_load_phi_phi_fu_374_p4      |   9|          2|   16|         32|
    |ap_phi_mux_void_compute_output_buffer_2d_array_array_ap_fixed_4u_config2_array_ap_fixed_16_6_5_3_0_1u_const_ap_shift_reg_value_type_in_width_n_chan_stream_array_ap_fixed_37_17_5_3_0_4u_0_weight_t_bias_t_kernel_data_8_load_phi_phi_fu_386_p4      |   9|          2|   16|         32|
    |ap_phi_mux_void_compute_output_buffer_2d_array_array_ap_fixed_4u_config2_array_ap_fixed_16_6_5_3_0_1u_const_ap_shift_reg_value_type_in_width_n_chan_stream_array_ap_fixed_37_17_5_3_0_4u_0_weight_t_bias_t_kernel_data_load_phi_phi_fu_290_p4        |   9|          2|   16|         32|
    |ap_phi_mux_w_index17_phi_fu_136_p6                                                                                                                                                                                                                   |  14|          3|    6|         18|
    |ap_phi_reg_pp0_iter1_void_compute_output_buffer_2d_array_array_ap_fixed_4u_config2_array_ap_fixed_16_6_5_3_0_1u_const_ap_shift_reg_value_type_in_width_n_chan_stream_array_ap_fixed_37_17_5_3_0_4u_0_weight_t_bias_t_kernel_data_1_load_phi_reg_298  |   9|          2|   16|         32|
    |ap_phi_reg_pp0_iter1_void_compute_output_buffer_2d_array_array_ap_fixed_4u_config2_array_ap_fixed_16_6_5_3_0_1u_const_ap_shift_reg_value_type_in_width_n_chan_stream_array_ap_fixed_37_17_5_3_0_4u_0_weight_t_bias_t_kernel_data_2_load_phi_reg_310  |   9|          2|   16|         32|
    |ap_phi_reg_pp0_iter1_void_compute_output_buffer_2d_array_array_ap_fixed_4u_config2_array_ap_fixed_16_6_5_3_0_1u_const_ap_shift_reg_value_type_in_width_n_chan_stream_array_ap_fixed_37_17_5_3_0_4u_0_weight_t_bias_t_kernel_data_3_load_phi_reg_322  |   9|          2|   16|         32|
    |ap_phi_reg_pp0_iter1_void_compute_output_buffer_2d_array_array_ap_fixed_4u_config2_array_ap_fixed_16_6_5_3_0_1u_const_ap_shift_reg_value_type_in_width_n_chan_stream_array_ap_fixed_37_17_5_3_0_4u_0_weight_t_bias_t_kernel_data_4_load_phi_reg_334  |   9|          2|   16|         32|
    |ap_phi_reg_pp0_iter1_void_compute_output_buffer_2d_array_array_ap_fixed_4u_config2_array_ap_fixed_16_6_5_3_0_1u_const_ap_shift_reg_value_type_in_width_n_chan_stream_array_ap_fixed_37_17_5_3_0_4u_0_weight_t_bias_t_kernel_data_5_load_phi_reg_346  |   9|          2|   16|         32|
    |ap_phi_reg_pp0_iter1_void_compute_output_buffer_2d_array_array_ap_fixed_4u_config2_array_ap_fixed_16_6_5_3_0_1u_const_ap_shift_reg_value_type_in_width_n_chan_stream_array_ap_fixed_37_17_5_3_0_4u_0_weight_t_bias_t_kernel_data_6_load_phi_reg_358  |   9|          2|   16|         32|
    |ap_phi_reg_pp0_iter1_void_compute_output_buffer_2d_array_array_ap_fixed_4u_config2_array_ap_fixed_16_6_5_3_0_1u_const_ap_shift_reg_value_type_in_width_n_chan_stream_array_ap_fixed_37_17_5_3_0_4u_0_weight_t_bias_t_kernel_data_7_load_phi_reg_370  |   9|          2|   16|         32|
    |ap_phi_reg_pp0_iter1_void_compute_output_buffer_2d_array_array_ap_fixed_4u_config2_array_ap_fixed_16_6_5_3_0_1u_const_ap_shift_reg_value_type_in_width_n_chan_stream_array_ap_fixed_37_17_5_3_0_4u_0_weight_t_bias_t_kernel_data_8_load_phi_reg_382  |   9|          2|   16|         32|
    |ap_phi_reg_pp0_iter1_void_compute_output_buffer_2d_array_array_ap_fixed_4u_config2_array_ap_fixed_16_6_5_3_0_1u_const_ap_shift_reg_value_type_in_width_n_chan_stream_array_ap_fixed_37_17_5_3_0_4u_0_weight_t_bias_t_kernel_data_load_phi_reg_286    |   9|          2|   16|         32|
    |ap_return_0                                                                                                                                                                                                                                          |   9|          2|   27|         54|
    |ap_return_1                                                                                                                                                                                                                                          |   9|          2|   27|         54|
    |ap_return_2                                                                                                                                                                                                                                          |   9|          2|   27|         54|
    |ap_return_3                                                                                                                                                                                                                                          |   9|          2|   27|         54|
    |conv_i1_i15_i16_reg_394                                                                                                                                                                                                                              |   9|          2|   16|         32|
    |conv_i1_i18_i14_reg_408                                                                                                                                                                                                                              |   9|          2|   16|         32|
    |conv_i1_i21_i12_reg_422                                                                                                                                                                                                                              |   9|          2|   16|         32|
    |conv_i1_i24_i10_reg_436                                                                                                                                                                                                                              |   9|          2|   16|         32|
    |in_index18_reg_272                                                                                                                                                                                                                                   |   9|          2|   32|         64|
    |void_compute_output_buffer_2d_array_array_ap_fixed_4u_config2_array_ap_fixed_16_6_5_3_0_1u_const_ap_shift_reg_value_type_in_width_n_chan_stream_array_ap_fixed_37_17_5_3_0_4u_0_weight_t_bias_t_kernel_data_1_load_phi_reg_298                       |   9|          2|   16|         32|
    |void_compute_output_buffer_2d_array_array_ap_fixed_4u_config2_array_ap_fixed_16_6_5_3_0_1u_const_ap_shift_reg_value_type_in_width_n_chan_stream_array_ap_fixed_37_17_5_3_0_4u_0_weight_t_bias_t_kernel_data_2_load_phi_reg_310                       |   9|          2|   16|         32|
    |void_compute_output_buffer_2d_array_array_ap_fixed_4u_config2_array_ap_fixed_16_6_5_3_0_1u_const_ap_shift_reg_value_type_in_width_n_chan_stream_array_ap_fixed_37_17_5_3_0_4u_0_weight_t_bias_t_kernel_data_3_load_phi_reg_322                       |   9|          2|   16|         32|
    |void_compute_output_buffer_2d_array_array_ap_fixed_4u_config2_array_ap_fixed_16_6_5_3_0_1u_const_ap_shift_reg_value_type_in_width_n_chan_stream_array_ap_fixed_37_17_5_3_0_4u_0_weight_t_bias_t_kernel_data_4_load_phi_reg_334                       |   9|          2|   16|         32|
    |void_compute_output_buffer_2d_array_array_ap_fixed_4u_config2_array_ap_fixed_16_6_5_3_0_1u_const_ap_shift_reg_value_type_in_width_n_chan_stream_array_ap_fixed_37_17_5_3_0_4u_0_weight_t_bias_t_kernel_data_5_load_phi_reg_346                       |   9|          2|   16|         32|
    |void_compute_output_buffer_2d_array_array_ap_fixed_4u_config2_array_ap_fixed_16_6_5_3_0_1u_const_ap_shift_reg_value_type_in_width_n_chan_stream_array_ap_fixed_37_17_5_3_0_4u_0_weight_t_bias_t_kernel_data_6_load_phi_reg_358                       |   9|          2|   16|         32|
    |void_compute_output_buffer_2d_array_array_ap_fixed_4u_config2_array_ap_fixed_16_6_5_3_0_1u_const_ap_shift_reg_value_type_in_width_n_chan_stream_array_ap_fixed_37_17_5_3_0_4u_0_weight_t_bias_t_kernel_data_7_load_phi_reg_370                       |   9|          2|   16|         32|
    |void_compute_output_buffer_2d_array_array_ap_fixed_4u_config2_array_ap_fixed_16_6_5_3_0_1u_const_ap_shift_reg_value_type_in_width_n_chan_stream_array_ap_fixed_37_17_5_3_0_4u_0_weight_t_bias_t_kernel_data_8_load_phi_reg_382                       |   9|          2|   16|         32|
    |void_compute_output_buffer_2d_array_array_ap_fixed_4u_config2_array_ap_fixed_16_6_5_3_0_1u_const_ap_shift_reg_value_type_in_width_n_chan_stream_array_ap_fixed_37_17_5_3_0_4u_0_weight_t_bias_t_kernel_data_load_phi_reg_286                         |   9|          2|   16|         32|
    |w_index17_reg_133                                                                                                                                                                                                                                    |   9|          2|    6|         12|
    +-----------------------------------------------------------------------------------------------------------------------------------------------------------------------------------------------------------------------------------------------------+----+-----------+-----+-----------+
    |Total                                                                                                                                                                                                                                                | 485|        107|  811|       1725|
    +-----------------------------------------------------------------------------------------------------------------------------------------------------------------------------------------------------------------------------------------------------+----+-----------+-----+-----------+

    * Register: 
    +-----------------------------------------------------------------------------------------------------------------------------------------------------------------------------------------------------------------------------------------------------+----+----+-----+-----------+
    |                                                                                                                         Name                                                                                                                        | FF | LUT| Bits| Const Bits|
    +-----------------------------------------------------------------------------------------------------------------------------------------------------------------------------------------------------------------------------------------------------+----+----+-----+-----------+
    |ap_CS_fsm                                                                                                                                                                                                                                            |   1|   0|    1|          0|
    |ap_done_reg                                                                                                                                                                                                                                          |   1|   0|    1|          0|
    |ap_enable_reg_pp0_iter1                                                                                                                                                                                                                              |   1|   0|    1|          0|
    |ap_enable_reg_pp0_iter2                                                                                                                                                                                                                              |   1|   0|    1|          0|
    |ap_enable_reg_pp0_iter3                                                                                                                                                                                                                              |   1|   0|    1|          0|
    |ap_enable_reg_pp0_iter4                                                                                                                                                                                                                              |   1|   0|    1|          0|
    |ap_loop_exit_ready_pp0_iter1_reg                                                                                                                                                                                                                     |   1|   0|    1|          0|
    |ap_loop_exit_ready_pp0_iter2_reg                                                                                                                                                                                                                     |   1|   0|    1|          0|
    |ap_loop_exit_ready_pp0_iter3_reg                                                                                                                                                                                                                     |   1|   0|    1|          0|
    |ap_loop_exit_ready_pp0_iter4_reg                                                                                                                                                                                                                     |   1|   0|    1|          0|
    |ap_loop_init_pp0_iter1_reg                                                                                                                                                                                                                           |   1|   0|    1|          0|
    |ap_loop_init_pp0_iter2_reg                                                                                                                                                                                                                           |   1|   0|    1|          0|
    |ap_loop_init_pp0_iter3_reg                                                                                                                                                                                                                           |   1|   0|    1|          0|
    |ap_loop_init_pp0_iter4_reg                                                                                                                                                                                                                           |   1|   0|    1|          0|
    |ap_phi_reg_pp0_iter1_void_compute_output_buffer_2d_array_array_ap_fixed_4u_config2_array_ap_fixed_16_6_5_3_0_1u_const_ap_shift_reg_value_type_in_width_n_chan_stream_array_ap_fixed_37_17_5_3_0_4u_0_weight_t_bias_t_kernel_data_1_load_phi_reg_298  |  16|   0|   16|          0|
    |ap_phi_reg_pp0_iter1_void_compute_output_buffer_2d_array_array_ap_fixed_4u_config2_array_ap_fixed_16_6_5_3_0_1u_const_ap_shift_reg_value_type_in_width_n_chan_stream_array_ap_fixed_37_17_5_3_0_4u_0_weight_t_bias_t_kernel_data_2_load_phi_reg_310  |  16|   0|   16|          0|
    |ap_phi_reg_pp0_iter1_void_compute_output_buffer_2d_array_array_ap_fixed_4u_config2_array_ap_fixed_16_6_5_3_0_1u_const_ap_shift_reg_value_type_in_width_n_chan_stream_array_ap_fixed_37_17_5_3_0_4u_0_weight_t_bias_t_kernel_data_3_load_phi_reg_322  |  16|   0|   16|          0|
    |ap_phi_reg_pp0_iter1_void_compute_output_buffer_2d_array_array_ap_fixed_4u_config2_array_ap_fixed_16_6_5_3_0_1u_const_ap_shift_reg_value_type_in_width_n_chan_stream_array_ap_fixed_37_17_5_3_0_4u_0_weight_t_bias_t_kernel_data_4_load_phi_reg_334  |  16|   0|   16|          0|
    |ap_phi_reg_pp0_iter1_void_compute_output_buffer_2d_array_array_ap_fixed_4u_config2_array_ap_fixed_16_6_5_3_0_1u_const_ap_shift_reg_value_type_in_width_n_chan_stream_array_ap_fixed_37_17_5_3_0_4u_0_weight_t_bias_t_kernel_data_5_load_phi_reg_346  |  16|   0|   16|          0|
    |ap_phi_reg_pp0_iter1_void_compute_output_buffer_2d_array_array_ap_fixed_4u_config2_array_ap_fixed_16_6_5_3_0_1u_const_ap_shift_reg_value_type_in_width_n_chan_stream_array_ap_fixed_37_17_5_3_0_4u_0_weight_t_bias_t_kernel_data_6_load_phi_reg_358  |  16|   0|   16|          0|
    |ap_phi_reg_pp0_iter1_void_compute_output_buffer_2d_array_array_ap_fixed_4u_config2_array_ap_fixed_16_6_5_3_0_1u_const_ap_shift_reg_value_type_in_width_n_chan_stream_array_ap_fixed_37_17_5_3_0_4u_0_weight_t_bias_t_kernel_data_7_load_phi_reg_370  |  16|   0|   16|          0|
    |ap_phi_reg_pp0_iter1_void_compute_output_buffer_2d_array_array_ap_fixed_4u_config2_array_ap_fixed_16_6_5_3_0_1u_const_ap_shift_reg_value_type_in_width_n_chan_stream_array_ap_fixed_37_17_5_3_0_4u_0_weight_t_bias_t_kernel_data_8_load_phi_reg_382  |  16|   0|   16|          0|
    |ap_phi_reg_pp0_iter1_void_compute_output_buffer_2d_array_array_ap_fixed_4u_config2_array_ap_fixed_16_6_5_3_0_1u_const_ap_shift_reg_value_type_in_width_n_chan_stream_array_ap_fixed_37_17_5_3_0_4u_0_weight_t_bias_t_kernel_data_load_phi_reg_286    |  16|   0|   16|          0|
    |ap_return_0_preg                                                                                                                                                                                                                                     |  27|   0|   37|         10|
    |ap_return_1_preg                                                                                                                                                                                                                                     |  27|   0|   37|         10|
    |ap_return_2_preg                                                                                                                                                                                                                                     |  27|   0|   37|         10|
    |ap_return_3_preg                                                                                                                                                                                                                                     |  27|   0|   37|         10|
    |conv_i1_i15_i16_reg_394                                                                                                                                                                                                                              |  16|   0|   16|          0|
    |conv_i1_i18_i14_reg_408                                                                                                                                                                                                                              |  16|   0|   16|          0|
    |conv_i1_i21_i12_reg_422                                                                                                                                                                                                                              |  16|   0|   16|          0|
    |conv_i1_i24_i10_reg_436                                                                                                                                                                                                                              |  16|   0|   16|          0|
    |do_init_reg_118                                                                                                                                                                                                                                      |   1|   0|    1|          0|
    |icmp_ln135_reg_803                                                                                                                                                                                                                                   |   1|   0|    1|          0|
    |in_index18_reg_272                                                                                                                                                                                                                                   |  32|   0|   32|          0|
    |in_index_reg_822                                                                                                                                                                                                                                     |  32|   0|   32|          0|
    |out_index_reg_807                                                                                                                                                                                                                                    |   2|   0|    2|          0|
    |void_compute_output_buffer_2d_array_array_ap_fixed_4u_config2_array_ap_fixed_16_6_5_3_0_1u_const_ap_shift_reg_value_type_in_width_n_chan_stream_array_ap_fixed_37_17_5_3_0_4u_0_weight_t_bias_t_kernel_data_1_load_phi_reg_298                       |  16|   0|   16|          0|
    |void_compute_output_buffer_2d_array_array_ap_fixed_4u_config2_array_ap_fixed_16_6_5_3_0_1u_const_ap_shift_reg_value_type_in_width_n_chan_stream_array_ap_fixed_37_17_5_3_0_4u_0_weight_t_bias_t_kernel_data_2_load_phi_reg_310                       |  16|   0|   16|          0|
    |void_compute_output_buffer_2d_array_array_ap_fixed_4u_config2_array_ap_fixed_16_6_5_3_0_1u_const_ap_shift_reg_value_type_in_width_n_chan_stream_array_ap_fixed_37_17_5_3_0_4u_0_weight_t_bias_t_kernel_data_3_load_phi_reg_322                       |  16|   0|   16|          0|
    |void_compute_output_buffer_2d_array_array_ap_fixed_4u_config2_array_ap_fixed_16_6_5_3_0_1u_const_ap_shift_reg_value_type_in_width_n_chan_stream_array_ap_fixed_37_17_5_3_0_4u_0_weight_t_bias_t_kernel_data_4_load_phi_reg_334                       |  16|   0|   16|          0|
    |void_compute_output_buffer_2d_array_array_ap_fixed_4u_config2_array_ap_fixed_16_6_5_3_0_1u_const_ap_shift_reg_value_type_in_width_n_chan_stream_array_ap_fixed_37_17_5_3_0_4u_0_weight_t_bias_t_kernel_data_5_load_phi_reg_346                       |  16|   0|   16|          0|
    |void_compute_output_buffer_2d_array_array_ap_fixed_4u_config2_array_ap_fixed_16_6_5_3_0_1u_const_ap_shift_reg_value_type_in_width_n_chan_stream_array_ap_fixed_37_17_5_3_0_4u_0_weight_t_bias_t_kernel_data_6_load_phi_reg_358                       |  16|   0|   16|          0|
    |void_compute_output_buffer_2d_array_array_ap_fixed_4u_config2_array_ap_fixed_16_6_5_3_0_1u_const_ap_shift_reg_value_type_in_width_n_chan_stream_array_ap_fixed_37_17_5_3_0_4u_0_weight_t_bias_t_kernel_data_7_load_phi_reg_370                       |  16|   0|   16|          0|
    |void_compute_output_buffer_2d_array_array_ap_fixed_4u_config2_array_ap_fixed_16_6_5_3_0_1u_const_ap_shift_reg_value_type_in_width_n_chan_stream_array_ap_fixed_37_17_5_3_0_4u_0_weight_t_bias_t_kernel_data_8_load_phi_reg_382                       |  16|   0|   16|          0|
    |void_compute_output_buffer_2d_array_array_ap_fixed_4u_config2_array_ap_fixed_16_6_5_3_0_1u_const_ap_shift_reg_value_type_in_width_n_chan_stream_array_ap_fixed_37_17_5_3_0_4u_0_weight_t_bias_t_kernel_data_load_phi_reg_286                         |  16|   0|   16|          0|
    |w_index17_reg_133                                                                                                                                                                                                                                    |   6|   0|    6|          0|
    |w_index_reg_798                                                                                                                                                                                                                                      |   6|   0|    6|          0|
    |icmp_ln135_reg_803                                                                                                                                                                                                                                   |  64|  32|    1|          0|
    |out_index_reg_807                                                                                                                                                                                                                                    |  64|  32|    2|          0|
    +-----------------------------------------------------------------------------------------------------------------------------------------------------------------------------------------------------------------------------------------------------+----+----+-----+-----------+
    |Total                                                                                                                                                                                                                                                | 682|  64|  597|         40|
    +-----------------------------------------------------------------------------------------------------------------------------------------------------------------------------------------------------------------------------------------------------+----+----+-----+-----------+



================================================================
== Interface
================================================================
* Summary: 
+---------------------------------------------------------------------------------------------------------------------------------------------------------------------------------------------------------------+-----+-----+------------+---------------------------------------------------------------------------------------------------------------------------------------------------------------------------------------------------------------+--------------+
|                                                                                                   RTL Ports                                                                                                   | Dir | Bits|  Protocol  |                                                                                                 Source Object                                                                                                 |    C Type    |
+---------------------------------------------------------------------------------------------------------------------------------------------------------------------------------------------------------------+-----+-----+------------+---------------------------------------------------------------------------------------------------------------------------------------------------------------------------------------------------------------+--------------+
|ap_clk                                                                                                                                                                                                         |   in|    1|  ap_ctrl_hs|                                                                                                               dense_resource_rf_gt_nin_rem0<ap_fixed<16, 6, 5, 3, 0>, ap_fixed<37, 17, 5, 3, 0>, config2_mult>|  return value|
|ap_rst                                                                                                                                                                                                         |   in|    1|  ap_ctrl_hs|                                                                                                               dense_resource_rf_gt_nin_rem0<ap_fixed<16, 6, 5, 3, 0>, ap_fixed<37, 17, 5, 3, 0>, config2_mult>|  return value|
|ap_start                                                                                                                                                                                                       |   in|    1|  ap_ctrl_hs|                                                                                                               dense_resource_rf_gt_nin_rem0<ap_fixed<16, 6, 5, 3, 0>, ap_fixed<37, 17, 5, 3, 0>, config2_mult>|  return value|
|ap_done                                                                                                                                                                                                        |  out|    1|  ap_ctrl_hs|                                                                                                               dense_resource_rf_gt_nin_rem0<ap_fixed<16, 6, 5, 3, 0>, ap_fixed<37, 17, 5, 3, 0>, config2_mult>|  return value|
|ap_idle                                                                                                                                                                                                        |  out|    1|  ap_ctrl_hs|                                                                                                               dense_resource_rf_gt_nin_rem0<ap_fixed<16, 6, 5, 3, 0>, ap_fixed<37, 17, 5, 3, 0>, config2_mult>|  return value|
|ap_ready                                                                                                                                                                                                       |  out|    1|  ap_ctrl_hs|                                                                                                               dense_resource_rf_gt_nin_rem0<ap_fixed<16, 6, 5, 3, 0>, ap_fixed<37, 17, 5, 3, 0>, config2_mult>|  return value|
|ap_return_0                                                                                                                                                                                                    |  out|   37|  ap_ctrl_hs|                                                                                                               dense_resource_rf_gt_nin_rem0<ap_fixed<16, 6, 5, 3, 0>, ap_fixed<37, 17, 5, 3, 0>, config2_mult>|  return value|
|ap_return_1                                                                                                                                                                                                    |  out|   37|  ap_ctrl_hs|                                                                                                               dense_resource_rf_gt_nin_rem0<ap_fixed<16, 6, 5, 3, 0>, ap_fixed<37, 17, 5, 3, 0>, config2_mult>|  return value|
|ap_return_2                                                                                                                                                                                                    |  out|   37|  ap_ctrl_hs|                                                                                                               dense_resource_rf_gt_nin_rem0<ap_fixed<16, 6, 5, 3, 0>, ap_fixed<37, 17, 5, 3, 0>, config2_mult>|  return value|
|ap_return_3                                                                                                                                                                                                    |  out|   37|  ap_ctrl_hs|                                                                                                               dense_resource_rf_gt_nin_rem0<ap_fixed<16, 6, 5, 3, 0>, ap_fixed<37, 17, 5, 3, 0>, config2_mult>|  return value|
|void_compute_output_buffer_2d_array_array_ap_fixed_4u_config2_array_ap_fixed_16_6_5_3_0_1u_const_ap_shift_reg_value_type_in_width_n_chan_stream_array_ap_fixed_37_17_5_3_0_4u_0_weight_t_bias_t_kernel_data_8  |   in|   16|     ap_none|  void_compute_output_buffer_2d_array_array_ap_fixed_4u_config2_array_ap_fixed_16_6_5_3_0_1u_const_ap_shift_reg_value_type_in_width_n_chan_stream_array_ap_fixed_37_17_5_3_0_4u_0_weight_t_bias_t_kernel_data_8|       pointer|
|void_compute_output_buffer_2d_array_array_ap_fixed_4u_config2_array_ap_fixed_16_6_5_3_0_1u_const_ap_shift_reg_value_type_in_width_n_chan_stream_array_ap_fixed_37_17_5_3_0_4u_0_weight_t_bias_t_kernel_data_7  |   in|   16|     ap_none|  void_compute_output_buffer_2d_array_array_ap_fixed_4u_config2_array_ap_fixed_16_6_5_3_0_1u_const_ap_shift_reg_value_type_in_width_n_chan_stream_array_ap_fixed_37_17_5_3_0_4u_0_weight_t_bias_t_kernel_data_7|       pointer|
|void_compute_output_buffer_2d_array_array_ap_fixed_4u_config2_array_ap_fixed_16_6_5_3_0_1u_const_ap_shift_reg_value_type_in_width_n_chan_stream_array_ap_fixed_37_17_5_3_0_4u_0_weight_t_bias_t_kernel_data_6  |   in|   16|     ap_none|  void_compute_output_buffer_2d_array_array_ap_fixed_4u_config2_array_ap_fixed_16_6_5_3_0_1u_const_ap_shift_reg_value_type_in_width_n_chan_stream_array_ap_fixed_37_17_5_3_0_4u_0_weight_t_bias_t_kernel_data_6|       pointer|
|void_compute_output_buffer_2d_array_array_ap_fixed_4u_config2_array_ap_fixed_16_6_5_3_0_1u_const_ap_shift_reg_value_type_in_width_n_chan_stream_array_ap_fixed_37_17_5_3_0_4u_0_weight_t_bias_t_kernel_data_5  |   in|   16|     ap_none|  void_compute_output_buffer_2d_array_array_ap_fixed_4u_config2_array_ap_fixed_16_6_5_3_0_1u_const_ap_shift_reg_value_type_in_width_n_chan_stream_array_ap_fixed_37_17_5_3_0_4u_0_weight_t_bias_t_kernel_data_5|       pointer|
|void_compute_output_buffer_2d_array_array_ap_fixed_4u_config2_array_ap_fixed_16_6_5_3_0_1u_const_ap_shift_reg_value_type_in_width_n_chan_stream_array_ap_fixed_37_17_5_3_0_4u_0_weight_t_bias_t_kernel_data_4  |   in|   16|     ap_none|  void_compute_output_buffer_2d_array_array_ap_fixed_4u_config2_array_ap_fixed_16_6_5_3_0_1u_const_ap_shift_reg_value_type_in_width_n_chan_stream_array_ap_fixed_37_17_5_3_0_4u_0_weight_t_bias_t_kernel_data_4|       pointer|
|void_compute_output_buffer_2d_array_array_ap_fixed_4u_config2_array_ap_fixed_16_6_5_3_0_1u_const_ap_shift_reg_value_type_in_width_n_chan_stream_array_ap_fixed_37_17_5_3_0_4u_0_weight_t_bias_t_kernel_data_3  |   in|   16|     ap_none|  void_compute_output_buffer_2d_array_array_ap_fixed_4u_config2_array_ap_fixed_16_6_5_3_0_1u_const_ap_shift_reg_value_type_in_width_n_chan_stream_array_ap_fixed_37_17_5_3_0_4u_0_weight_t_bias_t_kernel_data_3|       pointer|
|void_compute_output_buffer_2d_array_array_ap_fixed_4u_config2_array_ap_fixed_16_6_5_3_0_1u_const_ap_shift_reg_value_type_in_width_n_chan_stream_array_ap_fixed_37_17_5_3_0_4u_0_weight_t_bias_t_kernel_data_2  |   in|   16|     ap_none|  void_compute_output_buffer_2d_array_array_ap_fixed_4u_config2_array_ap_fixed_16_6_5_3_0_1u_const_ap_shift_reg_value_type_in_width_n_chan_stream_array_ap_fixed_37_17_5_3_0_4u_0_weight_t_bias_t_kernel_data_2|       pointer|
|void_compute_output_buffer_2d_array_array_ap_fixed_4u_config2_array_ap_fixed_16_6_5_3_0_1u_const_ap_shift_reg_value_type_in_width_n_chan_stream_array_ap_fixed_37_17_5_3_0_4u_0_weight_t_bias_t_kernel_data_1  |   in|   16|     ap_none|  void_compute_output_buffer_2d_array_array_ap_fixed_4u_config2_array_ap_fixed_16_6_5_3_0_1u_const_ap_shift_reg_value_type_in_width_n_chan_stream_array_ap_fixed_37_17_5_3_0_4u_0_weight_t_bias_t_kernel_data_1|       pointer|
|void_compute_output_buffer_2d_array_array_ap_fixed_4u_config2_array_ap_fixed_16_6_5_3_0_1u_const_ap_shift_reg_value_type_in_width_n_chan_stream_array_ap_fixed_37_17_5_3_0_4u_0_weight_t_bias_t_kernel_data    |   in|   16|     ap_none|    void_compute_output_buffer_2d_array_array_ap_fixed_4u_config2_array_ap_fixed_16_6_5_3_0_1u_const_ap_shift_reg_value_type_in_width_n_chan_stream_array_ap_fixed_37_17_5_3_0_4u_0_weight_t_bias_t_kernel_data|       pointer|
+---------------------------------------------------------------------------------------------------------------------------------------------------------------------------------------------------------------+-----+-----+------------+---------------------------------------------------------------------------------------------------------------------------------------------------------------------------------------------------------------+--------------+

