

================================================================
== Vitis HLS Report for 'zeropad2d_cl_array_ap_fixed_16_6_5_3_0_1u_array_ap_fixed_16_6_5_3_0_1u_config7_s'
================================================================
* Date:           Tue May 26 01:13:00 2026

* Version:        2021.2 (Build 3367213 on Tue Oct 19 02:48:09 MDT 2021)
* Project:        edge_cnn_linear_stream_prj
* Solution:       solution1 (Vivado IP Flow Target)
* Product family: zynq
* Target device:  xc7z020-clg400-1


================================================================
== Performance Estimates
================================================================
+ Timing: 
    * Summary: 
    +--------+----------+----------+------------+
    |  Clock |  Target  | Estimated| Uncertainty|
    +--------+----------+----------+------------+
    |ap_clk  |  10.00 ns|  4.996 ns|     2.70 ns|
    +--------+----------+----------+------------+

+ Latency: 
    * Summary: 
    +---------+---------+----------+----------+-------+-------+---------+
    |  Latency (cycles) |  Latency (absolute) |    Interval   | Pipeline|
    |   min   |   max   |    min   |    max   |  min  |  max  |   Type  |
    +---------+---------+----------+----------+-------+-------+---------+
    |    40145|    40145|  0.401 ms|  0.401 ms|  40145|  40145|       no|
    +---------+---------+----------+----------+-------+-------+---------+

    + Detail: 
        * Instance: 
        +------------------------------------------------------------------------------------------------------------------+--------------------------------------------------------------------------------------------------------+---------+---------+----------+----------+-----+-----+---------+
        |                                                                                                                  |                                                                                                        |  Latency (cycles) |  Latency (absolute) |  Interval | Pipeline|
        |                                                     Instance                                                     |                                                 Module                                                 |   min   |   max   |    min   |    max   | min | max |   Type  |
        +------------------------------------------------------------------------------------------------------------------+--------------------------------------------------------------------------------------------------------+---------+---------+----------+----------+-----+-----+---------+
        |grp_zeropad2d_cl_array_ap_fixed_16_6_5_3_0_1u_array_ap_fixed_16_6_5_3_0_1u_config7_Pipeline_PadTopWidth_fu_56     |zeropad2d_cl_array_ap_fixed_16_6_5_3_0_1u_array_ap_fixed_16_6_5_3_0_1u_config7_Pipeline_PadTopWidth     |      166|      166|  1.660 us|  1.660 us|  166|  166|       no|
        |grp_zeropad2d_cl_array_ap_fixed_16_6_5_3_0_1u_array_ap_fixed_16_6_5_3_0_1u_config7_Pipeline_PadBottomWidth_fu_62  |zeropad2d_cl_array_ap_fixed_16_6_5_3_0_1u_array_ap_fixed_16_6_5_3_0_1u_config7_Pipeline_PadBottomWidth  |      166|      166|  1.660 us|  1.660 us|  166|  166|       no|
        |grp_zeropad2d_cl_array_ap_fixed_16_6_5_3_0_1u_array_ap_fixed_16_6_5_3_0_1u_config7_Pipeline_CopyMain_fu_68        |zeropad2d_cl_array_ap_fixed_16_6_5_3_0_1u_array_ap_fixed_16_6_5_3_0_1u_config7_Pipeline_CopyMain        |      326|      326|  3.260 us|  3.260 us|  326|  326|       no|
        +------------------------------------------------------------------------------------------------------------------+--------------------------------------------------------------------------------------------------------+---------+---------+----------+----------+-----+-----+---------+

        * Loop: 
        +-----------+---------+---------+----------+-----------+-----------+------+----------+
        |           |  Latency (cycles) | Iteration|  Initiation Interval  | Trip |          |
        | Loop Name |   min   |   max   |  Latency |  achieved |   target  | Count| Pipelined|
        +-----------+---------+---------+----------+-----------+-----------+------+----------+
        |- PadMain  |    39809|    39809|       329|          -|          -|   121|        no|
        +-----------+---------+---------+----------+-----------+-----------+------+----------+



================================================================
== Utilization Estimates
================================================================
* Summary: 
+-----------------+---------+-----+--------+-------+-----+
|       Name      | BRAM_18K| DSP |   FF   |  LUT  | URAM|
+-----------------+---------+-----+--------+-------+-----+
|DSP              |        -|    -|       -|      -|    -|
|Expression       |        -|    -|       0|     28|    -|
|FIFO             |        -|    -|       -|      -|    -|
|Instance         |        -|    -|      37|    297|    -|
|Memory           |        -|    -|       -|      -|    -|
|Multiplexer      |        -|    -|       -|    132|    -|
|Register         |        -|    -|      19|      -|    -|
+-----------------+---------+-----+--------+-------+-----+
|Total            |        0|    0|      56|    457|    0|
+-----------------+---------+-----+--------+-------+-----+
|Available        |      280|  220|  106400|  53200|    0|
+-----------------+---------+-----+--------+-------+-----+
|Utilization (%)  |        0|    0|      ~0|     ~0|    0|
+-----------------+---------+-----+--------+-------+-----+

+ Detail: 
    * Instance: 
    +------------------------------------------------------------------------------------------------------------------+--------------------------------------------------------------------------------------------------------+---------+----+----+-----+-----+
    |                                                     Instance                                                     |                                                 Module                                                 | BRAM_18K| DSP| FF | LUT | URAM|
    +------------------------------------------------------------------------------------------------------------------+--------------------------------------------------------------------------------------------------------+---------+----+----+-----+-----+
    |grp_zeropad2d_cl_array_ap_fixed_16_6_5_3_0_1u_array_ap_fixed_16_6_5_3_0_1u_config7_Pipeline_CopyMain_fu_68        |zeropad2d_cl_array_ap_fixed_16_6_5_3_0_1u_array_ap_fixed_16_6_5_3_0_1u_config7_Pipeline_CopyMain        |        0|   0|  15|  147|    0|
    |grp_zeropad2d_cl_array_ap_fixed_16_6_5_3_0_1u_array_ap_fixed_16_6_5_3_0_1u_config7_Pipeline_PadBottomWidth_fu_62  |zeropad2d_cl_array_ap_fixed_16_6_5_3_0_1u_array_ap_fixed_16_6_5_3_0_1u_config7_Pipeline_PadBottomWidth  |        0|   0|  11|   75|    0|
    |grp_zeropad2d_cl_array_ap_fixed_16_6_5_3_0_1u_array_ap_fixed_16_6_5_3_0_1u_config7_Pipeline_PadTopWidth_fu_56     |zeropad2d_cl_array_ap_fixed_16_6_5_3_0_1u_array_ap_fixed_16_6_5_3_0_1u_config7_Pipeline_PadTopWidth     |        0|   0|  11|   75|    0|
    +------------------------------------------------------------------------------------------------------------------+--------------------------------------------------------------------------------------------------------+---------+----+----+-----+-----+
    |Total                                                                                                             |                                                                                                        |        0|   0|  37|  297|    0|
    +------------------------------------------------------------------------------------------------------------------+--------------------------------------------------------------------------------------------------------+---------+----+----+-----+-----+

    * DSP: 
    N/A

    * Memory: 
    N/A

    * FIFO: 
    N/A

    * Expression: 
    +--------------------+----------+----+---+----+------------+------------+
    |    Variable Name   | Operation| DSP| FF| LUT| Bitwidth P0| Bitwidth P1|
    +--------------------+----------+----+---+----+------------+------------+
    |add_ln59_fu_90_p2   |         +|   0|  0|  14|           7|           1|
    |ap_block_state4     |       and|   0|  0|   2|           1|           1|
    |icmp_ln59_fu_84_p2  |      icmp|   0|  0|  10|           7|           4|
    |ap_block_state1     |        or|   0|  0|   2|           1|           1|
    +--------------------+----------+----+---+----+------------+------------+
    |Total               |          |   0|  0|  28|          16|           7|
    +--------------------+----------+----+---+----+------------+------------+

    * Multiplexer: 
    +---------------------------------+----+-----------+-----+-----------+
    |               Name              | LUT| Input Size| Bits| Total Bits|
    +---------------------------------+----+-----------+-----+-----------+
    |ap_NS_fsm                        |  42|          8|    1|          8|
    |ap_done                          |   9|          2|    1|          2|
    |i_fu_44                          |   9|          2|    7|         14|
    |input_image_TREADY_int_regslice  |   9|          2|    1|          2|
    |layer7_out_blk_n                 |   9|          2|    1|          2|
    |layer7_out_din                   |  20|          4|   16|         64|
    |layer7_out_write                 |  25|          5|    1|          5|
    |real_start                       |   9|          2|    1|          2|
    +---------------------------------+----+-----------+-----+-----------+
    |Total                            | 132|         27|   29|         99|
    +---------------------------------+----+-----------+-----+-----------+

    * Register: 
    +-------------------------------------------------------------------------------------------------------------------------------+---+----+-----+-----------+
    |                                                              Name                                                             | FF| LUT| Bits| Const Bits|
    +-------------------------------------------------------------------------------------------------------------------------------+---+----+-----+-----------+
    |ap_CS_fsm                                                                                                                      |  7|   0|    7|          0|
    |ap_done_reg                                                                                                                    |  1|   0|    1|          0|
    |grp_zeropad2d_cl_array_ap_fixed_16_6_5_3_0_1u_array_ap_fixed_16_6_5_3_0_1u_config7_Pipeline_CopyMain_fu_68_ap_start_reg        |  1|   0|    1|          0|
    |grp_zeropad2d_cl_array_ap_fixed_16_6_5_3_0_1u_array_ap_fixed_16_6_5_3_0_1u_config7_Pipeline_PadBottomWidth_fu_62_ap_start_reg  |  1|   0|    1|          0|
    |grp_zeropad2d_cl_array_ap_fixed_16_6_5_3_0_1u_array_ap_fixed_16_6_5_3_0_1u_config7_Pipeline_PadTopWidth_fu_56_ap_start_reg     |  1|   0|    1|          0|
    |i_fu_44                                                                                                                        |  7|   0|    7|          0|
    |start_once_reg                                                                                                                 |  1|   0|    1|          0|
    +-------------------------------------------------------------------------------------------------------------------------------+---+----+-----+-----------+
    |Total                                                                                                                          | 19|   0|   19|          0|
    +-------------------------------------------------------------------------------------------------------------------------------+---+----+-----+-----------+



================================================================
== Interface
================================================================
* Summary: 
+--------------------+-----+-----+------------+-------------------------------------------------------------------------------------------------+--------------+
|      RTL Ports     | Dir | Bits|  Protocol  |                                          Source Object                                          |    C Type    |
+--------------------+-----+-----+------------+-------------------------------------------------------------------------------------------------+--------------+
|ap_clk              |   in|    1|  ap_ctrl_hs|  zeropad2d_cl<array<ap_fixed<16, 6, 5, 3, 0>, 1u>, array<ap_fixed<16, 6, 5, 3, 0>, 1u>, config7>|  return value|
|ap_rst              |   in|    1|  ap_ctrl_hs|  zeropad2d_cl<array<ap_fixed<16, 6, 5, 3, 0>, 1u>, array<ap_fixed<16, 6, 5, 3, 0>, 1u>, config7>|  return value|
|ap_start            |   in|    1|  ap_ctrl_hs|  zeropad2d_cl<array<ap_fixed<16, 6, 5, 3, 0>, 1u>, array<ap_fixed<16, 6, 5, 3, 0>, 1u>, config7>|  return value|
|start_full_n        |   in|    1|  ap_ctrl_hs|  zeropad2d_cl<array<ap_fixed<16, 6, 5, 3, 0>, 1u>, array<ap_fixed<16, 6, 5, 3, 0>, 1u>, config7>|  return value|
|ap_done             |  out|    1|  ap_ctrl_hs|  zeropad2d_cl<array<ap_fixed<16, 6, 5, 3, 0>, 1u>, array<ap_fixed<16, 6, 5, 3, 0>, 1u>, config7>|  return value|
|ap_continue         |   in|    1|  ap_ctrl_hs|  zeropad2d_cl<array<ap_fixed<16, 6, 5, 3, 0>, 1u>, array<ap_fixed<16, 6, 5, 3, 0>, 1u>, config7>|  return value|
|ap_idle             |  out|    1|  ap_ctrl_hs|  zeropad2d_cl<array<ap_fixed<16, 6, 5, 3, 0>, 1u>, array<ap_fixed<16, 6, 5, 3, 0>, 1u>, config7>|  return value|
|ap_ready            |  out|    1|  ap_ctrl_hs|  zeropad2d_cl<array<ap_fixed<16, 6, 5, 3, 0>, 1u>, array<ap_fixed<16, 6, 5, 3, 0>, 1u>, config7>|  return value|
|start_out           |  out|    1|  ap_ctrl_hs|  zeropad2d_cl<array<ap_fixed<16, 6, 5, 3, 0>, 1u>, array<ap_fixed<16, 6, 5, 3, 0>, 1u>, config7>|  return value|
|start_write         |  out|    1|  ap_ctrl_hs|  zeropad2d_cl<array<ap_fixed<16, 6, 5, 3, 0>, 1u>, array<ap_fixed<16, 6, 5, 3, 0>, 1u>, config7>|  return value|
|input_image_TDATA   |   in|   16|        axis|                                                                                      input_image|       pointer|
|input_image_TVALID  |   in|    1|        axis|                                                                                      input_image|       pointer|
|input_image_TREADY  |  out|    1|        axis|                                                                                      input_image|       pointer|
|layer7_out_din      |  out|   16|     ap_fifo|                                                                                       layer7_out|       pointer|
|layer7_out_full_n   |   in|    1|     ap_fifo|                                                                                       layer7_out|       pointer|
|layer7_out_write    |  out|    1|     ap_fifo|                                                                                       layer7_out|       pointer|
+--------------------+-----+-----+------------+-------------------------------------------------------------------------------------------------+--------------+

