

================================================================
== Vitis HLS Report for 'zeropad2d_cl_array_ap_fixed_16_6_5_3_0_1u_array_ap_fixed_16_6_5_3_0_1u_config7_Pipeline_CopyMain'
================================================================
* Date:           Tue May 26 01:13:00 2026

* Version:        2021.2 (Build 3367213 on Tue Oct 19 02:48:09 MDT 2021)
* Project:        edge_cnn_linear_stream_prj
* Solution:       solution1 (Vivado IP Flow Target)
* Product family: zynq
* Target device:  xc7z020-clg400-1


================================================================
== Performance Estimates
================================================================
+ Timing: 
    * Summary: 
    +--------+----------+----------+------------+
    |  Clock |  Target  | Estimated| Uncertainty|
    +--------+----------+----------+------------+
    |ap_clk  |  10.00 ns|  3.507 ns|     2.70 ns|
    +--------+----------+----------+------------+

+ Latency: 
    * Summary: 
    +---------+---------+----------+----------+-----+-----+---------+
    |  Latency (cycles) |  Latency (absolute) |  Interval | Pipeline|
    |   min   |   max   |    min   |    max   | min | max |   Type  |
    +---------+---------+----------+----------+-----+-----+---------+
    |      326|      326|  3.260 us|  3.260 us|  326|  326|       no|
    +---------+---------+----------+----------+-----+-----+---------+

    + Detail: 
        * Instance: 
        N/A

        * Loop: 
        +------------+---------+---------+----------+-----------+-----------+------+----------+
        |            |  Latency (cycles) | Iteration|  Initiation Interval  | Trip |          |
        |  Loop Name |   min   |   max   |  Latency |  achieved |   target  | Count| Pipelined|
        +------------+---------+---------+----------+-----------+-----------+------+----------+
        |- CopyMain  |      324|      324|         3|          2|          1|   162|       yes|
        +------------+---------+---------+----------+-----------+-----------+------+----------+



================================================================
== Utilization Estimates
================================================================
* Summary: 
+-----------------+---------+-----+--------+-------+-----+
|       Name      | BRAM_18K| DSP |   FF   |  LUT  | URAM|
+-----------------+---------+-----+--------+-------+-----+
|DSP              |        -|    -|       -|      -|    -|
|Expression       |        -|    -|       0|     47|    -|
|FIFO             |        -|    -|       -|      -|    -|
|Instance         |        -|    -|       -|      -|    -|
|Memory           |        -|    -|       -|      -|    -|
|Multiplexer      |        -|    -|       -|    100|    -|
|Register         |        -|    -|      15|      -|    -|
+-----------------+---------+-----+--------+-------+-----+
|Total            |        0|    0|      15|    147|    0|
+-----------------+---------+-----+--------+-------+-----+
|Available        |      280|  220|  106400|  53200|    0|
+-----------------+---------+-----+--------+-------+-----+
|Utilization (%)  |        0|    0|      ~0|     ~0|    0|
+-----------------+---------+-----+--------+-------+-----+

+ Detail: 
    * Instance: 
    N/A

    * DSP: 
    N/A

    * Memory: 
    N/A

    * FIFO: 
    N/A

    * Expression: 
    +----------------------------------+----------+----+---+----+------------+------------+
    |           Variable Name          | Operation| DSP| FF| LUT| Bitwidth P0| Bitwidth P1|
    +----------------------------------+----------+----+---+----+------------+------------+
    |j_15_fu_77_p2                     |         +|   0|  0|  15|           8|           1|
    |ap_block_pp0_stage0_01001         |       and|   0|  0|   2|           1|           1|
    |ap_block_pp0_stage1_01001         |       and|   0|  0|   2|           1|           1|
    |ap_block_state3_pp0_stage0_iter1  |       and|   0|  0|   2|           1|           1|
    |icmp_ln65_fu_71_p2                |      icmp|   0|  0|  11|           8|           8|
    |ifzero_fu_83_p2                   |      icmp|   0|  0|  11|           8|           8|
    |ap_block_state2_pp0_stage1_iter0  |        or|   0|  0|   2|           1|           1|
    |ap_enable_pp0                     |       xor|   0|  0|   2|           1|           2|
    +----------------------------------+----------+----+---+----+------------+------------+
    |Total                             |          |   0|  0|  47|          29|          23|
    +----------------------------------+----------+----+---+----+------------+------------+

    * Multiplexer: 
    +-----------------------------+----+-----------+-----+-----------+
    |             Name            | LUT| Input Size| Bits| Total Bits|
    +-----------------------------+----+-----------+-----+-----------+
    |ap_NS_fsm                    |  14|          3|    1|          3|
    |ap_done_int                  |   9|          2|    1|          2|
    |ap_enable_reg_pp0_iter0      |   9|          2|    1|          2|
    |ap_enable_reg_pp0_iter0_reg  |   9|          2|    1|          2|
    |ap_enable_reg_pp0_iter1      |   9|          2|    1|          2|
    |ap_sig_allocacmp_j_14        |   9|          2|    8|         16|
    |input_image_TDATA_blk_n      |   9|          2|    1|          2|
    |j_fu_44                      |   9|          2|    8|         16|
    |layer7_out_blk_n             |   9|          2|    1|          2|
    |layer7_out_din               |  14|          3|   16|         48|
    +-----------------------------+----+-----------+-----+-----------+
    |Total                        | 100|         22|   39|         95|
    +-----------------------------+----+-----------+-----+-----------+

    * Register: 
    +-----------------------------+---+----+-----+-----------+
    |             Name            | FF| LUT| Bits| Const Bits|
    +-----------------------------+---+----+-----+-----------+
    |ap_CS_fsm                    |  2|   0|    2|          0|
    |ap_done_reg                  |  1|   0|    1|          0|
    |ap_enable_reg_pp0_iter0_reg  |  1|   0|    1|          0|
    |ap_enable_reg_pp0_iter1      |  1|   0|    1|          0|
    |icmp_ln65_reg_101            |  1|   0|    1|          0|
    |ifzero_reg_105               |  1|   0|    1|          0|
    |j_fu_44                      |  8|   0|    8|          0|
    +-----------------------------+---+----+-----+-----------+
    |Total                        | 15|   0|   15|          0|
    +-----------------------------+---+----+-----+-----------+



================================================================
== Interface
================================================================
* Summary: 
+--------------------+-----+-----+------------+-------------------------------------------------------------------------------------------------------------------+--------------+
|      RTL Ports     | Dir | Bits|  Protocol  |                                                   Source Object                                                   |    C Type    |
+--------------------+-----+-----+------------+-------------------------------------------------------------------------------------------------------------------+--------------+
|ap_clk              |   in|    1|  ap_ctrl_hs|  zeropad2d_cl<array<ap_fixed<16, 6, 5, 3, 0>, 1u>, array<ap_fixed<16, 6, 5, 3, 0>, 1u>, config7>_Pipeline_CopyMain|  return value|
|ap_rst              |   in|    1|  ap_ctrl_hs|  zeropad2d_cl<array<ap_fixed<16, 6, 5, 3, 0>, 1u>, array<ap_fixed<16, 6, 5, 3, 0>, 1u>, config7>_Pipeline_CopyMain|  return value|
|ap_start            |   in|    1|  ap_ctrl_hs|  zeropad2d_cl<array<ap_fixed<16, 6, 5, 3, 0>, 1u>, array<ap_fixed<16, 6, 5, 3, 0>, 1u>, config7>_Pipeline_CopyMain|  return value|
|ap_done             |  out|    1|  ap_ctrl_hs|  zeropad2d_cl<array<ap_fixed<16, 6, 5, 3, 0>, 1u>, array<ap_fixed<16, 6, 5, 3, 0>, 1u>, config7>_Pipeline_CopyMain|  return value|
|ap_idle             |  out|    1|  ap_ctrl_hs|  zeropad2d_cl<array<ap_fixed<16, 6, 5, 3, 0>, 1u>, array<ap_fixed<16, 6, 5, 3, 0>, 1u>, config7>_Pipeline_CopyMain|  return value|
|ap_ready            |  out|    1|  ap_ctrl_hs|  zeropad2d_cl<array<ap_fixed<16, 6, 5, 3, 0>, 1u>, array<ap_fixed<16, 6, 5, 3, 0>, 1u>, config7>_Pipeline_CopyMain|  return value|
|layer7_out_din      |  out|   16|     ap_fifo|                                                                                                         layer7_out|       pointer|
|layer7_out_full_n   |   in|    1|     ap_fifo|                                                                                                         layer7_out|       pointer|
|layer7_out_write    |  out|    1|     ap_fifo|                                                                                                         layer7_out|       pointer|
|input_image_TVALID  |   in|    1|        axis|                                                                                                        input_image|       pointer|
|input_image_TDATA   |   in|   16|        axis|                                                                                                        input_image|       pointer|
|input_image_TREADY  |  out|    1|        axis|                                                                                                        input_image|       pointer|
+--------------------+-----+-----+------------+-------------------------------------------------------------------------------------------------------------------+--------------+

