

================================================================
== Vitis HLS Report for 'compute_output_buffer_2d_array_ap_fixed_16_6_5_3_0_1u_array_ap_fixed_37_17_5_3_0_4u_config2_s'
================================================================
* Date:           Tue May 26 01:12:50 2026

* Version:        2021.2 (Build 3367213 on Tue Oct 19 02:48:09 MDT 2021)
* Project:        edge_cnn_linear_stream_prj
* Solution:       solution1 (Vivado IP Flow Target)
* Product family: zynq
* Target device:  xc7z020-clg400-1


================================================================
== Performance Estimates
================================================================
+ Timing: 
    * Summary: 
    +--------+----------+----------+------------+
    |  Clock |  Target  | Estimated| Uncertainty|
    +--------+----------+----------+------------+
    |ap_clk  |  10.00 ns|  7.591 ns|     2.70 ns|
    +--------+----------+----------+------------+

+ Latency: 
    * Summary: 
    +---------+---------+-----------+----------+-----+-----+---------+
    |  Latency (cycles) |  Latency (absolute)  |  Interval | Pipeline|
    |   min   |   max   |    min    |    max   | min | max |   Type  |
    +---------+---------+-----------+----------+-----+-----+---------+
    |        2|       43|  20.000 ns|  0.430 us|    2|   43|       no|
    +---------+---------+-----------+----------+-----+-----+---------+

    + Detail: 
        * Instance: 
        +--------------------------------------------------------------------------------------------------+---------------------------------------------------------------------------------------+---------+---------+----------+----------+-----+-----+------------------------------------------+
        |                                                                                                  |                                                                                       |  Latency (cycles) |  Latency (absolute) |  Interval |                 Pipeline                 |
        |                                             Instance                                             |                                         Module                                        |   min   |   max   |    min   |    max   | min | max |                   Type                   |
        +--------------------------------------------------------------------------------------------------+---------------------------------------------------------------------------------------+---------+---------+----------+----------+-----+-----+------------------------------------------+
        |call_ln281_shift_line_buffer_array_ap_fixed_16_6_5_3_0_1u_config2_s_fu_93                         |shift_line_buffer_array_ap_fixed_16_6_5_3_0_1u_config2_s                               |        0|        0|      0 ns|      0 ns|    1|    1|                                       yes|
        |grp_dense_resource_rf_gt_nin_rem0_ap_fixed_16_6_5_3_0_ap_fixed_37_17_5_3_0_config2_mult_s_fu_121  |dense_resource_rf_gt_nin_rem0_ap_fixed_16_6_5_3_0_ap_fixed_37_17_5_3_0_config2_mult_s  |       39|       40|  0.390 us|  0.400 us|   36|   36|  loop rewind stp(delay=0 clock cycles(s))|
        +--------------------------------------------------------------------------------------------------+---------------------------------------------------------------------------------------+---------+---------+----------+----------+-----+-----+------------------------------------------+

        * Loop: 
        N/A

============================================================
+ Verbose Summary: Synthesis Manager
============================================================
InlineROM: 1
ExposeGlobal: 0
============================================================
+ Verbose Summary: CDFG Model
============================================================
IsTopModel: 0
ResetActiveHigh: 1
IsCombinational: 0
IsDatapathOnly: 0
HasWiredReturn: 1
HasMFsm: 0
HasVarLatency: 1
IsPipeline: 0
IsRtlPipelined: 0
IsInstanceOverlapped: 0
IsDontTouch: 0
HasImplIP: 0
IsGatedGlobalClock: 0


============================================================
+ Verbose Summary: Schedule
============================================================
* Number of FSM states : 4
* Pipeline : 0
* Dataflow Pipeline: 0

* FSM state transitions: 
1 --> 2 
2 --> 4 3 
3 --> 4 
4 --> 

* FSM state operations: 

State 1 <SV = 0> <Delay = 3.23>
ST_1 : Operation 5 [1/1] (0.00ns)   --->   "%p_read_10 = read i16 @_ssdm_op_Read.ap_auto.i16, i16 %p_read"   --->   Operation 5 'read' 'p_read_10' <Predicate = true> <Delay = 0.00>
ST_1 : Operation 6 [1/1] (3.23ns)   --->   "%call_ln281 = call void @shift_line_buffer<array<ap_fixed<16, 6, 5, 3, 0>, 1u>, config2>, i16 %p_read_10, i16 %void_compute_output_buffer_2d_array_array_ap_fixed_4u_config2_array_ap_fixed_16_6_5_3_0_1u_const_ap_shift_reg_value_type_in_width_n_chan_stream_array_ap_fixed_37_17_5_3_0_4u_0_weight_t_bias_t_kernel_data_7, i16 %void_compute_output_buffer_2d_array_array_ap_fixed_4u_config2_array_ap_fixed_16_6_5_3_0_1u_const_ap_shift_reg_value_type_in_width_n_chan_stream_array_ap_fixed_37_17_5_3_0_4u_0_weight_t_bias_t_kernel_data_8, i16 %void_compute_output_buffer_2d_array_array_ap_fixed_4u_config2_array_ap_fixed_16_6_5_3_0_1u_const_ap_shift_reg_value_type_in_width_n_chan_stream_array_ap_fixed_37_17_5_3_0_4u_0_weight_t_bias_t_kernel_data_4, i16 %void_compute_output_buffer_2d_array_array_ap_fixed_4u_config2_array_ap_fixed_16_6_5_3_0_1u_const_ap_shift_reg_value_type_in_width_n_chan_stream_array_ap_fixed_37_17_5_3_0_4u_0_weight_t_bias_t_kernel_data_5, i16 %void_compute_output_buffer_2d_array_array_ap_fixed_4u_config2_array_ap_fixed_16_6_5_3_0_1u_const_ap_shift_reg_value_type_in_width_n_chan_stream_array_ap_fixed_37_17_5_3_0_4u_0_weight_t_bias_t_kernel_data_1, i16 %void_compute_output_buffer_2d_array_array_ap_fixed_4u_config2_array_ap_fixed_16_6_5_3_0_1u_const_ap_shift_reg_value_type_in_width_n_chan_stream_array_ap_fixed_37_17_5_3_0_4u_0_weight_t_bias_t_kernel_data_2, i16 %void_compute_output_buffer_2d_array_array_ap_fixed_4u_config2_array_ap_fixed_16_6_5_3_0_1u_const_ap_shift_reg_value_type_in_width_n_chan_stream_array_ap_fixed_37_17_5_3_0_4u_0_weight_t_bias_t_kernel_data_6, i16 %void_compute_output_buffer_2d_array_array_ap_fixed_4u_config2_array_ap_fixed_16_6_5_3_0_1u_const_ap_shift_reg_value_type_in_width_n_chan_stream_array_ap_fixed_37_17_5_3_0_4u_0_weight_t_bias_t_kernel_data_3, i16 %void_compute_output_buffer_2d_array_array_ap_fixed_4u_config2_array_ap_fixed_16_6_5_3_0_1u_const_ap_shift_reg_value_type_in_width_n_chan_stream_array_ap_fixed_37_17_5_3_0_4u_0_weight_t_bias_t_kernel_data, i16 %void_conv_2d_buffer_cl_array_ap_fixed_16_6_5_3_0_1u_array_ap_fixed_37_17_5_3_0_4u_config2_stream_array_ap_fixed_16_6_5_3_0_1u_0_stream_array_ap_fixed_37_17_5_3_0_4u_0_weight_t_bias_t_line_buffer_0, i16 %void_conv_2d_buffer_cl_array_ap_fixed_16_6_5_3_0_1u_array_ap_fixed_37_17_5_3_0_4u_config2_stream_array_ap_fixed_16_6_5_3_0_1u_0_stream_array_ap_fixed_37_17_5_3_0_4u_0_weight_t_bias_t_line_buffer_1" [firmware/nnet_utils/nnet_conv_stream.h:281]   --->   Operation 6 'call' 'call_ln281' <Predicate = true> <Delay = 3.23> <CoreType = "Generic">   --->   Core 0 '' <Latency = 0> <II = 1> <Delay = 1.00> <Generic> <Opcode : >

State 2 <SV = 1> <Delay = 4.42>
ST_2 : Operation 7 [1/1] (0.00ns)   --->   "%specinterface_ln0 = specinterface void @_ssdm_op_SpecInterface, i148 %layer2_out, void @empty_5, i32 0, i32 0, void @empty_7, i32 0, i32 0, void @empty_7, void @empty_7, void @empty_7, i32 0, i32 0, i32 0, i32 0, void @empty_7, void @empty_7"   --->   Operation 7 'specinterface' 'specinterface_ln0' <Predicate = true> <Delay = 0.00>
ST_2 : Operation 8 [1/1] (0.00ns)   --->   "%sX_2_load = load i32 %sX_2" [firmware/nnet_utils/nnet_conv_stream.h:284]   --->   Operation 8 'load' 'sX_2_load' <Predicate = true> <Delay = 0.00>
ST_2 : Operation 9 [1/1] (2.47ns)   --->   "%icmp_ln284 = icmp_eq  i32 %sX_2_load, i32 2" [firmware/nnet_utils/nnet_conv_stream.h:284]   --->   Operation 9 'icmp' 'icmp_ln284' <Predicate = true> <Delay = 2.47> <CoreInst = "Cmp">   --->   Core 9 'Cmp' <Latency = 0> <II = 1> <Delay = 2.47> <FuncUnit> <Opcode : 'icmp'> <InPorts = 2> <OutPorts = 1>
ST_2 : Operation 10 [1/1] (0.00ns)   --->   "%sY_2_load = load i32 %sY_2" [firmware/nnet_utils/nnet_conv_stream.h:284]   --->   Operation 10 'load' 'sY_2_load' <Predicate = true> <Delay = 0.00>
ST_2 : Operation 11 [1/1] (0.00ns)   --->   "%pY_2_load = load i32 %pY_2" [firmware/nnet_utils/nnet_conv_stream.h:284]   --->   Operation 11 'load' 'pY_2_load' <Predicate = true> <Delay = 0.00>
ST_2 : Operation 12 [1/1] (0.00ns)   --->   "%pX_2_load = load i32 %pX_2" [firmware/nnet_utils/nnet_conv_stream.h:284]   --->   Operation 12 'load' 'pX_2_load' <Predicate = true> <Delay = 0.00>
ST_2 : Operation 13 [1/1] (0.00ns)   --->   "%br_ln284 = br i1 %icmp_ln284, void %._crit_edge1, void" [firmware/nnet_utils/nnet_conv_stream.h:284]   --->   Operation 13 'br' 'br_ln284' <Predicate = true> <Delay = 0.00>
ST_2 : Operation 14 [1/1] (2.47ns)   --->   "%icmp_ln284_7 = icmp_eq  i32 %sY_2_load, i32 2" [firmware/nnet_utils/nnet_conv_stream.h:284]   --->   Operation 14 'icmp' 'icmp_ln284_7' <Predicate = (icmp_ln284)> <Delay = 2.47> <CoreInst = "Cmp">   --->   Core 9 'Cmp' <Latency = 0> <II = 1> <Delay = 2.47> <FuncUnit> <Opcode : 'icmp'> <InPorts = 2> <OutPorts = 1>
ST_2 : Operation 15 [1/1] (0.00ns)   --->   "%tmp_4 = partselect i31 @_ssdm_op_PartSelect.i31.i32.i32.i32, i32 %pY_2_load, i32 1, i32 31" [firmware/nnet_utils/nnet_conv_stream.h:284]   --->   Operation 15 'partselect' 'tmp_4' <Predicate = (icmp_ln284)> <Delay = 0.00>
ST_2 : Operation 16 [1/1] (2.47ns)   --->   "%icmp_ln284_8 = icmp_sgt  i31 %tmp_4, i31 0" [firmware/nnet_utils/nnet_conv_stream.h:284]   --->   Operation 16 'icmp' 'icmp_ln284_8' <Predicate = (icmp_ln284)> <Delay = 2.47> <CoreInst = "Cmp">   --->   Core 9 'Cmp' <Latency = 0> <II = 1> <Delay = 2.47> <FuncUnit> <Opcode : 'icmp'> <InPorts = 2> <OutPorts = 1>
ST_2 : Operation 17 [1/1] (0.00ns)   --->   "%tmp_5 = partselect i31 @_ssdm_op_PartSelect.i31.i32.i32.i32, i32 %pX_2_load, i32 1, i32 31" [firmware/nnet_utils/nnet_conv_stream.h:284]   --->   Operation 17 'partselect' 'tmp_5' <Predicate = (icmp_ln284)> <Delay = 0.00>
ST_2 : Operation 18 [1/1] (2.47ns)   --->   "%icmp_ln284_9 = icmp_sgt  i31 %tmp_5, i31 0" [firmware/nnet_utils/nnet_conv_stream.h:284]   --->   Operation 18 'icmp' 'icmp_ln284_9' <Predicate = (icmp_ln284)> <Delay = 2.47> <CoreInst = "Cmp">   --->   Core 9 'Cmp' <Latency = 0> <II = 1> <Delay = 2.47> <FuncUnit> <Opcode : 'icmp'> <InPorts = 2> <OutPorts = 1>
ST_2 : Operation 19 [1/1] (0.00ns) (grouped into LUT with out node and_ln284_3)   --->   "%and_ln284 = and i1 %icmp_ln284_8, i1 %icmp_ln284_9" [firmware/nnet_utils/nnet_conv_stream.h:284]   --->   Operation 19 'and' 'and_ln284' <Predicate = (icmp_ln284)> <Delay = 0.00> <CoreInst = "LogicGate">   --->   Core 74 'LogicGate' <Latency = 0> <II = 1> <Delay = 0.97> <FuncUnit> <Opcode : 'and' 'or' 'xor'> <InPorts = 2> <OutPorts = 1>
ST_2 : Operation 20 [1/1] (0.97ns) (out node of the LUT)   --->   "%and_ln284_3 = and i1 %and_ln284, i1 %icmp_ln284_7" [firmware/nnet_utils/nnet_conv_stream.h:284]   --->   Operation 20 'and' 'and_ln284_3' <Predicate = (icmp_ln284)> <Delay = 0.97> <CoreInst = "LogicGate">   --->   Core 74 'LogicGate' <Latency = 0> <II = 1> <Delay = 0.97> <FuncUnit> <Opcode : 'and' 'or' 'xor'> <InPorts = 2> <OutPorts = 1>
ST_2 : Operation 21 [1/1] (0.00ns)   --->   "%br_ln284 = br i1 %and_ln284_3, void %._crit_edge1, void" [firmware/nnet_utils/nnet_conv_stream.h:284]   --->   Operation 21 'br' 'br_ln284' <Predicate = (icmp_ln284)> <Delay = 0.00>
ST_2 : Operation 22 [2/2] (0.00ns)   --->   "%tmp = call i148 @dense_resource_rf_gt_nin_rem0<ap_fixed<16, 6, 5, 3, 0>, ap_fixed<37, 17, 5, 3, 0>, config2_mult>, i2 %outidx_1, i11 %w2_V, i16 %void_compute_output_buffer_2d_array_array_ap_fixed_4u_config2_array_ap_fixed_16_6_5_3_0_1u_const_ap_shift_reg_value_type_in_width_n_chan_stream_array_ap_fixed_37_17_5_3_0_4u_0_weight_t_bias_t_kernel_data_8, i16 %void_compute_output_buffer_2d_array_array_ap_fixed_4u_config2_array_ap_fixed_16_6_5_3_0_1u_const_ap_shift_reg_value_type_in_width_n_chan_stream_array_ap_fixed_37_17_5_3_0_4u_0_weight_t_bias_t_kernel_data_7, i16 %void_compute_output_buffer_2d_array_array_ap_fixed_4u_config2_array_ap_fixed_16_6_5_3_0_1u_const_ap_shift_reg_value_type_in_width_n_chan_stream_array_ap_fixed_37_17_5_3_0_4u_0_weight_t_bias_t_kernel_data_6, i16 %void_compute_output_buffer_2d_array_array_ap_fixed_4u_config2_array_ap_fixed_16_6_5_3_0_1u_const_ap_shift_reg_value_type_in_width_n_chan_stream_array_ap_fixed_37_17_5_3_0_4u_0_weight_t_bias_t_kernel_data_5, i16 %void_compute_output_buffer_2d_array_array_ap_fixed_4u_config2_array_ap_fixed_16_6_5_3_0_1u_const_ap_shift_reg_value_type_in_width_n_chan_stream_array_ap_fixed_37_17_5_3_0_4u_0_weight_t_bias_t_kernel_data_4, i16 %void_compute_output_buffer_2d_array_array_ap_fixed_4u_config2_array_ap_fixed_16_6_5_3_0_1u_const_ap_shift_reg_value_type_in_width_n_chan_stream_array_ap_fixed_37_17_5_3_0_4u_0_weight_t_bias_t_kernel_data_3, i16 %void_compute_output_buffer_2d_array_array_ap_fixed_4u_config2_array_ap_fixed_16_6_5_3_0_1u_const_ap_shift_reg_value_type_in_width_n_chan_stream_array_ap_fixed_37_17_5_3_0_4u_0_weight_t_bias_t_kernel_data_2, i16 %void_compute_output_buffer_2d_array_array_ap_fixed_4u_config2_array_ap_fixed_16_6_5_3_0_1u_const_ap_shift_reg_value_type_in_width_n_chan_stream_array_ap_fixed_37_17_5_3_0_4u_0_weight_t_bias_t_kernel_data_1, i16 %void_compute_output_buffer_2d_array_array_ap_fixed_4u_config2_array_ap_fixed_16_6_5_3_0_1u_const_ap_shift_reg_value_type_in_width_n_chan_stream_array_ap_fixed_37_17_5_3_0_4u_0_weight_t_bias_t_kernel_data" [firmware/nnet_utils/nnet_dense.h:76]   --->   Operation 22 'call' 'tmp' <Predicate = (icmp_ln284 & and_ln284_3)> <Delay = 0.00> <CoreType = "Generic">   --->   Core 0 '' <Latency = 0> <II = 1> <Delay = 1.00> <Generic> <Opcode : >

State 3 <SV = 2> <Delay = 5.81>
ST_3 : Operation 23 [1/2] (5.81ns)   --->   "%tmp = call i148 @dense_resource_rf_gt_nin_rem0<ap_fixed<16, 6, 5, 3, 0>, ap_fixed<37, 17, 5, 3, 0>, config2_mult>, i2 %outidx_1, i11 %w2_V, i16 %void_compute_output_buffer_2d_array_array_ap_fixed_4u_config2_array_ap_fixed_16_6_5_3_0_1u_const_ap_shift_reg_value_type_in_width_n_chan_stream_array_ap_fixed_37_17_5_3_0_4u_0_weight_t_bias_t_kernel_data_8, i16 %void_compute_output_buffer_2d_array_array_ap_fixed_4u_config2_array_ap_fixed_16_6_5_3_0_1u_const_ap_shift_reg_value_type_in_width_n_chan_stream_array_ap_fixed_37_17_5_3_0_4u_0_weight_t_bias_t_kernel_data_7, i16 %void_compute_output_buffer_2d_array_array_ap_fixed_4u_config2_array_ap_fixed_16_6_5_3_0_1u_const_ap_shift_reg_value_type_in_width_n_chan_stream_array_ap_fixed_37_17_5_3_0_4u_0_weight_t_bias_t_kernel_data_6, i16 %void_compute_output_buffer_2d_array_array_ap_fixed_4u_config2_array_ap_fixed_16_6_5_3_0_1u_const_ap_shift_reg_value_type_in_width_n_chan_stream_array_ap_fixed_37_17_5_3_0_4u_0_weight_t_bias_t_kernel_data_5, i16 %void_compute_output_buffer_2d_array_array_ap_fixed_4u_config2_array_ap_fixed_16_6_5_3_0_1u_const_ap_shift_reg_value_type_in_width_n_chan_stream_array_ap_fixed_37_17_5_3_0_4u_0_weight_t_bias_t_kernel_data_4, i16 %void_compute_output_buffer_2d_array_array_ap_fixed_4u_config2_array_ap_fixed_16_6_5_3_0_1u_const_ap_shift_reg_value_type_in_width_n_chan_stream_array_ap_fixed_37_17_5_3_0_4u_0_weight_t_bias_t_kernel_data_3, i16 %void_compute_output_buffer_2d_array_array_ap_fixed_4u_config2_array_ap_fixed_16_6_5_3_0_1u_const_ap_shift_reg_value_type_in_width_n_chan_stream_array_ap_fixed_37_17_5_3_0_4u_0_weight_t_bias_t_kernel_data_2, i16 %void_compute_output_buffer_2d_array_array_ap_fixed_4u_config2_array_ap_fixed_16_6_5_3_0_1u_const_ap_shift_reg_value_type_in_width_n_chan_stream_array_ap_fixed_37_17_5_3_0_4u_0_weight_t_bias_t_kernel_data_1, i16 %void_compute_output_buffer_2d_array_array_ap_fixed_4u_config2_array_ap_fixed_16_6_5_3_0_1u_const_ap_shift_reg_value_type_in_width_n_chan_stream_array_ap_fixed_37_17_5_3_0_4u_0_weight_t_bias_t_kernel_data" [firmware/nnet_utils/nnet_dense.h:76]   --->   Operation 23 'call' 'tmp' <Predicate = true> <Delay = 5.81> <CoreType = "Generic">   --->   Core 0 '' <Latency = 0> <II = 1> <Delay = 1.00> <Generic> <Opcode : >
ST_3 : Operation 24 [1/1] (0.00ns)   --->   "%res_out_V = extractvalue i148 %tmp" [firmware/nnet_utils/nnet_dense.h:76]   --->   Operation 24 'extractvalue' 'res_out_V' <Predicate = true> <Delay = 0.00>
ST_3 : Operation 25 [1/1] (0.00ns)   --->   "%res_out_V_4 = extractvalue i148 %tmp" [firmware/nnet_utils/nnet_dense.h:76]   --->   Operation 25 'extractvalue' 'res_out_V_4' <Predicate = true> <Delay = 0.00>
ST_3 : Operation 26 [1/1] (0.00ns)   --->   "%res_out_V_5 = extractvalue i148 %tmp" [firmware/nnet_utils/nnet_dense.h:76]   --->   Operation 26 'extractvalue' 'res_out_V_5' <Predicate = true> <Delay = 0.00>
ST_3 : Operation 27 [1/1] (0.00ns)   --->   "%res_out_V_6 = extractvalue i148 %tmp" [firmware/nnet_utils/nnet_dense.h:76]   --->   Operation 27 'extractvalue' 'res_out_V_6' <Predicate = true> <Delay = 0.00>

State 4 <SV = 3> <Delay = 7.59>
ST_4 : Operation 28 [1/1] (0.00ns)   --->   "%p_0 = bitconcatenate i148 @_ssdm_op_BitConcatenate.i148.i37.i37.i37.i37, i37 %res_out_V_6, i37 %res_out_V_5, i37 %res_out_V_4, i37 %res_out_V" [C:/Xilinx/Vitis_HLS/2021.2/common/technology/autopilot/hls_stream_39.h:173]   --->   Operation 28 'bitconcatenate' 'p_0' <Predicate = (icmp_ln284 & and_ln284_3)> <Delay = 0.00>
ST_4 : Operation 29 [1/1] (3.50ns)   --->   "%write_ln173 = write void @_ssdm_op_Write.ap_fifo.volatile.i148P0A, i148 %layer2_out, i148 %p_0" [C:/Xilinx/Vitis_HLS/2021.2/common/technology/autopilot/hls_stream_39.h:173]   --->   Operation 29 'write' 'write_ln173' <Predicate = (icmp_ln284 & and_ln284_3)> <Delay = 3.50> <CoreInst = "FIFO">   --->   Core 78 'FIFO' <Latency = 0> <II = 1> <Delay = 3.50> <Storage> <Opcode : 'read' 'write' 'nbread' 'nbwrite'> <Ports = 0> <Width = 148> <Depth = 19602> <FIFO>
ST_4 : Operation 30 [1/1] (0.00ns)   --->   "%br_ln300 = br void %._crit_edge1" [firmware/nnet_utils/nnet_conv_stream.h:300]   --->   Operation 30 'br' 'br_ln300' <Predicate = (icmp_ln284 & and_ln284_3)> <Delay = 0.00>
ST_4 : Operation 31 [1/1] (2.55ns)   --->   "%add_ln303 = add i32 %pX_2_load, i32 1" [firmware/nnet_utils/nnet_conv_stream.h:303]   --->   Operation 31 'add' 'add_ln303' <Predicate = true> <Delay = 2.55> <CoreInst = "Adder">   --->   Core 1 'Adder' <Latency = 0> <II = 1> <Delay = 2.55> <FuncUnit> <Opcode : 'add' 'sub'> <InPorts = 2> <OutPorts = 1>
ST_4 : Operation 32 [1/1] (2.47ns)   --->   "%icmp_ln303 = icmp_eq  i32 %add_ln303, i32 164" [firmware/nnet_utils/nnet_conv_stream.h:303]   --->   Operation 32 'icmp' 'icmp_ln303' <Predicate = true> <Delay = 2.47> <CoreInst = "Cmp">   --->   Core 9 'Cmp' <Latency = 0> <II = 1> <Delay = 2.47> <FuncUnit> <Opcode : 'icmp'> <InPorts = 2> <OutPorts = 1>
ST_4 : Operation 33 [1/1] (0.00ns)   --->   "%br_ln303 = br i1 %icmp_ln303, void, void" [firmware/nnet_utils/nnet_conv_stream.h:303]   --->   Operation 33 'br' 'br_ln303' <Predicate = true> <Delay = 0.00>
ST_4 : Operation 34 [1/1] (1.58ns)   --->   "%store_ln316 = store i32 %add_ln303, i32 %pX_2" [firmware/nnet_utils/nnet_conv_stream.h:316]   --->   Operation 34 'store' 'store_ln316' <Predicate = (!icmp_ln303)> <Delay = 1.58>
ST_4 : Operation 35 [1/1] (2.55ns)   --->   "%add_ln318 = add i32 %sX_2_load, i32 1" [firmware/nnet_utils/nnet_conv_stream.h:318]   --->   Operation 35 'add' 'add_ln318' <Predicate = (!icmp_ln284 & !icmp_ln303)> <Delay = 2.55> <CoreInst = "Adder">   --->   Core 1 'Adder' <Latency = 0> <II = 1> <Delay = 2.55> <FuncUnit> <Opcode : 'add' 'sub'> <InPorts = 2> <OutPorts = 1>
ST_4 : Operation 36 [1/1] (0.69ns)   --->   "%select_ln318 = select i1 %icmp_ln284, i32 2, i32 %add_ln318" [firmware/nnet_utils/nnet_conv_stream.h:318]   --->   Operation 36 'select' 'select_ln318' <Predicate = (!icmp_ln303)> <Delay = 0.69> <CoreInst = "Sel">   --->   Core 73 'Sel' <Latency = 0> <II = 1> <Delay = 0.69> <FuncUnit> <Opcode : 'select'> <InPorts = 3> <OutPorts = 1>
ST_4 : Operation 37 [1/1] (1.58ns)   --->   "%store_ln318 = store i32 %select_ln318, i32 %sX_2" [firmware/nnet_utils/nnet_conv_stream.h:318]   --->   Operation 37 'store' 'store_ln318' <Predicate = (!icmp_ln303)> <Delay = 1.58>
ST_4 : Operation 38 [1/1] (0.00ns)   --->   "%br_ln0 = br void"   --->   Operation 38 'br' 'br_ln0' <Predicate = (!icmp_ln303)> <Delay = 0.00>
ST_4 : Operation 39 [1/1] (1.58ns)   --->   "%store_ln305 = store i32 0, i32 %pX_2" [firmware/nnet_utils/nnet_conv_stream.h:305]   --->   Operation 39 'store' 'store_ln305' <Predicate = (icmp_ln303)> <Delay = 1.58>
ST_4 : Operation 40 [1/1] (1.58ns)   --->   "%store_ln306 = store i32 0, i32 %sX_2" [firmware/nnet_utils/nnet_conv_stream.h:306]   --->   Operation 40 'store' 'store_ln306' <Predicate = (icmp_ln303)> <Delay = 1.58>
ST_4 : Operation 41 [1/1] (2.55ns)   --->   "%add_ln307 = add i32 %pY_2_load, i32 1" [firmware/nnet_utils/nnet_conv_stream.h:307]   --->   Operation 41 'add' 'add_ln307' <Predicate = (icmp_ln303)> <Delay = 2.55> <CoreInst = "Adder">   --->   Core 1 'Adder' <Latency = 0> <II = 1> <Delay = 2.55> <FuncUnit> <Opcode : 'add' 'sub'> <InPorts = 2> <OutPorts = 1>
ST_4 : Operation 42 [1/1] (2.47ns)   --->   "%icmp_ln307 = icmp_eq  i32 %add_ln307, i32 123" [firmware/nnet_utils/nnet_conv_stream.h:307]   --->   Operation 42 'icmp' 'icmp_ln307' <Predicate = (icmp_ln303)> <Delay = 2.47> <CoreInst = "Cmp">   --->   Core 9 'Cmp' <Latency = 0> <II = 1> <Delay = 2.47> <FuncUnit> <Opcode : 'icmp'> <InPorts = 2> <OutPorts = 1>
ST_4 : Operation 43 [1/1] (0.00ns)   --->   "%br_ln307 = br i1 %icmp_ln307, void, void" [firmware/nnet_utils/nnet_conv_stream.h:307]   --->   Operation 43 'br' 'br_ln307' <Predicate = (icmp_ln303)> <Delay = 0.00>
ST_4 : Operation 44 [1/1] (1.58ns)   --->   "%store_ln311 = store i32 %add_ln307, i32 %pY_2" [firmware/nnet_utils/nnet_conv_stream.h:311]   --->   Operation 44 'store' 'store_ln311' <Predicate = (icmp_ln303 & !icmp_ln307)> <Delay = 1.58>
ST_4 : Operation 45 [1/1] (2.47ns)   --->   "%icmp_ln313 = icmp_eq  i32 %sY_2_load, i32 2" [firmware/nnet_utils/nnet_conv_stream.h:313]   --->   Operation 45 'icmp' 'icmp_ln313' <Predicate = (icmp_ln303 & !icmp_ln307)> <Delay = 2.47> <CoreInst = "Cmp">   --->   Core 9 'Cmp' <Latency = 0> <II = 1> <Delay = 2.47> <FuncUnit> <Opcode : 'icmp'> <InPorts = 2> <OutPorts = 1>
ST_4 : Operation 46 [1/1] (2.55ns)   --->   "%add_ln313 = add i32 %sY_2_load, i32 1" [firmware/nnet_utils/nnet_conv_stream.h:313]   --->   Operation 46 'add' 'add_ln313' <Predicate = (icmp_ln303 & !icmp_ln307)> <Delay = 2.55> <CoreInst = "Adder">   --->   Core 1 'Adder' <Latency = 0> <II = 1> <Delay = 2.55> <FuncUnit> <Opcode : 'add' 'sub'> <InPorts = 2> <OutPorts = 1>
ST_4 : Operation 47 [1/1] (0.69ns)   --->   "%select_ln313 = select i1 %icmp_ln313, i32 2, i32 %add_ln313" [firmware/nnet_utils/nnet_conv_stream.h:313]   --->   Operation 47 'select' 'select_ln313' <Predicate = (icmp_ln303 & !icmp_ln307)> <Delay = 0.69> <CoreInst = "Sel">   --->   Core 73 'Sel' <Latency = 0> <II = 1> <Delay = 0.69> <FuncUnit> <Opcode : 'select'> <InPorts = 3> <OutPorts = 1>
ST_4 : Operation 48 [1/1] (1.58ns)   --->   "%br_ln0 = br void"   --->   Operation 48 'br' 'br_ln0' <Predicate = (icmp_ln303 & !icmp_ln307)> <Delay = 1.58>
ST_4 : Operation 49 [1/1] (1.58ns)   --->   "%store_ln308 = store i32 0, i32 %pY_2" [firmware/nnet_utils/nnet_conv_stream.h:308]   --->   Operation 49 'store' 'store_ln308' <Predicate = (icmp_ln303 & icmp_ln307)> <Delay = 1.58>
ST_4 : Operation 50 [1/1] (1.58ns)   --->   "%br_ln310 = br void" [firmware/nnet_utils/nnet_conv_stream.h:310]   --->   Operation 50 'br' 'br_ln310' <Predicate = (icmp_ln303 & icmp_ln307)> <Delay = 1.58>
ST_4 : Operation 51 [1/1] (0.00ns)   --->   "%storemerge = phi i32 %select_ln313, void, i32 0, void" [firmware/nnet_utils/nnet_conv_stream.h:313]   --->   Operation 51 'phi' 'storemerge' <Predicate = (icmp_ln303)> <Delay = 0.00>
ST_4 : Operation 52 [1/1] (0.00ns)   --->   "%store_ln309 = store i32 %storemerge, i32 %sY_2" [firmware/nnet_utils/nnet_conv_stream.h:309]   --->   Operation 52 'store' 'store_ln309' <Predicate = (icmp_ln303)> <Delay = 0.00>
ST_4 : Operation 53 [1/1] (0.00ns)   --->   "%br_ln315 = br void" [firmware/nnet_utils/nnet_conv_stream.h:315]   --->   Operation 53 'br' 'br_ln315' <Predicate = (icmp_ln303)> <Delay = 0.00>
ST_4 : Operation 54 [1/1] (0.00ns)   --->   "%ret_ln320 = ret" [firmware/nnet_utils/nnet_conv_stream.h:320]   --->   Operation 54 'ret' 'ret_ln320' <Predicate = true> <Delay = 0.00>


============================================================
+ Verbose Summary: Binding
============================================================
STG Binding: 
---------------- STG Properties BEGIN ----------------
- Is combinational: 0
- Is one-state seq: 0
- Is datapath-only: 0
- Is pipelined: 0
- Is top level: 0
Port [ Return ] is wired: 1; IO mode=ap_ctrl_hs:ce=0
Port [ p_read]:  wired=1; compound=0; hidden=0; nouse=0; global=0; static=0; extern=0; dir=0; type=0; pingpong=0; private_global=0; IO mode=ap_none:ce=0
Port [ layer2_out]:  wired=1; compound=1; hidden=0; nouse=0; global=0; static=0; extern=0; dir=1; type=3; pingpong=0; private_global=0; IO mode=ap_fifo:ce=0
Port [ void_compute_output_buffer_2d_array_array_ap_fixed_4u_config2_array_ap_fixed_16_6_5_3_0_1u_const_ap_shift_reg_value_type_in_width_n_chan_stream_array_ap_fixed_37_17_5_3_0_4u_0_weight_t_bias_t_kernel_data_7]:  wired=0; compound=0; hidden=1; nouse=0; global=1; static=1; extern=0; dir=2; type=0; pingpong=0; private_global=1; IO mode=ap_ovld:ce=0
Port [ void_compute_output_buffer_2d_array_array_ap_fixed_4u_config2_array_ap_fixed_16_6_5_3_0_1u_const_ap_shift_reg_value_type_in_width_n_chan_stream_array_ap_fixed_37_17_5_3_0_4u_0_weight_t_bias_t_kernel_data_8]:  wired=0; compound=0; hidden=1; nouse=0; global=1; static=1; extern=0; dir=2; type=0; pingpong=0; private_global=1; IO mode=ap_ovld:ce=0
Port [ void_compute_output_buffer_2d_array_array_ap_fixed_4u_config2_array_ap_fixed_16_6_5_3_0_1u_const_ap_shift_reg_value_type_in_width_n_chan_stream_array_ap_fixed_37_17_5_3_0_4u_0_weight_t_bias_t_kernel_data_4]:  wired=0; compound=0; hidden=1; nouse=0; global=1; static=1; extern=0; dir=2; type=0; pingpong=0; private_global=1; IO mode=ap_ovld:ce=0
Port [ void_compute_output_buffer_2d_array_array_ap_fixed_4u_config2_array_ap_fixed_16_6_5_3_0_1u_const_ap_shift_reg_value_type_in_width_n_chan_stream_array_ap_fixed_37_17_5_3_0_4u_0_weight_t_bias_t_kernel_data_5]:  wired=0; compound=0; hidden=1; nouse=0; global=1; static=1; extern=0; dir=2; type=0; pingpong=0; private_global=1; IO mode=ap_ovld:ce=0
Port [ void_compute_output_buffer_2d_array_array_ap_fixed_4u_config2_array_ap_fixed_16_6_5_3_0_1u_const_ap_shift_reg_value_type_in_width_n_chan_stream_array_ap_fixed_37_17_5_3_0_4u_0_weight_t_bias_t_kernel_data_1]:  wired=0; compound=0; hidden=1; nouse=0; global=1; static=1; extern=0; dir=2; type=0; pingpong=0; private_global=1; IO mode=ap_ovld:ce=0
Port [ void_compute_output_buffer_2d_array_array_ap_fixed_4u_config2_array_ap_fixed_16_6_5_3_0_1u_const_ap_shift_reg_value_type_in_width_n_chan_stream_array_ap_fixed_37_17_5_3_0_4u_0_weight_t_bias_t_kernel_data_2]:  wired=0; compound=0; hidden=1; nouse=0; global=1; static=1; extern=0; dir=2; type=0; pingpong=0; private_global=1; IO mode=ap_ovld:ce=0
Port [ void_compute_output_buffer_2d_array_array_ap_fixed_4u_config2_array_ap_fixed_16_6_5_3_0_1u_const_ap_shift_reg_value_type_in_width_n_chan_stream_array_ap_fixed_37_17_5_3_0_4u_0_weight_t_bias_t_kernel_data_6]:  wired=0; compound=0; hidden=1; nouse=0; global=1; static=1; extern=0; dir=2; type=0; pingpong=0; private_global=1; IO mode=ap_ovld:ce=0
Port [ void_compute_output_buffer_2d_array_array_ap_fixed_4u_config2_array_ap_fixed_16_6_5_3_0_1u_const_ap_shift_reg_value_type_in_width_n_chan_stream_array_ap_fixed_37_17_5_3_0_4u_0_weight_t_bias_t_kernel_data_3]:  wired=0; compound=0; hidden=1; nouse=0; global=1; static=1; extern=0; dir=2; type=0; pingpong=0; private_global=1; IO mode=ap_ovld:ce=0
Port [ void_compute_output_buffer_2d_array_array_ap_fixed_4u_config2_array_ap_fixed_16_6_5_3_0_1u_const_ap_shift_reg_value_type_in_width_n_chan_stream_array_ap_fixed_37_17_5_3_0_4u_0_weight_t_bias_t_kernel_data]:  wired=0; compound=0; hidden=1; nouse=0; global=1; static=1; extern=0; dir=2; type=0; pingpong=0; private_global=1; IO mode=ap_ovld:ce=0
Port [ void_conv_2d_buffer_cl_array_ap_fixed_16_6_5_3_0_1u_array_ap_fixed_37_17_5_3_0_4u_config2_stream_array_ap_fixed_16_6_5_3_0_1u_0_stream_array_ap_fixed_37_17_5_3_0_4u_0_weight_t_bias_t_line_buffer_0]:  wired=0; compound=1; hidden=1; nouse=1; global=1; static=1; extern=0; dir=3; type=1; pingpong=0; private_global=0; MemPort=[2]; IO mode=ap_memory:ce=0
Port [ void_conv_2d_buffer_cl_array_ap_fixed_16_6_5_3_0_1u_array_ap_fixed_37_17_5_3_0_4u_config2_stream_array_ap_fixed_16_6_5_3_0_1u_0_stream_array_ap_fixed_37_17_5_3_0_4u_0_weight_t_bias_t_line_buffer_1]:  wired=0; compound=1; hidden=1; nouse=1; global=1; static=1; extern=0; dir=3; type=1; pingpong=0; private_global=0; MemPort=[2]; IO mode=ap_memory:ce=0
Port [ sX_2]:  wired=0; compound=0; hidden=1; nouse=0; global=1; static=1; extern=0; dir=2; type=0; pingpong=0; private_global=1; IO mode=ap_ovld:ce=0
Port [ sY_2]:  wired=0; compound=0; hidden=1; nouse=0; global=1; static=1; extern=0; dir=2; type=0; pingpong=0; private_global=1; IO mode=ap_ovld:ce=0
Port [ pY_2]:  wired=0; compound=0; hidden=1; nouse=0; global=1; static=1; extern=0; dir=2; type=0; pingpong=0; private_global=1; IO mode=ap_ovld:ce=0
Port [ pX_2]:  wired=0; compound=0; hidden=1; nouse=0; global=1; static=1; extern=0; dir=2; type=0; pingpong=0; private_global=1; IO mode=ap_ovld:ce=0
Port [ outidx_1]:  wired=0; compound=1; hidden=1; nouse=1; global=1; static=1; extern=0; dir=0; type=1; pingpong=0; private_global=0; MemPort=[1]; IO mode=ap_memory:ce=0
Port [ w2_V]:  wired=0; compound=1; hidden=1; nouse=1; global=1; static=1; extern=0; dir=0; type=1; pingpong=0; private_global=0; MemPort=[1]; IO mode=ap_memory:ce=0
---------------- STG Properties END ------------------

---------------- Datapath Model BEGIN ----------------

<LifeTime>
<method=bitvector/>
p_read_10         (read          ) [ 00000]
call_ln281        (call          ) [ 00000]
specinterface_ln0 (specinterface ) [ 00000]
sX_2_load         (load          ) [ 00011]
icmp_ln284        (icmp          ) [ 00111]
sY_2_load         (load          ) [ 00011]
pY_2_load         (load          ) [ 00011]
pX_2_load         (load          ) [ 00011]
br_ln284          (br            ) [ 00000]
icmp_ln284_7      (icmp          ) [ 00000]
tmp_4             (partselect    ) [ 00000]
icmp_ln284_8      (icmp          ) [ 00000]
tmp_5             (partselect    ) [ 00000]
icmp_ln284_9      (icmp          ) [ 00000]
and_ln284         (and           ) [ 00000]
and_ln284_3       (and           ) [ 00111]
br_ln284          (br            ) [ 00000]
tmp               (call          ) [ 00000]
res_out_V         (extractvalue  ) [ 00001]
res_out_V_4       (extractvalue  ) [ 00001]
res_out_V_5       (extractvalue  ) [ 00001]
res_out_V_6       (extractvalue  ) [ 00001]
p_0               (bitconcatenate) [ 00000]
write_ln173       (write         ) [ 00000]
br_ln300          (br            ) [ 00000]
add_ln303         (add           ) [ 00000]
icmp_ln303        (icmp          ) [ 00001]
br_ln303          (br            ) [ 00000]
store_ln316       (store         ) [ 00000]
add_ln318         (add           ) [ 00000]
select_ln318      (select        ) [ 00000]
store_ln318       (store         ) [ 00000]
br_ln0            (br            ) [ 00000]
store_ln305       (store         ) [ 00000]
store_ln306       (store         ) [ 00000]
add_ln307         (add           ) [ 00000]
icmp_ln307        (icmp          ) [ 00001]
br_ln307          (br            ) [ 00000]
store_ln311       (store         ) [ 00000]
icmp_ln313        (icmp          ) [ 00000]
add_ln313         (add           ) [ 00000]
select_ln313      (select        ) [ 00000]
br_ln0            (br            ) [ 00000]
store_ln308       (store         ) [ 00000]
br_ln310          (br            ) [ 00000]
storemerge        (phi           ) [ 00000]
store_ln309       (store         ) [ 00000]
br_ln315          (br            ) [ 00000]
ret_ln320         (ret           ) [ 00000]
</LifeTime>

<model>

<comp_list>
<comp id="0" class="1000" name="p_read">
<pin_list>
<pin id="1" dir="1" index="0" bw="1" slack="0"/>
</pin_list>
<bind>
<StgValue><ssdm name="p_read"/></StgValue>
</bind>
</comp>

<comp id="2" class="1000" name="layer2_out">
<pin_list>
<pin id="3" dir="1" index="0" bw="1" slack="0"/>
</pin_list>
<bind>
<StgValue><ssdm name="layer2_out"/></StgValue>
</bind>
</comp>

<comp id="4" class="1000" name="void_compute_output_buffer_2d_array_array_ap_fixed_4u_config2_array_ap_fixed_16_6_5_3_0_1u_const_ap_shift_reg_value_type_in_width_n_chan_stream_array_ap_fixed_37_17_5_3_0_4u_0_weight_t_bias_t_kernel_data_7">
<pin_list>
<pin id="5" dir="1" index="0" bw="1" slack="0"/>
</pin_list>
<bind>
<StgValue><ssdm name="void_compute_output_buffer_2d_array_array_ap_fixed_4u_config2_array_ap_fixed_16_6_5_3_0_1u_const_ap_shift_reg_value_type_in_width_n_chan_stream_array_ap_fixed_37_17_5_3_0_4u_0_weight_t_bias_t_kernel_data_7"/></StgValue>
</bind>
</comp>

<comp id="6" class="1000" name="void_compute_output_buffer_2d_array_array_ap_fixed_4u_config2_array_ap_fixed_16_6_5_3_0_1u_const_ap_shift_reg_value_type_in_width_n_chan_stream_array_ap_fixed_37_17_5_3_0_4u_0_weight_t_bias_t_kernel_data_8">
<pin_list>
<pin id="7" dir="1" index="0" bw="1" slack="0"/>
</pin_list>
<bind>
<StgValue><ssdm name="void_compute_output_buffer_2d_array_array_ap_fixed_4u_config2_array_ap_fixed_16_6_5_3_0_1u_const_ap_shift_reg_value_type_in_width_n_chan_stream_array_ap_fixed_37_17_5_3_0_4u_0_weight_t_bias_t_kernel_data_8"/></StgValue>
</bind>
</comp>

<comp id="8" class="1000" name="void_compute_output_buffer_2d_array_array_ap_fixed_4u_config2_array_ap_fixed_16_6_5_3_0_1u_const_ap_shift_reg_value_type_in_width_n_chan_stream_array_ap_fixed_37_17_5_3_0_4u_0_weight_t_bias_t_kernel_data_4">
<pin_list>
<pin id="9" dir="1" index="0" bw="1" slack="0"/>
</pin_list>
<bind>
<StgValue><ssdm name="void_compute_output_buffer_2d_array_array_ap_fixed_4u_config2_array_ap_fixed_16_6_5_3_0_1u_const_ap_shift_reg_value_type_in_width_n_chan_stream_array_ap_fixed_37_17_5_3_0_4u_0_weight_t_bias_t_kernel_data_4"/></StgValue>
</bind>
</comp>

<comp id="10" class="1000" name="void_compute_output_buffer_2d_array_array_ap_fixed_4u_config2_array_ap_fixed_16_6_5_3_0_1u_const_ap_shift_reg_value_type_in_width_n_chan_stream_array_ap_fixed_37_17_5_3_0_4u_0_weight_t_bias_t_kernel_data_5">
<pin_list>
<pin id="11" dir="1" index="0" bw="1" slack="0"/>
</pin_list>
<bind>
<StgValue><ssdm name="void_compute_output_buffer_2d_array_array_ap_fixed_4u_config2_array_ap_fixed_16_6_5_3_0_1u_const_ap_shift_reg_value_type_in_width_n_chan_stream_array_ap_fixed_37_17_5_3_0_4u_0_weight_t_bias_t_kernel_data_5"/></StgValue>
</bind>
</comp>

<comp id="12" class="1000" name="void_compute_output_buffer_2d_array_array_ap_fixed_4u_config2_array_ap_fixed_16_6_5_3_0_1u_const_ap_shift_reg_value_type_in_width_n_chan_stream_array_ap_fixed_37_17_5_3_0_4u_0_weight_t_bias_t_kernel_data_1">
<pin_list>
<pin id="13" dir="1" index="0" bw="1" slack="0"/>
</pin_list>
<bind>
<StgValue><ssdm name="void_compute_output_buffer_2d_array_array_ap_fixed_4u_config2_array_ap_fixed_16_6_5_3_0_1u_const_ap_shift_reg_value_type_in_width_n_chan_stream_array_ap_fixed_37_17_5_3_0_4u_0_weight_t_bias_t_kernel_data_1"/></StgValue>
</bind>
</comp>

<comp id="14" class="1000" name="void_compute_output_buffer_2d_array_array_ap_fixed_4u_config2_array_ap_fixed_16_6_5_3_0_1u_const_ap_shift_reg_value_type_in_width_n_chan_stream_array_ap_fixed_37_17_5_3_0_4u_0_weight_t_bias_t_kernel_data_2">
<pin_list>
<pin id="15" dir="1" index="0" bw="1" slack="0"/>
</pin_list>
<bind>
<StgValue><ssdm name="void_compute_output_buffer_2d_array_array_ap_fixed_4u_config2_array_ap_fixed_16_6_5_3_0_1u_const_ap_shift_reg_value_type_in_width_n_chan_stream_array_ap_fixed_37_17_5_3_0_4u_0_weight_t_bias_t_kernel_data_2"/></StgValue>
</bind>
</comp>

<comp id="16" class="1000" name="void_compute_output_buffer_2d_array_array_ap_fixed_4u_config2_array_ap_fixed_16_6_5_3_0_1u_const_ap_shift_reg_value_type_in_width_n_chan_stream_array_ap_fixed_37_17_5_3_0_4u_0_weight_t_bias_t_kernel_data_6">
<pin_list>
<pin id="17" dir="1" index="0" bw="1" slack="0"/>
</pin_list>
<bind>
<StgValue><ssdm name="void_compute_output_buffer_2d_array_array_ap_fixed_4u_config2_array_ap_fixed_16_6_5_3_0_1u_const_ap_shift_reg_value_type_in_width_n_chan_stream_array_ap_fixed_37_17_5_3_0_4u_0_weight_t_bias_t_kernel_data_6"/></StgValue>
</bind>
</comp>

<comp id="18" class="1000" name="void_compute_output_buffer_2d_array_array_ap_fixed_4u_config2_array_ap_fixed_16_6_5_3_0_1u_const_ap_shift_reg_value_type_in_width_n_chan_stream_array_ap_fixed_37_17_5_3_0_4u_0_weight_t_bias_t_kernel_data_3">
<pin_list>
<pin id="19" dir="1" index="0" bw="1" slack="0"/>
</pin_list>
<bind>
<StgValue><ssdm name="void_compute_output_buffer_2d_array_array_ap_fixed_4u_config2_array_ap_fixed_16_6_5_3_0_1u_const_ap_shift_reg_value_type_in_width_n_chan_stream_array_ap_fixed_37_17_5_3_0_4u_0_weight_t_bias_t_kernel_data_3"/></StgValue>
</bind>
</comp>

<comp id="20" class="1000" name="void_compute_output_buffer_2d_array_array_ap_fixed_4u_config2_array_ap_fixed_16_6_5_3_0_1u_const_ap_shift_reg_value_type_in_width_n_chan_stream_array_ap_fixed_37_17_5_3_0_4u_0_weight_t_bias_t_kernel_data">
<pin_list>
<pin id="21" dir="1" index="0" bw="1" slack="0"/>
</pin_list>
<bind>
<StgValue><ssdm name="void_compute_output_buffer_2d_array_array_ap_fixed_4u_config2_array_ap_fixed_16_6_5_3_0_1u_const_ap_shift_reg_value_type_in_width_n_chan_stream_array_ap_fixed_37_17_5_3_0_4u_0_weight_t_bias_t_kernel_data"/></StgValue>
</bind>
</comp>

<comp id="22" class="1000" name="void_conv_2d_buffer_cl_array_ap_fixed_16_6_5_3_0_1u_array_ap_fixed_37_17_5_3_0_4u_config2_stream_array_ap_fixed_16_6_5_3_0_1u_0_stream_array_ap_fixed_37_17_5_3_0_4u_0_weight_t_bias_t_line_buffer_0">
<pin_list>
<pin id="23" dir="1" index="0" bw="1" slack="0"/>
</pin_list>
<bind>
<StgValue><ssdm name="void_conv_2d_buffer_cl_array_ap_fixed_16_6_5_3_0_1u_array_ap_fixed_37_17_5_3_0_4u_config2_stream_array_ap_fixed_16_6_5_3_0_1u_0_stream_array_ap_fixed_37_17_5_3_0_4u_0_weight_t_bias_t_line_buffer_0"/><MemPortTyVec>2 </MemPortTyVec>
</StgValue>
</bind>
</comp>

<comp id="24" class="1000" name="void_conv_2d_buffer_cl_array_ap_fixed_16_6_5_3_0_1u_array_ap_fixed_37_17_5_3_0_4u_config2_stream_array_ap_fixed_16_6_5_3_0_1u_0_stream_array_ap_fixed_37_17_5_3_0_4u_0_weight_t_bias_t_line_buffer_1">
<pin_list>
<pin id="25" dir="1" index="0" bw="1" slack="0"/>
</pin_list>
<bind>
<StgValue><ssdm name="void_conv_2d_buffer_cl_array_ap_fixed_16_6_5_3_0_1u_array_ap_fixed_37_17_5_3_0_4u_config2_stream_array_ap_fixed_16_6_5_3_0_1u_0_stream_array_ap_fixed_37_17_5_3_0_4u_0_weight_t_bias_t_line_buffer_1"/><MemPortTyVec>2 </MemPortTyVec>
</StgValue>
</bind>
</comp>

<comp id="26" class="1000" name="sX_2">
<pin_list>
<pin id="27" dir="1" index="0" bw="1" slack="0"/>
</pin_list>
<bind>
<StgValue><ssdm name="sX_2"/></StgValue>
</bind>
</comp>

<comp id="28" class="1000" name="sY_2">
<pin_list>
<pin id="29" dir="1" index="0" bw="1" slack="0"/>
</pin_list>
<bind>
<StgValue><ssdm name="sY_2"/></StgValue>
</bind>
</comp>

<comp id="30" class="1000" name="pY_2">
<pin_list>
<pin id="31" dir="1" index="0" bw="1" slack="0"/>
</pin_list>
<bind>
<StgValue><ssdm name="pY_2"/></StgValue>
</bind>
</comp>

<comp id="32" class="1000" name="pX_2">
<pin_list>
<pin id="33" dir="1" index="0" bw="1" slack="0"/>
</pin_list>
<bind>
<StgValue><ssdm name="pX_2"/></StgValue>
</bind>
</comp>

<comp id="34" class="1000" name="outidx_1">
<pin_list>
<pin id="35" dir="1" index="0" bw="1" slack="0"/>
</pin_list>
<bind>
<StgValue><ssdm name="outidx_1"/><MemPortTyVec>1 </MemPortTyVec>
</StgValue>
</bind>
</comp>

<comp id="36" class="1000" name="w2_V">
<pin_list>
<pin id="37" dir="1" index="0" bw="1" slack="0"/>
</pin_list>
<bind>
<StgValue><ssdm name="w2_V"/><MemPortTyVec>1 </MemPortTyVec>
</StgValue>
</bind>
</comp>

<comp id="38" class="1001" name="const_38">
<pin_list>
<pin id="39" dir="1" index="0" bw="1" slack="0"/>
</pin_list>
<bind>
<StgValue><ssdm name="_ssdm_op_Read.ap_auto.i16"/></StgValue>
</bind>
</comp>

<comp id="40" class="1001" name="const_40">
<pin_list>
<pin id="41" dir="1" index="0" bw="1" slack="0"/>
</pin_list>
<bind>
<StgValue><ssdm name="shift_line_buffer<array<ap_fixed<16, 6, 5, 3, 0>, 1u>, config2>"/></StgValue>
</bind>
</comp>

<comp id="42" class="1001" name="const_42">
<pin_list>
<pin id="43" dir="1" index="0" bw="1" slack="2147483647"/>
</pin_list>
<bind>
<StgValue><ssdm name="_ssdm_op_SpecInterface"/></StgValue>
</bind>
</comp>

<comp id="44" class="1001" name="const_44">
<pin_list>
<pin id="45" dir="1" index="0" bw="1" slack="2147483647"/>
</pin_list>
<bind>
<StgValue><ssdm name="empty_5"/></StgValue>
</bind>
</comp>

<comp id="46" class="1001" name="const_46">
<pin_list>
<pin id="47" dir="1" index="0" bw="1" slack="0"/>
</pin_list>
<bind>
<StgValue><ssdm name=""/></StgValue>
</bind>
</comp>

<comp id="48" class="1001" name="const_48">
<pin_list>
<pin id="49" dir="1" index="0" bw="1" slack="2147483647"/>
</pin_list>
<bind>
<StgValue><ssdm name="empty_7"/></StgValue>
</bind>
</comp>

<comp id="50" class="1001" name="const_50">
<pin_list>
<pin id="51" dir="1" index="0" bw="1" slack="0"/>
</pin_list>
<bind>
<StgValue><ssdm name=""/></StgValue>
</bind>
</comp>

<comp id="52" class="1001" name="const_52">
<pin_list>
<pin id="53" dir="1" index="0" bw="1" slack="0"/>
</pin_list>
<bind>
<StgValue><ssdm name="_ssdm_op_PartSelect.i31.i32.i32.i32"/></StgValue>
</bind>
</comp>

<comp id="54" class="1001" name="const_54">
<pin_list>
<pin id="55" dir="1" index="0" bw="1" slack="0"/>
</pin_list>
<bind>
<StgValue><ssdm name=""/></StgValue>
</bind>
</comp>

<comp id="56" class="1001" name="const_56">
<pin_list>
<pin id="57" dir="1" index="0" bw="1" slack="0"/>
</pin_list>
<bind>
<StgValue><ssdm name=""/></StgValue>
</bind>
</comp>

<comp id="58" class="1001" name="const_58">
<pin_list>
<pin id="59" dir="1" index="0" bw="1" slack="0"/>
</pin_list>
<bind>
<StgValue><ssdm name=""/></StgValue>
</bind>
</comp>

<comp id="60" class="1001" name="const_60">
<pin_list>
<pin id="61" dir="1" index="0" bw="1" slack="0"/>
</pin_list>
<bind>
<StgValue><ssdm name="dense_resource_rf_gt_nin_rem0<ap_fixed<16, 6, 5, 3, 0>, ap_fixed<37, 17, 5, 3, 0>, config2_mult>"/></StgValue>
</bind>
</comp>

<comp id="62" class="1001" name="const_62">
<pin_list>
<pin id="63" dir="1" index="0" bw="1" slack="0"/>
</pin_list>
<bind>
<StgValue><ssdm name="_ssdm_op_BitConcatenate.i148.i37.i37.i37.i37"/></StgValue>
</bind>
</comp>

<comp id="64" class="1001" name="const_64">
<pin_list>
<pin id="65" dir="1" index="0" bw="1" slack="0"/>
</pin_list>
<bind>
<StgValue><ssdm name="_ssdm_op_Write.ap_fifo.volatile.i148P0A"/></StgValue>
</bind>
</comp>

<comp id="66" class="1001" name="const_66">
<pin_list>
<pin id="67" dir="1" index="0" bw="1" slack="0"/>
</pin_list>
<bind>
<StgValue><ssdm name=""/></StgValue>
</bind>
</comp>

<comp id="68" class="1001" name="const_68">
<pin_list>
<pin id="69" dir="1" index="0" bw="1" slack="0"/>
</pin_list>
<bind>
<StgValue><ssdm name=""/></StgValue>
</bind>
</comp>

<comp id="70" class="1004" name="p_read_10_read_fu_70">
<pin_list>
<pin id="71" dir="0" index="0" bw="16" slack="0"/>
<pin id="72" dir="0" index="1" bw="16" slack="0"/>
<pin id="73" dir="1" index="2" bw="16" slack="0"/>
</pin_list>
<bind>
<opcode="read(1150) " fcode="read"/>
<opset="p_read_10/1 "/>
</bind>
</comp>

<comp id="76" class="1004" name="write_ln173_write_fu_76">
<pin_list>
<pin id="77" dir="0" index="0" bw="0" slack="0"/>
<pin id="78" dir="0" index="1" bw="148" slack="0"/>
<pin id="79" dir="0" index="2" bw="148" slack="0"/>
<pin id="80" dir="1" index="3" bw="0" slack="2147483647"/>
</pin_list>
<bind>
<opcode="write(1151) " fcode="write"/>
<opset="write_ln173/4 "/>
</bind>
</comp>

<comp id="83" class="1005" name="storemerge_reg_83">
<pin_list>
<pin id="84" dir="0" index="0" bw="32" slack="2147483647"/>
<pin id="85" dir="1" index="1" bw="32" slack="2147483647"/>
</pin_list>
<bind>
<opset="storemerge (phireg) "/>
</bind>
</comp>

<comp id="86" class="1004" name="storemerge_phi_fu_86">
<pin_list>
<pin id="87" dir="0" index="0" bw="32" slack="0"/>
<pin id="88" dir="0" index="1" bw="0" slack="2147483647"/>
<pin id="89" dir="0" index="2" bw="1" slack="0"/>
<pin id="90" dir="0" index="3" bw="0" slack="2147483647"/>
<pin id="91" dir="1" index="4" bw="32" slack="0"/>
</pin_list>
<bind>
<opcode="phi(47) " fcode="phi"/>
<opset="storemerge/4 "/>
</bind>
</comp>

<comp id="93" class="1004" name="call_ln281_shift_line_buffer_array_ap_fixed_16_6_5_3_0_1u_config2_s_fu_93">
<pin_list>
<pin id="94" dir="0" index="0" bw="0" slack="0"/>
<pin id="95" dir="0" index="1" bw="16" slack="0"/>
<pin id="96" dir="0" index="2" bw="16" slack="0"/>
<pin id="97" dir="0" index="3" bw="16" slack="0"/>
<pin id="98" dir="0" index="4" bw="16" slack="0"/>
<pin id="99" dir="0" index="5" bw="16" slack="0"/>
<pin id="100" dir="0" index="6" bw="16" slack="0"/>
<pin id="101" dir="0" index="7" bw="16" slack="0"/>
<pin id="102" dir="0" index="8" bw="16" slack="0"/>
<pin id="103" dir="0" index="9" bw="16" slack="0"/>
<pin id="104" dir="0" index="10" bw="16" slack="0"/>
<pin id="105" dir="0" index="11" bw="16" slack="0"/>
<pin id="106" dir="0" index="12" bw="16" slack="0"/>
<pin id="107" dir="1" index="13" bw="0" slack="2147483647"/>
</pin_list>
<bind>
<opcode="call(48) " fcode="call"/>
<opset="call_ln281/1 "/>
</bind>
</comp>

<comp id="121" class="1004" name="grp_dense_resource_rf_gt_nin_rem0_ap_fixed_16_6_5_3_0_ap_fixed_37_17_5_3_0_config2_mult_s_fu_121">
<pin_list>
<pin id="122" dir="0" index="0" bw="148" slack="0"/>
<pin id="123" dir="0" index="1" bw="2" slack="0"/>
<pin id="124" dir="0" index="2" bw="11" slack="0"/>
<pin id="125" dir="0" index="3" bw="16" slack="0"/>
<pin id="126" dir="0" index="4" bw="16" slack="0"/>
<pin id="127" dir="0" index="5" bw="16" slack="0"/>
<pin id="128" dir="0" index="6" bw="16" slack="0"/>
<pin id="129" dir="0" index="7" bw="16" slack="0"/>
<pin id="130" dir="0" index="8" bw="16" slack="0"/>
<pin id="131" dir="0" index="9" bw="16" slack="0"/>
<pin id="132" dir="0" index="10" bw="16" slack="0"/>
<pin id="133" dir="0" index="11" bw="16" slack="0"/>
<pin id="134" dir="1" index="12" bw="148" slack="0"/>
</pin_list>
<bind>
<opcode="call(48) " fcode="call"/>
<opset="tmp/2 "/>
</bind>
</comp>

<comp id="147" class="1004" name="grp_fu_147">
<pin_list>
<pin id="148" dir="0" index="0" bw="32" slack="0"/>
<pin id="149" dir="0" index="1" bw="3" slack="0"/>
<pin id="150" dir="1" index="2" bw="1" slack="0"/>
</pin_list>
<bind>
<opcode="icmp(45) " fcode="icmp"/>
<opset="icmp_ln284_7/2 icmp_ln313/4 "/>
</bind>
</comp>

<comp id="152" class="1004" name="sX_2_load_load_fu_152">
<pin_list>
<pin id="153" dir="0" index="0" bw="32" slack="0"/>
<pin id="154" dir="1" index="1" bw="32" slack="0"/>
</pin_list>
<bind>
<opcode="load(27) " fcode="load"/>
<opset="sX_2_load/2 "/>
</bind>
</comp>

<comp id="156" class="1004" name="icmp_ln284_fu_156">
<pin_list>
<pin id="157" dir="0" index="0" bw="32" slack="0"/>
<pin id="158" dir="0" index="1" bw="3" slack="0"/>
<pin id="159" dir="1" index="2" bw="1" slack="2"/>
</pin_list>
<bind>
<opcode="icmp(45) " fcode="icmp"/>
<opset="icmp_ln284/2 "/>
</bind>
</comp>

<comp id="162" class="1004" name="sY_2_load_load_fu_162">
<pin_list>
<pin id="163" dir="0" index="0" bw="32" slack="0"/>
<pin id="164" dir="1" index="1" bw="32" slack="0"/>
</pin_list>
<bind>
<opcode="load(27) " fcode="load"/>
<opset="sY_2_load/2 "/>
</bind>
</comp>

<comp id="167" class="1004" name="pY_2_load_load_fu_167">
<pin_list>
<pin id="168" dir="0" index="0" bw="32" slack="0"/>
<pin id="169" dir="1" index="1" bw="32" slack="0"/>
</pin_list>
<bind>
<opcode="load(27) " fcode="load"/>
<opset="pY_2_load/2 "/>
</bind>
</comp>

<comp id="171" class="1004" name="pX_2_load_load_fu_171">
<pin_list>
<pin id="172" dir="0" index="0" bw="32" slack="0"/>
<pin id="173" dir="1" index="1" bw="32" slack="0"/>
</pin_list>
<bind>
<opcode="load(27) " fcode="load"/>
<opset="pX_2_load/2 "/>
</bind>
</comp>

<comp id="175" class="1004" name="tmp_4_fu_175">
<pin_list>
<pin id="176" dir="0" index="0" bw="31" slack="0"/>
<pin id="177" dir="0" index="1" bw="32" slack="0"/>
<pin id="178" dir="0" index="2" bw="1" slack="0"/>
<pin id="179" dir="0" index="3" bw="6" slack="0"/>
<pin id="180" dir="1" index="4" bw="31" slack="0"/>
</pin_list>
<bind>
<opcode="partselect(1002) " fcode="partselect"/>
<opset="tmp_4/2 "/>
</bind>
</comp>

<comp id="185" class="1004" name="icmp_ln284_8_fu_185">
<pin_list>
<pin id="186" dir="0" index="0" bw="31" slack="0"/>
<pin id="187" dir="0" index="1" bw="1" slack="0"/>
<pin id="188" dir="1" index="2" bw="1" slack="0"/>
</pin_list>
<bind>
<opcode="icmp(45) " fcode="icmp"/>
<opset="icmp_ln284_8/2 "/>
</bind>
</comp>

<comp id="191" class="1004" name="tmp_5_fu_191">
<pin_list>
<pin id="192" dir="0" index="0" bw="31" slack="0"/>
<pin id="193" dir="0" index="1" bw="32" slack="0"/>
<pin id="194" dir="0" index="2" bw="1" slack="0"/>
<pin id="195" dir="0" index="3" bw="6" slack="0"/>
<pin id="196" dir="1" index="4" bw="31" slack="0"/>
</pin_list>
<bind>
<opcode="partselect(1002) " fcode="partselect"/>
<opset="tmp_5/2 "/>
</bind>
</comp>

<comp id="201" class="1004" name="icmp_ln284_9_fu_201">
<pin_list>
<pin id="202" dir="0" index="0" bw="31" slack="0"/>
<pin id="203" dir="0" index="1" bw="1" slack="0"/>
<pin id="204" dir="1" index="2" bw="1" slack="0"/>
</pin_list>
<bind>
<opcode="icmp(45) " fcode="icmp"/>
<opset="icmp_ln284_9/2 "/>
</bind>
</comp>

<comp id="207" class="1004" name="and_ln284_fu_207">
<pin_list>
<pin id="208" dir="0" index="0" bw="1" slack="0"/>
<pin id="209" dir="0" index="1" bw="1" slack="0"/>
<pin id="210" dir="1" index="2" bw="1" slack="0"/>
</pin_list>
<bind>
<opcode="and(23) " fcode="and"/>
<opset="and_ln284/2 "/>
</bind>
</comp>

<comp id="213" class="1004" name="and_ln284_3_fu_213">
<pin_list>
<pin id="214" dir="0" index="0" bw="1" slack="0"/>
<pin id="215" dir="0" index="1" bw="1" slack="0"/>
<pin id="216" dir="1" index="2" bw="1" slack="2"/>
</pin_list>
<bind>
<opcode="and(23) " fcode="and"/>
<opset="and_ln284_3/2 "/>
</bind>
</comp>

<comp id="219" class="1004" name="res_out_V_fu_219">
<pin_list>
<pin id="220" dir="0" index="0" bw="148" slack="0"/>
<pin id="221" dir="1" index="1" bw="37" slack="1"/>
</pin_list>
<bind>
<opcode="extractvalue(56) " fcode="extractvalue"/>
<opset="res_out_V/3 "/>
</bind>
</comp>

<comp id="223" class="1004" name="res_out_V_4_fu_223">
<pin_list>
<pin id="224" dir="0" index="0" bw="148" slack="0"/>
<pin id="225" dir="1" index="1" bw="37" slack="1"/>
</pin_list>
<bind>
<opcode="extractvalue(56) " fcode="extractvalue"/>
<opset="res_out_V_4/3 "/>
</bind>
</comp>

<comp id="227" class="1004" name="res_out_V_5_fu_227">
<pin_list>
<pin id="228" dir="0" index="0" bw="148" slack="0"/>
<pin id="229" dir="1" index="1" bw="37" slack="1"/>
</pin_list>
<bind>
<opcode="extractvalue(56) " fcode="extractvalue"/>
<opset="res_out_V_5/3 "/>
</bind>
</comp>

<comp id="231" class="1004" name="res_out_V_6_fu_231">
<pin_list>
<pin id="232" dir="0" index="0" bw="148" slack="0"/>
<pin id="233" dir="1" index="1" bw="37" slack="1"/>
</pin_list>
<bind>
<opcode="extractvalue(56) " fcode="extractvalue"/>
<opset="res_out_V_6/3 "/>
</bind>
</comp>

<comp id="235" class="1004" name="p_0_fu_235">
<pin_list>
<pin id="236" dir="0" index="0" bw="148" slack="0"/>
<pin id="237" dir="0" index="1" bw="37" slack="1"/>
<pin id="238" dir="0" index="2" bw="37" slack="1"/>
<pin id="239" dir="0" index="3" bw="37" slack="1"/>
<pin id="240" dir="0" index="4" bw="37" slack="1"/>
<pin id="241" dir="1" index="5" bw="148" slack="0"/>
</pin_list>
<bind>
<opcode="bitconcatenate(1004) " fcode="bitconcatenate"/>
<opset="p_0/4 "/>
</bind>
</comp>

<comp id="244" class="1004" name="add_ln303_fu_244">
<pin_list>
<pin id="245" dir="0" index="0" bw="32" slack="2147483647"/>
<pin id="246" dir="0" index="1" bw="1" slack="0"/>
<pin id="247" dir="1" index="2" bw="32" slack="0"/>
</pin_list>
<bind>
<opcode="add(8) " fcode="add"/>
<opset="add_ln303/4 "/>
</bind>
</comp>

<comp id="249" class="1004" name="icmp_ln303_fu_249">
<pin_list>
<pin id="250" dir="0" index="0" bw="32" slack="0"/>
<pin id="251" dir="0" index="1" bw="9" slack="0"/>
<pin id="252" dir="1" index="2" bw="1" slack="2147483647"/>
</pin_list>
<bind>
<opcode="icmp(45) " fcode="icmp"/>
<opset="icmp_ln303/4 "/>
</bind>
</comp>

<comp id="255" class="1004" name="store_ln316_store_fu_255">
<pin_list>
<pin id="256" dir="0" index="0" bw="32" slack="0"/>
<pin id="257" dir="0" index="1" bw="32" slack="0"/>
<pin id="258" dir="1" index="2" bw="0" slack="2147483647"/>
</pin_list>
<bind>
<opcode="store(28) " fcode="store"/>
<opset="store_ln316/4 "/>
</bind>
</comp>

<comp id="261" class="1004" name="add_ln318_fu_261">
<pin_list>
<pin id="262" dir="0" index="0" bw="32" slack="2147483647"/>
<pin id="263" dir="0" index="1" bw="1" slack="0"/>
<pin id="264" dir="1" index="2" bw="32" slack="0"/>
</pin_list>
<bind>
<opcode="add(8) " fcode="add"/>
<opset="add_ln318/4 "/>
</bind>
</comp>

<comp id="266" class="1004" name="select_ln318_fu_266">
<pin_list>
<pin id="267" dir="0" index="0" bw="1" slack="2"/>
<pin id="268" dir="0" index="1" bw="3" slack="0"/>
<pin id="269" dir="0" index="2" bw="32" slack="0"/>
<pin id="270" dir="1" index="3" bw="32" slack="0"/>
</pin_list>
<bind>
<opcode="select(49) " fcode="select"/>
<opset="select_ln318/4 "/>
</bind>
</comp>

<comp id="273" class="1004" name="store_ln318_store_fu_273">
<pin_list>
<pin id="274" dir="0" index="0" bw="32" slack="0"/>
<pin id="275" dir="0" index="1" bw="32" slack="0"/>
<pin id="276" dir="1" index="2" bw="0" slack="2147483647"/>
</pin_list>
<bind>
<opcode="store(28) " fcode="store"/>
<opset="store_ln318/4 "/>
</bind>
</comp>

<comp id="279" class="1004" name="store_ln305_store_fu_279">
<pin_list>
<pin id="280" dir="0" index="0" bw="1" slack="0"/>
<pin id="281" dir="0" index="1" bw="32" slack="0"/>
<pin id="282" dir="1" index="2" bw="0" slack="2147483647"/>
</pin_list>
<bind>
<opcode="store(28) " fcode="store"/>
<opset="store_ln305/4 "/>
</bind>
</comp>

<comp id="285" class="1004" name="store_ln306_store_fu_285">
<pin_list>
<pin id="286" dir="0" index="0" bw="1" slack="0"/>
<pin id="287" dir="0" index="1" bw="32" slack="0"/>
<pin id="288" dir="1" index="2" bw="0" slack="2147483647"/>
</pin_list>
<bind>
<opcode="store(28) " fcode="store"/>
<opset="store_ln306/4 "/>
</bind>
</comp>

<comp id="291" class="1004" name="add_ln307_fu_291">
<pin_list>
<pin id="292" dir="0" index="0" bw="32" slack="2147483647"/>
<pin id="293" dir="0" index="1" bw="1" slack="0"/>
<pin id="294" dir="1" index="2" bw="32" slack="0"/>
</pin_list>
<bind>
<opcode="add(8) " fcode="add"/>
<opset="add_ln307/4 "/>
</bind>
</comp>

<comp id="296" class="1004" name="icmp_ln307_fu_296">
<pin_list>
<pin id="297" dir="0" index="0" bw="32" slack="0"/>
<pin id="298" dir="0" index="1" bw="8" slack="0"/>
<pin id="299" dir="1" index="2" bw="1" slack="2147483647"/>
</pin_list>
<bind>
<opcode="icmp(45) " fcode="icmp"/>
<opset="icmp_ln307/4 "/>
</bind>
</comp>

<comp id="302" class="1004" name="store_ln311_store_fu_302">
<pin_list>
<pin id="303" dir="0" index="0" bw="32" slack="0"/>
<pin id="304" dir="0" index="1" bw="32" slack="0"/>
<pin id="305" dir="1" index="2" bw="0" slack="2147483647"/>
</pin_list>
<bind>
<opcode="store(28) " fcode="store"/>
<opset="store_ln311/4 "/>
</bind>
</comp>

<comp id="308" class="1004" name="add_ln313_fu_308">
<pin_list>
<pin id="309" dir="0" index="0" bw="32" slack="2147483647"/>
<pin id="310" dir="0" index="1" bw="1" slack="0"/>
<pin id="311" dir="1" index="2" bw="32" slack="0"/>
</pin_list>
<bind>
<opcode="add(8) " fcode="add"/>
<opset="add_ln313/4 "/>
</bind>
</comp>

<comp id="313" class="1004" name="select_ln313_fu_313">
<pin_list>
<pin id="314" dir="0" index="0" bw="1" slack="0"/>
<pin id="315" dir="0" index="1" bw="3" slack="0"/>
<pin id="316" dir="0" index="2" bw="32" slack="0"/>
<pin id="317" dir="1" index="3" bw="32" slack="0"/>
</pin_list>
<bind>
<opcode="select(49) " fcode="select"/>
<opset="select_ln313/4 "/>
</bind>
</comp>

<comp id="322" class="1004" name="store_ln308_store_fu_322">
<pin_list>
<pin id="323" dir="0" index="0" bw="1" slack="0"/>
<pin id="324" dir="0" index="1" bw="32" slack="0"/>
<pin id="325" dir="1" index="2" bw="0" slack="2147483647"/>
</pin_list>
<bind>
<opcode="store(28) " fcode="store"/>
<opset="store_ln308/4 "/>
</bind>
</comp>

<comp id="328" class="1004" name="store_ln309_store_fu_328">
<pin_list>
<pin id="329" dir="0" index="0" bw="32" slack="0"/>
<pin id="330" dir="0" index="1" bw="32" slack="0"/>
<pin id="331" dir="1" index="2" bw="0" slack="2147483647"/>
</pin_list>
<bind>
<opcode="store(28) " fcode="store"/>
<opset="store_ln309/4 "/>
</bind>
</comp>

<comp id="337" class="1005" name="icmp_ln284_reg_337">
<pin_list>
<pin id="338" dir="0" index="0" bw="1" slack="2"/>
<pin id="339" dir="1" index="1" bw="1" slack="2"/>
</pin_list>
<bind>
<opset="icmp_ln284 "/>
</bind>
</comp>

<comp id="351" class="1005" name="and_ln284_3_reg_351">
<pin_list>
<pin id="352" dir="0" index="0" bw="1" slack="2"/>
<pin id="353" dir="1" index="1" bw="1" slack="2147483647"/>
</pin_list>
<bind>
<opset="and_ln284_3 "/>
</bind>
</comp>

<comp id="355" class="1005" name="res_out_V_reg_355">
<pin_list>
<pin id="356" dir="0" index="0" bw="37" slack="1"/>
<pin id="357" dir="1" index="1" bw="37" slack="1"/>
</pin_list>
<bind>
<opset="res_out_V "/>
</bind>
</comp>

<comp id="360" class="1005" name="res_out_V_4_reg_360">
<pin_list>
<pin id="361" dir="0" index="0" bw="37" slack="1"/>
<pin id="362" dir="1" index="1" bw="37" slack="1"/>
</pin_list>
<bind>
<opset="res_out_V_4 "/>
</bind>
</comp>

<comp id="365" class="1005" name="res_out_V_5_reg_365">
<pin_list>
<pin id="366" dir="0" index="0" bw="37" slack="1"/>
<pin id="367" dir="1" index="1" bw="37" slack="1"/>
</pin_list>
<bind>
<opset="res_out_V_5 "/>
</bind>
</comp>

<comp id="370" class="1005" name="res_out_V_6_reg_370">
<pin_list>
<pin id="371" dir="0" index="0" bw="37" slack="1"/>
<pin id="372" dir="1" index="1" bw="37" slack="1"/>
</pin_list>
<bind>
<opset="res_out_V_6 "/>
</bind>
</comp>

</comp_list>

<net_list>
<net id="74"><net_src comp="38" pin="0"/><net_sink comp="70" pin=0"/></net>

<net id="75"><net_src comp="0" pin="0"/><net_sink comp="70" pin=1"/></net>

<net id="81"><net_src comp="64" pin="0"/><net_sink comp="76" pin=0"/></net>

<net id="82"><net_src comp="2" pin="0"/><net_sink comp="76" pin=1"/></net>

<net id="92"><net_src comp="46" pin="0"/><net_sink comp="86" pin=2"/></net>

<net id="108"><net_src comp="40" pin="0"/><net_sink comp="93" pin=0"/></net>

<net id="109"><net_src comp="70" pin="2"/><net_sink comp="93" pin=1"/></net>

<net id="110"><net_src comp="4" pin="0"/><net_sink comp="93" pin=2"/></net>

<net id="111"><net_src comp="6" pin="0"/><net_sink comp="93" pin=3"/></net>

<net id="112"><net_src comp="8" pin="0"/><net_sink comp="93" pin=4"/></net>

<net id="113"><net_src comp="10" pin="0"/><net_sink comp="93" pin=5"/></net>

<net id="114"><net_src comp="12" pin="0"/><net_sink comp="93" pin=6"/></net>

<net id="115"><net_src comp="14" pin="0"/><net_sink comp="93" pin=7"/></net>

<net id="116"><net_src comp="16" pin="0"/><net_sink comp="93" pin=8"/></net>

<net id="117"><net_src comp="18" pin="0"/><net_sink comp="93" pin=9"/></net>

<net id="118"><net_src comp="20" pin="0"/><net_sink comp="93" pin=10"/></net>

<net id="119"><net_src comp="22" pin="0"/><net_sink comp="93" pin=11"/></net>

<net id="120"><net_src comp="24" pin="0"/><net_sink comp="93" pin=12"/></net>

<net id="135"><net_src comp="60" pin="0"/><net_sink comp="121" pin=0"/></net>

<net id="136"><net_src comp="34" pin="0"/><net_sink comp="121" pin=1"/></net>

<net id="137"><net_src comp="36" pin="0"/><net_sink comp="121" pin=2"/></net>

<net id="138"><net_src comp="6" pin="0"/><net_sink comp="121" pin=3"/></net>

<net id="139"><net_src comp="4" pin="0"/><net_sink comp="121" pin=4"/></net>

<net id="140"><net_src comp="16" pin="0"/><net_sink comp="121" pin=5"/></net>

<net id="141"><net_src comp="10" pin="0"/><net_sink comp="121" pin=6"/></net>

<net id="142"><net_src comp="8" pin="0"/><net_sink comp="121" pin=7"/></net>

<net id="143"><net_src comp="18" pin="0"/><net_sink comp="121" pin=8"/></net>

<net id="144"><net_src comp="14" pin="0"/><net_sink comp="121" pin=9"/></net>

<net id="145"><net_src comp="12" pin="0"/><net_sink comp="121" pin=10"/></net>

<net id="146"><net_src comp="20" pin="0"/><net_sink comp="121" pin=11"/></net>

<net id="151"><net_src comp="50" pin="0"/><net_sink comp="147" pin=1"/></net>

<net id="155"><net_src comp="26" pin="0"/><net_sink comp="152" pin=0"/></net>

<net id="160"><net_src comp="152" pin="1"/><net_sink comp="156" pin=0"/></net>

<net id="161"><net_src comp="50" pin="0"/><net_sink comp="156" pin=1"/></net>

<net id="165"><net_src comp="28" pin="0"/><net_sink comp="162" pin=0"/></net>

<net id="166"><net_src comp="162" pin="1"/><net_sink comp="147" pin=0"/></net>

<net id="170"><net_src comp="30" pin="0"/><net_sink comp="167" pin=0"/></net>

<net id="174"><net_src comp="32" pin="0"/><net_sink comp="171" pin=0"/></net>

<net id="181"><net_src comp="52" pin="0"/><net_sink comp="175" pin=0"/></net>

<net id="182"><net_src comp="167" pin="1"/><net_sink comp="175" pin=1"/></net>

<net id="183"><net_src comp="54" pin="0"/><net_sink comp="175" pin=2"/></net>

<net id="184"><net_src comp="56" pin="0"/><net_sink comp="175" pin=3"/></net>

<net id="189"><net_src comp="175" pin="4"/><net_sink comp="185" pin=0"/></net>

<net id="190"><net_src comp="58" pin="0"/><net_sink comp="185" pin=1"/></net>

<net id="197"><net_src comp="52" pin="0"/><net_sink comp="191" pin=0"/></net>

<net id="198"><net_src comp="171" pin="1"/><net_sink comp="191" pin=1"/></net>

<net id="199"><net_src comp="54" pin="0"/><net_sink comp="191" pin=2"/></net>

<net id="200"><net_src comp="56" pin="0"/><net_sink comp="191" pin=3"/></net>

<net id="205"><net_src comp="191" pin="4"/><net_sink comp="201" pin=0"/></net>

<net id="206"><net_src comp="58" pin="0"/><net_sink comp="201" pin=1"/></net>

<net id="211"><net_src comp="185" pin="2"/><net_sink comp="207" pin=0"/></net>

<net id="212"><net_src comp="201" pin="2"/><net_sink comp="207" pin=1"/></net>

<net id="217"><net_src comp="207" pin="2"/><net_sink comp="213" pin=0"/></net>

<net id="218"><net_src comp="147" pin="2"/><net_sink comp="213" pin=1"/></net>

<net id="222"><net_src comp="121" pin="12"/><net_sink comp="219" pin=0"/></net>

<net id="226"><net_src comp="121" pin="12"/><net_sink comp="223" pin=0"/></net>

<net id="230"><net_src comp="121" pin="12"/><net_sink comp="227" pin=0"/></net>

<net id="234"><net_src comp="121" pin="12"/><net_sink comp="231" pin=0"/></net>

<net id="242"><net_src comp="62" pin="0"/><net_sink comp="235" pin=0"/></net>

<net id="243"><net_src comp="235" pin="5"/><net_sink comp="76" pin=2"/></net>

<net id="248"><net_src comp="54" pin="0"/><net_sink comp="244" pin=1"/></net>

<net id="253"><net_src comp="244" pin="2"/><net_sink comp="249" pin=0"/></net>

<net id="254"><net_src comp="66" pin="0"/><net_sink comp="249" pin=1"/></net>

<net id="259"><net_src comp="244" pin="2"/><net_sink comp="255" pin=0"/></net>

<net id="260"><net_src comp="32" pin="0"/><net_sink comp="255" pin=1"/></net>

<net id="265"><net_src comp="54" pin="0"/><net_sink comp="261" pin=1"/></net>

<net id="271"><net_src comp="50" pin="0"/><net_sink comp="266" pin=1"/></net>

<net id="272"><net_src comp="261" pin="2"/><net_sink comp="266" pin=2"/></net>

<net id="277"><net_src comp="266" pin="3"/><net_sink comp="273" pin=0"/></net>

<net id="278"><net_src comp="26" pin="0"/><net_sink comp="273" pin=1"/></net>

<net id="283"><net_src comp="46" pin="0"/><net_sink comp="279" pin=0"/></net>

<net id="284"><net_src comp="32" pin="0"/><net_sink comp="279" pin=1"/></net>

<net id="289"><net_src comp="46" pin="0"/><net_sink comp="285" pin=0"/></net>

<net id="290"><net_src comp="26" pin="0"/><net_sink comp="285" pin=1"/></net>

<net id="295"><net_src comp="54" pin="0"/><net_sink comp="291" pin=1"/></net>

<net id="300"><net_src comp="291" pin="2"/><net_sink comp="296" pin=0"/></net>

<net id="301"><net_src comp="68" pin="0"/><net_sink comp="296" pin=1"/></net>

<net id="306"><net_src comp="291" pin="2"/><net_sink comp="302" pin=0"/></net>

<net id="307"><net_src comp="30" pin="0"/><net_sink comp="302" pin=1"/></net>

<net id="312"><net_src comp="54" pin="0"/><net_sink comp="308" pin=1"/></net>

<net id="318"><net_src comp="147" pin="2"/><net_sink comp="313" pin=0"/></net>

<net id="319"><net_src comp="50" pin="0"/><net_sink comp="313" pin=1"/></net>

<net id="320"><net_src comp="308" pin="2"/><net_sink comp="313" pin=2"/></net>

<net id="321"><net_src comp="313" pin="3"/><net_sink comp="86" pin=0"/></net>

<net id="326"><net_src comp="46" pin="0"/><net_sink comp="322" pin=0"/></net>

<net id="327"><net_src comp="30" pin="0"/><net_sink comp="322" pin=1"/></net>

<net id="332"><net_src comp="86" pin="4"/><net_sink comp="328" pin=0"/></net>

<net id="333"><net_src comp="28" pin="0"/><net_sink comp="328" pin=1"/></net>

<net id="340"><net_src comp="156" pin="2"/><net_sink comp="337" pin=0"/></net>

<net id="341"><net_src comp="337" pin="1"/><net_sink comp="266" pin=0"/></net>

<net id="354"><net_src comp="213" pin="2"/><net_sink comp="351" pin=0"/></net>

<net id="358"><net_src comp="219" pin="1"/><net_sink comp="355" pin=0"/></net>

<net id="359"><net_src comp="355" pin="1"/><net_sink comp="235" pin=4"/></net>

<net id="363"><net_src comp="223" pin="1"/><net_sink comp="360" pin=0"/></net>

<net id="364"><net_src comp="360" pin="1"/><net_sink comp="235" pin=3"/></net>

<net id="368"><net_src comp="227" pin="1"/><net_sink comp="365" pin=0"/></net>

<net id="369"><net_src comp="365" pin="1"/><net_sink comp="235" pin=2"/></net>

<net id="373"><net_src comp="231" pin="1"/><net_sink comp="370" pin=0"/></net>

<net id="374"><net_src comp="370" pin="1"/><net_sink comp="235" pin=1"/></net>

</net_list>

</model> 
---------------- Datapath Model END ------------------

* FSMD analyzer results:
  - Output states:
	Port: layer2_out | {4 }
	Port: void_compute_output_buffer_2d_array_array_ap_fixed_4u_config2_array_ap_fixed_16_6_5_3_0_1u_const_ap_shift_reg_value_type_in_width_n_chan_stream_array_ap_fixed_37_17_5_3_0_4u_0_weight_t_bias_t_kernel_data_7 | {1 }
	Port: void_compute_output_buffer_2d_array_array_ap_fixed_4u_config2_array_ap_fixed_16_6_5_3_0_1u_const_ap_shift_reg_value_type_in_width_n_chan_stream_array_ap_fixed_37_17_5_3_0_4u_0_weight_t_bias_t_kernel_data_8 | {1 }
	Port: void_compute_output_buffer_2d_array_array_ap_fixed_4u_config2_array_ap_fixed_16_6_5_3_0_1u_const_ap_shift_reg_value_type_in_width_n_chan_stream_array_ap_fixed_37_17_5_3_0_4u_0_weight_t_bias_t_kernel_data_4 | {1 }
	Port: void_compute_output_buffer_2d_array_array_ap_fixed_4u_config2_array_ap_fixed_16_6_5_3_0_1u_const_ap_shift_reg_value_type_in_width_n_chan_stream_array_ap_fixed_37_17_5_3_0_4u_0_weight_t_bias_t_kernel_data_5 | {1 }
	Port: void_compute_output_buffer_2d_array_array_ap_fixed_4u_config2_array_ap_fixed_16_6_5_3_0_1u_const_ap_shift_reg_value_type_in_width_n_chan_stream_array_ap_fixed_37_17_5_3_0_4u_0_weight_t_bias_t_kernel_data_1 | {1 }
	Port: void_compute_output_buffer_2d_array_array_ap_fixed_4u_config2_array_ap_fixed_16_6_5_3_0_1u_const_ap_shift_reg_value_type_in_width_n_chan_stream_array_ap_fixed_37_17_5_3_0_4u_0_weight_t_bias_t_kernel_data_2 | {1 }
	Port: void_compute_output_buffer_2d_array_array_ap_fixed_4u_config2_array_ap_fixed_16_6_5_3_0_1u_const_ap_shift_reg_value_type_in_width_n_chan_stream_array_ap_fixed_37_17_5_3_0_4u_0_weight_t_bias_t_kernel_data_6 | {1 }
	Port: void_compute_output_buffer_2d_array_array_ap_fixed_4u_config2_array_ap_fixed_16_6_5_3_0_1u_const_ap_shift_reg_value_type_in_width_n_chan_stream_array_ap_fixed_37_17_5_3_0_4u_0_weight_t_bias_t_kernel_data_3 | {1 }
	Port: void_compute_output_buffer_2d_array_array_ap_fixed_4u_config2_array_ap_fixed_16_6_5_3_0_1u_const_ap_shift_reg_value_type_in_width_n_chan_stream_array_ap_fixed_37_17_5_3_0_4u_0_weight_t_bias_t_kernel_data | {1 }
	Port: void_conv_2d_buffer_cl_array_ap_fixed_16_6_5_3_0_1u_array_ap_fixed_37_17_5_3_0_4u_config2_stream_array_ap_fixed_16_6_5_3_0_1u_0_stream_array_ap_fixed_37_17_5_3_0_4u_0_weight_t_bias_t_line_buffer_0 | {1 }
	Port: void_conv_2d_buffer_cl_array_ap_fixed_16_6_5_3_0_1u_array_ap_fixed_37_17_5_3_0_4u_config2_stream_array_ap_fixed_16_6_5_3_0_1u_0_stream_array_ap_fixed_37_17_5_3_0_4u_0_weight_t_bias_t_line_buffer_1 | {1 }
	Port: sX_2 | {4 }
	Port: sY_2 | {4 }
	Port: pY_2 | {4 }
	Port: pX_2 | {4 }
 - Input state : 
	Port: compute_output_buffer_2d<array<ap_fixed<16, 6, 5, 3, 0>, 1u>, array<ap_fixed<37, 17, 5, 3, 0>, 4u>, config2> : p_read | {1 }
	Port: compute_output_buffer_2d<array<ap_fixed<16, 6, 5, 3, 0>, 1u>, array<ap_fixed<37, 17, 5, 3, 0>, 4u>, config2> : void_compute_output_buffer_2d_array_array_ap_fixed_4u_config2_array_ap_fixed_16_6_5_3_0_1u_const_ap_shift_reg_value_type_in_width_n_chan_stream_array_ap_fixed_37_17_5_3_0_4u_0_weight_t_bias_t_kernel_data_7 | {1 2 3 }
	Port: compute_output_buffer_2d<array<ap_fixed<16, 6, 5, 3, 0>, 1u>, array<ap_fixed<37, 17, 5, 3, 0>, 4u>, config2> : void_compute_output_buffer_2d_array_array_ap_fixed_4u_config2_array_ap_fixed_16_6_5_3_0_1u_const_ap_shift_reg_value_type_in_width_n_chan_stream_array_ap_fixed_37_17_5_3_0_4u_0_weight_t_bias_t_kernel_data_8 | {2 3 }
	Port: compute_output_buffer_2d<array<ap_fixed<16, 6, 5, 3, 0>, 1u>, array<ap_fixed<37, 17, 5, 3, 0>, 4u>, config2> : void_compute_output_buffer_2d_array_array_ap_fixed_4u_config2_array_ap_fixed_16_6_5_3_0_1u_const_ap_shift_reg_value_type_in_width_n_chan_stream_array_ap_fixed_37_17_5_3_0_4u_0_weight_t_bias_t_kernel_data_4 | {1 2 3 }
	Port: compute_output_buffer_2d<array<ap_fixed<16, 6, 5, 3, 0>, 1u>, array<ap_fixed<37, 17, 5, 3, 0>, 4u>, config2> : void_compute_output_buffer_2d_array_array_ap_fixed_4u_config2_array_ap_fixed_16_6_5_3_0_1u_const_ap_shift_reg_value_type_in_width_n_chan_stream_array_ap_fixed_37_17_5_3_0_4u_0_weight_t_bias_t_kernel_data_5 | {2 3 }
	Port: compute_output_buffer_2d<array<ap_fixed<16, 6, 5, 3, 0>, 1u>, array<ap_fixed<37, 17, 5, 3, 0>, 4u>, config2> : void_compute_output_buffer_2d_array_array_ap_fixed_4u_config2_array_ap_fixed_16_6_5_3_0_1u_const_ap_shift_reg_value_type_in_width_n_chan_stream_array_ap_fixed_37_17_5_3_0_4u_0_weight_t_bias_t_kernel_data_1 | {1 2 3 }
	Port: compute_output_buffer_2d<array<ap_fixed<16, 6, 5, 3, 0>, 1u>, array<ap_fixed<37, 17, 5, 3, 0>, 4u>, config2> : void_compute_output_buffer_2d_array_array_ap_fixed_4u_config2_array_ap_fixed_16_6_5_3_0_1u_const_ap_shift_reg_value_type_in_width_n_chan_stream_array_ap_fixed_37_17_5_3_0_4u_0_weight_t_bias_t_kernel_data_2 | {2 3 }
	Port: compute_output_buffer_2d<array<ap_fixed<16, 6, 5, 3, 0>, 1u>, array<ap_fixed<37, 17, 5, 3, 0>, 4u>, config2> : void_compute_output_buffer_2d_array_array_ap_fixed_4u_config2_array_ap_fixed_16_6_5_3_0_1u_const_ap_shift_reg_value_type_in_width_n_chan_stream_array_ap_fixed_37_17_5_3_0_4u_0_weight_t_bias_t_kernel_data_6 | {1 2 3 }
	Port: compute_output_buffer_2d<array<ap_fixed<16, 6, 5, 3, 0>, 1u>, array<ap_fixed<37, 17, 5, 3, 0>, 4u>, config2> : void_compute_output_buffer_2d_array_array_ap_fixed_4u_config2_array_ap_fixed_16_6_5_3_0_1u_const_ap_shift_reg_value_type_in_width_n_chan_stream_array_ap_fixed_37_17_5_3_0_4u_0_weight_t_bias_t_kernel_data_3 | {1 2 3 }
	Port: compute_output_buffer_2d<array<ap_fixed<16, 6, 5, 3, 0>, 1u>, array<ap_fixed<37, 17, 5, 3, 0>, 4u>, config2> : void_compute_output_buffer_2d_array_array_ap_fixed_4u_config2_array_ap_fixed_16_6_5_3_0_1u_const_ap_shift_reg_value_type_in_width_n_chan_stream_array_ap_fixed_37_17_5_3_0_4u_0_weight_t_bias_t_kernel_data | {1 2 3 }
	Port: compute_output_buffer_2d<array<ap_fixed<16, 6, 5, 3, 0>, 1u>, array<ap_fixed<37, 17, 5, 3, 0>, 4u>, config2> : void_conv_2d_buffer_cl_array_ap_fixed_16_6_5_3_0_1u_array_ap_fixed_37_17_5_3_0_4u_config2_stream_array_ap_fixed_16_6_5_3_0_1u_0_stream_array_ap_fixed_37_17_5_3_0_4u_0_weight_t_bias_t_line_buffer_0 | {1 }
	Port: compute_output_buffer_2d<array<ap_fixed<16, 6, 5, 3, 0>, 1u>, array<ap_fixed<37, 17, 5, 3, 0>, 4u>, config2> : void_conv_2d_buffer_cl_array_ap_fixed_16_6_5_3_0_1u_array_ap_fixed_37_17_5_3_0_4u_config2_stream_array_ap_fixed_16_6_5_3_0_1u_0_stream_array_ap_fixed_37_17_5_3_0_4u_0_weight_t_bias_t_line_buffer_1 | {1 }
	Port: compute_output_buffer_2d<array<ap_fixed<16, 6, 5, 3, 0>, 1u>, array<ap_fixed<37, 17, 5, 3, 0>, 4u>, config2> : sX_2 | {2 }
	Port: compute_output_buffer_2d<array<ap_fixed<16, 6, 5, 3, 0>, 1u>, array<ap_fixed<37, 17, 5, 3, 0>, 4u>, config2> : sY_2 | {2 }
	Port: compute_output_buffer_2d<array<ap_fixed<16, 6, 5, 3, 0>, 1u>, array<ap_fixed<37, 17, 5, 3, 0>, 4u>, config2> : pY_2 | {2 }
	Port: compute_output_buffer_2d<array<ap_fixed<16, 6, 5, 3, 0>, 1u>, array<ap_fixed<37, 17, 5, 3, 0>, 4u>, config2> : pX_2 | {2 }
	Port: compute_output_buffer_2d<array<ap_fixed<16, 6, 5, 3, 0>, 1u>, array<ap_fixed<37, 17, 5, 3, 0>, 4u>, config2> : outidx_1 | {2 3 }
	Port: compute_output_buffer_2d<array<ap_fixed<16, 6, 5, 3, 0>, 1u>, array<ap_fixed<37, 17, 5, 3, 0>, 4u>, config2> : w2_V | {2 3 }
  - Chain level:
	State 1
	State 2
		icmp_ln284 : 1
		br_ln284 : 2
		icmp_ln284_7 : 1
		tmp_4 : 1
		icmp_ln284_8 : 2
		tmp_5 : 1
		icmp_ln284_9 : 2
		and_ln284 : 3
		and_ln284_3 : 3
		br_ln284 : 3
	State 3
		res_out_V : 1
		res_out_V_4 : 1
		res_out_V_5 : 1
		res_out_V_6 : 1
	State 4
		write_ln173 : 1
		icmp_ln303 : 1
		br_ln303 : 2
		store_ln316 : 1
		select_ln318 : 1
		store_ln318 : 2
		icmp_ln307 : 1
		br_ln307 : 2
		store_ln311 : 1
		select_ln313 : 1
		storemerge : 2
		store_ln309 : 3


============================================================
+ Verbose Summary: Datapath Resource usage 
============================================================

* Functional unit list:
|----------|--------------------------------------------------------------------------------------------------|---------|---------|---------|---------|
| Operation|                                          Functional Unit                                         |   DSP   |  Delay  |    FF   |   LUT   |
|----------|--------------------------------------------------------------------------------------------------|---------|---------|---------|---------|
|   call   |             call_ln281_shift_line_buffer_array_ap_fixed_16_6_5_3_0_1u_config2_s_fu_93            |    0    |    0    |    0    |    0    |
|          | grp_dense_resource_rf_gt_nin_rem0_ap_fixed_16_6_5_3_0_ap_fixed_37_17_5_3_0_config2_mult_s_fu_121 |    1    |  6.352  |   704   |   240   |
|----------|--------------------------------------------------------------------------------------------------|---------|---------|---------|---------|
|          |                                         add_ln303_fu_244                                         |    0    |    0    |    0    |    39   |
|    add   |                                         add_ln318_fu_261                                         |    0    |    0    |    0    |    39   |
|          |                                         add_ln307_fu_291                                         |    0    |    0    |    0    |    39   |
|          |                                         add_ln313_fu_308                                         |    0    |    0    |    0    |    39   |
|----------|--------------------------------------------------------------------------------------------------|---------|---------|---------|---------|
|          |                                            grp_fu_147                                            |    0    |    0    |    0    |    18   |
|          |                                         icmp_ln284_fu_156                                        |    0    |    0    |    0    |    18   |
|   icmp   |                                        icmp_ln284_8_fu_185                                       |    0    |    0    |    0    |    17   |
|          |                                        icmp_ln284_9_fu_201                                       |    0    |    0    |    0    |    17   |
|          |                                         icmp_ln303_fu_249                                        |    0    |    0    |    0    |    18   |
|          |                                         icmp_ln307_fu_296                                        |    0    |    0    |    0    |    18   |
|----------|--------------------------------------------------------------------------------------------------|---------|---------|---------|---------|
|  select  |                                        select_ln318_fu_266                                       |    0    |    0    |    0    |    32   |
|          |                                        select_ln313_fu_313                                       |    0    |    0    |    0    |    32   |
|----------|--------------------------------------------------------------------------------------------------|---------|---------|---------|---------|
|    and   |                                         and_ln284_fu_207                                         |    0    |    0    |    0    |    2    |
|          |                                        and_ln284_3_fu_213                                        |    0    |    0    |    0    |    2    |
|----------|--------------------------------------------------------------------------------------------------|---------|---------|---------|---------|
|   read   |                                       p_read_10_read_fu_70                                       |    0    |    0    |    0    |    0    |
|----------|--------------------------------------------------------------------------------------------------|---------|---------|---------|---------|
|   write  |                                      write_ln173_write_fu_76                                     |    0    |    0    |    0    |    0    |
|----------|--------------------------------------------------------------------------------------------------|---------|---------|---------|---------|
|partselect|                                           tmp_4_fu_175                                           |    0    |    0    |    0    |    0    |
|          |                                           tmp_5_fu_191                                           |    0    |    0    |    0    |    0    |
|----------|--------------------------------------------------------------------------------------------------|---------|---------|---------|---------|
|          |                                         res_out_V_fu_219                                         |    0    |    0    |    0    |    0    |
|extractvalue|                                        res_out_V_4_fu_223                                        |    0    |    0    |    0    |    0    |
|          |                                        res_out_V_5_fu_227                                        |    0    |    0    |    0    |    0    |
|          |                                        res_out_V_6_fu_231                                        |    0    |    0    |    0    |    0    |
|----------|--------------------------------------------------------------------------------------------------|---------|---------|---------|---------|
|bitconcatenate|                                            p_0_fu_235                                            |    0    |    0    |    0    |    0    |
|----------|--------------------------------------------------------------------------------------------------|---------|---------|---------|---------|
|   Total  |                                                                                                  |    1    |  6.352  |   704   |   570   |
|----------|--------------------------------------------------------------------------------------------------|---------|---------|---------|---------|

Memories:
N/A

* Register list:
+-------------------+--------+
|                   |   FF   |
+-------------------+--------+
|and_ln284_3_reg_351|    1   |
| icmp_ln284_reg_337|    1   |
|res_out_V_4_reg_360|   37   |
|res_out_V_5_reg_365|   37   |
|res_out_V_6_reg_370|   37   |
| res_out_V_reg_355 |   37   |
| storemerge_reg_83 |   32   |
+-------------------+--------+
|       Total       |   182  |
+-------------------+--------+

* Multiplexer (MUX) list: 
|--------|------|------|------|--------|
|  Comp  |  Pin | Size |  BW  | S x BW |
|--------|------|------|------|--------|
|  Total |      |      |      |    0   |
|--------|------|------|------|--------|



* Summary:
+-----------+--------+--------+--------+--------+
|           |   DSP  |  Delay |   FF   |   LUT  |
+-----------+--------+--------+--------+--------+
|  Function |    1   |    6   |   704  |   570  |
|   Memory  |    -   |    -   |    -   |    -   |
|Multiplexer|    -   |    -   |    -   |    -   |
|  Register |    -   |    -   |   182  |    -   |
+-----------+--------+--------+--------+--------+
|   Total   |    1   |    6   |   886  |   570  |
+-----------+--------+--------+--------+--------+
