

================================================================
== Vitis HLS Report for 'compute_output_buffer_2d_array_ap_fixed_16_6_5_3_0_1u_array_ap_fixed_37_17_5_3_0_4u_config2_s'
================================================================
* Date:           Tue May 26 01:12:50 2026

* Version:        2021.2 (Build 3367213 on Tue Oct 19 02:48:09 MDT 2021)
* Project:        edge_cnn_linear_stream_prj
* Solution:       solution1 (Vivado IP Flow Target)
* Product family: zynq
* Target device:  xc7z020-clg400-1


================================================================
== Performance Estimates
================================================================
+ Timing: 
    * Summary: 
    +--------+----------+----------+------------+
    |  Clock |  Target  | Estimated| Uncertainty|
    +--------+----------+----------+------------+
    |ap_clk  |  10.00 ns|  7.591 ns|     2.70 ns|
    +--------+----------+----------+------------+

+ Latency: 
    * Summary: 
    +---------+---------+-----------+----------+-----+-----+---------+
    |  Latency (cycles) |  Latency (absolute)  |  Interval | Pipeline|
    |   min   |   max   |    min    |    max   | min | max |   Type  |
    +---------+---------+-----------+----------+-----+-----+---------+
    |        2|       43|  20.000 ns|  0.430 us|    2|   43|       no|
    +---------+---------+-----------+----------+-----+-----+---------+

    + Detail: 
        * Instance: 
        N/A

        * Loop: 
        N/A

============================================================
+ Verbose Summary: Synthesis Manager
============================================================
InlineROM: 1
ExposeGlobal: 0
============================================================
+ Verbose Summary: CDFG Model
============================================================
IsTopModel: 0
ResetActiveHigh: 1
IsCombinational: 0
IsDatapathOnly: 0
HasWiredReturn: 1
HasMFsm: 0
HasVarLatency: 1
IsPipeline: 0
IsRtlPipelined: 0
IsInstanceOverlapped: 0
IsDontTouch: 0
HasImplIP: 0
IsGatedGlobalClock: 0


============================================================
+ Verbose Summary: Schedule
============================================================
* Number of FSM states : 4
* Pipeline : 0
* Dataflow Pipeline: 0

* FSM state transitions: 
1 --> 2 
2 --> 4 3 
3 --> 4 
4 --> 

* FSM state operations: 

State 1 <SV = 0> <Delay = 3.23>
ST_1 : Operation 5 [1/1] (0.00ns)   --->   "%p_read_10 = read i16 @_ssdm_op_Read.ap_auto.i16, i16 %p_read"   --->   Operation 5 'read' 'p_read_10' <Predicate = true> <Delay = 0.00>
ST_1 : Operation 6 [1/1] (3.23ns)   --->   "%call_ln281 = call void @shift_line_buffer<array<ap_fixed<16, 6, 5, 3, 0>, 1u>, config2>, i16 %p_read_10, i16 %void_compute_output_buffer_2d_array_array_ap_fixed_4u_config2_array_ap_fixed_16_6_5_3_0_1u_const_ap_shift_reg_value_type_in_width_n_chan_stream_array_ap_fixed_37_17_5_3_0_4u_0_weight_t_bias_t_kernel_data_7, i16 %void_compute_output_buffer_2d_array_array_ap_fixed_4u_config2_array_ap_fixed_16_6_5_3_0_1u_const_ap_shift_reg_value_type_in_width_n_chan_stream_array_ap_fixed_37_17_5_3_0_4u_0_weight_t_bias_t_kernel_data_8, i16 %void_compute_output_buffer_2d_array_array_ap_fixed_4u_config2_array_ap_fixed_16_6_5_3_0_1u_const_ap_shift_reg_value_type_in_width_n_chan_stream_array_ap_fixed_37_17_5_3_0_4u_0_weight_t_bias_t_kernel_data_4, i16 %void_compute_output_buffer_2d_array_array_ap_fixed_4u_config2_array_ap_fixed_16_6_5_3_0_1u_const_ap_shift_reg_value_type_in_width_n_chan_stream_array_ap_fixed_37_17_5_3_0_4u_0_weight_t_bias_t_kernel_data_5, i16 %void_compute_output_buffer_2d_array_array_ap_fixed_4u_config2_array_ap_fixed_16_6_5_3_0_1u_const_ap_shift_reg_value_type_in_width_n_chan_stream_array_ap_fixed_37_17_5_3_0_4u_0_weight_t_bias_t_kernel_data_1, i16 %void_compute_output_buffer_2d_array_array_ap_fixed_4u_config2_array_ap_fixed_16_6_5_3_0_1u_const_ap_shift_reg_value_type_in_width_n_chan_stream_array_ap_fixed_37_17_5_3_0_4u_0_weight_t_bias_t_kernel_data_2, i16 %void_compute_output_buffer_2d_array_array_ap_fixed_4u_config2_array_ap_fixed_16_6_5_3_0_1u_const_ap_shift_reg_value_type_in_width_n_chan_stream_array_ap_fixed_37_17_5_3_0_4u_0_weight_t_bias_t_kernel_data_6, i16 %void_compute_output_buffer_2d_array_array_ap_fixed_4u_config2_array_ap_fixed_16_6_5_3_0_1u_const_ap_shift_reg_value_type_in_width_n_chan_stream_array_ap_fixed_37_17_5_3_0_4u_0_weight_t_bias_t_kernel_data_3, i16 %void_compute_output_buffer_2d_array_array_ap_fixed_4u_config2_array_ap_fixed_16_6_5_3_0_1u_const_ap_shift_reg_value_type_in_width_n_chan_stream_array_ap_fixed_37_17_5_3_0_4u_0_weight_t_bias_t_kernel_data, i16 %void_conv_2d_buffer_cl_array_ap_fixed_16_6_5_3_0_1u_array_ap_fixed_37_17_5_3_0_4u_config2_stream_array_ap_fixed_16_6_5_3_0_1u_0_stream_array_ap_fixed_37_17_5_3_0_4u_0_weight_t_bias_t_line_buffer_0, i16 %void_conv_2d_buffer_cl_array_ap_fixed_16_6_5_3_0_1u_array_ap_fixed_37_17_5_3_0_4u_config2_stream_array_ap_fixed_16_6_5_3_0_1u_0_stream_array_ap_fixed_37_17_5_3_0_4u_0_weight_t_bias_t_line_buffer_1" [firmware/nnet_utils/nnet_conv_stream.h:281]   --->   Operation 6 'call' 'call_ln281' <Predicate = true> <Delay = 3.23> <CoreType = "Generic">   --->   Core 0 '' <Latency = 0> <II = 1> <Delay = 1.00> <Generic> <Opcode : >

State 2 <SV = 1> <Delay = 4.42>
ST_2 : Operation 7 [1/1] (0.00ns)   --->   "%specinterface_ln0 = specinterface void @_ssdm_op_SpecInterface, i148 %layer2_out, void @empty_5, i32 0, i32 0, void @empty_7, i32 0, i32 0, void @empty_7, void @empty_7, void @empty_7, i32 0, i32 0, i32 0, i32 0, void @empty_7, void @empty_7"   --->   Operation 7 'specinterface' 'specinterface_ln0' <Predicate = true> <Delay = 0.00>
ST_2 : Operation 8 [1/1] (0.00ns)   --->   "%sX_2_load = load i32 %sX_2" [firmware/nnet_utils/nnet_conv_stream.h:284]   --->   Operation 8 'load' 'sX_2_load' <Predicate = true> <Delay = 0.00>
ST_2 : Operation 9 [1/1] (2.47ns)   --->   "%icmp_ln284 = icmp_eq  i32 %sX_2_load, i32 2" [firmware/nnet_utils/nnet_conv_stream.h:284]   --->   Operation 9 'icmp' 'icmp_ln284' <Predicate = true> <Delay = 2.47> <CoreInst = "Cmp">   --->   Core 9 'Cmp' <Latency = 0> <II = 1> <Delay = 2.47> <FuncUnit> <Opcode : 'icmp'> <InPorts = 2> <OutPorts = 1>
ST_2 : Operation 10 [1/1] (0.00ns)   --->   "%sY_2_load = load i32 %sY_2" [firmware/nnet_utils/nnet_conv_stream.h:284]   --->   Operation 10 'load' 'sY_2_load' <Predicate = true> <Delay = 0.00>
ST_2 : Operation 11 [1/1] (0.00ns)   --->   "%pY_2_load = load i32 %pY_2" [firmware/nnet_utils/nnet_conv_stream.h:284]   --->   Operation 11 'load' 'pY_2_load' <Predicate = true> <Delay = 0.00>
ST_2 : Operation 12 [1/1] (0.00ns)   --->   "%pX_2_load = load i32 %pX_2" [firmware/nnet_utils/nnet_conv_stream.h:284]   --->   Operation 12 'load' 'pX_2_load' <Predicate = true> <Delay = 0.00>
ST_2 : Operation 13 [1/1] (0.00ns)   --->   "%br_ln284 = br i1 %icmp_ln284, void %._crit_edge1, void" [firmware/nnet_utils/nnet_conv_stream.h:284]   --->   Operation 13 'br' 'br_ln284' <Predicate = true> <Delay = 0.00>
ST_2 : Operation 14 [1/1] (2.47ns)   --->   "%icmp_ln284_7 = icmp_eq  i32 %sY_2_load, i32 2" [firmware/nnet_utils/nnet_conv_stream.h:284]   --->   Operation 14 'icmp' 'icmp_ln284_7' <Predicate = (icmp_ln284)> <Delay = 2.47> <CoreInst = "Cmp">   --->   Core 9 'Cmp' <Latency = 0> <II = 1> <Delay = 2.47> <FuncUnit> <Opcode : 'icmp'> <InPorts = 2> <OutPorts = 1>
ST_2 : Operation 15 [1/1] (0.00ns)   --->   "%tmp_4 = partselect i31 @_ssdm_op_PartSelect.i31.i32.i32.i32, i32 %pY_2_load, i32 1, i32 31" [firmware/nnet_utils/nnet_conv_stream.h:284]   --->   Operation 15 'partselect' 'tmp_4' <Predicate = (icmp_ln284)> <Delay = 0.00>
ST_2 : Operation 16 [1/1] (2.47ns)   --->   "%icmp_ln284_8 = icmp_sgt  i31 %tmp_4, i31 0" [firmware/nnet_utils/nnet_conv_stream.h:284]   --->   Operation 16 'icmp' 'icmp_ln284_8' <Predicate = (icmp_ln284)> <Delay = 2.47> <CoreInst = "Cmp">   --->   Core 9 'Cmp' <Latency = 0> <II = 1> <Delay = 2.47> <FuncUnit> <Opcode : 'icmp'> <InPorts = 2> <OutPorts = 1>
ST_2 : Operation 17 [1/1] (0.00ns)   --->   "%tmp_5 = partselect i31 @_ssdm_op_PartSelect.i31.i32.i32.i32, i32 %pX_2_load, i32 1, i32 31" [firmware/nnet_utils/nnet_conv_stream.h:284]   --->   Operation 17 'partselect' 'tmp_5' <Predicate = (icmp_ln284)> <Delay = 0.00>
ST_2 : Operation 18 [1/1] (2.47ns)   --->   "%icmp_ln284_9 = icmp_sgt  i31 %tmp_5, i31 0" [firmware/nnet_utils/nnet_conv_stream.h:284]   --->   Operation 18 'icmp' 'icmp_ln284_9' <Predicate = (icmp_ln284)> <Delay = 2.47> <CoreInst = "Cmp">   --->   Core 9 'Cmp' <Latency = 0> <II = 1> <Delay = 2.47> <FuncUnit> <Opcode : 'icmp'> <InPorts = 2> <OutPorts = 1>
ST_2 : Operation 19 [1/1] (0.00ns) (grouped into LUT with out node and_ln284_3)   --->   "%and_ln284 = and i1 %icmp_ln284_8, i1 %icmp_ln284_9" [firmware/nnet_utils/nnet_conv_stream.h:284]   --->   Operation 19 'and' 'and_ln284' <Predicate = (icmp_ln284)> <Delay = 0.00> <CoreInst = "LogicGate">   --->   Core 74 'LogicGate' <Latency = 0> <II = 1> <Delay = 0.97> <FuncUnit> <Opcode : 'and' 'or' 'xor'> <InPorts = 2> <OutPorts = 1>
ST_2 : Operation 20 [1/1] (0.97ns) (out node of the LUT)   --->   "%and_ln284_3 = and i1 %and_ln284, i1 %icmp_ln284_7" [firmware/nnet_utils/nnet_conv_stream.h:284]   --->   Operation 20 'and' 'and_ln284_3' <Predicate = (icmp_ln284)> <Delay = 0.97> <CoreInst = "LogicGate">   --->   Core 74 'LogicGate' <Latency = 0> <II = 1> <Delay = 0.97> <FuncUnit> <Opcode : 'and' 'or' 'xor'> <InPorts = 2> <OutPorts = 1>
ST_2 : Operation 21 [1/1] (0.00ns)   --->   "%br_ln284 = br i1 %and_ln284_3, void %._crit_edge1, void" [firmware/nnet_utils/nnet_conv_stream.h:284]   --->   Operation 21 'br' 'br_ln284' <Predicate = (icmp_ln284)> <Delay = 0.00>
ST_2 : Operation 22 [2/2] (0.00ns)   --->   "%tmp = call i148 @dense_resource_rf_gt_nin_rem0<ap_fixed<16, 6, 5, 3, 0>, ap_fixed<37, 17, 5, 3, 0>, config2_mult>, i2 %outidx_1, i11 %w2_V, i16 %void_compute_output_buffer_2d_array_array_ap_fixed_4u_config2_array_ap_fixed_16_6_5_3_0_1u_const_ap_shift_reg_value_type_in_width_n_chan_stream_array_ap_fixed_37_17_5_3_0_4u_0_weight_t_bias_t_kernel_data_8, i16 %void_compute_output_buffer_2d_array_array_ap_fixed_4u_config2_array_ap_fixed_16_6_5_3_0_1u_const_ap_shift_reg_value_type_in_width_n_chan_stream_array_ap_fixed_37_17_5_3_0_4u_0_weight_t_bias_t_kernel_data_7, i16 %void_compute_output_buffer_2d_array_array_ap_fixed_4u_config2_array_ap_fixed_16_6_5_3_0_1u_const_ap_shift_reg_value_type_in_width_n_chan_stream_array_ap_fixed_37_17_5_3_0_4u_0_weight_t_bias_t_kernel_data_6, i16 %void_compute_output_buffer_2d_array_array_ap_fixed_4u_config2_array_ap_fixed_16_6_5_3_0_1u_const_ap_shift_reg_value_type_in_width_n_chan_stream_array_ap_fixed_37_17_5_3_0_4u_0_weight_t_bias_t_kernel_data_5, i16 %void_compute_output_buffer_2d_array_array_ap_fixed_4u_config2_array_ap_fixed_16_6_5_3_0_1u_const_ap_shift_reg_value_type_in_width_n_chan_stream_array_ap_fixed_37_17_5_3_0_4u_0_weight_t_bias_t_kernel_data_4, i16 %void_compute_output_buffer_2d_array_array_ap_fixed_4u_config2_array_ap_fixed_16_6_5_3_0_1u_const_ap_shift_reg_value_type_in_width_n_chan_stream_array_ap_fixed_37_17_5_3_0_4u_0_weight_t_bias_t_kernel_data_3, i16 %void_compute_output_buffer_2d_array_array_ap_fixed_4u_config2_array_ap_fixed_16_6_5_3_0_1u_const_ap_shift_reg_value_type_in_width_n_chan_stream_array_ap_fixed_37_17_5_3_0_4u_0_weight_t_bias_t_kernel_data_2, i16 %void_compute_output_buffer_2d_array_array_ap_fixed_4u_config2_array_ap_fixed_16_6_5_3_0_1u_const_ap_shift_reg_value_type_in_width_n_chan_stream_array_ap_fixed_37_17_5_3_0_4u_0_weight_t_bias_t_kernel_data_1, i16 %void_compute_output_buffer_2d_array_array_ap_fixed_4u_config2_array_ap_fixed_16_6_5_3_0_1u_const_ap_shift_reg_value_type_in_width_n_chan_stream_array_ap_fixed_37_17_5_3_0_4u_0_weight_t_bias_t_kernel_data" [firmware/nnet_utils/nnet_dense.h:76]   --->   Operation 22 'call' 'tmp' <Predicate = (icmp_ln284 & and_ln284_3)> <Delay = 0.00> <CoreType = "Generic">   --->   Core 0 '' <Latency = 0> <II = 1> <Delay = 1.00> <Generic> <Opcode : >

State 3 <SV = 2> <Delay = 5.81>
ST_3 : Operation 23 [1/2] (5.81ns)   --->   "%tmp = call i148 @dense_resource_rf_gt_nin_rem0<ap_fixed<16, 6, 5, 3, 0>, ap_fixed<37, 17, 5, 3, 0>, config2_mult>, i2 %outidx_1, i11 %w2_V, i16 %void_compute_output_buffer_2d_array_array_ap_fixed_4u_config2_array_ap_fixed_16_6_5_3_0_1u_const_ap_shift_reg_value_type_in_width_n_chan_stream_array_ap_fixed_37_17_5_3_0_4u_0_weight_t_bias_t_kernel_data_8, i16 %void_compute_output_buffer_2d_array_array_ap_fixed_4u_config2_array_ap_fixed_16_6_5_3_0_1u_const_ap_shift_reg_value_type_in_width_n_chan_stream_array_ap_fixed_37_17_5_3_0_4u_0_weight_t_bias_t_kernel_data_7, i16 %void_compute_output_buffer_2d_array_array_ap_fixed_4u_config2_array_ap_fixed_16_6_5_3_0_1u_const_ap_shift_reg_value_type_in_width_n_chan_stream_array_ap_fixed_37_17_5_3_0_4u_0_weight_t_bias_t_kernel_data_6, i16 %void_compute_output_buffer_2d_array_array_ap_fixed_4u_config2_array_ap_fixed_16_6_5_3_0_1u_const_ap_shift_reg_value_type_in_width_n_chan_stream_array_ap_fixed_37_17_5_3_0_4u_0_weight_t_bias_t_kernel_data_5, i16 %void_compute_output_buffer_2d_array_array_ap_fixed_4u_config2_array_ap_fixed_16_6_5_3_0_1u_const_ap_shift_reg_value_type_in_width_n_chan_stream_array_ap_fixed_37_17_5_3_0_4u_0_weight_t_bias_t_kernel_data_4, i16 %void_compute_output_buffer_2d_array_array_ap_fixed_4u_config2_array_ap_fixed_16_6_5_3_0_1u_const_ap_shift_reg_value_type_in_width_n_chan_stream_array_ap_fixed_37_17_5_3_0_4u_0_weight_t_bias_t_kernel_data_3, i16 %void_compute_output_buffer_2d_array_array_ap_fixed_4u_config2_array_ap_fixed_16_6_5_3_0_1u_const_ap_shift_reg_value_type_in_width_n_chan_stream_array_ap_fixed_37_17_5_3_0_4u_0_weight_t_bias_t_kernel_data_2, i16 %void_compute_output_buffer_2d_array_array_ap_fixed_4u_config2_array_ap_fixed_16_6_5_3_0_1u_const_ap_shift_reg_value_type_in_width_n_chan_stream_array_ap_fixed_37_17_5_3_0_4u_0_weight_t_bias_t_kernel_data_1, i16 %void_compute_output_buffer_2d_array_array_ap_fixed_4u_config2_array_ap_fixed_16_6_5_3_0_1u_const_ap_shift_reg_value_type_in_width_n_chan_stream_array_ap_fixed_37_17_5_3_0_4u_0_weight_t_bias_t_kernel_data" [firmware/nnet_utils/nnet_dense.h:76]   --->   Operation 23 'call' 'tmp' <Predicate = true> <Delay = 5.81> <CoreType = "Generic">   --->   Core 0 '' <Latency = 0> <II = 1> <Delay = 1.00> <Generic> <Opcode : >
ST_3 : Operation 24 [1/1] (0.00ns)   --->   "%res_out_V = extractvalue i148 %tmp" [firmware/nnet_utils/nnet_dense.h:76]   --->   Operation 24 'extractvalue' 'res_out_V' <Predicate = true> <Delay = 0.00>
ST_3 : Operation 25 [1/1] (0.00ns)   --->   "%res_out_V_4 = extractvalue i148 %tmp" [firmware/nnet_utils/nnet_dense.h:76]   --->   Operation 25 'extractvalue' 'res_out_V_4' <Predicate = true> <Delay = 0.00>
ST_3 : Operation 26 [1/1] (0.00ns)   --->   "%res_out_V_5 = extractvalue i148 %tmp" [firmware/nnet_utils/nnet_dense.h:76]   --->   Operation 26 'extractvalue' 'res_out_V_5' <Predicate = true> <Delay = 0.00>
ST_3 : Operation 27 [1/1] (0.00ns)   --->   "%res_out_V_6 = extractvalue i148 %tmp" [firmware/nnet_utils/nnet_dense.h:76]   --->   Operation 27 'extractvalue' 'res_out_V_6' <Predicate = true> <Delay = 0.00>

State 4 <SV = 3> <Delay = 7.59>
ST_4 : Operation 28 [1/1] (0.00ns)   --->   "%p_0 = bitconcatenate i148 @_ssdm_op_BitConcatenate.i148.i37.i37.i37.i37, i37 %res_out_V_6, i37 %res_out_V_5, i37 %res_out_V_4, i37 %res_out_V" [C:/Xilinx/Vitis_HLS/2021.2/common/technology/autopilot/hls_stream_39.h:173]   --->   Operation 28 'bitconcatenate' 'p_0' <Predicate = (icmp_ln284 & and_ln284_3)> <Delay = 0.00>
ST_4 : Operation 29 [1/1] (3.50ns)   --->   "%write_ln173 = write void @_ssdm_op_Write.ap_fifo.volatile.i148P0A, i148 %layer2_out, i148 %p_0" [C:/Xilinx/Vitis_HLS/2021.2/common/technology/autopilot/hls_stream_39.h:173]   --->   Operation 29 'write' 'write_ln173' <Predicate = (icmp_ln284 & and_ln284_3)> <Delay = 3.50> <CoreInst = "FIFO">   --->   Core 78 'FIFO' <Latency = 0> <II = 1> <Delay = 3.50> <Storage> <Opcode : 'read' 'write' 'nbread' 'nbwrite'> <Ports = 0> <Width = 148> <Depth = 19602> <FIFO>
ST_4 : Operation 30 [1/1] (0.00ns)   --->   "%br_ln300 = br void %._crit_edge1" [firmware/nnet_utils/nnet_conv_stream.h:300]   --->   Operation 30 'br' 'br_ln300' <Predicate = (icmp_ln284 & and_ln284_3)> <Delay = 0.00>
ST_4 : Operation 31 [1/1] (2.55ns)   --->   "%add_ln303 = add i32 %pX_2_load, i32 1" [firmware/nnet_utils/nnet_conv_stream.h:303]   --->   Operation 31 'add' 'add_ln303' <Predicate = true> <Delay = 2.55> <CoreInst = "Adder">   --->   Core 1 'Adder' <Latency = 0> <II = 1> <Delay = 2.55> <FuncUnit> <Opcode : 'add' 'sub'> <InPorts = 2> <OutPorts = 1>
ST_4 : Operation 32 [1/1] (2.47ns)   --->   "%icmp_ln303 = icmp_eq  i32 %add_ln303, i32 164" [firmware/nnet_utils/nnet_conv_stream.h:303]   --->   Operation 32 'icmp' 'icmp_ln303' <Predicate = true> <Delay = 2.47> <CoreInst = "Cmp">   --->   Core 9 'Cmp' <Latency = 0> <II = 1> <Delay = 2.47> <FuncUnit> <Opcode : 'icmp'> <InPorts = 2> <OutPorts = 1>
ST_4 : Operation 33 [1/1] (0.00ns)   --->   "%br_ln303 = br i1 %icmp_ln303, void, void" [firmware/nnet_utils/nnet_conv_stream.h:303]   --->   Operation 33 'br' 'br_ln303' <Predicate = true> <Delay = 0.00>
ST_4 : Operation 34 [1/1] (1.58ns)   --->   "%store_ln316 = store i32 %add_ln303, i32 %pX_2" [firmware/nnet_utils/nnet_conv_stream.h:316]   --->   Operation 34 'store' 'store_ln316' <Predicate = (!icmp_ln303)> <Delay = 1.58>
ST_4 : Operation 35 [1/1] (2.55ns)   --->   "%add_ln318 = add i32 %sX_2_load, i32 1" [firmware/nnet_utils/nnet_conv_stream.h:318]   --->   Operation 35 'add' 'add_ln318' <Predicate = (!icmp_ln284 & !icmp_ln303)> <Delay = 2.55> <CoreInst = "Adder">   --->   Core 1 'Adder' <Latency = 0> <II = 1> <Delay = 2.55> <FuncUnit> <Opcode : 'add' 'sub'> <InPorts = 2> <OutPorts = 1>
ST_4 : Operation 36 [1/1] (0.69ns)   --->   "%select_ln318 = select i1 %icmp_ln284, i32 2, i32 %add_ln318" [firmware/nnet_utils/nnet_conv_stream.h:318]   --->   Operation 36 'select' 'select_ln318' <Predicate = (!icmp_ln303)> <Delay = 0.69> <CoreInst = "Sel">   --->   Core 73 'Sel' <Latency = 0> <II = 1> <Delay = 0.69> <FuncUnit> <Opcode : 'select'> <InPorts = 3> <OutPorts = 1>
ST_4 : Operation 37 [1/1] (1.58ns)   --->   "%store_ln318 = store i32 %select_ln318, i32 %sX_2" [firmware/nnet_utils/nnet_conv_stream.h:318]   --->   Operation 37 'store' 'store_ln318' <Predicate = (!icmp_ln303)> <Delay = 1.58>
ST_4 : Operation 38 [1/1] (0.00ns)   --->   "%br_ln0 = br void"   --->   Operation 38 'br' 'br_ln0' <Predicate = (!icmp_ln303)> <Delay = 0.00>
ST_4 : Operation 39 [1/1] (1.58ns)   --->   "%store_ln305 = store i32 0, i32 %pX_2" [firmware/nnet_utils/nnet_conv_stream.h:305]   --->   Operation 39 'store' 'store_ln305' <Predicate = (icmp_ln303)> <Delay = 1.58>
ST_4 : Operation 40 [1/1] (1.58ns)   --->   "%store_ln306 = store i32 0, i32 %sX_2" [firmware/nnet_utils/nnet_conv_stream.h:306]   --->   Operation 40 'store' 'store_ln306' <Predicate = (icmp_ln303)> <Delay = 1.58>
ST_4 : Operation 41 [1/1] (2.55ns)   --->   "%add_ln307 = add i32 %pY_2_load, i32 1" [firmware/nnet_utils/nnet_conv_stream.h:307]   --->   Operation 41 'add' 'add_ln307' <Predicate = (icmp_ln303)> <Delay = 2.55> <CoreInst = "Adder">   --->   Core 1 'Adder' <Latency = 0> <II = 1> <Delay = 2.55> <FuncUnit> <Opcode : 'add' 'sub'> <InPorts = 2> <OutPorts = 1>
ST_4 : Operation 42 [1/1] (2.47ns)   --->   "%icmp_ln307 = icmp_eq  i32 %add_ln307, i32 123" [firmware/nnet_utils/nnet_conv_stream.h:307]   --->   Operation 42 'icmp' 'icmp_ln307' <Predicate = (icmp_ln303)> <Delay = 2.47> <CoreInst = "Cmp">   --->   Core 9 'Cmp' <Latency = 0> <II = 1> <Delay = 2.47> <FuncUnit> <Opcode : 'icmp'> <InPorts = 2> <OutPorts = 1>
ST_4 : Operation 43 [1/1] (0.00ns)   --->   "%br_ln307 = br i1 %icmp_ln307, void, void" [firmware/nnet_utils/nnet_conv_stream.h:307]   --->   Operation 43 'br' 'br_ln307' <Predicate = (icmp_ln303)> <Delay = 0.00>
ST_4 : Operation 44 [1/1] (1.58ns)   --->   "%store_ln311 = store i32 %add_ln307, i32 %pY_2" [firmware/nnet_utils/nnet_conv_stream.h:311]   --->   Operation 44 'store' 'store_ln311' <Predicate = (icmp_ln303 & !icmp_ln307)> <Delay = 1.58>
ST_4 : Operation 45 [1/1] (2.47ns)   --->   "%icmp_ln313 = icmp_eq  i32 %sY_2_load, i32 2" [firmware/nnet_utils/nnet_conv_stream.h:313]   --->   Operation 45 'icmp' 'icmp_ln313' <Predicate = (icmp_ln303 & !icmp_ln307)> <Delay = 2.47> <CoreInst = "Cmp">   --->   Core 9 'Cmp' <Latency = 0> <II = 1> <Delay = 2.47> <FuncUnit> <Opcode : 'icmp'> <InPorts = 2> <OutPorts = 1>
ST_4 : Operation 46 [1/1] (2.55ns)   --->   "%add_ln313 = add i32 %sY_2_load, i32 1" [firmware/nnet_utils/nnet_conv_stream.h:313]   --->   Operation 46 'add' 'add_ln313' <Predicate = (icmp_ln303 & !icmp_ln307)> <Delay = 2.55> <CoreInst = "Adder">   --->   Core 1 'Adder' <Latency = 0> <II = 1> <Delay = 2.55> <FuncUnit> <Opcode : 'add' 'sub'> <InPorts = 2> <OutPorts = 1>
ST_4 : Operation 47 [1/1] (0.69ns)   --->   "%select_ln313 = select i1 %icmp_ln313, i32 2, i32 %add_ln313" [firmware/nnet_utils/nnet_conv_stream.h:313]   --->   Operation 47 'select' 'select_ln313' <Predicate = (icmp_ln303 & !icmp_ln307)> <Delay = 0.69> <CoreInst = "Sel">   --->   Core 73 'Sel' <Latency = 0> <II = 1> <Delay = 0.69> <FuncUnit> <Opcode : 'select'> <InPorts = 3> <OutPorts = 1>
ST_4 : Operation 48 [1/1] (1.58ns)   --->   "%br_ln0 = br void"   --->   Operation 48 'br' 'br_ln0' <Predicate = (icmp_ln303 & !icmp_ln307)> <Delay = 1.58>
ST_4 : Operation 49 [1/1] (1.58ns)   --->   "%store_ln308 = store i32 0, i32 %pY_2" [firmware/nnet_utils/nnet_conv_stream.h:308]   --->   Operation 49 'store' 'store_ln308' <Predicate = (icmp_ln303 & icmp_ln307)> <Delay = 1.58>
ST_4 : Operation 50 [1/1] (1.58ns)   --->   "%br_ln310 = br void" [firmware/nnet_utils/nnet_conv_stream.h:310]   --->   Operation 50 'br' 'br_ln310' <Predicate = (icmp_ln303 & icmp_ln307)> <Delay = 1.58>
ST_4 : Operation 51 [1/1] (0.00ns)   --->   "%storemerge = phi i32 %select_ln313, void, i32 0, void" [firmware/nnet_utils/nnet_conv_stream.h:313]   --->   Operation 51 'phi' 'storemerge' <Predicate = (icmp_ln303)> <Delay = 0.00>
ST_4 : Operation 52 [1/1] (0.00ns)   --->   "%store_ln309 = store i32 %storemerge, i32 %sY_2" [firmware/nnet_utils/nnet_conv_stream.h:309]   --->   Operation 52 'store' 'store_ln309' <Predicate = (icmp_ln303)> <Delay = 0.00>
ST_4 : Operation 53 [1/1] (0.00ns)   --->   "%br_ln315 = br void" [firmware/nnet_utils/nnet_conv_stream.h:315]   --->   Operation 53 'br' 'br_ln315' <Predicate = (icmp_ln303)> <Delay = 0.00>
ST_4 : Operation 54 [1/1] (0.00ns)   --->   "%ret_ln320 = ret" [firmware/nnet_utils/nnet_conv_stream.h:320]   --->   Operation 54 'ret' 'ret_ln320' <Predicate = true> <Delay = 0.00>


============================================================
+ Verbose Summary: Timing violations
============================================================
Target clock period: 10ns, clock uncertainty: 2.7ns.

 <State 1>: 3.23ns
The critical path consists of the following:
	wire read operation ('p_read_10') on port 'p_read' [21]  (0 ns)
	'call' operation ('call_ln281', firmware/nnet_utils/nnet_conv_stream.h:281) to 'shift_line_buffer<array<ap_fixed<16, 6, 5, 3, 0>, 1u>, config2>' [22]  (3.23 ns)

 <State 2>: 4.43ns
The critical path consists of the following:
	'load' operation ('sY_2_load', firmware/nnet_utils/nnet_conv_stream.h:284) on static variable 'sY_2' [25]  (0 ns)
	'icmp' operation ('icmp_ln284_7', firmware/nnet_utils/nnet_conv_stream.h:284) [30]  (2.47 ns)
	'and' operation ('and_ln284_3', firmware/nnet_utils/nnet_conv_stream.h:284) [36]  (0.978 ns)
	blocking operation 0.978 ns on control path)

 <State 3>: 5.82ns
The critical path consists of the following:
	'call' operation ('tmp', firmware/nnet_utils/nnet_dense.h:76) to 'dense_resource_rf_gt_nin_rem0<ap_fixed<16, 6, 5, 3, 0>, ap_fixed<37, 17, 5, 3, 0>, config2_mult>' [39]  (5.82 ns)

 <State 4>: 7.59ns
The critical path consists of the following:
	'add' operation ('add_ln303', firmware/nnet_utils/nnet_conv_stream.h:303) [48]  (2.55 ns)
	'icmp' operation ('icmp_ln303', firmware/nnet_utils/nnet_conv_stream.h:303) [49]  (2.47 ns)
	blocking operation 2.57 ns on control path)


============================================================
+ Verbose Summary: Binding
============================================================
N/A
* FSMD analyzer results:
  - Output states:
 - Input state : 
  - Chain level:
	State 1
	State 2
	State 3
	State 4


============================================================
+ Verbose Summary: Datapath Resource usage 
============================================================
N/A
