

================================================================
== Vitis HLS Report for 'relu_array_ap_fixed_37_17_5_3_0_4u_array_ap_fixed_16_6_5_3_0_4u_relu_config3_s'
================================================================
* Date:           Tue May 26 01:12:50 2026

* Version:        2021.2 (Build 3367213 on Tue Oct 19 02:48:09 MDT 2021)
* Project:        edge_cnn_linear_stream_prj
* Solution:       solution1 (Vivado IP Flow Target)
* Product family: zynq
* Target device:  xc7z020-clg400-1


================================================================
== Performance Estimates
================================================================
+ Timing: 
    * Summary: 
    +--------+----------+----------+------------+
    |  Clock |  Target  | Estimated| Uncertainty|
    +--------+----------+----------+------------+
    |ap_clk  |  10.00 ns|  6.822 ns|     2.70 ns|
    +--------+----------+----------+------------+

+ Latency: 
    * Summary: 
    +---------+---------+----------+----------+-------+-------+---------+
    |  Latency (cycles) |  Latency (absolute) |    Interval   | Pipeline|
    |   min   |   max   |    min   |    max   |  min  |  max  |   Type  |
    +---------+---------+----------+----------+-------+-------+---------+
    |    19605|    19605|  0.196 ms|  0.196 ms|  19605|  19605|       no|
    +---------+---------+----------+----------+-------+-------+---------+

    + Detail: 
        * Instance: 
        N/A

        * Loop: 
        +---------------+---------+---------+----------+-----------+-----------+-------+----------+
        |               |  Latency (cycles) | Iteration|  Initiation Interval  |  Trip |          |
        |   Loop Name   |   min   |   max   |  Latency |  achieved |   target  | Count | Pipelined|
        +---------------+---------+---------+----------+-----------+-----------+-------+----------+
        |- ReLUActLoop  |    19603|    19603|         3|          1|          1|  19602|       yes|
        +---------------+---------+---------+----------+-----------+-----------+-------+----------+

============================================================
+ Verbose Summary: Synthesis Manager
============================================================
InlineROM: 1
ExposeGlobal: 0
============================================================
+ Verbose Summary: CDFG Model
============================================================
IsTopModel: 0
ResetActiveHigh: 1
IsCombinational: 2
IsDatapathOnly: 0
HasWiredReturn: 1
HasMFsm: 2
HasVarLatency: 1
IsPipeline: 0
IsRtlPipelined: 0
IsInstanceOverlapped: 0
IsDontTouch: 0
HasImplIP: 0
IsGatedGlobalClock: 0

+ Individual pipeline summary: 
  * Pipeline-0: initiation interval (II) = 1, depth = 3


============================================================
+ Verbose Summary: Schedule
============================================================
* Number of FSM states : 3
* Pipeline : 1
  Pipeline-0 : II = 1, D = 3, States = { 1 2 3 }
* Dataflow Pipeline: 0

* FSM state transitions: 
1 --> 2 
2 --> 3 
3 --> 

* FSM state operations: 

State 1 <SV = 0> <Delay = 3.90>
ST_1 : Operation 6 [1/1] (0.00ns)   --->   "%i = alloca i32 1"   --->   Operation 6 'alloca' 'i' <Predicate = true> <Delay = 0.00>
ST_1 : Operation 7 [1/1] (0.00ns)   --->   "%specinterface_ln0 = specinterface void @_ssdm_op_SpecInterface, i64 %layer3_out, void @empty_5, i32 0, i32 0, void @empty_7, i32 0, i32 0, void @empty_7, void @empty_7, void @empty_7, i32 0, i32 0, i32 0, i32 0, void @empty_7, void @empty_7"   --->   Operation 7 'specinterface' 'specinterface_ln0' <Predicate = true> <Delay = 0.00>
ST_1 : Operation 8 [1/1] (0.00ns)   --->   "%specinterface_ln0 = specinterface void @_ssdm_op_SpecInterface, i148 %layer2_out, void @empty_5, i32 0, i32 0, void @empty_7, i32 0, i32 0, void @empty_7, void @empty_7, void @empty_7, i32 0, i32 0, i32 0, i32 0, void @empty_7, void @empty_7"   --->   Operation 8 'specinterface' 'specinterface_ln0' <Predicate = true> <Delay = 0.00>
ST_1 : Operation 9 [1/1] (1.58ns)   --->   "%store_ln41 = store i15 0, i15 %i" [firmware/nnet_utils/nnet_activation_stream.h:41]   --->   Operation 9 'store' 'store_ln41' <Predicate = true> <Delay = 1.58>
ST_1 : Operation 10 [1/1] (0.00ns)   --->   "%br_ln41 = br void %_ZgtILi37ELi17ELb1EL9ap_q_mode5EL9ap_o_mode3ELi0EEbRK13ap_fixed_baseIXT_EXT0_EXT1_EXT2_EXT3_EXT4_EEi.exit" [firmware/nnet_utils/nnet_activation_stream.h:41]   --->   Operation 10 'br' 'br_ln41' <Predicate = true> <Delay = 0.00>
ST_1 : Operation 11 [1/1] (0.00ns)   --->   "%i_6 = load i15 %i" [firmware/nnet_utils/nnet_activation_stream.h:41]   --->   Operation 11 'load' 'i_6' <Predicate = true> <Delay = 0.00>
ST_1 : Operation 12 [1/1] (2.31ns)   --->   "%icmp_ln41 = icmp_eq  i15 %i_6, i15 19602" [firmware/nnet_utils/nnet_activation_stream.h:41]   --->   Operation 12 'icmp' 'icmp_ln41' <Predicate = true> <Delay = 2.31> <CoreInst = "Cmp">   --->   Core 9 'Cmp' <Latency = 0> <II = 1> <Delay = 2.51> <FuncUnit> <Opcode : 'icmp'> <InPorts = 2> <OutPorts = 1>
ST_1 : Operation 13 [1/1] (0.00ns)   --->   "%empty = speclooptripcount i32 @_ssdm_op_SpecLoopTripCount, i64 19602, i64 19602, i64 19602"   --->   Operation 13 'speclooptripcount' 'empty' <Predicate = true> <Delay = 0.00>
ST_1 : Operation 14 [1/1] (1.94ns)   --->   "%i_7 = add i15 %i_6, i15 1" [firmware/nnet_utils/nnet_activation_stream.h:41]   --->   Operation 14 'add' 'i_7' <Predicate = true> <Delay = 1.94> <CoreInst = "Adder">   --->   Core 1 'Adder' <Latency = 0> <II = 1> <Delay = 1.94> <FuncUnit> <Opcode : 'add' 'sub'> <InPorts = 2> <OutPorts = 1>
ST_1 : Operation 15 [1/1] (0.00ns)   --->   "%br_ln41 = br i1 %icmp_ln41, void %_ZgtILi37ELi17ELb1EL9ap_q_mode5EL9ap_o_mode3ELi0EEbRK13ap_fixed_baseIXT_EXT0_EXT1_EXT2_EXT3_EXT4_EEi.exit.split, void" [firmware/nnet_utils/nnet_activation_stream.h:41]   --->   Operation 15 'br' 'br_ln41' <Predicate = true> <Delay = 0.00>
ST_1 : Operation 16 [1/1] (1.58ns)   --->   "%store_ln41 = store i15 %i_7, i15 %i" [firmware/nnet_utils/nnet_activation_stream.h:41]   --->   Operation 16 'store' 'store_ln41' <Predicate = (!icmp_ln41)> <Delay = 1.58>

State 2 <SV = 1> <Delay = 6.82>
ST_2 : Operation 17 [1/1] (3.50ns)   --->   "%layer2_out_read = read i148 @_ssdm_op_Read.ap_fifo.volatile.i148P0A, i148 %layer2_out" [C:/Xilinx/Vitis_HLS/2021.2/common/technology/autopilot/hls_stream_39.h:144]   --->   Operation 17 'read' 'layer2_out_read' <Predicate = true> <Delay = 3.50> <CoreInst = "FIFO">   --->   Core 78 'FIFO' <Latency = 0> <II = 1> <Delay = 3.50> <Storage> <Opcode : 'read' 'write' 'nbread' 'nbwrite'> <Ports = 0> <Width = 148> <Depth = 19602> <FIFO>
ST_2 : Operation 18 [1/1] (0.00ns)   --->   "%trunc_ln144 = trunc i148 %layer2_out_read" [C:/Xilinx/Vitis_HLS/2021.2/common/technology/autopilot/hls_stream_39.h:144]   --->   Operation 18 'trunc' 'trunc_ln144' <Predicate = true> <Delay = 0.00>
ST_2 : Operation 19 [1/1] (0.00ns)   --->   "%trunc_ln144_s = partselect i37 @_ssdm_op_PartSelect.i37.i148.i32.i32, i148 %layer2_out_read, i32 37, i32 73" [C:/Xilinx/Vitis_HLS/2021.2/common/technology/autopilot/hls_stream_39.h:144]   --->   Operation 19 'partselect' 'trunc_ln144_s' <Predicate = true> <Delay = 0.00>
ST_2 : Operation 20 [1/1] (0.00ns)   --->   "%trunc_ln144_1 = partselect i37 @_ssdm_op_PartSelect.i37.i148.i32.i32, i148 %layer2_out_read, i32 74, i32 110" [C:/Xilinx/Vitis_HLS/2021.2/common/technology/autopilot/hls_stream_39.h:144]   --->   Operation 20 'partselect' 'trunc_ln144_1' <Predicate = true> <Delay = 0.00>
ST_2 : Operation 21 [1/1] (0.00ns)   --->   "%trunc_ln144_2 = partselect i37 @_ssdm_op_PartSelect.i37.i148.i32.i32, i148 %layer2_out_read, i32 111, i32 147" [C:/Xilinx/Vitis_HLS/2021.2/common/technology/autopilot/hls_stream_39.h:144]   --->   Operation 21 'partselect' 'trunc_ln144_2' <Predicate = true> <Delay = 0.00>
ST_2 : Operation 22 [1/1] (2.51ns)   --->   "%icmp_ln1547 = icmp_sgt  i37 %trunc_ln144, i37 0"   --->   Operation 22 'icmp' 'icmp_ln1547' <Predicate = true> <Delay = 2.51> <CoreInst = "Cmp">   --->   Core 9 'Cmp' <Latency = 0> <II = 1> <Delay = 2.51> <FuncUnit> <Opcode : 'icmp'> <InPorts = 2> <OutPorts = 1>
ST_2 : Operation 23 [1/1] (0.00ns)   --->   "%trunc_ln2 = partselect i16 @_ssdm_op_PartSelect.i16.i148.i32.i32, i148 %layer2_out_read, i32 10, i32 25"   --->   Operation 23 'partselect' 'trunc_ln2' <Predicate = true> <Delay = 0.00>
ST_2 : Operation 24 [1/1] (0.80ns)   --->   "%select_ln51 = select i1 %icmp_ln1547, i16 %trunc_ln2, i16 0" [firmware/nnet_utils/nnet_activation_stream.h:51]   --->   Operation 24 'select' 'select_ln51' <Predicate = true> <Delay = 0.80> <CoreInst = "Sel">   --->   Core 73 'Sel' <Latency = 0> <II = 1> <Delay = 0.80> <FuncUnit> <Opcode : 'select'> <InPorts = 3> <OutPorts = 1>
ST_2 : Operation 25 [1/1] (2.51ns)   --->   "%icmp_ln1547_4 = icmp_sgt  i37 %trunc_ln144_s, i37 0"   --->   Operation 25 'icmp' 'icmp_ln1547_4' <Predicate = true> <Delay = 2.51> <CoreInst = "Cmp">   --->   Core 9 'Cmp' <Latency = 0> <II = 1> <Delay = 2.51> <FuncUnit> <Opcode : 'icmp'> <InPorts = 2> <OutPorts = 1>
ST_2 : Operation 26 [1/1] (0.00ns)   --->   "%trunc_ln717_4 = partselect i16 @_ssdm_op_PartSelect.i16.i148.i32.i32, i148 %layer2_out_read, i32 47, i32 62"   --->   Operation 26 'partselect' 'trunc_ln717_4' <Predicate = true> <Delay = 0.00>
ST_2 : Operation 27 [1/1] (0.80ns)   --->   "%select_ln51_4 = select i1 %icmp_ln1547_4, i16 %trunc_ln717_4, i16 0" [firmware/nnet_utils/nnet_activation_stream.h:51]   --->   Operation 27 'select' 'select_ln51_4' <Predicate = true> <Delay = 0.80> <CoreInst = "Sel">   --->   Core 73 'Sel' <Latency = 0> <II = 1> <Delay = 0.80> <FuncUnit> <Opcode : 'select'> <InPorts = 3> <OutPorts = 1>
ST_2 : Operation 28 [1/1] (2.51ns)   --->   "%icmp_ln1547_5 = icmp_sgt  i37 %trunc_ln144_1, i37 0"   --->   Operation 28 'icmp' 'icmp_ln1547_5' <Predicate = true> <Delay = 2.51> <CoreInst = "Cmp">   --->   Core 9 'Cmp' <Latency = 0> <II = 1> <Delay = 2.51> <FuncUnit> <Opcode : 'icmp'> <InPorts = 2> <OutPorts = 1>
ST_2 : Operation 29 [1/1] (0.00ns)   --->   "%trunc_ln717_5 = partselect i16 @_ssdm_op_PartSelect.i16.i148.i32.i32, i148 %layer2_out_read, i32 84, i32 99"   --->   Operation 29 'partselect' 'trunc_ln717_5' <Predicate = true> <Delay = 0.00>
ST_2 : Operation 30 [1/1] (0.80ns)   --->   "%select_ln51_5 = select i1 %icmp_ln1547_5, i16 %trunc_ln717_5, i16 0" [firmware/nnet_utils/nnet_activation_stream.h:51]   --->   Operation 30 'select' 'select_ln51_5' <Predicate = true> <Delay = 0.80> <CoreInst = "Sel">   --->   Core 73 'Sel' <Latency = 0> <II = 1> <Delay = 0.80> <FuncUnit> <Opcode : 'select'> <InPorts = 3> <OutPorts = 1>
ST_2 : Operation 31 [1/1] (2.51ns)   --->   "%icmp_ln1547_6 = icmp_sgt  i37 %trunc_ln144_2, i37 0"   --->   Operation 31 'icmp' 'icmp_ln1547_6' <Predicate = true> <Delay = 2.51> <CoreInst = "Cmp">   --->   Core 9 'Cmp' <Latency = 0> <II = 1> <Delay = 2.51> <FuncUnit> <Opcode : 'icmp'> <InPorts = 2> <OutPorts = 1>
ST_2 : Operation 32 [1/1] (0.00ns)   --->   "%trunc_ln717_6 = partselect i16 @_ssdm_op_PartSelect.i16.i148.i32.i32, i148 %layer2_out_read, i32 121, i32 136"   --->   Operation 32 'partselect' 'trunc_ln717_6' <Predicate = true> <Delay = 0.00>
ST_2 : Operation 33 [1/1] (0.80ns)   --->   "%select_ln51_6 = select i1 %icmp_ln1547_6, i16 %trunc_ln717_6, i16 0" [firmware/nnet_utils/nnet_activation_stream.h:51]   --->   Operation 33 'select' 'select_ln51_6' <Predicate = true> <Delay = 0.80> <CoreInst = "Sel">   --->   Core 73 'Sel' <Latency = 0> <II = 1> <Delay = 0.80> <FuncUnit> <Opcode : 'select'> <InPorts = 3> <OutPorts = 1>
ST_2 : Operation 39 [1/1] (0.00ns)   --->   "%ret_ln59 = ret" [firmware/nnet_utils/nnet_activation_stream.h:59]   --->   Operation 39 'ret' 'ret_ln59' <Predicate = (icmp_ln41)> <Delay = 0.00>

State 3 <SV = 2> <Delay = 3.50>
ST_3 : Operation 34 [1/1] (0.00ns)   --->   "%specpipeline_ln41 = specpipeline void @_ssdm_op_SpecPipeline, i32 4294967295, i32 0, i32 0, i32 0, void @empty_7" [firmware/nnet_utils/nnet_activation_stream.h:41]   --->   Operation 34 'specpipeline' 'specpipeline_ln41' <Predicate = true> <Delay = 0.00>
ST_3 : Operation 35 [1/1] (0.00ns)   --->   "%specloopname_ln41 = specloopname void @_ssdm_op_SpecLoopName, void @empty_9" [firmware/nnet_utils/nnet_activation_stream.h:41]   --->   Operation 35 'specloopname' 'specloopname_ln41' <Predicate = true> <Delay = 0.00>
ST_3 : Operation 36 [1/1] (0.00ns)   --->   "%or_ln173_8 = bitconcatenate i64 @_ssdm_op_BitConcatenate.i64.i16.i16.i16.i16, i16 %select_ln51_6, i16 %select_ln51_5, i16 %select_ln51_4, i16 %select_ln51" [C:/Xilinx/Vitis_HLS/2021.2/common/technology/autopilot/hls_stream_39.h:173]   --->   Operation 36 'bitconcatenate' 'or_ln173_8' <Predicate = true> <Delay = 0.00>
ST_3 : Operation 37 [1/1] (3.50ns)   --->   "%write_ln173 = write void @_ssdm_op_Write.ap_fifo.volatile.i64P0A, i64 %layer3_out, i64 %or_ln173_8" [C:/Xilinx/Vitis_HLS/2021.2/common/technology/autopilot/hls_stream_39.h:173]   --->   Operation 37 'write' 'write_ln173' <Predicate = true> <Delay = 3.50> <CoreInst = "FIFO">   --->   Core 78 'FIFO' <Latency = 0> <II = 1> <Delay = 3.50> <Storage> <Opcode : 'read' 'write' 'nbread' 'nbwrite'> <Ports = 0> <Width = 64> <Depth = 19602> <FIFO>
ST_3 : Operation 38 [1/1] (0.00ns)   --->   "%br_ln0 = br void %_ZgtILi37ELi17ELb1EL9ap_q_mode5EL9ap_o_mode3ELi0EEbRK13ap_fixed_baseIXT_EXT0_EXT1_EXT2_EXT3_EXT4_EEi.exit"   --->   Operation 38 'br' 'br_ln0' <Predicate = true> <Delay = 0.00>


============================================================
+ Verbose Summary: Timing violations
============================================================
Target clock period: 10ns, clock uncertainty: 2.7ns.

 <State 1>: 3.91ns
The critical path consists of the following:
	'alloca' operation ('i') [3]  (0 ns)
	'load' operation ('i', firmware/nnet_utils/nnet_activation_stream.h:41) on local variable 'i' [9]  (0 ns)
	'add' operation ('i', firmware/nnet_utils/nnet_activation_stream.h:41) [12]  (1.94 ns)
	'store' operation ('store_ln41', firmware/nnet_utils/nnet_activation_stream.h:41) of variable 'i', firmware/nnet_utils/nnet_activation_stream.h:41 on local variable 'i' [36]  (1.59 ns)
	blocking operation 0.375 ns on control path)

 <State 2>: 6.82ns
The critical path consists of the following:
	fifo read operation ('layer2_out_read', C:/Xilinx/Vitis_HLS/2021.2/common/technology/autopilot/hls_stream_39.h:144) on port 'layer2_out' (C:/Xilinx/Vitis_HLS/2021.2/common/technology/autopilot/hls_stream_39.h:144) [17]  (3.51 ns)
	'icmp' operation ('icmp_ln1547') [22]  (2.51 ns)
	'select' operation ('select_ln51', firmware/nnet_utils/nnet_activation_stream.h:51) [24]  (0.805 ns)

 <State 3>: 3.51ns
The critical path consists of the following:
	fifo write operation ('write_ln173', C:/Xilinx/Vitis_HLS/2021.2/common/technology/autopilot/hls_stream_39.h:173) on port 'layer3_out' (C:/Xilinx/Vitis_HLS/2021.2/common/technology/autopilot/hls_stream_39.h:173) [35]  (3.51 ns)


============================================================
+ Verbose Summary: Binding
============================================================
N/A
* FSMD analyzer results:
  - Output states:
 - Input state : 
  - Chain level:
	State 1
	State 2
	State 3


============================================================
+ Verbose Summary: Datapath Resource usage 
============================================================
N/A
