

================================================================
== Vitis HLS Report for 'relu_array_ap_fixed_39_19_5_3_0_4u_array_ap_fixed_16_6_5_3_0_4u_relu_config5_s'
================================================================
* Date:           Tue May 26 01:12:55 2026

* Version:        2021.2 (Build 3367213 on Tue Oct 19 02:48:09 MDT 2021)
* Project:        edge_cnn_linear_stream_prj
* Solution:       solution1 (Vivado IP Flow Target)
* Product family: zynq
* Target device:  xc7z020-clg400-1


================================================================
== Performance Estimates
================================================================
+ Timing: 
    * Summary: 
    +--------+----------+----------+------------+
    |  Clock |  Target  | Estimated| Uncertainty|
    +--------+----------+----------+------------+
    |ap_clk  |  10.00 ns|  6.838 ns|     2.70 ns|
    +--------+----------+----------+------------+

+ Latency: 
    * Summary: 
    +---------+---------+----------+----------+-------+-------+---------+
    |  Latency (cycles) |  Latency (absolute) |    Interval   | Pipeline|
    |   min   |   max   |    min   |    max   |  min  |  max  |   Type  |
    +---------+---------+----------+----------+-------+-------+---------+
    |    19605|    19605|  0.196 ms|  0.196 ms|  19605|  19605|       no|
    +---------+---------+----------+----------+-------+-------+---------+

    + Detail: 
        * Instance: 
        N/A

        * Loop: 
        +---------------+---------+---------+----------+-----------+-----------+-------+----------+
        |               |  Latency (cycles) | Iteration|  Initiation Interval  |  Trip |          |
        |   Loop Name   |   min   |   max   |  Latency |  achieved |   target  | Count | Pipelined|
        +---------------+---------+---------+----------+-----------+-----------+-------+----------+
        |- ReLUActLoop  |    19603|    19603|         3|          1|          1|  19602|       yes|
        +---------------+---------+---------+----------+-----------+-----------+-------+----------+

============================================================
+ Verbose Summary: Synthesis Manager
============================================================
InlineROM: 1
ExposeGlobal: 0
============================================================
+ Verbose Summary: CDFG Model
============================================================
IsTopModel: 0
ResetActiveHigh: 1
IsCombinational: 2
IsDatapathOnly: 0
HasWiredReturn: 1
HasMFsm: 2
HasVarLatency: 1
IsPipeline: 0
IsRtlPipelined: 0
IsInstanceOverlapped: 0
IsDontTouch: 0
HasImplIP: 0
IsGatedGlobalClock: 0

+ Individual pipeline summary: 
  * Pipeline-0: initiation interval (II) = 1, depth = 3


============================================================
+ Verbose Summary: Schedule
============================================================
* Number of FSM states : 3
* Pipeline : 1
  Pipeline-0 : II = 1, D = 3, States = { 1 2 3 }
* Dataflow Pipeline: 0

* FSM state transitions: 
1 --> 2 
2 --> 3 
3 --> 

* FSM state operations: 

State 1 <SV = 0> <Delay = 3.90>
ST_1 : Operation 6 [1/1] (0.00ns)   --->   "%i = alloca i32 1"   --->   Operation 6 'alloca' 'i' <Predicate = true> <Delay = 0.00>
ST_1 : Operation 7 [1/1] (0.00ns)   --->   "%specinterface_ln0 = specinterface void @_ssdm_op_SpecInterface, i64 %layer5_out, void @empty_5, i32 0, i32 0, void @empty_7, i32 0, i32 0, void @empty_7, void @empty_7, void @empty_7, i32 0, i32 0, i32 0, i32 0, void @empty_7, void @empty_7"   --->   Operation 7 'specinterface' 'specinterface_ln0' <Predicate = true> <Delay = 0.00>
ST_1 : Operation 8 [1/1] (0.00ns)   --->   "%specinterface_ln0 = specinterface void @_ssdm_op_SpecInterface, i156 %layer4_out, void @empty_5, i32 0, i32 0, void @empty_7, i32 0, i32 0, void @empty_7, void @empty_7, void @empty_7, i32 0, i32 0, i32 0, i32 0, void @empty_7, void @empty_7"   --->   Operation 8 'specinterface' 'specinterface_ln0' <Predicate = true> <Delay = 0.00>
ST_1 : Operation 9 [1/1] (1.58ns)   --->   "%store_ln41 = store i15 0, i15 %i" [firmware/nnet_utils/nnet_activation_stream.h:41]   --->   Operation 9 'store' 'store_ln41' <Predicate = true> <Delay = 1.58>
ST_1 : Operation 10 [1/1] (0.00ns)   --->   "%br_ln41 = br void %_ZgtILi39ELi19ELb1EL9ap_q_mode5EL9ap_o_mode3ELi0EEbRK13ap_fixed_baseIXT_EXT0_EXT1_EXT2_EXT3_EXT4_EEi.exit" [firmware/nnet_utils/nnet_activation_stream.h:41]   --->   Operation 10 'br' 'br_ln41' <Predicate = true> <Delay = 0.00>
ST_1 : Operation 11 [1/1] (0.00ns)   --->   "%i_4 = load i15 %i" [firmware/nnet_utils/nnet_activation_stream.h:41]   --->   Operation 11 'load' 'i_4' <Predicate = true> <Delay = 0.00>
ST_1 : Operation 12 [1/1] (2.31ns)   --->   "%icmp_ln41 = icmp_eq  i15 %i_4, i15 19602" [firmware/nnet_utils/nnet_activation_stream.h:41]   --->   Operation 12 'icmp' 'icmp_ln41' <Predicate = true> <Delay = 2.31> <CoreInst = "Cmp">   --->   Core 9 'Cmp' <Latency = 0> <II = 1> <Delay = 2.52> <FuncUnit> <Opcode : 'icmp'> <InPorts = 2> <OutPorts = 1>
ST_1 : Operation 13 [1/1] (0.00ns)   --->   "%empty = speclooptripcount i32 @_ssdm_op_SpecLoopTripCount, i64 19602, i64 19602, i64 19602"   --->   Operation 13 'speclooptripcount' 'empty' <Predicate = true> <Delay = 0.00>
ST_1 : Operation 14 [1/1] (1.94ns)   --->   "%i_5 = add i15 %i_4, i15 1" [firmware/nnet_utils/nnet_activation_stream.h:41]   --->   Operation 14 'add' 'i_5' <Predicate = true> <Delay = 1.94> <CoreInst = "Adder">   --->   Core 1 'Adder' <Latency = 0> <II = 1> <Delay = 1.94> <FuncUnit> <Opcode : 'add' 'sub'> <InPorts = 2> <OutPorts = 1>
ST_1 : Operation 15 [1/1] (0.00ns)   --->   "%br_ln41 = br i1 %icmp_ln41, void %_ZgtILi39ELi19ELb1EL9ap_q_mode5EL9ap_o_mode3ELi0EEbRK13ap_fixed_baseIXT_EXT0_EXT1_EXT2_EXT3_EXT4_EEi.exit.split, void" [firmware/nnet_utils/nnet_activation_stream.h:41]   --->   Operation 15 'br' 'br_ln41' <Predicate = true> <Delay = 0.00>
ST_1 : Operation 16 [1/1] (1.58ns)   --->   "%store_ln41 = store i15 %i_5, i15 %i" [firmware/nnet_utils/nnet_activation_stream.h:41]   --->   Operation 16 'store' 'store_ln41' <Predicate = (!icmp_ln41)> <Delay = 1.58>

State 2 <SV = 1> <Delay = 6.83>
ST_2 : Operation 17 [1/1] (3.50ns)   --->   "%layer4_out_read = read i156 @_ssdm_op_Read.ap_fifo.volatile.i156P0A, i156 %layer4_out" [C:/Xilinx/Vitis_HLS/2021.2/common/technology/autopilot/hls_stream_39.h:144]   --->   Operation 17 'read' 'layer4_out_read' <Predicate = true> <Delay = 3.50> <CoreInst = "FIFO">   --->   Core 78 'FIFO' <Latency = 0> <II = 1> <Delay = 3.50> <Storage> <Opcode : 'read' 'write' 'nbread' 'nbwrite'> <Ports = 0> <Width = 156> <Depth = 19602> <FIFO>
ST_2 : Operation 18 [1/1] (0.00ns)   --->   "%trunc_ln144 = trunc i156 %layer4_out_read" [C:/Xilinx/Vitis_HLS/2021.2/common/technology/autopilot/hls_stream_39.h:144]   --->   Operation 18 'trunc' 'trunc_ln144' <Predicate = true> <Delay = 0.00>
ST_2 : Operation 19 [1/1] (0.00ns)   --->   "%trunc_ln144_7 = partselect i39 @_ssdm_op_PartSelect.i39.i156.i32.i32, i156 %layer4_out_read, i32 39, i32 77" [C:/Xilinx/Vitis_HLS/2021.2/common/technology/autopilot/hls_stream_39.h:144]   --->   Operation 19 'partselect' 'trunc_ln144_7' <Predicate = true> <Delay = 0.00>
ST_2 : Operation 20 [1/1] (0.00ns)   --->   "%trunc_ln144_8 = partselect i39 @_ssdm_op_PartSelect.i39.i156.i32.i32, i156 %layer4_out_read, i32 78, i32 116" [C:/Xilinx/Vitis_HLS/2021.2/common/technology/autopilot/hls_stream_39.h:144]   --->   Operation 20 'partselect' 'trunc_ln144_8' <Predicate = true> <Delay = 0.00>
ST_2 : Operation 21 [1/1] (0.00ns)   --->   "%trunc_ln144_9 = partselect i39 @_ssdm_op_PartSelect.i39.i156.i32.i32, i156 %layer4_out_read, i32 117, i32 155" [C:/Xilinx/Vitis_HLS/2021.2/common/technology/autopilot/hls_stream_39.h:144]   --->   Operation 21 'partselect' 'trunc_ln144_9' <Predicate = true> <Delay = 0.00>
ST_2 : Operation 22 [1/1] (2.52ns)   --->   "%icmp_ln1547 = icmp_sgt  i39 %trunc_ln144, i39 0"   --->   Operation 22 'icmp' 'icmp_ln1547' <Predicate = true> <Delay = 2.52> <CoreInst = "Cmp">   --->   Core 9 'Cmp' <Latency = 0> <II = 1> <Delay = 2.52> <FuncUnit> <Opcode : 'icmp'> <InPorts = 2> <OutPorts = 1>
ST_2 : Operation 23 [1/1] (0.00ns)   --->   "%trunc_ln1 = partselect i16 @_ssdm_op_PartSelect.i16.i156.i32.i32, i156 %layer4_out_read, i32 10, i32 25"   --->   Operation 23 'partselect' 'trunc_ln1' <Predicate = true> <Delay = 0.00>
ST_2 : Operation 24 [1/1] (0.80ns)   --->   "%select_ln51 = select i1 %icmp_ln1547, i16 %trunc_ln1, i16 0" [firmware/nnet_utils/nnet_activation_stream.h:51]   --->   Operation 24 'select' 'select_ln51' <Predicate = true> <Delay = 0.80> <CoreInst = "Sel">   --->   Core 73 'Sel' <Latency = 0> <II = 1> <Delay = 0.80> <FuncUnit> <Opcode : 'select'> <InPorts = 3> <OutPorts = 1>
ST_2 : Operation 25 [1/1] (2.52ns)   --->   "%icmp_ln1547_1 = icmp_sgt  i39 %trunc_ln144_7, i39 0"   --->   Operation 25 'icmp' 'icmp_ln1547_1' <Predicate = true> <Delay = 2.52> <CoreInst = "Cmp">   --->   Core 9 'Cmp' <Latency = 0> <II = 1> <Delay = 2.52> <FuncUnit> <Opcode : 'icmp'> <InPorts = 2> <OutPorts = 1>
ST_2 : Operation 26 [1/1] (0.00ns)   --->   "%trunc_ln717_1 = partselect i16 @_ssdm_op_PartSelect.i16.i156.i32.i32, i156 %layer4_out_read, i32 49, i32 64"   --->   Operation 26 'partselect' 'trunc_ln717_1' <Predicate = true> <Delay = 0.00>
ST_2 : Operation 27 [1/1] (0.80ns)   --->   "%select_ln51_1 = select i1 %icmp_ln1547_1, i16 %trunc_ln717_1, i16 0" [firmware/nnet_utils/nnet_activation_stream.h:51]   --->   Operation 27 'select' 'select_ln51_1' <Predicate = true> <Delay = 0.80> <CoreInst = "Sel">   --->   Core 73 'Sel' <Latency = 0> <II = 1> <Delay = 0.80> <FuncUnit> <Opcode : 'select'> <InPorts = 3> <OutPorts = 1>
ST_2 : Operation 28 [1/1] (2.52ns)   --->   "%icmp_ln1547_2 = icmp_sgt  i39 %trunc_ln144_8, i39 0"   --->   Operation 28 'icmp' 'icmp_ln1547_2' <Predicate = true> <Delay = 2.52> <CoreInst = "Cmp">   --->   Core 9 'Cmp' <Latency = 0> <II = 1> <Delay = 2.52> <FuncUnit> <Opcode : 'icmp'> <InPorts = 2> <OutPorts = 1>
ST_2 : Operation 29 [1/1] (0.00ns)   --->   "%trunc_ln717_2 = partselect i16 @_ssdm_op_PartSelect.i16.i156.i32.i32, i156 %layer4_out_read, i32 88, i32 103"   --->   Operation 29 'partselect' 'trunc_ln717_2' <Predicate = true> <Delay = 0.00>
ST_2 : Operation 30 [1/1] (0.80ns)   --->   "%select_ln51_2 = select i1 %icmp_ln1547_2, i16 %trunc_ln717_2, i16 0" [firmware/nnet_utils/nnet_activation_stream.h:51]   --->   Operation 30 'select' 'select_ln51_2' <Predicate = true> <Delay = 0.80> <CoreInst = "Sel">   --->   Core 73 'Sel' <Latency = 0> <II = 1> <Delay = 0.80> <FuncUnit> <Opcode : 'select'> <InPorts = 3> <OutPorts = 1>
ST_2 : Operation 31 [1/1] (2.52ns)   --->   "%icmp_ln1547_3 = icmp_sgt  i39 %trunc_ln144_9, i39 0"   --->   Operation 31 'icmp' 'icmp_ln1547_3' <Predicate = true> <Delay = 2.52> <CoreInst = "Cmp">   --->   Core 9 'Cmp' <Latency = 0> <II = 1> <Delay = 2.52> <FuncUnit> <Opcode : 'icmp'> <InPorts = 2> <OutPorts = 1>
ST_2 : Operation 32 [1/1] (0.00ns)   --->   "%trunc_ln717_3 = partselect i16 @_ssdm_op_PartSelect.i16.i156.i32.i32, i156 %layer4_out_read, i32 127, i32 142"   --->   Operation 32 'partselect' 'trunc_ln717_3' <Predicate = true> <Delay = 0.00>
ST_2 : Operation 33 [1/1] (0.80ns)   --->   "%select_ln51_3 = select i1 %icmp_ln1547_3, i16 %trunc_ln717_3, i16 0" [firmware/nnet_utils/nnet_activation_stream.h:51]   --->   Operation 33 'select' 'select_ln51_3' <Predicate = true> <Delay = 0.80> <CoreInst = "Sel">   --->   Core 73 'Sel' <Latency = 0> <II = 1> <Delay = 0.80> <FuncUnit> <Opcode : 'select'> <InPorts = 3> <OutPorts = 1>
ST_2 : Operation 39 [1/1] (0.00ns)   --->   "%ret_ln59 = ret" [firmware/nnet_utils/nnet_activation_stream.h:59]   --->   Operation 39 'ret' 'ret_ln59' <Predicate = (icmp_ln41)> <Delay = 0.00>

State 3 <SV = 2> <Delay = 3.50>
ST_3 : Operation 34 [1/1] (0.00ns)   --->   "%specpipeline_ln41 = specpipeline void @_ssdm_op_SpecPipeline, i32 4294967295, i32 0, i32 0, i32 0, void @empty_7" [firmware/nnet_utils/nnet_activation_stream.h:41]   --->   Operation 34 'specpipeline' 'specpipeline_ln41' <Predicate = true> <Delay = 0.00>
ST_3 : Operation 35 [1/1] (0.00ns)   --->   "%specloopname_ln41 = specloopname void @_ssdm_op_SpecLoopName, void @empty_9" [firmware/nnet_utils/nnet_activation_stream.h:41]   --->   Operation 35 'specloopname' 'specloopname_ln41' <Predicate = true> <Delay = 0.00>
ST_3 : Operation 36 [1/1] (0.00ns)   --->   "%or_ln173_6 = bitconcatenate i64 @_ssdm_op_BitConcatenate.i64.i16.i16.i16.i16, i16 %select_ln51_3, i16 %select_ln51_2, i16 %select_ln51_1, i16 %select_ln51" [C:/Xilinx/Vitis_HLS/2021.2/common/technology/autopilot/hls_stream_39.h:173]   --->   Operation 36 'bitconcatenate' 'or_ln173_6' <Predicate = true> <Delay = 0.00>
ST_3 : Operation 37 [1/1] (3.50ns)   --->   "%write_ln173 = write void @_ssdm_op_Write.ap_fifo.volatile.i64P0A, i64 %layer5_out, i64 %or_ln173_6" [C:/Xilinx/Vitis_HLS/2021.2/common/technology/autopilot/hls_stream_39.h:173]   --->   Operation 37 'write' 'write_ln173' <Predicate = true> <Delay = 3.50> <CoreInst = "FIFO">   --->   Core 78 'FIFO' <Latency = 0> <II = 1> <Delay = 3.50> <Storage> <Opcode : 'read' 'write' 'nbread' 'nbwrite'> <Ports = 0> <Width = 64> <Depth = 19602> <FIFO>
ST_3 : Operation 38 [1/1] (0.00ns)   --->   "%br_ln0 = br void %_ZgtILi39ELi19ELb1EL9ap_q_mode5EL9ap_o_mode3ELi0EEbRK13ap_fixed_baseIXT_EXT0_EXT1_EXT2_EXT3_EXT4_EEi.exit"   --->   Operation 38 'br' 'br_ln0' <Predicate = true> <Delay = 0.00>


============================================================
+ Verbose Summary: Binding
============================================================
STG Binding: 
---------------- STG Properties BEGIN ----------------
- Is combinational: 0
- Is one-state seq: 0
- Is datapath-only: 0
- Is pipelined: 0
- Is top level: 0
Port [ Return ] is wired: 1; IO mode=ap_ctrl_hs:ce=0
Port [ layer4_out]:  wired=1; compound=1; hidden=0; nouse=0; global=0; static=0; extern=0; dir=0; type=3; pingpong=0; private_global=0; IO mode=ap_fifo:ce=0
Port [ layer5_out]:  wired=1; compound=1; hidden=0; nouse=0; global=0; static=0; extern=0; dir=1; type=3; pingpong=0; private_global=0; IO mode=ap_fifo:ce=0
---------------- STG Properties END ------------------

---------------- Datapath Model BEGIN ----------------

<LifeTime>
<method=bitvector/>
i                 (alloca           ) [ 0100]
specinterface_ln0 (specinterface    ) [ 0000]
specinterface_ln0 (specinterface    ) [ 0000]
store_ln41        (store            ) [ 0000]
br_ln41           (br               ) [ 0000]
i_4               (load             ) [ 0000]
icmp_ln41         (icmp             ) [ 0110]
empty             (speclooptripcount) [ 0000]
i_5               (add              ) [ 0000]
br_ln41           (br               ) [ 0000]
store_ln41        (store            ) [ 0000]
layer4_out_read   (read             ) [ 0000]
trunc_ln144       (trunc            ) [ 0000]
trunc_ln144_7     (partselect       ) [ 0000]
trunc_ln144_8     (partselect       ) [ 0000]
trunc_ln144_9     (partselect       ) [ 0000]
icmp_ln1547       (icmp             ) [ 0000]
trunc_ln1         (partselect       ) [ 0000]
select_ln51       (select           ) [ 0101]
icmp_ln1547_1     (icmp             ) [ 0000]
trunc_ln717_1     (partselect       ) [ 0000]
select_ln51_1     (select           ) [ 0101]
icmp_ln1547_2     (icmp             ) [ 0000]
trunc_ln717_2     (partselect       ) [ 0000]
select_ln51_2     (select           ) [ 0101]
icmp_ln1547_3     (icmp             ) [ 0000]
trunc_ln717_3     (partselect       ) [ 0000]
select_ln51_3     (select           ) [ 0101]
specpipeline_ln41 (specpipeline     ) [ 0000]
specloopname_ln41 (specloopname     ) [ 0000]
or_ln173_6        (bitconcatenate   ) [ 0000]
write_ln173       (write            ) [ 0000]
br_ln0            (br               ) [ 0000]
ret_ln59          (ret              ) [ 0000]
</LifeTime>

<model>

<comp_list>
<comp id="0" class="1000" name="layer4_out">
<pin_list>
<pin id="1" dir="1" index="0" bw="1" slack="0"/>
</pin_list>
<bind>
<StgValue><ssdm name="layer4_out"/></StgValue>
</bind>
</comp>

<comp id="2" class="1000" name="layer5_out">
<pin_list>
<pin id="3" dir="1" index="0" bw="1" slack="0"/>
</pin_list>
<bind>
<StgValue><ssdm name="layer5_out"/></StgValue>
</bind>
</comp>

<comp id="4" class="1001" name="const_4">
<pin_list>
<pin id="5" dir="1" index="0" bw="1" slack="0"/>
</pin_list>
<bind>
<StgValue><ssdm name=""/></StgValue>
</bind>
</comp>

<comp id="6" class="1001" name="const_6">
<pin_list>
<pin id="7" dir="1" index="0" bw="1" slack="2147483647"/>
</pin_list>
<bind>
<StgValue><ssdm name="_ssdm_op_SpecInterface"/></StgValue>
</bind>
</comp>

<comp id="8" class="1001" name="const_8">
<pin_list>
<pin id="9" dir="1" index="0" bw="1" slack="2147483647"/>
</pin_list>
<bind>
<StgValue><ssdm name="empty_5"/></StgValue>
</bind>
</comp>

<comp id="10" class="1001" name="const_10">
<pin_list>
<pin id="11" dir="1" index="0" bw="1" slack="2147483647"/>
</pin_list>
<bind>
<StgValue><ssdm name=""/></StgValue>
</bind>
</comp>

<comp id="12" class="1001" name="const_12">
<pin_list>
<pin id="13" dir="1" index="0" bw="1" slack="2147483647"/>
</pin_list>
<bind>
<StgValue><ssdm name="empty_7"/></StgValue>
</bind>
</comp>

<comp id="14" class="1001" name="const_14">
<pin_list>
<pin id="15" dir="1" index="0" bw="1" slack="0"/>
</pin_list>
<bind>
<StgValue><ssdm name=""/></StgValue>
</bind>
</comp>

<comp id="16" class="1001" name="const_16">
<pin_list>
<pin id="17" dir="1" index="0" bw="1" slack="0"/>
</pin_list>
<bind>
<StgValue><ssdm name=""/></StgValue>
</bind>
</comp>

<comp id="18" class="1001" name="const_18">
<pin_list>
<pin id="19" dir="1" index="0" bw="1" slack="2147483647"/>
</pin_list>
<bind>
<StgValue><ssdm name="_ssdm_op_SpecLoopTripCount"/></StgValue>
</bind>
</comp>

<comp id="20" class="1001" name="const_20">
<pin_list>
<pin id="21" dir="1" index="0" bw="1" slack="2147483647"/>
</pin_list>
<bind>
<StgValue><ssdm name=""/></StgValue>
</bind>
</comp>

<comp id="22" class="1001" name="const_22">
<pin_list>
<pin id="23" dir="1" index="0" bw="1" slack="0"/>
</pin_list>
<bind>
<StgValue><ssdm name=""/></StgValue>
</bind>
</comp>

<comp id="24" class="1001" name="const_24">
<pin_list>
<pin id="25" dir="1" index="0" bw="1" slack="0"/>
</pin_list>
<bind>
<StgValue><ssdm name="_ssdm_op_Read.ap_fifo.volatile.i156P0A"/></StgValue>
</bind>
</comp>

<comp id="26" class="1001" name="const_26">
<pin_list>
<pin id="27" dir="1" index="0" bw="1" slack="0"/>
</pin_list>
<bind>
<StgValue><ssdm name="_ssdm_op_PartSelect.i39.i156.i32.i32"/></StgValue>
</bind>
</comp>

<comp id="28" class="1001" name="const_28">
<pin_list>
<pin id="29" dir="1" index="0" bw="1" slack="0"/>
</pin_list>
<bind>
<StgValue><ssdm name=""/></StgValue>
</bind>
</comp>

<comp id="30" class="1001" name="const_30">
<pin_list>
<pin id="31" dir="1" index="0" bw="1" slack="0"/>
</pin_list>
<bind>
<StgValue><ssdm name=""/></StgValue>
</bind>
</comp>

<comp id="32" class="1001" name="const_32">
<pin_list>
<pin id="33" dir="1" index="0" bw="1" slack="0"/>
</pin_list>
<bind>
<StgValue><ssdm name=""/></StgValue>
</bind>
</comp>

<comp id="34" class="1001" name="const_34">
<pin_list>
<pin id="35" dir="1" index="0" bw="1" slack="0"/>
</pin_list>
<bind>
<StgValue><ssdm name=""/></StgValue>
</bind>
</comp>

<comp id="36" class="1001" name="const_36">
<pin_list>
<pin id="37" dir="1" index="0" bw="1" slack="0"/>
</pin_list>
<bind>
<StgValue><ssdm name=""/></StgValue>
</bind>
</comp>

<comp id="38" class="1001" name="const_38">
<pin_list>
<pin id="39" dir="1" index="0" bw="1" slack="0"/>
</pin_list>
<bind>
<StgValue><ssdm name=""/></StgValue>
</bind>
</comp>

<comp id="40" class="1001" name="const_40">
<pin_list>
<pin id="41" dir="1" index="0" bw="1" slack="0"/>
</pin_list>
<bind>
<StgValue><ssdm name=""/></StgValue>
</bind>
</comp>

<comp id="42" class="1001" name="const_42">
<pin_list>
<pin id="43" dir="1" index="0" bw="1" slack="0"/>
</pin_list>
<bind>
<StgValue><ssdm name="_ssdm_op_PartSelect.i16.i156.i32.i32"/></StgValue>
</bind>
</comp>

<comp id="44" class="1001" name="const_44">
<pin_list>
<pin id="45" dir="1" index="0" bw="1" slack="0"/>
</pin_list>
<bind>
<StgValue><ssdm name=""/></StgValue>
</bind>
</comp>

<comp id="46" class="1001" name="const_46">
<pin_list>
<pin id="47" dir="1" index="0" bw="1" slack="0"/>
</pin_list>
<bind>
<StgValue><ssdm name=""/></StgValue>
</bind>
</comp>

<comp id="48" class="1001" name="const_48">
<pin_list>
<pin id="49" dir="1" index="0" bw="1" slack="0"/>
</pin_list>
<bind>
<StgValue><ssdm name=""/></StgValue>
</bind>
</comp>

<comp id="50" class="1001" name="const_50">
<pin_list>
<pin id="51" dir="1" index="0" bw="1" slack="0"/>
</pin_list>
<bind>
<StgValue><ssdm name=""/></StgValue>
</bind>
</comp>

<comp id="52" class="1001" name="const_52">
<pin_list>
<pin id="53" dir="1" index="0" bw="1" slack="0"/>
</pin_list>
<bind>
<StgValue><ssdm name=""/></StgValue>
</bind>
</comp>

<comp id="54" class="1001" name="const_54">
<pin_list>
<pin id="55" dir="1" index="0" bw="1" slack="0"/>
</pin_list>
<bind>
<StgValue><ssdm name=""/></StgValue>
</bind>
</comp>

<comp id="56" class="1001" name="const_56">
<pin_list>
<pin id="57" dir="1" index="0" bw="1" slack="0"/>
</pin_list>
<bind>
<StgValue><ssdm name=""/></StgValue>
</bind>
</comp>

<comp id="58" class="1001" name="const_58">
<pin_list>
<pin id="59" dir="1" index="0" bw="1" slack="0"/>
</pin_list>
<bind>
<StgValue><ssdm name=""/></StgValue>
</bind>
</comp>

<comp id="60" class="1001" name="const_60">
<pin_list>
<pin id="61" dir="1" index="0" bw="1" slack="0"/>
</pin_list>
<bind>
<StgValue><ssdm name=""/></StgValue>
</bind>
</comp>

<comp id="62" class="1001" name="const_62">
<pin_list>
<pin id="63" dir="1" index="0" bw="1" slack="2147483647"/>
</pin_list>
<bind>
<StgValue><ssdm name="_ssdm_op_SpecPipeline"/></StgValue>
</bind>
</comp>

<comp id="64" class="1001" name="const_64">
<pin_list>
<pin id="65" dir="1" index="0" bw="1" slack="2147483647"/>
</pin_list>
<bind>
<StgValue><ssdm name=""/></StgValue>
</bind>
</comp>

<comp id="66" class="1001" name="const_66">
<pin_list>
<pin id="67" dir="1" index="0" bw="1" slack="2147483647"/>
</pin_list>
<bind>
<StgValue><ssdm name="_ssdm_op_SpecLoopName"/></StgValue>
</bind>
</comp>

<comp id="68" class="1001" name="const_68">
<pin_list>
<pin id="69" dir="1" index="0" bw="1" slack="2147483647"/>
</pin_list>
<bind>
<StgValue><ssdm name="empty_9"/></StgValue>
</bind>
</comp>

<comp id="70" class="1001" name="const_70">
<pin_list>
<pin id="71" dir="1" index="0" bw="1" slack="0"/>
</pin_list>
<bind>
<StgValue><ssdm name="_ssdm_op_BitConcatenate.i64.i16.i16.i16.i16"/></StgValue>
</bind>
</comp>

<comp id="72" class="1001" name="const_72">
<pin_list>
<pin id="73" dir="1" index="0" bw="1" slack="0"/>
</pin_list>
<bind>
<StgValue><ssdm name="_ssdm_op_Write.ap_fifo.volatile.i64P0A"/></StgValue>
</bind>
</comp>

<comp id="74" class="1004" name="i_fu_74">
<pin_list>
<pin id="75" dir="0" index="0" bw="1" slack="0"/>
<pin id="76" dir="1" index="1" bw="15" slack="0"/>
</pin_list>
<bind>
<opcode="alloca(26) " fcode="alloca"/>
<opset="i/1 "/>
</bind>
</comp>

<comp id="78" class="1004" name="layer4_out_read_read_fu_78">
<pin_list>
<pin id="79" dir="0" index="0" bw="156" slack="0"/>
<pin id="80" dir="0" index="1" bw="156" slack="0"/>
<pin id="81" dir="1" index="2" bw="156" slack="0"/>
</pin_list>
<bind>
<opcode="read(1150) " fcode="read"/>
<opset="layer4_out_read/2 "/>
</bind>
</comp>

<comp id="84" class="1004" name="write_ln173_write_fu_84">
<pin_list>
<pin id="85" dir="0" index="0" bw="0" slack="0"/>
<pin id="86" dir="0" index="1" bw="64" slack="0"/>
<pin id="87" dir="0" index="2" bw="64" slack="0"/>
<pin id="88" dir="1" index="3" bw="0" slack="2147483647"/>
</pin_list>
<bind>
<opcode="write(1151) " fcode="write"/>
<opset="write_ln173/3 "/>
</bind>
</comp>

<comp id="91" class="1004" name="store_ln41_store_fu_91">
<pin_list>
<pin id="92" dir="0" index="0" bw="1" slack="0"/>
<pin id="93" dir="0" index="1" bw="15" slack="0"/>
<pin id="94" dir="1" index="2" bw="0" slack="2147483647"/>
</pin_list>
<bind>
<opcode="store(28) " fcode="store"/>
<opset="store_ln41/1 "/>
</bind>
</comp>

<comp id="96" class="1004" name="i_4_load_fu_96">
<pin_list>
<pin id="97" dir="0" index="0" bw="15" slack="0"/>
<pin id="98" dir="1" index="1" bw="15" slack="0"/>
</pin_list>
<bind>
<opcode="load(27) " fcode="load"/>
<opset="i_4/1 "/>
</bind>
</comp>

<comp id="99" class="1004" name="icmp_ln41_fu_99">
<pin_list>
<pin id="100" dir="0" index="0" bw="15" slack="0"/>
<pin id="101" dir="0" index="1" bw="15" slack="0"/>
<pin id="102" dir="1" index="2" bw="1" slack="1"/>
</pin_list>
<bind>
<opcode="icmp(45) " fcode="icmp"/>
<opset="icmp_ln41/1 "/>
</bind>
</comp>

<comp id="105" class="1004" name="i_5_fu_105">
<pin_list>
<pin id="106" dir="0" index="0" bw="15" slack="0"/>
<pin id="107" dir="0" index="1" bw="1" slack="0"/>
<pin id="108" dir="1" index="2" bw="15" slack="0"/>
</pin_list>
<bind>
<opcode="add(8) " fcode="add"/>
<opset="i_5/1 "/>
</bind>
</comp>

<comp id="111" class="1004" name="store_ln41_store_fu_111">
<pin_list>
<pin id="112" dir="0" index="0" bw="15" slack="0"/>
<pin id="113" dir="0" index="1" bw="15" slack="0"/>
<pin id="114" dir="1" index="2" bw="0" slack="2147483647"/>
</pin_list>
<bind>
<opcode="store(28) " fcode="store"/>
<opset="store_ln41/1 "/>
</bind>
</comp>

<comp id="116" class="1004" name="trunc_ln144_fu_116">
<pin_list>
<pin id="117" dir="0" index="0" bw="156" slack="0"/>
<pin id="118" dir="1" index="1" bw="39" slack="0"/>
</pin_list>
<bind>
<opcode="trunc(33) " fcode="trunc"/>
<opset="trunc_ln144/2 "/>
</bind>
</comp>

<comp id="120" class="1004" name="trunc_ln144_7_fu_120">
<pin_list>
<pin id="121" dir="0" index="0" bw="39" slack="0"/>
<pin id="122" dir="0" index="1" bw="156" slack="0"/>
<pin id="123" dir="0" index="2" bw="7" slack="0"/>
<pin id="124" dir="0" index="3" bw="8" slack="0"/>
<pin id="125" dir="1" index="4" bw="39" slack="0"/>
</pin_list>
<bind>
<opcode="partselect(1002) " fcode="partselect"/>
<opset="trunc_ln144_7/2 "/>
</bind>
</comp>

<comp id="130" class="1004" name="trunc_ln144_8_fu_130">
<pin_list>
<pin id="131" dir="0" index="0" bw="39" slack="0"/>
<pin id="132" dir="0" index="1" bw="156" slack="0"/>
<pin id="133" dir="0" index="2" bw="8" slack="0"/>
<pin id="134" dir="0" index="3" bw="8" slack="0"/>
<pin id="135" dir="1" index="4" bw="39" slack="0"/>
</pin_list>
<bind>
<opcode="partselect(1002) " fcode="partselect"/>
<opset="trunc_ln144_8/2 "/>
</bind>
</comp>

<comp id="140" class="1004" name="trunc_ln144_9_fu_140">
<pin_list>
<pin id="141" dir="0" index="0" bw="39" slack="0"/>
<pin id="142" dir="0" index="1" bw="156" slack="0"/>
<pin id="143" dir="0" index="2" bw="8" slack="0"/>
<pin id="144" dir="0" index="3" bw="9" slack="0"/>
<pin id="145" dir="1" index="4" bw="39" slack="0"/>
</pin_list>
<bind>
<opcode="partselect(1002) " fcode="partselect"/>
<opset="trunc_ln144_9/2 "/>
</bind>
</comp>

<comp id="150" class="1004" name="icmp_ln1547_fu_150">
<pin_list>
<pin id="151" dir="0" index="0" bw="39" slack="0"/>
<pin id="152" dir="0" index="1" bw="1" slack="0"/>
<pin id="153" dir="1" index="2" bw="1" slack="0"/>
</pin_list>
<bind>
<opcode="icmp(45) " fcode="icmp"/>
<opset="icmp_ln1547/2 "/>
</bind>
</comp>

<comp id="156" class="1004" name="trunc_ln1_fu_156">
<pin_list>
<pin id="157" dir="0" index="0" bw="16" slack="0"/>
<pin id="158" dir="0" index="1" bw="156" slack="0"/>
<pin id="159" dir="0" index="2" bw="5" slack="0"/>
<pin id="160" dir="0" index="3" bw="6" slack="0"/>
<pin id="161" dir="1" index="4" bw="16" slack="0"/>
</pin_list>
<bind>
<opcode="partselect(1002) " fcode="partselect"/>
<opset="trunc_ln1/2 "/>
</bind>
</comp>

<comp id="166" class="1004" name="select_ln51_fu_166">
<pin_list>
<pin id="167" dir="0" index="0" bw="1" slack="0"/>
<pin id="168" dir="0" index="1" bw="16" slack="0"/>
<pin id="169" dir="0" index="2" bw="1" slack="0"/>
<pin id="170" dir="1" index="3" bw="16" slack="1"/>
</pin_list>
<bind>
<opcode="select(49) " fcode="select"/>
<opset="select_ln51/2 "/>
</bind>
</comp>

<comp id="174" class="1004" name="icmp_ln1547_1_fu_174">
<pin_list>
<pin id="175" dir="0" index="0" bw="39" slack="0"/>
<pin id="176" dir="0" index="1" bw="1" slack="0"/>
<pin id="177" dir="1" index="2" bw="1" slack="0"/>
</pin_list>
<bind>
<opcode="icmp(45) " fcode="icmp"/>
<opset="icmp_ln1547_1/2 "/>
</bind>
</comp>

<comp id="180" class="1004" name="trunc_ln717_1_fu_180">
<pin_list>
<pin id="181" dir="0" index="0" bw="16" slack="0"/>
<pin id="182" dir="0" index="1" bw="156" slack="0"/>
<pin id="183" dir="0" index="2" bw="7" slack="0"/>
<pin id="184" dir="0" index="3" bw="8" slack="0"/>
<pin id="185" dir="1" index="4" bw="16" slack="0"/>
</pin_list>
<bind>
<opcode="partselect(1002) " fcode="partselect"/>
<opset="trunc_ln717_1/2 "/>
</bind>
</comp>

<comp id="190" class="1004" name="select_ln51_1_fu_190">
<pin_list>
<pin id="191" dir="0" index="0" bw="1" slack="0"/>
<pin id="192" dir="0" index="1" bw="16" slack="0"/>
<pin id="193" dir="0" index="2" bw="1" slack="0"/>
<pin id="194" dir="1" index="3" bw="16" slack="1"/>
</pin_list>
<bind>
<opcode="select(49) " fcode="select"/>
<opset="select_ln51_1/2 "/>
</bind>
</comp>

<comp id="198" class="1004" name="icmp_ln1547_2_fu_198">
<pin_list>
<pin id="199" dir="0" index="0" bw="39" slack="0"/>
<pin id="200" dir="0" index="1" bw="1" slack="0"/>
<pin id="201" dir="1" index="2" bw="1" slack="0"/>
</pin_list>
<bind>
<opcode="icmp(45) " fcode="icmp"/>
<opset="icmp_ln1547_2/2 "/>
</bind>
</comp>

<comp id="204" class="1004" name="trunc_ln717_2_fu_204">
<pin_list>
<pin id="205" dir="0" index="0" bw="16" slack="0"/>
<pin id="206" dir="0" index="1" bw="156" slack="0"/>
<pin id="207" dir="0" index="2" bw="8" slack="0"/>
<pin id="208" dir="0" index="3" bw="8" slack="0"/>
<pin id="209" dir="1" index="4" bw="16" slack="0"/>
</pin_list>
<bind>
<opcode="partselect(1002) " fcode="partselect"/>
<opset="trunc_ln717_2/2 "/>
</bind>
</comp>

<comp id="214" class="1004" name="select_ln51_2_fu_214">
<pin_list>
<pin id="215" dir="0" index="0" bw="1" slack="0"/>
<pin id="216" dir="0" index="1" bw="16" slack="0"/>
<pin id="217" dir="0" index="2" bw="1" slack="0"/>
<pin id="218" dir="1" index="3" bw="16" slack="1"/>
</pin_list>
<bind>
<opcode="select(49) " fcode="select"/>
<opset="select_ln51_2/2 "/>
</bind>
</comp>

<comp id="222" class="1004" name="icmp_ln1547_3_fu_222">
<pin_list>
<pin id="223" dir="0" index="0" bw="39" slack="0"/>
<pin id="224" dir="0" index="1" bw="1" slack="0"/>
<pin id="225" dir="1" index="2" bw="1" slack="0"/>
</pin_list>
<bind>
<opcode="icmp(45) " fcode="icmp"/>
<opset="icmp_ln1547_3/2 "/>
</bind>
</comp>

<comp id="228" class="1004" name="trunc_ln717_3_fu_228">
<pin_list>
<pin id="229" dir="0" index="0" bw="16" slack="0"/>
<pin id="230" dir="0" index="1" bw="156" slack="0"/>
<pin id="231" dir="0" index="2" bw="8" slack="0"/>
<pin id="232" dir="0" index="3" bw="9" slack="0"/>
<pin id="233" dir="1" index="4" bw="16" slack="0"/>
</pin_list>
<bind>
<opcode="partselect(1002) " fcode="partselect"/>
<opset="trunc_ln717_3/2 "/>
</bind>
</comp>

<comp id="238" class="1004" name="select_ln51_3_fu_238">
<pin_list>
<pin id="239" dir="0" index="0" bw="1" slack="0"/>
<pin id="240" dir="0" index="1" bw="16" slack="0"/>
<pin id="241" dir="0" index="2" bw="1" slack="0"/>
<pin id="242" dir="1" index="3" bw="16" slack="1"/>
</pin_list>
<bind>
<opcode="select(49) " fcode="select"/>
<opset="select_ln51_3/2 "/>
</bind>
</comp>

<comp id="246" class="1004" name="or_ln173_6_fu_246">
<pin_list>
<pin id="247" dir="0" index="0" bw="64" slack="0"/>
<pin id="248" dir="0" index="1" bw="16" slack="1"/>
<pin id="249" dir="0" index="2" bw="16" slack="1"/>
<pin id="250" dir="0" index="3" bw="16" slack="1"/>
<pin id="251" dir="0" index="4" bw="16" slack="1"/>
<pin id="252" dir="1" index="5" bw="64" slack="0"/>
</pin_list>
<bind>
<opcode="bitconcatenate(1004) " fcode="bitconcatenate"/>
<opset="or_ln173_6/3 "/>
</bind>
</comp>

<comp id="255" class="1005" name="i_reg_255">
<pin_list>
<pin id="256" dir="0" index="0" bw="15" slack="0"/>
<pin id="257" dir="1" index="1" bw="15" slack="0"/>
</pin_list>
<bind>
<opset="i "/>
</bind>
</comp>

<comp id="262" class="1005" name="icmp_ln41_reg_262">
<pin_list>
<pin id="263" dir="0" index="0" bw="1" slack="1"/>
<pin id="264" dir="1" index="1" bw="1" slack="2147483647"/>
</pin_list>
<bind>
<opset="icmp_ln41 "/>
</bind>
</comp>

<comp id="266" class="1005" name="select_ln51_reg_266">
<pin_list>
<pin id="267" dir="0" index="0" bw="16" slack="1"/>
<pin id="268" dir="1" index="1" bw="16" slack="1"/>
</pin_list>
<bind>
<opset="select_ln51 "/>
</bind>
</comp>

<comp id="271" class="1005" name="select_ln51_1_reg_271">
<pin_list>
<pin id="272" dir="0" index="0" bw="16" slack="1"/>
<pin id="273" dir="1" index="1" bw="16" slack="1"/>
</pin_list>
<bind>
<opset="select_ln51_1 "/>
</bind>
</comp>

<comp id="276" class="1005" name="select_ln51_2_reg_276">
<pin_list>
<pin id="277" dir="0" index="0" bw="16" slack="1"/>
<pin id="278" dir="1" index="1" bw="16" slack="1"/>
</pin_list>
<bind>
<opset="select_ln51_2 "/>
</bind>
</comp>

<comp id="281" class="1005" name="select_ln51_3_reg_281">
<pin_list>
<pin id="282" dir="0" index="0" bw="16" slack="1"/>
<pin id="283" dir="1" index="1" bw="16" slack="1"/>
</pin_list>
<bind>
<opset="select_ln51_3 "/>
</bind>
</comp>

</comp_list>

<net_list>
<net id="77"><net_src comp="4" pin="0"/><net_sink comp="74" pin=0"/></net>

<net id="82"><net_src comp="24" pin="0"/><net_sink comp="78" pin=0"/></net>

<net id="83"><net_src comp="0" pin="0"/><net_sink comp="78" pin=1"/></net>

<net id="89"><net_src comp="72" pin="0"/><net_sink comp="84" pin=0"/></net>

<net id="90"><net_src comp="2" pin="0"/><net_sink comp="84" pin=1"/></net>

<net id="95"><net_src comp="14" pin="0"/><net_sink comp="91" pin=0"/></net>

<net id="103"><net_src comp="96" pin="1"/><net_sink comp="99" pin=0"/></net>

<net id="104"><net_src comp="16" pin="0"/><net_sink comp="99" pin=1"/></net>

<net id="109"><net_src comp="96" pin="1"/><net_sink comp="105" pin=0"/></net>

<net id="110"><net_src comp="22" pin="0"/><net_sink comp="105" pin=1"/></net>

<net id="115"><net_src comp="105" pin="2"/><net_sink comp="111" pin=0"/></net>

<net id="119"><net_src comp="78" pin="2"/><net_sink comp="116" pin=0"/></net>

<net id="126"><net_src comp="26" pin="0"/><net_sink comp="120" pin=0"/></net>

<net id="127"><net_src comp="78" pin="2"/><net_sink comp="120" pin=1"/></net>

<net id="128"><net_src comp="28" pin="0"/><net_sink comp="120" pin=2"/></net>

<net id="129"><net_src comp="30" pin="0"/><net_sink comp="120" pin=3"/></net>

<net id="136"><net_src comp="26" pin="0"/><net_sink comp="130" pin=0"/></net>

<net id="137"><net_src comp="78" pin="2"/><net_sink comp="130" pin=1"/></net>

<net id="138"><net_src comp="32" pin="0"/><net_sink comp="130" pin=2"/></net>

<net id="139"><net_src comp="34" pin="0"/><net_sink comp="130" pin=3"/></net>

<net id="146"><net_src comp="26" pin="0"/><net_sink comp="140" pin=0"/></net>

<net id="147"><net_src comp="78" pin="2"/><net_sink comp="140" pin=1"/></net>

<net id="148"><net_src comp="36" pin="0"/><net_sink comp="140" pin=2"/></net>

<net id="149"><net_src comp="38" pin="0"/><net_sink comp="140" pin=3"/></net>

<net id="154"><net_src comp="116" pin="1"/><net_sink comp="150" pin=0"/></net>

<net id="155"><net_src comp="40" pin="0"/><net_sink comp="150" pin=1"/></net>

<net id="162"><net_src comp="42" pin="0"/><net_sink comp="156" pin=0"/></net>

<net id="163"><net_src comp="78" pin="2"/><net_sink comp="156" pin=1"/></net>

<net id="164"><net_src comp="44" pin="0"/><net_sink comp="156" pin=2"/></net>

<net id="165"><net_src comp="46" pin="0"/><net_sink comp="156" pin=3"/></net>

<net id="171"><net_src comp="150" pin="2"/><net_sink comp="166" pin=0"/></net>

<net id="172"><net_src comp="156" pin="4"/><net_sink comp="166" pin=1"/></net>

<net id="173"><net_src comp="48" pin="0"/><net_sink comp="166" pin=2"/></net>

<net id="178"><net_src comp="120" pin="4"/><net_sink comp="174" pin=0"/></net>

<net id="179"><net_src comp="40" pin="0"/><net_sink comp="174" pin=1"/></net>

<net id="186"><net_src comp="42" pin="0"/><net_sink comp="180" pin=0"/></net>

<net id="187"><net_src comp="78" pin="2"/><net_sink comp="180" pin=1"/></net>

<net id="188"><net_src comp="50" pin="0"/><net_sink comp="180" pin=2"/></net>

<net id="189"><net_src comp="52" pin="0"/><net_sink comp="180" pin=3"/></net>

<net id="195"><net_src comp="174" pin="2"/><net_sink comp="190" pin=0"/></net>

<net id="196"><net_src comp="180" pin="4"/><net_sink comp="190" pin=1"/></net>

<net id="197"><net_src comp="48" pin="0"/><net_sink comp="190" pin=2"/></net>

<net id="202"><net_src comp="130" pin="4"/><net_sink comp="198" pin=0"/></net>

<net id="203"><net_src comp="40" pin="0"/><net_sink comp="198" pin=1"/></net>

<net id="210"><net_src comp="42" pin="0"/><net_sink comp="204" pin=0"/></net>

<net id="211"><net_src comp="78" pin="2"/><net_sink comp="204" pin=1"/></net>

<net id="212"><net_src comp="54" pin="0"/><net_sink comp="204" pin=2"/></net>

<net id="213"><net_src comp="56" pin="0"/><net_sink comp="204" pin=3"/></net>

<net id="219"><net_src comp="198" pin="2"/><net_sink comp="214" pin=0"/></net>

<net id="220"><net_src comp="204" pin="4"/><net_sink comp="214" pin=1"/></net>

<net id="221"><net_src comp="48" pin="0"/><net_sink comp="214" pin=2"/></net>

<net id="226"><net_src comp="140" pin="4"/><net_sink comp="222" pin=0"/></net>

<net id="227"><net_src comp="40" pin="0"/><net_sink comp="222" pin=1"/></net>

<net id="234"><net_src comp="42" pin="0"/><net_sink comp="228" pin=0"/></net>

<net id="235"><net_src comp="78" pin="2"/><net_sink comp="228" pin=1"/></net>

<net id="236"><net_src comp="58" pin="0"/><net_sink comp="228" pin=2"/></net>

<net id="237"><net_src comp="60" pin="0"/><net_sink comp="228" pin=3"/></net>

<net id="243"><net_src comp="222" pin="2"/><net_sink comp="238" pin=0"/></net>

<net id="244"><net_src comp="228" pin="4"/><net_sink comp="238" pin=1"/></net>

<net id="245"><net_src comp="48" pin="0"/><net_sink comp="238" pin=2"/></net>

<net id="253"><net_src comp="70" pin="0"/><net_sink comp="246" pin=0"/></net>

<net id="254"><net_src comp="246" pin="5"/><net_sink comp="84" pin=2"/></net>

<net id="258"><net_src comp="74" pin="1"/><net_sink comp="255" pin=0"/></net>

<net id="259"><net_src comp="255" pin="1"/><net_sink comp="91" pin=1"/></net>

<net id="260"><net_src comp="255" pin="1"/><net_sink comp="96" pin=0"/></net>

<net id="261"><net_src comp="255" pin="1"/><net_sink comp="111" pin=1"/></net>

<net id="265"><net_src comp="99" pin="2"/><net_sink comp="262" pin=0"/></net>

<net id="269"><net_src comp="166" pin="3"/><net_sink comp="266" pin=0"/></net>

<net id="270"><net_src comp="266" pin="1"/><net_sink comp="246" pin=4"/></net>

<net id="274"><net_src comp="190" pin="3"/><net_sink comp="271" pin=0"/></net>

<net id="275"><net_src comp="271" pin="1"/><net_sink comp="246" pin=3"/></net>

<net id="279"><net_src comp="214" pin="3"/><net_sink comp="276" pin=0"/></net>

<net id="280"><net_src comp="276" pin="1"/><net_sink comp="246" pin=2"/></net>

<net id="284"><net_src comp="238" pin="3"/><net_sink comp="281" pin=0"/></net>

<net id="285"><net_src comp="281" pin="1"/><net_sink comp="246" pin=1"/></net>

</net_list>

</model> 
---------------- Datapath Model END ------------------

* FSMD analyzer results:
  - Output states:
	Port: layer5_out | {3 }
 - Input state : 
	Port: relu<array<ap_fixed<39, 19, 5, 3, 0>, 4u>, array<ap_fixed<16, 6, 5, 3, 0>, 4u>, relu_config5> : layer4_out | {2 }
  - Chain level:
	State 1
		store_ln41 : 1
		i_4 : 1
		icmp_ln41 : 2
		i_5 : 2
		br_ln41 : 3
		store_ln41 : 3
	State 2
		icmp_ln1547 : 1
		select_ln51 : 2
		icmp_ln1547_1 : 1
		select_ln51_1 : 2
		icmp_ln1547_2 : 1
		select_ln51_2 : 2
		icmp_ln1547_3 : 1
		select_ln51_3 : 2
	State 3
		write_ln173 : 1


============================================================
+ Verbose Summary: Datapath Resource usage 
============================================================

* Functional unit list:
|----------|----------------------------|---------|---------|
| Operation|       Functional Unit      |    FF   |   LUT   |
|----------|----------------------------|---------|---------|
|          |       icmp_ln41_fu_99      |    0    |    12   |
|          |     icmp_ln1547_fu_150     |    0    |    20   |
|   icmp   |    icmp_ln1547_1_fu_174    |    0    |    20   |
|          |    icmp_ln1547_2_fu_198    |    0    |    20   |
|          |    icmp_ln1547_3_fu_222    |    0    |    20   |
|----------|----------------------------|---------|---------|
|          |     select_ln51_fu_166     |    0    |    16   |
|  select  |    select_ln51_1_fu_190    |    0    |    16   |
|          |    select_ln51_2_fu_214    |    0    |    16   |
|          |    select_ln51_3_fu_238    |    0    |    16   |
|----------|----------------------------|---------|---------|
|    add   |         i_5_fu_105         |    0    |    20   |
|----------|----------------------------|---------|---------|
|   read   | layer4_out_read_read_fu_78 |    0    |    0    |
|----------|----------------------------|---------|---------|
|   write  |   write_ln173_write_fu_84  |    0    |    0    |
|----------|----------------------------|---------|---------|
|   trunc  |     trunc_ln144_fu_116     |    0    |    0    |
|----------|----------------------------|---------|---------|
|          |    trunc_ln144_7_fu_120    |    0    |    0    |
|          |    trunc_ln144_8_fu_130    |    0    |    0    |
|          |    trunc_ln144_9_fu_140    |    0    |    0    |
|partselect|      trunc_ln1_fu_156      |    0    |    0    |
|          |    trunc_ln717_1_fu_180    |    0    |    0    |
|          |    trunc_ln717_2_fu_204    |    0    |    0    |
|          |    trunc_ln717_3_fu_228    |    0    |    0    |
|----------|----------------------------|---------|---------|
|bitconcatenate|      or_ln173_6_fu_246     |    0    |    0    |
|----------|----------------------------|---------|---------|
|   Total  |                            |    0    |   176   |
|----------|----------------------------|---------|---------|

Memories:
N/A

* Register list:
+---------------------+--------+
|                     |   FF   |
+---------------------+--------+
|      i_reg_255      |   15   |
|  icmp_ln41_reg_262  |    1   |
|select_ln51_1_reg_271|   16   |
|select_ln51_2_reg_276|   16   |
|select_ln51_3_reg_281|   16   |
| select_ln51_reg_266 |   16   |
+---------------------+--------+
|        Total        |   80   |
+---------------------+--------+

* Multiplexer (MUX) list: 
|--------|------|------|------|--------|
|  Comp  |  Pin | Size |  BW  | S x BW |
|--------|------|------|------|--------|
|  Total |      |      |      |    0   |
|--------|------|------|------|--------|



* Summary:
+-----------+--------+--------+
|           |   FF   |   LUT  |
+-----------+--------+--------+
|  Function |    0   |   176  |
|   Memory  |    -   |    -   |
|Multiplexer|    -   |    -   |
|  Register |   80   |    -   |
+-----------+--------+--------+
|   Total   |   80   |   176  |
+-----------+--------+--------+
