

================================================================
== Vitis HLS Report for 'zeropad2d_cl_array_ap_fixed_16_6_5_3_0_1u_array_ap_fixed_16_6_5_3_0_1u_config7_s'
================================================================
* Date:           Tue May 26 01:12:48 2026

* Version:        2021.2 (Build 3367213 on Tue Oct 19 02:48:09 MDT 2021)
* Project:        edge_cnn_linear_stream_prj
* Solution:       solution1 (Vivado IP Flow Target)
* Product family: zynq
* Target device:  xc7z020-clg400-1


================================================================
== Performance Estimates
================================================================
+ Timing: 
    * Summary: 
    +--------+----------+----------+------------+
    |  Clock |  Target  | Estimated| Uncertainty|
    +--------+----------+----------+------------+
    |ap_clk  |  10.00 ns|  4.996 ns|     2.70 ns|
    +--------+----------+----------+------------+

+ Latency: 
    * Summary: 
    +---------+---------+----------+----------+-------+-------+---------+
    |  Latency (cycles) |  Latency (absolute) |    Interval   | Pipeline|
    |   min   |   max   |    min   |    max   |  min  |  max  |   Type  |
    +---------+---------+----------+----------+-------+-------+---------+
    |    40145|    40145|  0.401 ms|  0.401 ms|  40145|  40145|       no|
    +---------+---------+----------+----------+-------+-------+---------+

    + Detail: 
        * Instance: 
        N/A

        * Loop: 
        +-----------+---------+---------+----------+-----------+-----------+------+----------+
        |           |  Latency (cycles) | Iteration|  Initiation Interval  | Trip |          |
        | Loop Name |   min   |   max   |  Latency |  achieved |   target  | Count| Pipelined|
        +-----------+---------+---------+----------+-----------+-----------+------+----------+
        |- PadMain  |    39809|    39809|       329|          -|          -|   121|        no|
        +-----------+---------+---------+----------+-----------+-----------+------+----------+

============================================================
+ Verbose Summary: Synthesis Manager
============================================================
InlineROM: 1
ExposeGlobal: 0
============================================================
+ Verbose Summary: CDFG Model
============================================================
IsTopModel: 0
ResetActiveHigh: 1
IsCombinational: 2
IsDatapathOnly: 0
HasWiredReturn: 1
HasMFsm: 0
HasVarLatency: 1
IsPipeline: 0
IsRtlPipelined: 0
IsInstanceOverlapped: 0
IsDontTouch: 0
HasImplIP: 0
IsGatedGlobalClock: 0


============================================================
+ Verbose Summary: Schedule
============================================================
* Number of FSM states : 7
* Pipeline : 0
* Dataflow Pipeline: 0

* FSM state transitions: 
1 --> 2 
2 --> 3 
3 --> 4 
4 --> 5 7 
5 --> 6 
6 --> 4 
7 --> 

* FSM state operations: 

State 1 <SV = 0> <Delay = 1.58>
ST_1 : Operation 8 [1/1] (0.00ns)   --->   "%i = alloca i32 1"   --->   Operation 8 'alloca' 'i' <Predicate = true> <Delay = 0.00>
ST_1 : Operation 9 [1/1] (0.00ns)   --->   "%empty = wait i32 @_ssdm_op_Wait"   --->   Operation 9 'wait' 'empty' <Predicate = true> <Delay = 0.00>
ST_1 : Operation 10 [2/2] (0.00ns)   --->   "%call_ln0 = call void @zeropad2d_cl<array<ap_fixed<16, 6, 5, 3, 0>, 1u>, array<ap_fixed<16, 6, 5, 3, 0>, 1u>, config7>_Pipeline_PadTopWidth, i16 %layer7_out"   --->   Operation 10 'call' 'call_ln0' <Predicate = true> <Delay = 0.00> <CoreType = "Generic">   --->   Core 0 '' <Latency = 0> <II = 1> <Delay = 1.00> <Generic> <Opcode : >
ST_1 : Operation 11 [1/1] (1.58ns)   --->   "%store_ln59 = store i7 0, i7 %i" [firmware/nnet_utils/nnet_padding_stream.h:59]   --->   Operation 11 'store' 'store_ln59' <Predicate = true> <Delay = 1.58>

State 2 <SV = 1> <Delay = 0.00>
ST_2 : Operation 12 [1/2] (0.00ns)   --->   "%call_ln0 = call void @zeropad2d_cl<array<ap_fixed<16, 6, 5, 3, 0>, 1u>, array<ap_fixed<16, 6, 5, 3, 0>, 1u>, config7>_Pipeline_PadTopWidth, i16 %layer7_out"   --->   Operation 12 'call' 'call_ln0' <Predicate = true> <Delay = 0.00> <CoreType = "Generic">   --->   Core 0 '' <Latency = 0> <II = 1> <Delay = 1.00> <Generic> <Opcode : >

State 3 <SV = 2> <Delay = 0.00>
ST_3 : Operation 13 [1/1] (0.00ns)   --->   "%specinterface_ln0 = specinterface void @_ssdm_op_SpecInterface, i16 %layer7_out, void @empty_5, i32 0, i32 0, void @empty_7, i32 0, i32 0, void @empty_7, void @empty_7, void @empty_7, i32 0, i32 0, i32 0, i32 0, void @empty_7, void @empty_7"   --->   Operation 13 'specinterface' 'specinterface_ln0' <Predicate = true> <Delay = 0.00>
ST_3 : Operation 14 [1/1] (0.00ns)   --->   "%specinterface_ln0 = specinterface void @_ssdm_op_SpecInterface, i16 %input_image, void @empty_2, i32 1, i32 1, void @empty_10, i32 0, i32 0, void @empty_7, void @empty_7, void @empty_7, i32 0, i32 0, i32 0, i32 0, void @empty_7, void @empty_7"   --->   Operation 14 'specinterface' 'specinterface_ln0' <Predicate = true> <Delay = 0.00>
ST_3 : Operation 15 [1/1] (0.00ns)   --->   "%empty_36 = wait i32 @_ssdm_op_Wait"   --->   Operation 15 'wait' 'empty_36' <Predicate = true> <Delay = 0.00>
ST_3 : Operation 16 [1/1] (0.00ns)   --->   "%br_ln59 = br void %_ZN8ap_fixedILi16ELi6EL9ap_q_mode5EL9ap_o_mode3ELi0EEC2Ei.exit.i18" [firmware/nnet_utils/nnet_padding_stream.h:59]   --->   Operation 16 'br' 'br_ln59' <Predicate = true> <Delay = 0.00>

State 4 <SV = 3> <Delay = 4.99>
ST_4 : Operation 17 [1/1] (0.00ns)   --->   "%i_3 = load i7 %i" [firmware/nnet_utils/nnet_padding_stream.h:59]   --->   Operation 17 'load' 'i_3' <Predicate = true> <Delay = 0.00>
ST_4 : Operation 18 [1/1] (1.48ns)   --->   "%icmp_ln59 = icmp_eq  i7 %i_3, i7 121" [firmware/nnet_utils/nnet_padding_stream.h:59]   --->   Operation 18 'icmp' 'icmp_ln59' <Predicate = true> <Delay = 1.48> <CoreInst = "Cmp">   --->   Core 9 'Cmp' <Latency = 0> <II = 1> <Delay = 1.48> <FuncUnit> <Opcode : 'icmp'> <InPorts = 2> <OutPorts = 1>
ST_4 : Operation 19 [1/1] (0.00ns)   --->   "%empty_37 = speclooptripcount i32 @_ssdm_op_SpecLoopTripCount, i64 121, i64 121, i64 121"   --->   Operation 19 'speclooptripcount' 'empty_37' <Predicate = true> <Delay = 0.00>
ST_4 : Operation 20 [1/1] (1.87ns)   --->   "%add_ln59 = add i7 %i_3, i7 1" [firmware/nnet_utils/nnet_padding_stream.h:59]   --->   Operation 20 'add' 'add_ln59' <Predicate = true> <Delay = 1.87> <CoreInst = "Adder">   --->   Core 1 'Adder' <Latency = 0> <II = 1> <Delay = 1.87> <FuncUnit> <Opcode : 'add' 'sub'> <InPorts = 2> <OutPorts = 1>
ST_4 : Operation 21 [1/1] (0.00ns)   --->   "%br_ln59 = br i1 %icmp_ln59, void %_ZN8ap_fixedILi16ELi6EL9ap_q_mode5EL9ap_o_mode3ELi0EEC2Ei.exit.i18.split, void %_ZN8ap_fixedILi16ELi6EL9ap_q_mode5EL9ap_o_mode3ELi0EEC2Ei.exit.i67.preheader" [firmware/nnet_utils/nnet_padding_stream.h:59]   --->   Operation 21 'br' 'br_ln59' <Predicate = true> <Delay = 0.00>
ST_4 : Operation 22 [1/1] (3.50ns)   --->   "%write_ln173 = write void @_ssdm_op_Write.ap_fifo.volatile.i16P0A, i16 %layer7_out, i16 0" [C:/Xilinx/Vitis_HLS/2021.2/common/technology/autopilot/hls_stream_39.h:173]   --->   Operation 22 'write' 'write_ln173' <Predicate = (!icmp_ln59)> <Delay = 3.50> <CoreInst = "FIFO">   --->   Core 78 'FIFO' <Latency = 0> <II = 1> <Delay = 3.50> <Storage> <Opcode : 'read' 'write' 'nbread' 'nbwrite'> <Ports = 0> <Width = 16> <Depth = 20172> <FIFO>
ST_4 : Operation 23 [1/1] (1.58ns)   --->   "%store_ln59 = store i7 %add_ln59, i7 %i" [firmware/nnet_utils/nnet_padding_stream.h:59]   --->   Operation 23 'store' 'store_ln59' <Predicate = (!icmp_ln59)> <Delay = 1.58>
ST_4 : Operation 24 [1/1] (0.00ns)   --->   "%empty_38 = wait i32 @_ssdm_op_Wait"   --->   Operation 24 'wait' 'empty_38' <Predicate = (icmp_ln59)> <Delay = 0.00>
ST_4 : Operation 25 [2/2] (0.00ns)   --->   "%call_ln0 = call void @zeropad2d_cl<array<ap_fixed<16, 6, 5, 3, 0>, 1u>, array<ap_fixed<16, 6, 5, 3, 0>, 1u>, config7>_Pipeline_PadBottomWidth, i16 %layer7_out"   --->   Operation 25 'call' 'call_ln0' <Predicate = (icmp_ln59)> <Delay = 0.00> <CoreType = "Generic">   --->   Core 0 '' <Latency = 0> <II = 1> <Delay = 1.00> <Generic> <Opcode : >

State 5 <SV = 4> <Delay = 3.50>
ST_5 : Operation 26 [1/1] (0.00ns)   --->   "%empty_39 = wait i32 @_ssdm_op_Wait"   --->   Operation 26 'wait' 'empty_39' <Predicate = true> <Delay = 0.00>
ST_5 : Operation 27 [2/2] (3.50ns)   --->   "%call_ln0 = call void @zeropad2d_cl<array<ap_fixed<16, 6, 5, 3, 0>, 1u>, array<ap_fixed<16, 6, 5, 3, 0>, 1u>, config7>_Pipeline_CopyMain, i16 %input_image, i16 %layer7_out"   --->   Operation 27 'call' 'call_ln0' <Predicate = true> <Delay = 3.50> <CoreType = "Generic">   --->   Core 0 '' <Latency = 0> <II = 1> <Delay = 1.00> <Generic> <Opcode : >

State 6 <SV = 5> <Delay = 0.00>
ST_6 : Operation 28 [1/1] (0.00ns)   --->   "%specloopname_ln59 = specloopname void @_ssdm_op_SpecLoopName, void @empty_6" [firmware/nnet_utils/nnet_padding_stream.h:59]   --->   Operation 28 'specloopname' 'specloopname_ln59' <Predicate = true> <Delay = 0.00>
ST_6 : Operation 29 [1/2] (0.00ns)   --->   "%call_ln0 = call void @zeropad2d_cl<array<ap_fixed<16, 6, 5, 3, 0>, 1u>, array<ap_fixed<16, 6, 5, 3, 0>, 1u>, config7>_Pipeline_CopyMain, i16 %input_image, i16 %layer7_out"   --->   Operation 29 'call' 'call_ln0' <Predicate = true> <Delay = 0.00> <CoreType = "Generic">   --->   Core 0 '' <Latency = 0> <II = 1> <Delay = 1.00> <Generic> <Opcode : >
ST_6 : Operation 30 [1/1] (0.00ns)   --->   "%br_ln0 = br void %_ZN8ap_fixedILi16ELi6EL9ap_q_mode5EL9ap_o_mode3ELi0EEC2Ei.exit.i18"   --->   Operation 30 'br' 'br_ln0' <Predicate = true> <Delay = 0.00>

State 7 <SV = 4> <Delay = 0.00>
ST_7 : Operation 31 [1/2] (0.00ns)   --->   "%call_ln0 = call void @zeropad2d_cl<array<ap_fixed<16, 6, 5, 3, 0>, 1u>, array<ap_fixed<16, 6, 5, 3, 0>, 1u>, config7>_Pipeline_PadBottomWidth, i16 %layer7_out"   --->   Operation 31 'call' 'call_ln0' <Predicate = true> <Delay = 0.00> <CoreType = "Generic">   --->   Core 0 '' <Latency = 0> <II = 1> <Delay = 1.00> <Generic> <Opcode : >
ST_7 : Operation 32 [1/1] (0.00ns)   --->   "%ret_ln81 = ret" [firmware/nnet_utils/nnet_padding_stream.h:81]   --->   Operation 32 'ret' 'ret_ln81' <Predicate = true> <Delay = 0.00>


============================================================
+ Verbose Summary: Timing violations
============================================================
Target clock period: 10ns, clock uncertainty: 2.7ns.

 <State 1>: 1.59ns
The critical path consists of the following:
	'alloca' operation ('i') [3]  (0 ns)
	'store' operation ('store_ln59', firmware/nnet_utils/nnet_padding_stream.h:59) of constant 0 on local variable 'i' [9]  (1.59 ns)

 <State 2>: 0ns
The critical path consists of the following:

 <State 3>: 0ns
The critical path consists of the following:

 <State 4>: 5ns
The critical path consists of the following:
	fifo write operation ('write_ln173', C:/Xilinx/Vitis_HLS/2021.2/common/technology/autopilot/hls_stream_39.h:173) on port 'layer7_out' (C:/Xilinx/Vitis_HLS/2021.2/common/technology/autopilot/hls_stream_39.h:173) [19]  (3.51 ns)
	blocking operation 1.49 ns on control path)

 <State 5>: 3.51ns
The critical path consists of the following:
	'call' operation ('call_ln0') to 'zeropad2d_cl<array<ap_fixed<16, 6, 5, 3, 0>, 1u>, array<ap_fixed<16, 6, 5, 3, 0>, 1u>, config7>_Pipeline_CopyMain' [21]  (3.51 ns)

 <State 6>: 0ns
The critical path consists of the following:

 <State 7>: 0ns
The critical path consists of the following:


============================================================
+ Verbose Summary: Binding
============================================================
N/A
* FSMD analyzer results:
  - Output states:
 - Input state : 
  - Chain level:
	State 1
	State 2
	State 3
	State 4
	State 5
	State 6
	State 7


============================================================
+ Verbose Summary: Datapath Resource usage 
============================================================
N/A
