13:00:10 INFO  : Registering command handlers for Vitis TCF services
13:00:10 INFO  : Launching XSCT server: xsct.bat -n  -interactive C:\Users\f006zk0\engs192\2021.1_Pcam_VitisWorkspace\temp_xsdb_launch_script.tcl
13:00:10 INFO  : Platform repository initialization has completed.
13:00:13 INFO  : XSCT server has started successfully.
13:00:14 INFO  : plnx-install-location is set to ''
13:00:14 INFO  : Successfully done setting XSCT server connection channel  
13:00:14 INFO  : Successfully done query RDI_DATADIR 
13:00:14 INFO  : Successfully done setting workspace for the tool. 
13:01:49 INFO  : Platform 'system_wrapper' is added to custom repositories.
13:01:52 INFO  : [Import] Updating active build configuration of the system project 'Zybo-Z7-20-pcam-5c_system' to 'Debug' after the import.
13:02:43 INFO  : Connected to target on host '127.0.0.1' and port '3121'.
13:02:43 INFO  : Jtag cable 'Digilent Zybo Z7 210351BE5C15A' is selected.
13:02:43 INFO  : 'jtag frequency' command is executed.
13:02:43 INFO  : Context for 'APU' is selected.
13:02:43 INFO  : System reset is completed.
13:02:46 INFO  : 'after 3000' command is executed.
13:02:47 INFO  : 'targets -set -filter {jtag_cable_name =~ "Digilent Zybo Z7 210351BE5C15A" && level==0 && jtag_device_ctx=="jsn-Zybo Z7-210351BE5C15A-23727093-0"}' command is executed.
13:02:49 INFO  : Device configured successfully with "C:/Users/f006zk0/engs192/2021.1_Pcam_VitisWorkspace/Zybo-Z7-20-pcam-5c/_ide/bitstream/system_wrapper.bit"
13:02:49 INFO  : Context for 'APU' is selected.
13:02:49 INFO  : Hardware design and registers information is loaded from 'C:/Users/f006zk0/engs192/2021.1_Pcam_VitisWorkspace/system_wrapper/export/system_wrapper/hw/system_wrapper.xsa'.
13:02:49 INFO  : 'configparams force-mem-access 1' command is executed.
13:02:49 INFO  : Context for 'APU' is selected.
13:02:49 INFO  : Sourcing of 'C:/Users/f006zk0/engs192/2021.1_Pcam_VitisWorkspace/Zybo-Z7-20-pcam-5c/_ide/psinit/ps7_init.tcl' is done.
13:02:50 INFO  : 'ps7_init' command is executed.
13:02:50 INFO  : 'ps7_post_config' command is executed.
13:02:50 INFO  : Context for processor 'ps7_cortexa9_0' is selected.
13:02:51 INFO  : The application 'C:/Users/f006zk0/engs192/2021.1_Pcam_VitisWorkspace/Zybo-Z7-20-pcam-5c/Debug/Zybo-Z7-20-pcam-5c.elf' is downloaded to processor 'ps7_cortexa9_0'.
13:02:51 INFO  : 'configparams force-mem-access 0' command is executed.
13:02:51 INFO  : ----------------XSDB Script----------------
connect -url tcp:127.0.0.1:3121
targets -set -nocase -filter {name =~"APU*"}
rst -system
after 3000
targets -set -filter {jtag_cable_name =~ "Digilent Zybo Z7 210351BE5C15A" && level==0 && jtag_device_ctx=="jsn-Zybo Z7-210351BE5C15A-23727093-0"}
fpga -file C:/Users/f006zk0/engs192/2021.1_Pcam_VitisWorkspace/Zybo-Z7-20-pcam-5c/_ide/bitstream/system_wrapper.bit
targets -set -nocase -filter {name =~"APU*"}
loadhw -hw C:/Users/f006zk0/engs192/2021.1_Pcam_VitisWorkspace/system_wrapper/export/system_wrapper/hw/system_wrapper.xsa -mem-ranges [list {0x40000000 0xbfffffff}] -regs
configparams force-mem-access 1
targets -set -nocase -filter {name =~"APU*"}
source C:/Users/f006zk0/engs192/2021.1_Pcam_VitisWorkspace/Zybo-Z7-20-pcam-5c/_ide/psinit/ps7_init.tcl
ps7_init
ps7_post_config
targets -set -nocase -filter {name =~ "*A9*#0"}
dow C:/Users/f006zk0/engs192/2021.1_Pcam_VitisWorkspace/Zybo-Z7-20-pcam-5c/Debug/Zybo-Z7-20-pcam-5c.elf
configparams force-mem-access 0
----------------End of Script----------------

13:02:52 INFO  : Context for processor 'ps7_cortexa9_0' is selected.
13:02:52 INFO  : 'con' command is executed.
13:02:52 INFO  : ----------------XSDB Script (After Launch)----------------
targets -set -nocase -filter {name =~ "*A9*#0"}
con
----------------End of Script----------------

13:02:52 INFO  : Launch script is exported to file 'C:\Users\f006zk0\engs192\2021.1_Pcam_VitisWorkspace\Zybo-Z7-20-pcam-5c_system\_ide\scripts\systemdebugger_zybo-z7-20-pcam-5c_system_standalone.tcl'
14:11:16 INFO  : Disconnected from the channel tcfchan#2.
14:11:17 INFO  : Connected to target on host '127.0.0.1' and port '3121'.
14:11:17 INFO  : Jtag cable 'Digilent Zybo Z7 210351BE5C15A' is selected.
14:11:17 INFO  : 'jtag frequency' command is executed.
14:11:17 INFO  : Context for 'APU' is selected.
14:11:17 INFO  : System reset is completed.
14:11:20 INFO  : 'after 3000' command is executed.
14:11:20 INFO  : 'targets -set -filter {jtag_cable_name =~ "Digilent Zybo Z7 210351BE5C15A" && level==0 && jtag_device_ctx=="jsn-Zybo Z7-210351BE5C15A-23727093-0"}' command is executed.
14:11:23 INFO  : Device configured successfully with "C:/Users/f006zk0/engs192/2021.1_Pcam_VitisWorkspace/Zybo-Z7-20-pcam-5c/_ide/bitstream/system_wrapper.bit"
14:11:23 INFO  : Context for 'APU' is selected.
14:11:23 INFO  : Hardware design and registers information is loaded from 'C:/Users/f006zk0/engs192/2021.1_Pcam_VitisWorkspace/system_wrapper/export/system_wrapper/hw/system_wrapper.xsa'.
14:11:23 INFO  : 'configparams force-mem-access 1' command is executed.
14:11:23 INFO  : Context for 'APU' is selected.
14:11:23 INFO  : Sourcing of 'C:/Users/f006zk0/engs192/2021.1_Pcam_VitisWorkspace/Zybo-Z7-20-pcam-5c/_ide/psinit/ps7_init.tcl' is done.
14:11:23 INFO  : 'ps7_init' command is executed.
14:11:23 INFO  : 'ps7_post_config' command is executed.
14:11:23 INFO  : Context for processor 'ps7_cortexa9_0' is selected.
14:11:25 INFO  : The application 'C:/Users/f006zk0/engs192/2021.1_Pcam_VitisWorkspace/Zybo-Z7-20-pcam-5c/Debug/Zybo-Z7-20-pcam-5c.elf' is downloaded to processor 'ps7_cortexa9_0'.
14:11:25 INFO  : 'configparams force-mem-access 0' command is executed.
14:11:25 INFO  : ----------------XSDB Script----------------
connect -url tcp:127.0.0.1:3121
targets -set -nocase -filter {name =~"APU*"}
rst -system
after 3000
targets -set -filter {jtag_cable_name =~ "Digilent Zybo Z7 210351BE5C15A" && level==0 && jtag_device_ctx=="jsn-Zybo Z7-210351BE5C15A-23727093-0"}
fpga -file C:/Users/f006zk0/engs192/2021.1_Pcam_VitisWorkspace/Zybo-Z7-20-pcam-5c/_ide/bitstream/system_wrapper.bit
targets -set -nocase -filter {name =~"APU*"}
loadhw -hw C:/Users/f006zk0/engs192/2021.1_Pcam_VitisWorkspace/system_wrapper/export/system_wrapper/hw/system_wrapper.xsa -mem-ranges [list {0x40000000 0xbfffffff}] -regs
configparams force-mem-access 1
targets -set -nocase -filter {name =~"APU*"}
source C:/Users/f006zk0/engs192/2021.1_Pcam_VitisWorkspace/Zybo-Z7-20-pcam-5c/_ide/psinit/ps7_init.tcl
ps7_init
ps7_post_config
targets -set -nocase -filter {name =~ "*A9*#0"}
dow C:/Users/f006zk0/engs192/2021.1_Pcam_VitisWorkspace/Zybo-Z7-20-pcam-5c/Debug/Zybo-Z7-20-pcam-5c.elf
configparams force-mem-access 0
----------------End of Script----------------

14:11:25 INFO  : Context for processor 'ps7_cortexa9_0' is selected.
14:11:25 INFO  : 'con' command is executed.
14:11:25 INFO  : ----------------XSDB Script (After Launch)----------------
targets -set -nocase -filter {name =~ "*A9*#0"}
con
----------------End of Script----------------

14:11:25 INFO  : Launch script is exported to file 'C:\Users\f006zk0\engs192\2021.1_Pcam_VitisWorkspace\Zybo-Z7-20-pcam-5c_system\_ide\scripts\systemdebugger_zybo-z7-20-pcam-5c_system_1_standalone.tcl'
14:53:46 INFO  : Disconnected from the channel tcfchan#3.
14:05:14 INFO  : Launching XSCT server: xsct.bat -n  -interactive C:\Users\brand\Documents\engs192\zybo-edge-ai\2021.1_Pcam_VitisWorkspace\temp_xsdb_launch_script.tcl
14:05:17 INFO  : XSCT server has started successfully.
14:05:17 INFO  : plnx-install-location is set to ''
14:05:17 INFO  : Successfully done setting XSCT server connection channel  
14:05:17 INFO  : Successfully done setting workspace for the tool. 
14:05:18 ERROR : Error encountered while initializing user repository paths
Reason: No Platforms Found.


14:05:18 INFO  : Platform repository initialization has completed.
14:05:18 INFO  : Registering command handlers for Vitis TCF services
14:05:19 INFO  : Successfully done query RDI_DATADIR 
14:06:06 ERROR : The platform 'D:/WorkRaduV/Projects/Zybo-Z7/sw/ws/system_wrapper/export/system_wrapper/system_wrapper.xpfm' used by the system project 'Zybo-Z7-20-pcam-5c_system' is not valid.
14:06:16 INFO  : Checking for BSP changes to sync application flags for project 'Zybo-Z7-20-pcam-5c'...
14:06:16 ERROR : Failed to get platform details for the project 'Zybo-Z7-20-pcam-5c'. Cannot sync application flags.
14:07:53 INFO  : Checking for BSP changes to sync application flags for project 'Zybo-Z7-20-pcam-5c'...
14:07:53 ERROR : Failed to get platform details for the project 'Zybo-Z7-20-pcam-5c'. Cannot sync application flags.
14:17:08 INFO  : Hardware specification for platform project 'system_wrapper' is updated.
14:17:23 INFO  : Result from executing command 'removePlatformRepo': 
14:17:32 INFO  : Checking for BSP changes to sync application flags for project 'Zybo-Z7-20-pcam-5c'...
14:17:32 ERROR : Failed to get platform details for the project 'Zybo-Z7-20-pcam-5c'. Cannot sync application flags.
14:19:36 INFO  : Platform 'hw_pcam' is added to custom repositories.
14:19:38 INFO  : [Import] Updating active build configuration of the system project 'pcam_hdmi_system' to 'Debug' after the import.
14:20:09 INFO  : Checking for BSP changes to sync application flags for project 'pcam_hdmi'...
14:20:24 INFO  : Checking for BSP changes to sync application flags for project 'pcam_hdmi'...
14:20:31 INFO  : Connected to target on host '127.0.0.1' and port '3121'.
14:20:32 WARN  : Part name present in the hardware specification 'xc7z010clg400-1' doesn't match the one present on the target 'xc7z020'.
14:20:37 INFO  : Jtag cable 'Digilent Zybo Z7 210351BE5C15A' is selected.
14:20:37 INFO  : 'jtag frequency' command is executed.
14:20:37 INFO  : Context for 'APU' is selected.
14:20:37 INFO  : System reset is completed.
14:20:40 INFO  : 'after 3000' command is executed.
14:20:40 INFO  : 'targets -set -filter {jtag_cable_name =~ "Digilent Zybo Z7 210351BE5C15A" && level==0 && jtag_device_ctx=="jsn-Zybo Z7-210351BE5C15A-23727093-0"}' command is executed.
14:20:40 ERROR : bitstream is not compatible with the target
14:20:40 ERROR : Exception occured while running Program Device.
java.lang.RuntimeException: bitstream is not compatible with the target
14:20:40 INFO  : ----------------XSDB Script----------------
connect -url tcp:127.0.0.1:3121
targets -set -nocase -filter {name =~"APU*"}
rst -system
after 3000
----------------End of Script----------------

14:20:40 ERROR : bitstream is not compatible with the target
14:21:25 ERROR : An unexpected exception occurred in the module 'reading platform'
14:21:30 ERROR : An unexpected exception occurred in the module 'reading platform'
14:22:00 INFO  : Platform 'system_wrapper' is added to custom repositories.
14:22:03 INFO  : [Import] Updating active build configuration of the system project 'Zybo-Z7-20-pcam-5c_system' to 'Debug' after the import.
14:22:15 INFO  : Checking for BSP changes to sync application flags for project 'Zybo-Z7-20-pcam-5c'...
14:22:31 INFO  : Checking for BSP changes to sync application flags for project 'Zybo-Z7-20-pcam-5c'...
14:22:39 INFO  : Connected to target on host '127.0.0.1' and port '3121'.
14:22:40 INFO  : Jtag cable 'Digilent Zybo Z7 210351BE5C15A' is selected.
14:22:40 INFO  : 'jtag frequency' command is executed.
14:22:40 INFO  : Context for 'APU' is selected.
14:22:40 INFO  : System reset is completed.
14:22:43 INFO  : 'after 3000' command is executed.
14:22:43 INFO  : 'targets -set -filter {jtag_cable_name =~ "Digilent Zybo Z7 210351BE5C15A" && level==0 && jtag_device_ctx=="jsn-Zybo Z7-210351BE5C15A-23727093-0"}' command is executed.
14:22:45 INFO  : Device configured successfully with "C:/Users/brand/Documents/engs192/zybo-edge-ai/2021.1_Pcam_VitisWorkspace/Zybo-Z7-20-pcam-5c/_ide/bitstream/system_wrapper.bit"
14:22:45 INFO  : Context for 'APU' is selected.
14:22:45 INFO  : Hardware design and registers information is loaded from 'C:/Users/brand/Documents/engs192/zybo-edge-ai/2021.1_Pcam_VitisWorkspace/system_wrapper/export/system_wrapper/hw/system_wrapper.xsa'.
14:22:45 INFO  : 'configparams force-mem-access 1' command is executed.
14:22:45 INFO  : Context for 'APU' is selected.
14:22:45 INFO  : Sourcing of 'C:/Users/brand/Documents/engs192/zybo-edge-ai/2021.1_Pcam_VitisWorkspace/Zybo-Z7-20-pcam-5c/_ide/psinit/ps7_init.tcl' is done.
14:22:46 INFO  : 'ps7_init' command is executed.
14:22:46 INFO  : 'ps7_post_config' command is executed.
14:22:46 INFO  : Context for processor 'ps7_cortexa9_0' is selected.
14:22:48 INFO  : The application 'C:/Users/brand/Documents/engs192/zybo-edge-ai/2021.1_Pcam_VitisWorkspace/Zybo-Z7-20-pcam-5c/Debug/Zybo-Z7-20-pcam-5c.elf' is downloaded to processor 'ps7_cortexa9_0'.
14:22:48 INFO  : 'configparams force-mem-access 0' command is executed.
14:22:48 INFO  : ----------------XSDB Script----------------
connect -url tcp:127.0.0.1:3121
targets -set -nocase -filter {name =~"APU*"}
rst -system
after 3000
targets -set -filter {jtag_cable_name =~ "Digilent Zybo Z7 210351BE5C15A" && level==0 && jtag_device_ctx=="jsn-Zybo Z7-210351BE5C15A-23727093-0"}
fpga -file C:/Users/brand/Documents/engs192/zybo-edge-ai/2021.1_Pcam_VitisWorkspace/Zybo-Z7-20-pcam-5c/_ide/bitstream/system_wrapper.bit
targets -set -nocase -filter {name =~"APU*"}
loadhw -hw C:/Users/brand/Documents/engs192/zybo-edge-ai/2021.1_Pcam_VitisWorkspace/system_wrapper/export/system_wrapper/hw/system_wrapper.xsa -mem-ranges [list {0x40000000 0xbfffffff}] -regs
configparams force-mem-access 1
targets -set -nocase -filter {name =~"APU*"}
source C:/Users/brand/Documents/engs192/zybo-edge-ai/2021.1_Pcam_VitisWorkspace/Zybo-Z7-20-pcam-5c/_ide/psinit/ps7_init.tcl
ps7_init
ps7_post_config
targets -set -nocase -filter {name =~ "*A9*#0"}
dow C:/Users/brand/Documents/engs192/zybo-edge-ai/2021.1_Pcam_VitisWorkspace/Zybo-Z7-20-pcam-5c/Debug/Zybo-Z7-20-pcam-5c.elf
configparams force-mem-access 0
----------------End of Script----------------

14:22:48 INFO  : Context for processor 'ps7_cortexa9_0' is selected.
14:22:48 INFO  : 'con' command is executed.
14:22:48 INFO  : ----------------XSDB Script (After Launch)----------------
targets -set -nocase -filter {name =~ "*A9*#0"}
con
----------------End of Script----------------

14:22:48 INFO  : Launch script is exported to file 'C:\Users\brand\Documents\engs192\zybo-edge-ai\2021.1_Pcam_VitisWorkspace\Zybo-Z7-20-pcam-5c_system\_ide\scripts\systemdebugger_zybo-z7-20-pcam-5c_system_3_standalone.tcl'
14:25:06 INFO  : Disconnected from the channel tcfchan#10.
13:58:36 INFO  : Launching XSCT server: xsct.bat -n  -interactive C:\Users\brand\Documents\engs192\zybo-edge-ai\2021.1_Pcam_VitisWorkspace\temp_xsdb_launch_script.tcl
13:58:39 INFO  : XSCT server has started successfully.
13:58:39 INFO  : Successfully done setting XSCT server connection channel  
13:58:39 INFO  : plnx-install-location is set to ''
13:58:39 INFO  : Successfully done setting workspace for the tool. 
13:58:40 INFO  : Platform repository initialization has completed.
13:58:40 INFO  : Registering command handlers for Vitis TCF services
13:58:40 INFO  : Successfully done query RDI_DATADIR 
14:00:03 INFO  : Connected to target on host '127.0.0.1' and port '3121'.
14:00:03 INFO  : Jtag cable 'Digilent Zybo Z7 210351BE5C15A' is selected.
14:00:03 INFO  : 'jtag frequency' command is executed.
14:00:03 INFO  : Context for 'APU' is selected.
14:00:03 INFO  : System reset is completed.
14:00:06 INFO  : 'after 3000' command is executed.
14:00:07 INFO  : 'targets -set -filter {jtag_cable_name =~ "Digilent Zybo Z7 210351BE5C15A" && level==0 && jtag_device_ctx=="jsn-Zybo Z7-210351BE5C15A-23727093-0"}' command is executed.
14:00:09 INFO  : Device configured successfully with "C:/Users/brand/Documents/engs192/zybo-edge-ai/2021.1_Pcam_VitisWorkspace/Zybo-Z7-20-pcam-5c/_ide/bitstream/system_wrapper.bit"
14:00:09 INFO  : Context for 'APU' is selected.
14:00:09 INFO  : Hardware design and registers information is loaded from 'C:/Users/brand/Documents/engs192/zybo-edge-ai/2021.1_Pcam_VitisWorkspace/system_wrapper/export/system_wrapper/hw/system_wrapper.xsa'.
14:00:09 INFO  : 'configparams force-mem-access 1' command is executed.
14:00:09 INFO  : Context for 'APU' is selected.
14:00:09 INFO  : Sourcing of 'C:/Users/brand/Documents/engs192/zybo-edge-ai/2021.1_Pcam_VitisWorkspace/Zybo-Z7-20-pcam-5c/_ide/psinit/ps7_init.tcl' is done.
14:00:10 INFO  : 'ps7_init' command is executed.
14:00:10 INFO  : 'ps7_post_config' command is executed.
14:00:10 INFO  : Context for processor 'ps7_cortexa9_0' is selected.
14:00:12 INFO  : The application 'C:/Users/brand/Documents/engs192/zybo-edge-ai/2021.1_Pcam_VitisWorkspace/Zybo-Z7-20-pcam-5c/Debug/Zybo-Z7-20-pcam-5c.elf' is downloaded to processor 'ps7_cortexa9_0'.
14:00:12 INFO  : 'configparams force-mem-access 0' command is executed.
14:00:12 INFO  : ----------------XSDB Script----------------
connect -url tcp:127.0.0.1:3121
targets -set -nocase -filter {name =~"APU*"}
rst -system
after 3000
targets -set -filter {jtag_cable_name =~ "Digilent Zybo Z7 210351BE5C15A" && level==0 && jtag_device_ctx=="jsn-Zybo Z7-210351BE5C15A-23727093-0"}
fpga -file C:/Users/brand/Documents/engs192/zybo-edge-ai/2021.1_Pcam_VitisWorkspace/Zybo-Z7-20-pcam-5c/_ide/bitstream/system_wrapper.bit
targets -set -nocase -filter {name =~"APU*"}
loadhw -hw C:/Users/brand/Documents/engs192/zybo-edge-ai/2021.1_Pcam_VitisWorkspace/system_wrapper/export/system_wrapper/hw/system_wrapper.xsa -mem-ranges [list {0x40000000 0xbfffffff}] -regs
configparams force-mem-access 1
targets -set -nocase -filter {name =~"APU*"}
source C:/Users/brand/Documents/engs192/zybo-edge-ai/2021.1_Pcam_VitisWorkspace/Zybo-Z7-20-pcam-5c/_ide/psinit/ps7_init.tcl
ps7_init
ps7_post_config
targets -set -nocase -filter {name =~ "*A9*#0"}
dow C:/Users/brand/Documents/engs192/zybo-edge-ai/2021.1_Pcam_VitisWorkspace/Zybo-Z7-20-pcam-5c/Debug/Zybo-Z7-20-pcam-5c.elf
configparams force-mem-access 0
----------------End of Script----------------

14:00:12 INFO  : Context for processor 'ps7_cortexa9_0' is selected.
14:00:12 INFO  : 'con' command is executed.
14:00:12 INFO  : ----------------XSDB Script (After Launch)----------------
targets -set -nocase -filter {name =~ "*A9*#0"}
con
----------------End of Script----------------

14:00:12 INFO  : Launch script is exported to file 'C:\Users\brand\Documents\engs192\zybo-edge-ai\2021.1_Pcam_VitisWorkspace\Zybo-Z7-20-pcam-5c_system\_ide\scripts\systemdebugger_zybo-z7-20-pcam-5c_system_4_standalone.tcl'
14:00:56 INFO  : Disconnected from the channel tcfchan#1.
