2026-04-23T14:20:23.360655800255-14:20:23 **** Build of project hw_pcam ****
000-buildplatform.bat 62952 hw_pcam  
000-XSDB Server Channel: tcfchan#9
000-Failed to generate the platform.
000-Reason: Error: Qemu arguments File given  C:/Xilinx/Vitis/2021.1/data/emulation/platforms/zynq/sw/a9_standalone/qemu/qemu_args.txt do not exist
000-    invoked from within
000-"::tcf::eval -progress {apply {{msg} {puts $msg}}} {tcf_send_command tcfchan#0 xsdb eval s es {{platform active hw_pcam; platform generate }}}"
000-    (procedure "::tcf::send_command" line 4)
000-    invoked from within
000-"tcf send_command $::xsdb::curchan xsdb eval s es [list "platform active $PLATFORM_NAME; platform generate $target"]"
000-    invoked from within
000-"if { $iswindows == 1 } {    
000-
000-    set XSDB_PORT [lindex $argv 0]
000-    set PLATFORM_NAME [lindex $argv 1]
000-    set arglen [llength $argv]
000-    set lastind..."
000-    (file "C:/Xilinx/Vitis/2021.2\scripts\vitis\util\buildplatform.tcl" line 11)
00255-
14:20:24 Build Finished (took 1s.304ms)

