

================================================================
== Vitis HLS Report for 'conv_2d_cl_array_ap_fixed_1u_array_ap_fixed_8_2_5_3_0_2u_config2_s'
================================================================
* Date:           Tue May 26 23:24:21 2026

* Version:        2021.2 (Build 3367213 on Tue Oct 19 02:48:09 MDT 2021)
* Project:        myproject_prj
* Solution:       solution1 (Vivado IP Flow Target)
* Product family: zynq
* Target device:  xc7z020-clg400-1


================================================================
== Performance Estimates
================================================================
+ Timing: 
    * Summary: 
    +--------+----------+----------+------------+
    |  Clock |  Target  | Estimated| Uncertainty|
    +--------+----------+----------+------------+
    |ap_clk  |  10.00 ns|  8.181 ns|     1.25 ns|
    +--------+----------+----------+------------+

+ Latency: 
    * Summary: 
    +---------+---------+----------+----------+-------+--------+---------+
    |  Latency (cycles) |  Latency (absolute) |    Interval    | Pipeline|
    |   min   |   max   |    min   |    max   |  min  |   max  |   Type  |
    +---------+---------+----------+----------+-------+--------+---------+
    |    80689|   504301|  0.807 ms|  5.043 ms|  80689|  504301|       no|
    +---------+---------+----------+----------+-------+--------+---------+

    + Detail: 
        * Instance: 
        +--------------------------------------------------------------------------------+----------------------------------------------------------------------+---------+---------+-----------+----------+-----+-----+---------+
        |                                                                                |                                                                      |  Latency (cycles) |  Latency (absolute)  |  Interval | Pipeline|
        |                                    Instance                                    |                                Module                                |   min   |   max   |    min    |    max   | min | max |   Type  |
        +--------------------------------------------------------------------------------+----------------------------------------------------------------------+---------+---------+-----------+----------+-----+-----+---------+
        |grp_compute_output_buffer_2d_array_array_ap_fixed_8_2_5_3_0_2u_config2_s_fu_78  |compute_output_buffer_2d_array_array_ap_fixed_8_2_5_3_0_2u_config2_s  |        2|       23|  20.000 ns|  0.230 us|    2|   23|       no|
        +--------------------------------------------------------------------------------+----------------------------------------------------------------------+---------+---------+-----------+----------+-----+-----+---------+

        * Loop: 
        +----------------------------------+---------+---------+----------+-----------+-----------+-------+----------+
        |                                  |  Latency (cycles) | Iteration|  Initiation Interval  |  Trip |          |
        |             Loop Name            |   min   |   max   |  Latency |  achieved |   target  | Count | Pipelined|
        +----------------------------------+---------+---------+----------+-----------+-----------+-------+----------+
        |- ReadInputHeight_ReadInputWidth  |    80688|   504300|    4 ~ 25|          -|          -|  20172|        no|
        +----------------------------------+---------+---------+----------+-----------+-----------+-------+----------+



================================================================
== Utilization Estimates
================================================================
* Summary: 
+-----------------+---------+-----+--------+-------+-----+
|       Name      | BRAM_18K| DSP |   FF   |  LUT  | URAM|
+-----------------+---------+-----+--------+-------+-----+
|DSP              |        -|    -|       -|      -|    -|
|Expression       |        -|    -|       0|     36|    -|
|FIFO             |        -|    -|       -|      -|    -|
|Instance         |        1|    0|     623|   1206|    -|
|Memory           |        -|    -|       -|      -|    -|
|Multiplexer      |        -|    -|       -|     65|    -|
|Register         |        -|    -|      29|      -|    -|
+-----------------+---------+-----+--------+-------+-----+
|Total            |        1|    0|     652|   1307|    0|
+-----------------+---------+-----+--------+-------+-----+
|Available        |      280|  220|  106400|  53200|    0|
+-----------------+---------+-----+--------+-------+-----+
|Utilization (%)  |       ~0|    0|      ~0|      2|    0|
+-----------------+---------+-----+--------+-------+-----+

+ Detail: 
    * Instance: 
    +--------------------------------------------------------------------------------+----------------------------------------------------------------------+---------+----+-----+------+-----+
    |                                    Instance                                    |                                Module                                | BRAM_18K| DSP|  FF |  LUT | URAM|
    +--------------------------------------------------------------------------------+----------------------------------------------------------------------+---------+----+-----+------+-----+
    |grp_compute_output_buffer_2d_array_array_ap_fixed_8_2_5_3_0_2u_config2_s_fu_78  |compute_output_buffer_2d_array_array_ap_fixed_8_2_5_3_0_2u_config2_s  |        1|   0|  623|  1206|    0|
    +--------------------------------------------------------------------------------+----------------------------------------------------------------------+---------+----+-----+------+-----+
    |Total                                                                           |                                                                      |        1|   0|  623|  1206|    0|
    +--------------------------------------------------------------------------------+----------------------------------------------------------------------+---------+----+-----+------+-----+

    * DSP: 
    N/A

    * Memory: 
    N/A

    * FIFO: 
    N/A

    * Expression: 
    +---------------------+----------+----+---+----+------------+------------+
    |    Variable Name    | Operation| DSP| FF| LUT| Bitwidth P0| Bitwidth P1|
    +---------------------+----------+----+---+----+------------+------------+
    |add_ln85_fu_134_p2   |         +|   0|  0|  20|          15|           1|
    |ap_block_state2      |       and|   0|  0|   2|           1|           1|
    |icmp_ln85_fu_128_p2  |      icmp|   0|  0|  12|          15|          15|
    |ap_block_state1      |        or|   0|  0|   2|           1|           1|
    +---------------------+----------+----+---+----+------------+------------+
    |Total                |          |   0|  0|  36|          32|          18|
    +---------------------+----------+----+---+----+------------+------------+

    * Multiplexer: 
    +----------------------+----+-----------+-----+-----------+
    |         Name         | LUT| Input Size| Bits| Total Bits|
    +----------------------+----+-----------+-----+-----------+
    |ap_NS_fsm             |  20|          4|    1|          4|
    |ap_done               |   9|          2|    1|          2|
    |indvar_flatten_fu_68  |   9|          2|   15|         30|
    |layer2_out_write      |   9|          2|    1|          2|
    |layer5_out_blk_n      |   9|          2|    1|          2|
    |real_start            |   9|          2|    1|          2|
    +----------------------+----+-----------+-----+-----------+
    |Total                 |  65|         14|   20|         42|
    +----------------------+----+-----------+-----+-----------+

    * Register: 
    +---------------------------------------------------------------------------------------------+----+----+-----+-----------+
    |                                             Name                                            | FF | LUT| Bits| Const Bits|
    +---------------------------------------------------------------------------------------------+----+----+-----+-----------+
    |ap_CS_fsm                                                                                    |   3|   0|    3|          0|
    |ap_done_reg                                                                                  |   1|   0|    1|          0|
    |grp_compute_output_buffer_2d_array_array_ap_fixed_8_2_5_3_0_2u_config2_s_fu_78_ap_start_reg  |   1|   0|    1|          0|
    |indvar_flatten_fu_68                                                                         |  15|   0|   15|          0|
    |layer5_out_read_reg_155                                                                      |   8|   0|    8|          0|
    |start_once_reg                                                                               |   1|   0|    1|          0|
    +---------------------------------------------------------------------------------------------+----+----+-----+-----------+
    |Total                                                                                        |  29|   0|   29|          0|
    +---------------------------------------------------------------------------------------------+----+----+-----+-----------+



================================================================
== Interface
================================================================
* Summary: 
+--------------------+-----+-----+------------+----------------------------------------------------------------------+--------------+
|      RTL Ports     | Dir | Bits|  Protocol  |                             Source Object                            |    C Type    |
+--------------------+-----+-----+------------+----------------------------------------------------------------------+--------------+
|ap_clk              |   in|    1|  ap_ctrl_hs|  conv_2d_cl<array<ap_fixed,1u>,array<ap_fixed<8,2,5,3,0>,2u>,config2>|  return value|
|ap_rst              |   in|    1|  ap_ctrl_hs|  conv_2d_cl<array<ap_fixed,1u>,array<ap_fixed<8,2,5,3,0>,2u>,config2>|  return value|
|ap_start            |   in|    1|  ap_ctrl_hs|  conv_2d_cl<array<ap_fixed,1u>,array<ap_fixed<8,2,5,3,0>,2u>,config2>|  return value|
|start_full_n        |   in|    1|  ap_ctrl_hs|  conv_2d_cl<array<ap_fixed,1u>,array<ap_fixed<8,2,5,3,0>,2u>,config2>|  return value|
|ap_done             |  out|    1|  ap_ctrl_hs|  conv_2d_cl<array<ap_fixed,1u>,array<ap_fixed<8,2,5,3,0>,2u>,config2>|  return value|
|ap_continue         |   in|    1|  ap_ctrl_hs|  conv_2d_cl<array<ap_fixed,1u>,array<ap_fixed<8,2,5,3,0>,2u>,config2>|  return value|
|ap_idle             |  out|    1|  ap_ctrl_hs|  conv_2d_cl<array<ap_fixed,1u>,array<ap_fixed<8,2,5,3,0>,2u>,config2>|  return value|
|ap_ready            |  out|    1|  ap_ctrl_hs|  conv_2d_cl<array<ap_fixed,1u>,array<ap_fixed<8,2,5,3,0>,2u>,config2>|  return value|
|start_out           |  out|    1|  ap_ctrl_hs|  conv_2d_cl<array<ap_fixed,1u>,array<ap_fixed<8,2,5,3,0>,2u>,config2>|  return value|
|start_write         |  out|    1|  ap_ctrl_hs|  conv_2d_cl<array<ap_fixed,1u>,array<ap_fixed<8,2,5,3,0>,2u>,config2>|  return value|
|layer5_out_dout     |   in|    8|     ap_fifo|                                                            layer5_out|       pointer|
|layer5_out_empty_n  |   in|    1|     ap_fifo|                                                            layer5_out|       pointer|
|layer5_out_read     |  out|    1|     ap_fifo|                                                            layer5_out|       pointer|
|layer2_out_din      |  out|   16|     ap_fifo|                                                            layer2_out|       pointer|
|layer2_out_full_n   |   in|    1|     ap_fifo|                                                            layer2_out|       pointer|
|layer2_out_write    |  out|    1|     ap_fifo|                                                            layer2_out|       pointer|
+--------------------+-----+-----+------------+----------------------------------------------------------------------+--------------+

============================================================
+ Verbose Summary: Synthesis Manager
============================================================
InlineROM: 1
ExposeGlobal: 0
============================================================
+ Verbose Summary: CDFG Model
============================================================
IsTopModel: 0
ResetActiveHigh: 1
IsCombinational: 2
IsDatapathOnly: 0
HasWiredReturn: 1
HasMFsm: 0
HasVarLatency: 1
IsPipeline: 0
IsRtlPipelined: 0
IsInstanceOverlapped: 0
IsDontTouch: 0
HasImplIP: 0
IsGatedGlobalClock: 0


============================================================
+ Verbose Summary: Schedule
============================================================
* Number of FSM states : 3
* Pipeline : 0
* Dataflow Pipeline: 0

* FSM state transitions: 
1 --> 2 
2 --> 3 
3 --> 2 

* FSM state operations: 

State 1 <SV = 0> <Delay = 1.58>
ST_1 : Operation 4 [1/1] (0.00ns)   --->   "%indvar_flatten = alloca i32 1"   --->   Operation 4 'alloca' 'indvar_flatten' <Predicate = true> <Delay = 0.00>
ST_1 : Operation 5 [1/1] (0.00ns)   --->   "%specinterface_ln0 = specinterface void @_ssdm_op_SpecInterface, i16 %layer2_out, void @empty_4, i32 0, i32 0, void @empty_6, i32 0, i32 0, void @empty_6, void @empty_6, void @empty_6, i32 0, i32 0, i32 0, i32 0, void @empty_6, void @empty_6"   --->   Operation 5 'specinterface' 'specinterface_ln0' <Predicate = true> <Delay = 0.00>
ST_1 : Operation 6 [1/1] (0.00ns)   --->   "%specinterface_ln0 = specinterface void @_ssdm_op_SpecInterface, i8 %layer5_out, void @empty_4, i32 0, i32 0, void @empty_6, i32 0, i32 0, void @empty_6, void @empty_6, void @empty_6, i32 0, i32 0, i32 0, i32 0, void @empty_6, void @empty_6"   --->   Operation 6 'specinterface' 'specinterface_ln0' <Predicate = true> <Delay = 0.00>
ST_1 : Operation 7 [1/1] (1.58ns)   --->   "%store_ln85 = store i15 0, i15 %indvar_flatten" [firmware/nnet_utils/nnet_conv2d_stream.h:85]   --->   Operation 7 'store' 'store_ln85' <Predicate = true> <Delay = 1.58>
ST_1 : Operation 8 [1/1] (0.00ns)   --->   "%br_ln85 = br void" [firmware/nnet_utils/nnet_conv2d_stream.h:85]   --->   Operation 8 'br' 'br_ln85' <Predicate = true> <Delay = 0.00>

State 2 <SV = 1> <Delay = 5.82>
ST_2 : Operation 9 [1/1] (0.00ns)   --->   "%indvar_flatten_load = load i15 %indvar_flatten" [firmware/nnet_utils/nnet_conv2d_stream.h:85]   --->   Operation 9 'load' 'indvar_flatten_load' <Predicate = true> <Delay = 0.00>
ST_2 : Operation 10 [1/1] (2.31ns)   --->   "%icmp_ln85 = icmp_eq  i15 %indvar_flatten_load, i15 20172" [firmware/nnet_utils/nnet_conv2d_stream.h:85]   --->   Operation 10 'icmp' 'icmp_ln85' <Predicate = true> <Delay = 2.31> <CoreInst = "Cmp">   --->   Core 9 'Cmp' <Latency = 0> <II = 1> <Delay = 2.31> <FuncUnit> <Opcode : 'icmp'> <InPorts = 2> <OutPorts = 1>
ST_2 : Operation 11 [1/1] (1.94ns)   --->   "%add_ln85 = add i15 %indvar_flatten_load, i15 1" [firmware/nnet_utils/nnet_conv2d_stream.h:85]   --->   Operation 11 'add' 'add_ln85' <Predicate = true> <Delay = 1.94> <CoreInst = "Adder">   --->   Core 1 'Adder' <Latency = 0> <II = 1> <Delay = 1.94> <FuncUnit> <Opcode : 'add' 'sub'> <InPorts = 2> <OutPorts = 1>
ST_2 : Operation 12 [1/1] (0.00ns)   --->   "%br_ln85 = br i1 %icmp_ln85, void %.split3, void %_ZN4nnet17conv_2d_buffer_clINS_5arrayI8ap_fixedILi8ELi2EL9ap_q_mode5EL9ap_o_mode3ELi0EELj1EEENS1_IS5_Lj2EEE7config2EEvRN3hls6streamIT_Li0EEERNSA_IT0_Li0EEEPNT1_8weight_tEPNSH_6bias_tE.exit" [firmware/nnet_utils/nnet_conv2d_stream.h:85]   --->   Operation 12 'br' 'br_ln85' <Predicate = true> <Delay = 0.00>
ST_2 : Operation 13 [1/1] (3.50ns)   --->   "%layer5_out_read = read i8 @_ssdm_op_Read.ap_fifo.volatile.i8P0A, i8 %layer5_out" [C:/Xilinx/Vitis_HLS/2021.2/common/technology/autopilot/hls_stream_39.h:144]   --->   Operation 13 'read' 'layer5_out_read' <Predicate = (!icmp_ln85)> <Delay = 3.50> <CoreInst = "FIFO">   --->   Core 78 'FIFO' <Latency = 0> <II = 1> <Delay = 3.50> <Storage> <Opcode : 'read' 'write' 'nbread' 'nbwrite'> <Ports = 0> <Width = 8> <Depth = 20172> <FIFO>
ST_2 : Operation 14 [2/2] (0.00ns)   --->   "%call_ln93 = call void @compute_output_buffer_2d<array,array<ap_fixed<8,2,5,3,0>,2u>,config2>, i8 %layer5_out_read, i16 %layer2_out, i8 %void_compute_output_buffer_2d_array_const_ap_shift_reg_n_chan_stream_weig_17, i8 %void_compute_output_buffer_2d_array_const_ap_shift_reg_n_chan_stream_weig_18, i8 %void_compute_output_buffer_2d_array_const_ap_shift_reg_n_chan_stream_weig_14, i8 %void_compute_output_buffer_2d_array_const_ap_shift_reg_n_chan_stream_weig_15, i8 %void_compute_output_buffer_2d_array_const_ap_shift_reg_n_chan_stream_weig_11, i8 %void_compute_output_buffer_2d_array_const_ap_shift_reg_n_chan_stream_weig_12, i8 %void_compute_output_buffer_2d_array_const_ap_shift_reg_n_chan_stream_weig_16, i8 %void_compute_output_buffer_2d_array_const_ap_shift_reg_n_chan_stream_weig_13, i8 %void_compute_output_buffer_2d_array_const_ap_shift_reg_n_chan_stream_weig_10, i8 %void_conv_2d_buffer_cl_stream_stream_weight_t_bias_t_line_buffer_0_1, i8 %void_conv_2d_buffer_cl_stream_stream_weight_t_bias_t_line_buffer_2, i32 %sX_1, i32 %sY_1, i32 %pY_1, i32 %pX_1, i1 %outidx, i7 %w2_V" [firmware/nnet_utils/nnet_conv2d_stream.h:93]   --->   Operation 14 'call' 'call_ln93' <Predicate = (!icmp_ln85)> <Delay = 0.00> <CoreType = "Generic">   --->   Core 0 '' <Latency = 0> <II = 1> <Delay = 1.00> <Generic> <Opcode : >
ST_2 : Operation 15 [1/1] (1.58ns)   --->   "%store_ln85 = store i15 %add_ln85, i15 %indvar_flatten" [firmware/nnet_utils/nnet_conv2d_stream.h:85]   --->   Operation 15 'store' 'store_ln85' <Predicate = (!icmp_ln85)> <Delay = 1.58>
ST_2 : Operation 16 [1/1] (0.00ns)   --->   "%ret_ln115 = ret" [firmware/nnet_utils/nnet_conv2d_stream.h:115]   --->   Operation 16 'ret' 'ret_ln115' <Predicate = (icmp_ln85)> <Delay = 0.00>

State 3 <SV = 2> <Delay = 0.00>
ST_3 : Operation 17 [1/1] (0.00ns)   --->   "%specloopname_ln0 = specloopname void @_ssdm_op_SpecLoopName, void @ReadInputHeight_ReadInputWidth_str"   --->   Operation 17 'specloopname' 'specloopname_ln0' <Predicate = true> <Delay = 0.00>
ST_3 : Operation 18 [1/1] (0.00ns)   --->   "%empty = speclooptripcount i32 @_ssdm_op_SpecLoopTripCount, i64 20172, i64 20172, i64 20172"   --->   Operation 18 'speclooptripcount' 'empty' <Predicate = true> <Delay = 0.00>
ST_3 : Operation 19 [1/1] (0.00ns)   --->   "%specloopname_ln143 = specloopname void @_ssdm_op_SpecLoopName, void @empty_7" [C:/Xilinx/Vitis_HLS/2021.2/common/technology/autopilot/hls_stream_39.h:143]   --->   Operation 19 'specloopname' 'specloopname_ln143' <Predicate = true> <Delay = 0.00>
ST_3 : Operation 20 [1/2] (0.00ns)   --->   "%call_ln93 = call void @compute_output_buffer_2d<array,array<ap_fixed<8,2,5,3,0>,2u>,config2>, i8 %layer5_out_read, i16 %layer2_out, i8 %void_compute_output_buffer_2d_array_const_ap_shift_reg_n_chan_stream_weig_17, i8 %void_compute_output_buffer_2d_array_const_ap_shift_reg_n_chan_stream_weig_18, i8 %void_compute_output_buffer_2d_array_const_ap_shift_reg_n_chan_stream_weig_14, i8 %void_compute_output_buffer_2d_array_const_ap_shift_reg_n_chan_stream_weig_15, i8 %void_compute_output_buffer_2d_array_const_ap_shift_reg_n_chan_stream_weig_11, i8 %void_compute_output_buffer_2d_array_const_ap_shift_reg_n_chan_stream_weig_12, i8 %void_compute_output_buffer_2d_array_const_ap_shift_reg_n_chan_stream_weig_16, i8 %void_compute_output_buffer_2d_array_const_ap_shift_reg_n_chan_stream_weig_13, i8 %void_compute_output_buffer_2d_array_const_ap_shift_reg_n_chan_stream_weig_10, i8 %void_conv_2d_buffer_cl_stream_stream_weight_t_bias_t_line_buffer_0_1, i8 %void_conv_2d_buffer_cl_stream_stream_weight_t_bias_t_line_buffer_2, i32 %sX_1, i32 %sY_1, i32 %pY_1, i32 %pX_1, i1 %outidx, i7 %w2_V" [firmware/nnet_utils/nnet_conv2d_stream.h:93]   --->   Operation 20 'call' 'call_ln93' <Predicate = true> <Delay = 0.00> <CoreType = "Generic">   --->   Core 0 '' <Latency = 0> <II = 1> <Delay = 1.00> <Generic> <Opcode : >
ST_3 : Operation 21 [1/1] (0.00ns)   --->   "%br_ln0 = br void"   --->   Operation 21 'br' 'br_ln0' <Predicate = true> <Delay = 0.00>


============================================================
+ Verbose Summary: Binding
============================================================
STG Binding: 
---------------- STG Properties BEGIN ----------------
- Is combinational: 0
- Is one-state seq: 0
- Is datapath-only: 0
- Is pipelined: 0
- Is top level: 0
Port [ Return ] is wired: 1; IO mode=ap_ctrl_hs:ce=0
Port [ layer5_out]:  wired=1; compound=1; hidden=0; nouse=0; global=0; static=0; extern=0; dir=0; type=3; pingpong=0; private_global=0; IO mode=ap_fifo:ce=0
Port [ layer2_out]:  wired=1; compound=1; hidden=0; nouse=0; global=0; static=0; extern=0; dir=1; type=3; pingpong=0; private_global=0; IO mode=ap_fifo:ce=0
Port [ void_compute_output_buffer_2d_array_const_ap_shift_reg_n_chan_stream_weig_17]:  wired=0; compound=0; hidden=1; nouse=1; global=1; static=1; extern=0; dir=2; type=0; pingpong=0; private_global=0; IO mode=ap_ovld:ce=0
Port [ void_compute_output_buffer_2d_array_const_ap_shift_reg_n_chan_stream_weig_18]:  wired=0; compound=0; hidden=1; nouse=1; global=1; static=1; extern=0; dir=2; type=0; pingpong=0; private_global=0; IO mode=ap_ovld:ce=0
Port [ void_compute_output_buffer_2d_array_const_ap_shift_reg_n_chan_stream_weig_14]:  wired=0; compound=0; hidden=1; nouse=1; global=1; static=1; extern=0; dir=2; type=0; pingpong=0; private_global=0; IO mode=ap_ovld:ce=0
Port [ void_compute_output_buffer_2d_array_const_ap_shift_reg_n_chan_stream_weig_15]:  wired=0; compound=0; hidden=1; nouse=1; global=1; static=1; extern=0; dir=2; type=0; pingpong=0; private_global=0; IO mode=ap_ovld:ce=0
Port [ void_compute_output_buffer_2d_array_const_ap_shift_reg_n_chan_stream_weig_11]:  wired=0; compound=0; hidden=1; nouse=1; global=1; static=1; extern=0; dir=2; type=0; pingpong=0; private_global=0; IO mode=ap_ovld:ce=0
Port [ void_compute_output_buffer_2d_array_const_ap_shift_reg_n_chan_stream_weig_12]:  wired=0; compound=0; hidden=1; nouse=1; global=1; static=1; extern=0; dir=2; type=0; pingpong=0; private_global=0; IO mode=ap_ovld:ce=0
Port [ void_compute_output_buffer_2d_array_const_ap_shift_reg_n_chan_stream_weig_16]:  wired=0; compound=0; hidden=1; nouse=1; global=1; static=1; extern=0; dir=2; type=0; pingpong=0; private_global=0; IO mode=ap_ovld:ce=0
Port [ void_compute_output_buffer_2d_array_const_ap_shift_reg_n_chan_stream_weig_13]:  wired=0; compound=0; hidden=1; nouse=1; global=1; static=1; extern=0; dir=2; type=0; pingpong=0; private_global=0; IO mode=ap_ovld:ce=0
Port [ void_compute_output_buffer_2d_array_const_ap_shift_reg_n_chan_stream_weig_10]:  wired=0; compound=0; hidden=1; nouse=1; global=1; static=1; extern=0; dir=2; type=0; pingpong=0; private_global=0; IO mode=ap_ovld:ce=0
Port [ void_conv_2d_buffer_cl_stream_stream_weight_t_bias_t_line_buffer_0_1]:  wired=0; compound=1; hidden=1; nouse=1; global=1; static=1; extern=0; dir=3; type=1; pingpong=0; private_global=0; MemPort=[2]; IO mode=ap_memory:ce=0
Port [ void_conv_2d_buffer_cl_stream_stream_weight_t_bias_t_line_buffer_2]:  wired=0; compound=1; hidden=1; nouse=1; global=1; static=1; extern=0; dir=3; type=1; pingpong=0; private_global=0; MemPort=[2]; IO mode=ap_memory:ce=0
Port [ sX_1]:  wired=0; compound=0; hidden=1; nouse=1; global=1; static=1; extern=0; dir=2; type=0; pingpong=0; private_global=0; IO mode=ap_ovld:ce=0
Port [ sY_1]:  wired=0; compound=0; hidden=1; nouse=1; global=1; static=1; extern=0; dir=2; type=0; pingpong=0; private_global=0; IO mode=ap_ovld:ce=0
Port [ pY_1]:  wired=0; compound=0; hidden=1; nouse=1; global=1; static=1; extern=0; dir=2; type=0; pingpong=0; private_global=0; IO mode=ap_ovld:ce=0
Port [ pX_1]:  wired=0; compound=0; hidden=1; nouse=1; global=1; static=1; extern=0; dir=2; type=0; pingpong=0; private_global=0; IO mode=ap_ovld:ce=0
Port [ outidx]:  wired=0; compound=1; hidden=1; nouse=1; global=1; static=1; extern=0; dir=0; type=1; pingpong=0; private_global=0; MemPort=[1]; IO mode=ap_memory:ce=0
Port [ w2_V]:  wired=0; compound=1; hidden=1; nouse=1; global=1; static=1; extern=0; dir=0; type=1; pingpong=0; private_global=0; MemPort=[1]; IO mode=ap_memory:ce=0
---------------- STG Properties END ------------------

---------------- Datapath Model BEGIN ----------------

<LifeTime>
<method=bitvector/>
indvar_flatten      (alloca           ) [ 0111]
specinterface_ln0   (specinterface    ) [ 0000]
specinterface_ln0   (specinterface    ) [ 0000]
store_ln85          (store            ) [ 0000]
br_ln85             (br               ) [ 0000]
indvar_flatten_load (load             ) [ 0000]
icmp_ln85           (icmp             ) [ 0011]
add_ln85            (add              ) [ 0000]
br_ln85             (br               ) [ 0000]
layer5_out_read     (read             ) [ 0001]
store_ln85          (store            ) [ 0000]
ret_ln115           (ret              ) [ 0000]
specloopname_ln0    (specloopname     ) [ 0000]
empty               (speclooptripcount) [ 0000]
specloopname_ln143  (specloopname     ) [ 0000]
call_ln93           (call             ) [ 0000]
br_ln0              (br               ) [ 0000]
</LifeTime>

<model>

<comp_list>
<comp id="0" class="1000" name="layer5_out">
<pin_list>
<pin id="1" dir="1" index="0" bw="1" slack="0"/>
</pin_list>
<bind>
<StgValue><ssdm name="layer5_out"/></StgValue>
</bind>
</comp>

<comp id="2" class="1000" name="layer2_out">
<pin_list>
<pin id="3" dir="1" index="0" bw="1" slack="0"/>
</pin_list>
<bind>
<StgValue><ssdm name="layer2_out"/></StgValue>
</bind>
</comp>

<comp id="4" class="1000" name="void_compute_output_buffer_2d_array_const_ap_shift_reg_n_chan_stream_weig_17">
<pin_list>
<pin id="5" dir="1" index="0" bw="1" slack="0"/>
</pin_list>
<bind>
<StgValue><ssdm name="void_compute_output_buffer_2d_array_const_ap_shift_reg_n_chan_stream_weig_17"/></StgValue>
</bind>
</comp>

<comp id="6" class="1000" name="void_compute_output_buffer_2d_array_const_ap_shift_reg_n_chan_stream_weig_18">
<pin_list>
<pin id="7" dir="1" index="0" bw="1" slack="0"/>
</pin_list>
<bind>
<StgValue><ssdm name="void_compute_output_buffer_2d_array_const_ap_shift_reg_n_chan_stream_weig_18"/></StgValue>
</bind>
</comp>

<comp id="8" class="1000" name="void_compute_output_buffer_2d_array_const_ap_shift_reg_n_chan_stream_weig_14">
<pin_list>
<pin id="9" dir="1" index="0" bw="1" slack="0"/>
</pin_list>
<bind>
<StgValue><ssdm name="void_compute_output_buffer_2d_array_const_ap_shift_reg_n_chan_stream_weig_14"/></StgValue>
</bind>
</comp>

<comp id="10" class="1000" name="void_compute_output_buffer_2d_array_const_ap_shift_reg_n_chan_stream_weig_15">
<pin_list>
<pin id="11" dir="1" index="0" bw="1" slack="0"/>
</pin_list>
<bind>
<StgValue><ssdm name="void_compute_output_buffer_2d_array_const_ap_shift_reg_n_chan_stream_weig_15"/></StgValue>
</bind>
</comp>

<comp id="12" class="1000" name="void_compute_output_buffer_2d_array_const_ap_shift_reg_n_chan_stream_weig_11">
<pin_list>
<pin id="13" dir="1" index="0" bw="1" slack="0"/>
</pin_list>
<bind>
<StgValue><ssdm name="void_compute_output_buffer_2d_array_const_ap_shift_reg_n_chan_stream_weig_11"/></StgValue>
</bind>
</comp>

<comp id="14" class="1000" name="void_compute_output_buffer_2d_array_const_ap_shift_reg_n_chan_stream_weig_12">
<pin_list>
<pin id="15" dir="1" index="0" bw="1" slack="0"/>
</pin_list>
<bind>
<StgValue><ssdm name="void_compute_output_buffer_2d_array_const_ap_shift_reg_n_chan_stream_weig_12"/></StgValue>
</bind>
</comp>

<comp id="16" class="1000" name="void_compute_output_buffer_2d_array_const_ap_shift_reg_n_chan_stream_weig_16">
<pin_list>
<pin id="17" dir="1" index="0" bw="1" slack="0"/>
</pin_list>
<bind>
<StgValue><ssdm name="void_compute_output_buffer_2d_array_const_ap_shift_reg_n_chan_stream_weig_16"/></StgValue>
</bind>
</comp>

<comp id="18" class="1000" name="void_compute_output_buffer_2d_array_const_ap_shift_reg_n_chan_stream_weig_13">
<pin_list>
<pin id="19" dir="1" index="0" bw="1" slack="0"/>
</pin_list>
<bind>
<StgValue><ssdm name="void_compute_output_buffer_2d_array_const_ap_shift_reg_n_chan_stream_weig_13"/></StgValue>
</bind>
</comp>

<comp id="20" class="1000" name="void_compute_output_buffer_2d_array_const_ap_shift_reg_n_chan_stream_weig_10">
<pin_list>
<pin id="21" dir="1" index="0" bw="1" slack="0"/>
</pin_list>
<bind>
<StgValue><ssdm name="void_compute_output_buffer_2d_array_const_ap_shift_reg_n_chan_stream_weig_10"/></StgValue>
</bind>
</comp>

<comp id="22" class="1000" name="void_conv_2d_buffer_cl_stream_stream_weight_t_bias_t_line_buffer_0_1">
<pin_list>
<pin id="23" dir="1" index="0" bw="1" slack="0"/>
</pin_list>
<bind>
<StgValue><ssdm name="void_conv_2d_buffer_cl_stream_stream_weight_t_bias_t_line_buffer_0_1"/><MemPortTyVec>2 </MemPortTyVec>
</StgValue>
</bind>
</comp>

<comp id="24" class="1000" name="void_conv_2d_buffer_cl_stream_stream_weight_t_bias_t_line_buffer_2">
<pin_list>
<pin id="25" dir="1" index="0" bw="1" slack="0"/>
</pin_list>
<bind>
<StgValue><ssdm name="void_conv_2d_buffer_cl_stream_stream_weight_t_bias_t_line_buffer_2"/><MemPortTyVec>2 </MemPortTyVec>
</StgValue>
</bind>
</comp>

<comp id="26" class="1000" name="sX_1">
<pin_list>
<pin id="27" dir="1" index="0" bw="1" slack="0"/>
</pin_list>
<bind>
<StgValue><ssdm name="sX_1"/></StgValue>
</bind>
</comp>

<comp id="28" class="1000" name="sY_1">
<pin_list>
<pin id="29" dir="1" index="0" bw="1" slack="0"/>
</pin_list>
<bind>
<StgValue><ssdm name="sY_1"/></StgValue>
</bind>
</comp>

<comp id="30" class="1000" name="pY_1">
<pin_list>
<pin id="31" dir="1" index="0" bw="1" slack="0"/>
</pin_list>
<bind>
<StgValue><ssdm name="pY_1"/></StgValue>
</bind>
</comp>

<comp id="32" class="1000" name="pX_1">
<pin_list>
<pin id="33" dir="1" index="0" bw="1" slack="0"/>
</pin_list>
<bind>
<StgValue><ssdm name="pX_1"/></StgValue>
</bind>
</comp>

<comp id="34" class="1000" name="outidx">
<pin_list>
<pin id="35" dir="1" index="0" bw="1" slack="0"/>
</pin_list>
<bind>
<StgValue><ssdm name="outidx"/><MemPortTyVec>1 </MemPortTyVec>
</StgValue>
</bind>
</comp>

<comp id="36" class="1000" name="w2_V">
<pin_list>
<pin id="37" dir="1" index="0" bw="1" slack="0"/>
</pin_list>
<bind>
<StgValue><ssdm name="w2_V"/><MemPortTyVec>1 </MemPortTyVec>
</StgValue>
</bind>
</comp>

<comp id="38" class="1001" name="const_38">
<pin_list>
<pin id="39" dir="1" index="0" bw="1" slack="0"/>
</pin_list>
<bind>
<StgValue><ssdm name=""/></StgValue>
</bind>
</comp>

<comp id="40" class="1001" name="const_40">
<pin_list>
<pin id="41" dir="1" index="0" bw="1" slack="2147483647"/>
</pin_list>
<bind>
<StgValue><ssdm name="_ssdm_op_SpecInterface"/></StgValue>
</bind>
</comp>

<comp id="42" class="1001" name="const_42">
<pin_list>
<pin id="43" dir="1" index="0" bw="1" slack="2147483647"/>
</pin_list>
<bind>
<StgValue><ssdm name="empty_4"/></StgValue>
</bind>
</comp>

<comp id="44" class="1001" name="const_44">
<pin_list>
<pin id="45" dir="1" index="0" bw="1" slack="2147483647"/>
</pin_list>
<bind>
<StgValue><ssdm name=""/></StgValue>
</bind>
</comp>

<comp id="46" class="1001" name="const_46">
<pin_list>
<pin id="47" dir="1" index="0" bw="1" slack="2147483647"/>
</pin_list>
<bind>
<StgValue><ssdm name="empty_6"/></StgValue>
</bind>
</comp>

<comp id="48" class="1001" name="const_48">
<pin_list>
<pin id="49" dir="1" index="0" bw="1" slack="0"/>
</pin_list>
<bind>
<StgValue><ssdm name=""/></StgValue>
</bind>
</comp>

<comp id="50" class="1001" name="const_50">
<pin_list>
<pin id="51" dir="1" index="0" bw="1" slack="0"/>
</pin_list>
<bind>
<StgValue><ssdm name=""/></StgValue>
</bind>
</comp>

<comp id="52" class="1001" name="const_52">
<pin_list>
<pin id="53" dir="1" index="0" bw="1" slack="0"/>
</pin_list>
<bind>
<StgValue><ssdm name=""/></StgValue>
</bind>
</comp>

<comp id="54" class="1001" name="const_54">
<pin_list>
<pin id="55" dir="1" index="0" bw="1" slack="0"/>
</pin_list>
<bind>
<StgValue><ssdm name="_ssdm_op_Read.ap_fifo.volatile.i8P0A"/></StgValue>
</bind>
</comp>

<comp id="56" class="1001" name="const_56">
<pin_list>
<pin id="57" dir="1" index="0" bw="1" slack="0"/>
</pin_list>
<bind>
<StgValue><ssdm name="compute_output_buffer_2d<array,array<ap_fixed<8,2,5,3,0>,2u>,config2>"/></StgValue>
</bind>
</comp>

<comp id="58" class="1001" name="const_58">
<pin_list>
<pin id="59" dir="1" index="0" bw="1" slack="2147483647"/>
</pin_list>
<bind>
<StgValue><ssdm name="_ssdm_op_SpecLoopName"/></StgValue>
</bind>
</comp>

<comp id="60" class="1001" name="const_60">
<pin_list>
<pin id="61" dir="1" index="0" bw="1" slack="2147483647"/>
</pin_list>
<bind>
<StgValue><ssdm name="ReadInputHeight_ReadInputWidth_str"/></StgValue>
</bind>
</comp>

<comp id="62" class="1001" name="const_62">
<pin_list>
<pin id="63" dir="1" index="0" bw="1" slack="2147483647"/>
</pin_list>
<bind>
<StgValue><ssdm name="_ssdm_op_SpecLoopTripCount"/></StgValue>
</bind>
</comp>

<comp id="64" class="1001" name="const_64">
<pin_list>
<pin id="65" dir="1" index="0" bw="1" slack="2147483647"/>
</pin_list>
<bind>
<StgValue><ssdm name=""/></StgValue>
</bind>
</comp>

<comp id="66" class="1001" name="const_66">
<pin_list>
<pin id="67" dir="1" index="0" bw="1" slack="2147483647"/>
</pin_list>
<bind>
<StgValue><ssdm name="empty_7"/></StgValue>
</bind>
</comp>

<comp id="68" class="1004" name="indvar_flatten_fu_68">
<pin_list>
<pin id="69" dir="0" index="0" bw="1" slack="0"/>
<pin id="70" dir="1" index="1" bw="15" slack="0"/>
</pin_list>
<bind>
<opcode="alloca(26) " fcode="alloca"/>
<opset="indvar_flatten/1 "/>
</bind>
</comp>

<comp id="72" class="1004" name="layer5_out_read_read_fu_72">
<pin_list>
<pin id="73" dir="0" index="0" bw="8" slack="0"/>
<pin id="74" dir="0" index="1" bw="8" slack="0"/>
<pin id="75" dir="1" index="2" bw="8" slack="0"/>
</pin_list>
<bind>
<opcode="read(1150) " fcode="read"/>
<opset="layer5_out_read/2 "/>
</bind>
</comp>

<comp id="78" class="1004" name="grp_compute_output_buffer_2d_array_array_ap_fixed_8_2_5_3_0_2u_config2_s_fu_78">
<pin_list>
<pin id="79" dir="0" index="0" bw="0" slack="0"/>
<pin id="80" dir="0" index="1" bw="8" slack="0"/>
<pin id="81" dir="0" index="2" bw="16" slack="0"/>
<pin id="82" dir="0" index="3" bw="8" slack="0"/>
<pin id="83" dir="0" index="4" bw="8" slack="0"/>
<pin id="84" dir="0" index="5" bw="8" slack="0"/>
<pin id="85" dir="0" index="6" bw="8" slack="0"/>
<pin id="86" dir="0" index="7" bw="8" slack="0"/>
<pin id="87" dir="0" index="8" bw="8" slack="0"/>
<pin id="88" dir="0" index="9" bw="8" slack="0"/>
<pin id="89" dir="0" index="10" bw="8" slack="0"/>
<pin id="90" dir="0" index="11" bw="8" slack="0"/>
<pin id="91" dir="0" index="12" bw="8" slack="0"/>
<pin id="92" dir="0" index="13" bw="8" slack="0"/>
<pin id="93" dir="0" index="14" bw="32" slack="0"/>
<pin id="94" dir="0" index="15" bw="32" slack="0"/>
<pin id="95" dir="0" index="16" bw="32" slack="0"/>
<pin id="96" dir="0" index="17" bw="32" slack="0"/>
<pin id="97" dir="0" index="18" bw="1" slack="0"/>
<pin id="98" dir="0" index="19" bw="7" slack="0"/>
<pin id="99" dir="1" index="20" bw="0" slack="2147483647"/>
</pin_list>
<bind>
<opcode="call(48) " fcode="call"/>
<opset="call_ln93/2 "/>
</bind>
</comp>

<comp id="120" class="1004" name="store_ln85_store_fu_120">
<pin_list>
<pin id="121" dir="0" index="0" bw="1" slack="0"/>
<pin id="122" dir="0" index="1" bw="15" slack="0"/>
<pin id="123" dir="1" index="2" bw="0" slack="2147483647"/>
</pin_list>
<bind>
<opcode="store(28) " fcode="store"/>
<opset="store_ln85/1 "/>
</bind>
</comp>

<comp id="125" class="1004" name="indvar_flatten_load_load_fu_125">
<pin_list>
<pin id="126" dir="0" index="0" bw="15" slack="1"/>
<pin id="127" dir="1" index="1" bw="15" slack="0"/>
</pin_list>
<bind>
<opcode="load(27) " fcode="load"/>
<opset="indvar_flatten_load/2 "/>
</bind>
</comp>

<comp id="128" class="1004" name="icmp_ln85_fu_128">
<pin_list>
<pin id="129" dir="0" index="0" bw="15" slack="0"/>
<pin id="130" dir="0" index="1" bw="15" slack="0"/>
<pin id="131" dir="1" index="2" bw="1" slack="2147483647"/>
</pin_list>
<bind>
<opcode="icmp(45) " fcode="icmp"/>
<opset="icmp_ln85/2 "/>
</bind>
</comp>

<comp id="134" class="1004" name="add_ln85_fu_134">
<pin_list>
<pin id="135" dir="0" index="0" bw="15" slack="0"/>
<pin id="136" dir="0" index="1" bw="1" slack="0"/>
<pin id="137" dir="1" index="2" bw="15" slack="0"/>
</pin_list>
<bind>
<opcode="add(8) " fcode="add"/>
<opset="add_ln85/2 "/>
</bind>
</comp>

<comp id="140" class="1004" name="store_ln85_store_fu_140">
<pin_list>
<pin id="141" dir="0" index="0" bw="15" slack="0"/>
<pin id="142" dir="0" index="1" bw="15" slack="1"/>
<pin id="143" dir="1" index="2" bw="0" slack="2147483647"/>
</pin_list>
<bind>
<opcode="store(28) " fcode="store"/>
<opset="store_ln85/2 "/>
</bind>
</comp>

<comp id="145" class="1005" name="indvar_flatten_reg_145">
<pin_list>
<pin id="146" dir="0" index="0" bw="15" slack="0"/>
<pin id="147" dir="1" index="1" bw="15" slack="0"/>
</pin_list>
<bind>
<opset="indvar_flatten "/>
</bind>
</comp>

<comp id="155" class="1005" name="layer5_out_read_reg_155">
<pin_list>
<pin id="156" dir="0" index="0" bw="8" slack="1"/>
<pin id="157" dir="1" index="1" bw="8" slack="1"/>
</pin_list>
<bind>
<opset="layer5_out_read "/>
</bind>
</comp>

</comp_list>

<net_list>
<net id="71"><net_src comp="38" pin="0"/><net_sink comp="68" pin=0"/></net>

<net id="76"><net_src comp="54" pin="0"/><net_sink comp="72" pin=0"/></net>

<net id="77"><net_src comp="0" pin="0"/><net_sink comp="72" pin=1"/></net>

<net id="100"><net_src comp="56" pin="0"/><net_sink comp="78" pin=0"/></net>

<net id="101"><net_src comp="72" pin="2"/><net_sink comp="78" pin=1"/></net>

<net id="102"><net_src comp="2" pin="0"/><net_sink comp="78" pin=2"/></net>

<net id="103"><net_src comp="4" pin="0"/><net_sink comp="78" pin=3"/></net>

<net id="104"><net_src comp="6" pin="0"/><net_sink comp="78" pin=4"/></net>

<net id="105"><net_src comp="8" pin="0"/><net_sink comp="78" pin=5"/></net>

<net id="106"><net_src comp="10" pin="0"/><net_sink comp="78" pin=6"/></net>

<net id="107"><net_src comp="12" pin="0"/><net_sink comp="78" pin=7"/></net>

<net id="108"><net_src comp="14" pin="0"/><net_sink comp="78" pin=8"/></net>

<net id="109"><net_src comp="16" pin="0"/><net_sink comp="78" pin=9"/></net>

<net id="110"><net_src comp="18" pin="0"/><net_sink comp="78" pin=10"/></net>

<net id="111"><net_src comp="20" pin="0"/><net_sink comp="78" pin=11"/></net>

<net id="112"><net_src comp="22" pin="0"/><net_sink comp="78" pin=12"/></net>

<net id="113"><net_src comp="24" pin="0"/><net_sink comp="78" pin=13"/></net>

<net id="114"><net_src comp="26" pin="0"/><net_sink comp="78" pin=14"/></net>

<net id="115"><net_src comp="28" pin="0"/><net_sink comp="78" pin=15"/></net>

<net id="116"><net_src comp="30" pin="0"/><net_sink comp="78" pin=16"/></net>

<net id="117"><net_src comp="32" pin="0"/><net_sink comp="78" pin=17"/></net>

<net id="118"><net_src comp="34" pin="0"/><net_sink comp="78" pin=18"/></net>

<net id="119"><net_src comp="36" pin="0"/><net_sink comp="78" pin=19"/></net>

<net id="124"><net_src comp="48" pin="0"/><net_sink comp="120" pin=0"/></net>

<net id="132"><net_src comp="125" pin="1"/><net_sink comp="128" pin=0"/></net>

<net id="133"><net_src comp="50" pin="0"/><net_sink comp="128" pin=1"/></net>

<net id="138"><net_src comp="125" pin="1"/><net_sink comp="134" pin=0"/></net>

<net id="139"><net_src comp="52" pin="0"/><net_sink comp="134" pin=1"/></net>

<net id="144"><net_src comp="134" pin="2"/><net_sink comp="140" pin=0"/></net>

<net id="148"><net_src comp="68" pin="1"/><net_sink comp="145" pin=0"/></net>

<net id="149"><net_src comp="145" pin="1"/><net_sink comp="120" pin=1"/></net>

<net id="150"><net_src comp="145" pin="1"/><net_sink comp="125" pin=0"/></net>

<net id="151"><net_src comp="145" pin="1"/><net_sink comp="140" pin=1"/></net>

<net id="158"><net_src comp="72" pin="2"/><net_sink comp="155" pin=0"/></net>

<net id="159"><net_src comp="155" pin="1"/><net_sink comp="78" pin=1"/></net>

</net_list>

</model> 
---------------- Datapath Model END ------------------

* FSMD analyzer results:
  - Output states:
	Port: layer2_out | {2 3 }
	Port: void_compute_output_buffer_2d_array_const_ap_shift_reg_n_chan_stream_weig_17 | {2 3 }
	Port: void_compute_output_buffer_2d_array_const_ap_shift_reg_n_chan_stream_weig_18 | {2 3 }
	Port: void_compute_output_buffer_2d_array_const_ap_shift_reg_n_chan_stream_weig_14 | {2 3 }
	Port: void_compute_output_buffer_2d_array_const_ap_shift_reg_n_chan_stream_weig_15 | {2 3 }
	Port: void_compute_output_buffer_2d_array_const_ap_shift_reg_n_chan_stream_weig_11 | {2 3 }
	Port: void_compute_output_buffer_2d_array_const_ap_shift_reg_n_chan_stream_weig_12 | {2 3 }
	Port: void_compute_output_buffer_2d_array_const_ap_shift_reg_n_chan_stream_weig_16 | {2 3 }
	Port: void_compute_output_buffer_2d_array_const_ap_shift_reg_n_chan_stream_weig_13 | {2 3 }
	Port: void_compute_output_buffer_2d_array_const_ap_shift_reg_n_chan_stream_weig_10 | {2 3 }
	Port: void_conv_2d_buffer_cl_stream_stream_weight_t_bias_t_line_buffer_0_1 | {2 3 }
	Port: void_conv_2d_buffer_cl_stream_stream_weight_t_bias_t_line_buffer_2 | {2 3 }
	Port: sX_1 | {2 3 }
	Port: sY_1 | {2 3 }
	Port: pY_1 | {2 3 }
	Port: pX_1 | {2 3 }
	Port: outidx | {}
	Port: w2_V | {}
 - Input state : 
	Port: conv_2d_cl<array<ap_fixed,1u>,array<ap_fixed<8,2,5,3,0>,2u>,config2> : layer5_out | {2 }
	Port: conv_2d_cl<array<ap_fixed,1u>,array<ap_fixed<8,2,5,3,0>,2u>,config2> : void_compute_output_buffer_2d_array_const_ap_shift_reg_n_chan_stream_weig_17 | {2 3 }
	Port: conv_2d_cl<array<ap_fixed,1u>,array<ap_fixed<8,2,5,3,0>,2u>,config2> : void_compute_output_buffer_2d_array_const_ap_shift_reg_n_chan_stream_weig_18 | {2 3 }
	Port: conv_2d_cl<array<ap_fixed,1u>,array<ap_fixed<8,2,5,3,0>,2u>,config2> : void_compute_output_buffer_2d_array_const_ap_shift_reg_n_chan_stream_weig_14 | {2 3 }
	Port: conv_2d_cl<array<ap_fixed,1u>,array<ap_fixed<8,2,5,3,0>,2u>,config2> : void_compute_output_buffer_2d_array_const_ap_shift_reg_n_chan_stream_weig_15 | {2 3 }
	Port: conv_2d_cl<array<ap_fixed,1u>,array<ap_fixed<8,2,5,3,0>,2u>,config2> : void_compute_output_buffer_2d_array_const_ap_shift_reg_n_chan_stream_weig_11 | {2 3 }
	Port: conv_2d_cl<array<ap_fixed,1u>,array<ap_fixed<8,2,5,3,0>,2u>,config2> : void_compute_output_buffer_2d_array_const_ap_shift_reg_n_chan_stream_weig_12 | {2 3 }
	Port: conv_2d_cl<array<ap_fixed,1u>,array<ap_fixed<8,2,5,3,0>,2u>,config2> : void_compute_output_buffer_2d_array_const_ap_shift_reg_n_chan_stream_weig_16 | {2 3 }
	Port: conv_2d_cl<array<ap_fixed,1u>,array<ap_fixed<8,2,5,3,0>,2u>,config2> : void_compute_output_buffer_2d_array_const_ap_shift_reg_n_chan_stream_weig_13 | {2 3 }
	Port: conv_2d_cl<array<ap_fixed,1u>,array<ap_fixed<8,2,5,3,0>,2u>,config2> : void_compute_output_buffer_2d_array_const_ap_shift_reg_n_chan_stream_weig_10 | {2 3 }
	Port: conv_2d_cl<array<ap_fixed,1u>,array<ap_fixed<8,2,5,3,0>,2u>,config2> : void_conv_2d_buffer_cl_stream_stream_weight_t_bias_t_line_buffer_0_1 | {2 3 }
	Port: conv_2d_cl<array<ap_fixed,1u>,array<ap_fixed<8,2,5,3,0>,2u>,config2> : void_conv_2d_buffer_cl_stream_stream_weight_t_bias_t_line_buffer_2 | {2 3 }
	Port: conv_2d_cl<array<ap_fixed,1u>,array<ap_fixed<8,2,5,3,0>,2u>,config2> : sX_1 | {2 3 }
	Port: conv_2d_cl<array<ap_fixed,1u>,array<ap_fixed<8,2,5,3,0>,2u>,config2> : sY_1 | {2 3 }
	Port: conv_2d_cl<array<ap_fixed,1u>,array<ap_fixed<8,2,5,3,0>,2u>,config2> : pY_1 | {2 3 }
	Port: conv_2d_cl<array<ap_fixed,1u>,array<ap_fixed<8,2,5,3,0>,2u>,config2> : pX_1 | {2 3 }
	Port: conv_2d_cl<array<ap_fixed,1u>,array<ap_fixed<8,2,5,3,0>,2u>,config2> : outidx | {2 3 }
	Port: conv_2d_cl<array<ap_fixed,1u>,array<ap_fixed<8,2,5,3,0>,2u>,config2> : w2_V | {2 3 }
  - Chain level:
	State 1
		store_ln85 : 1
	State 2
		icmp_ln85 : 1
		add_ln85 : 1
		br_ln85 : 2
		store_ln85 : 2
	State 3


============================================================
+ Verbose Summary: Datapath Resource usage 
============================================================

* Functional unit list:
|----------|--------------------------------------------------------------------------------|---------|---------|---------|---------|
| Operation|                                 Functional Unit                                |   DSP   |  Delay  |    FF   |   LUT   |
|----------|--------------------------------------------------------------------------------|---------|---------|---------|---------|
|   call   | grp_compute_output_buffer_2d_array_array_ap_fixed_8_2_5_3_0_2u_config2_s_fu_78 |    0    |  3.176  |   393   |   642   |
|----------|--------------------------------------------------------------------------------|---------|---------|---------|---------|
|    add   |                                 add_ln85_fu_134                                |    0    |    0    |    0    |    20   |
|----------|--------------------------------------------------------------------------------|---------|---------|---------|---------|
|   icmp   |                                icmp_ln85_fu_128                                |    0    |    0    |    0    |    12   |
|----------|--------------------------------------------------------------------------------|---------|---------|---------|---------|
|   read   |                           layer5_out_read_read_fu_72                           |    0    |    0    |    0    |    0    |
|----------|--------------------------------------------------------------------------------|---------|---------|---------|---------|
|   Total  |                                                                                |    0    |  3.176  |   393   |   674   |
|----------|--------------------------------------------------------------------------------|---------|---------|---------|---------|

Memories:
N/A

* Register list:
+-----------------------+--------+
|                       |   FF   |
+-----------------------+--------+
| indvar_flatten_reg_145|   15   |
|layer5_out_read_reg_155|    8   |
+-----------------------+--------+
|         Total         |   23   |
+-----------------------+--------+

* Multiplexer (MUX) list: 
|--------------------------------------------------------------------------------|------|------|------|--------||---------||---------|
|                                      Comp                                      |  Pin | Size |  BW  | S x BW ||  Delay  ||   LUT   |
|--------------------------------------------------------------------------------|------|------|------|--------||---------||---------|
| grp_compute_output_buffer_2d_array_array_ap_fixed_8_2_5_3_0_2u_config2_s_fu_78 |  p1  |   2  |   8  |   16   ||    9    |
|--------------------------------------------------------------------------------|------|------|------|--------||---------||---------|
|                                      Total                                     |      |      |      |   16   ||  1.588  ||    9    |
|--------------------------------------------------------------------------------|------|------|------|--------||---------||---------|



* Summary:
+-----------+--------+--------+--------+--------+
|           |   DSP  |  Delay |   FF   |   LUT  |
+-----------+--------+--------+--------+--------+
|  Function |    0   |    3   |   393  |   674  |
|   Memory  |    -   |    -   |    -   |    -   |
|Multiplexer|    -   |    1   |    -   |    9   |
|  Register |    -   |    -   |   23   |    -   |
+-----------+--------+--------+--------+--------+
|   Total   |    0   |    4   |   416  |   683  |
+-----------+--------+--------+--------+--------+
