

================================================================
== Vitis HLS Report for 'myproject'
================================================================
* Date:           Tue May 26 23:24:18 2026

* Version:        2021.2 (Build 3367213 on Tue Oct 19 02:48:09 MDT 2021)
* Project:        myproject_prj
* Solution:       solution1 (Vivado IP Flow Target)
* Product family: zynq
* Target device:  xc7z020-clg400-1


================================================================
== Performance Estimates
================================================================
+ Timing: 
    * Summary: 
    +--------+----------+----------+------------+
    |  Clock |  Target  | Estimated| Uncertainty|
    +--------+----------+----------+------------+
    |ap_clk  |  10.00 ns|  8.599 ns|     1.25 ns|
    +--------+----------+----------+------------+

+ Latency: 
    * Summary: 
    +---------+---------+----------+----------+--------+--------+----------+
    |  Latency (cycles) |  Latency (absolute) |     Interval    | Pipeline |
    |   min   |   max   |    min   |    max   |   min  |   max  |   Type   |
    +---------+---------+----------+----------+--------+--------+----------+
    |   504947|   504947|  5.049 ms|  5.049 ms|  100863|  504303|  dataflow|
    +---------+---------+----------+----------+--------+--------+----------+

    + Detail: 
        * Instance: 
        N/A

        * Loop: 
        N/A

============================================================
+ Verbose Summary: Synthesis Manager
============================================================
InlineROM: 1
ExposeGlobal: 0
============================================================
+ Verbose Summary: CDFG Model
============================================================
IsTopModel: 1
ResetActiveHigh: 1
IsCombinational: 2
IsDatapathOnly: 0
HasWiredReturn: 1
HasMFsm: 0
HasVarLatency: 1
IsPipeline: 0
IsRtlPipelined: 0
IsInstanceOverlapped: 0
IsDontTouch: 0
HasImplIP: 0
IsGatedGlobalClock: 0


============================================================
+ Verbose Summary: Schedule
============================================================
* Number of FSM states : 12
* Pipeline : 0
* Dataflow Pipeline: 1
  DF-Pipeline-0: Size = 12, States = { 1 2 3 4 5 6 7 8 9 10 11 12 }

* FSM state transitions: 
1 --> 2 
2 --> 3 
3 --> 4 
4 --> 5 
5 --> 6 
6 --> 7 
7 --> 8 
8 --> 9 
9 --> 10 
10 --> 11 
11 --> 12 
12 --> 

* FSM state operations: 

State 1 <SV = 0> <Delay = 0.00>
ST_1 : Operation 13 [1/1] (0.00ns)   --->   "%layer5_out = alloca i64 1"   --->   Operation 13 'alloca' 'layer5_out' <Predicate = true> <Delay = 0.00> <CoreInst = "FIFO">   --->   Core 78 'FIFO' <Latency = 0> <II = 1> <Delay = 3.50> <Storage> <Opcode : 'read' 'write' 'nbread' 'nbwrite'> <Ports = 0> <Width = 8> <Depth = 20172> <FIFO>
ST_1 : Operation 14 [1/1] (0.00ns)   --->   "%layer2_out = alloca i64 1"   --->   Operation 14 'alloca' 'layer2_out' <Predicate = true> <Delay = 0.00> <CoreInst = "FIFO">   --->   Core 78 'FIFO' <Latency = 0> <II = 1> <Delay = 3.50> <Storage> <Opcode : 'read' 'write' 'nbread' 'nbwrite'> <Ports = 0> <Width = 16> <Depth = 19602> <FIFO>
ST_1 : Operation 15 [1/1] (0.00ns)   --->   "%layer3_out = alloca i64 1"   --->   Operation 15 'alloca' 'layer3_out' <Predicate = true> <Delay = 0.00> <CoreInst = "FIFO">   --->   Core 78 'FIFO' <Latency = 0> <II = 1> <Delay = 3.50> <Storage> <Opcode : 'read' 'write' 'nbread' 'nbwrite'> <Ports = 0> <Width = 16> <Depth = 19602> <FIFO>
ST_1 : Operation 16 [1/1] (0.00ns)   --->   "%layer6_out = alloca i64 1"   --->   Operation 16 'alloca' 'layer6_out' <Predicate = true> <Delay = 0.00> <CoreInst = "FIFO">   --->   Core 78 'FIFO' <Latency = 0> <II = 1> <Delay = 3.50> <Storage> <Opcode : 'read' 'write' 'nbread' 'nbwrite'> <Ports = 0> <Width = 16> <Depth = 20172> <FIFO>

State 2 <SV = 1> <Delay = 0.00>
ST_2 : Operation 17 [2/2] (0.00ns)   --->   "%call_ln44 = call void @zeropad2d_cl<array<ap_fixed,1u>,array<ap_fixed<8,2,5,3,0>,1u>,config5>, i8 %input_image, i8 %layer5_out" [firmware/myproject.cpp:44]   --->   Operation 17 'call' 'call_ln44' <Predicate = true> <Delay = 0.00> <CoreType = "Generic">   --->   Core 0 '' <Latency = 0> <II = 1> <Delay = 1.00> <Generic> <Opcode : >

State 3 <SV = 2> <Delay = 0.00>
ST_3 : Operation 18 [1/2] (0.00ns)   --->   "%call_ln44 = call void @zeropad2d_cl<array<ap_fixed,1u>,array<ap_fixed<8,2,5,3,0>,1u>,config5>, i8 %input_image, i8 %layer5_out" [firmware/myproject.cpp:44]   --->   Operation 18 'call' 'call_ln44' <Predicate = true> <Delay = 0.00> <CoreType = "Generic">   --->   Core 0 '' <Latency = 0> <II = 1> <Delay = 1.00> <Generic> <Opcode : >

State 4 <SV = 3> <Delay = 0.00>
ST_4 : Operation 19 [2/2] (0.00ns)   --->   "%call_ln46 = call void @conv_2d_cl<array<ap_fixed,1u>,array<ap_fixed<8,2,5,3,0>,2u>,config2>, i8 %layer5_out, i16 %layer2_out, i8 %void_compute_output_buffer_2d_array_const_ap_shift_reg_n_chan_stream_weig_17, i8 %void_compute_output_buffer_2d_array_const_ap_shift_reg_n_chan_stream_weig_18, i8 %void_compute_output_buffer_2d_array_const_ap_shift_reg_n_chan_stream_weig_14, i8 %void_compute_output_buffer_2d_array_const_ap_shift_reg_n_chan_stream_weig_15, i8 %void_compute_output_buffer_2d_array_const_ap_shift_reg_n_chan_stream_weig_11, i8 %void_compute_output_buffer_2d_array_const_ap_shift_reg_n_chan_stream_weig_12, i8 %void_compute_output_buffer_2d_array_const_ap_shift_reg_n_chan_stream_weig_16, i8 %void_compute_output_buffer_2d_array_const_ap_shift_reg_n_chan_stream_weig_13, i8 %void_compute_output_buffer_2d_array_const_ap_shift_reg_n_chan_stream_weig_10, i8 %void_conv_2d_buffer_cl_stream_stream_weight_t_bias_t_line_buffer_0_1, i8 %void_conv_2d_buffer_cl_stream_stream_weight_t_bias_t_line_buffer_2, i32 %sX_1, i32 %sY_1, i32 %pY_1, i32 %pX_1, i1 %outidx, i7 %w2_V" [firmware/myproject.cpp:46]   --->   Operation 19 'call' 'call_ln46' <Predicate = true> <Delay = 0.00> <CoreType = "Generic">   --->   Core 0 '' <Latency = 0> <II = 1> <Delay = 1.00> <Generic> <Opcode : >

State 5 <SV = 4> <Delay = 0.00>
ST_5 : Operation 20 [1/2] (0.00ns)   --->   "%call_ln46 = call void @conv_2d_cl<array<ap_fixed,1u>,array<ap_fixed<8,2,5,3,0>,2u>,config2>, i8 %layer5_out, i16 %layer2_out, i8 %void_compute_output_buffer_2d_array_const_ap_shift_reg_n_chan_stream_weig_17, i8 %void_compute_output_buffer_2d_array_const_ap_shift_reg_n_chan_stream_weig_18, i8 %void_compute_output_buffer_2d_array_const_ap_shift_reg_n_chan_stream_weig_14, i8 %void_compute_output_buffer_2d_array_const_ap_shift_reg_n_chan_stream_weig_15, i8 %void_compute_output_buffer_2d_array_const_ap_shift_reg_n_chan_stream_weig_11, i8 %void_compute_output_buffer_2d_array_const_ap_shift_reg_n_chan_stream_weig_12, i8 %void_compute_output_buffer_2d_array_const_ap_shift_reg_n_chan_stream_weig_16, i8 %void_compute_output_buffer_2d_array_const_ap_shift_reg_n_chan_stream_weig_13, i8 %void_compute_output_buffer_2d_array_const_ap_shift_reg_n_chan_stream_weig_10, i8 %void_conv_2d_buffer_cl_stream_stream_weight_t_bias_t_line_buffer_0_1, i8 %void_conv_2d_buffer_cl_stream_stream_weight_t_bias_t_line_buffer_2, i32 %sX_1, i32 %sY_1, i32 %pY_1, i32 %pX_1, i1 %outidx, i7 %w2_V" [firmware/myproject.cpp:46]   --->   Operation 20 'call' 'call_ln46' <Predicate = true> <Delay = 0.00> <CoreType = "Generic">   --->   Core 0 '' <Latency = 0> <II = 1> <Delay = 1.00> <Generic> <Opcode : >

State 6 <SV = 5> <Delay = 0.00>
ST_6 : Operation 21 [2/2] (0.00ns)   --->   "%call_ln48 = call void @relu<array<ap_fixed,2u>,array<ap_fixed<8,2,5,3,0>,2u>,relu_config3>, i16 %layer2_out, i16 %layer3_out" [firmware/myproject.cpp:48]   --->   Operation 21 'call' 'call_ln48' <Predicate = true> <Delay = 0.00> <CoreType = "Generic">   --->   Core 0 '' <Latency = 0> <II = 1> <Delay = 1.00> <Generic> <Opcode : >

State 7 <SV = 6> <Delay = 0.00>
ST_7 : Operation 22 [1/2] (0.00ns)   --->   "%call_ln48 = call void @relu<array<ap_fixed,2u>,array<ap_fixed<8,2,5,3,0>,2u>,relu_config3>, i16 %layer2_out, i16 %layer3_out" [firmware/myproject.cpp:48]   --->   Operation 22 'call' 'call_ln48' <Predicate = true> <Delay = 0.00> <CoreType = "Generic">   --->   Core 0 '' <Latency = 0> <II = 1> <Delay = 1.00> <Generic> <Opcode : >

State 8 <SV = 7> <Delay = 0.00>
ST_8 : Operation 23 [2/2] (0.00ns)   --->   "%call_ln50 = call void @zeropad2d_cl<array<ap_fixed,2u>,array<ap_fixed<8,2,5,3,0>,2u>,config6>, i16 %layer3_out, i16 %layer6_out" [firmware/myproject.cpp:50]   --->   Operation 23 'call' 'call_ln50' <Predicate = true> <Delay = 0.00> <CoreType = "Generic">   --->   Core 0 '' <Latency = 0> <II = 1> <Delay = 1.00> <Generic> <Opcode : >

State 9 <SV = 8> <Delay = 0.00>
ST_9 : Operation 24 [1/2] (0.00ns)   --->   "%call_ln50 = call void @zeropad2d_cl<array<ap_fixed,2u>,array<ap_fixed<8,2,5,3,0>,2u>,config6>, i16 %layer3_out, i16 %layer6_out" [firmware/myproject.cpp:50]   --->   Operation 24 'call' 'call_ln50' <Predicate = true> <Delay = 0.00> <CoreType = "Generic">   --->   Core 0 '' <Latency = 0> <II = 1> <Delay = 1.00> <Generic> <Opcode : >

State 10 <SV = 9> <Delay = 0.00>
ST_10 : Operation 25 [2/2] (0.00ns)   --->   "%call_ln52 = call void @conv_2d_cl<array<ap_fixed,2u>,array<ap_fixed<8,2,5,3,0>,1u>,config4>, i16 %layer6_out, i8 %layer4_out, i8 %void_compute_output_buffer_2d_array_const_ap_shift_reg_n_chan_stream_weig_7, i8 %void_compute_output_buffer_2d_array_const_ap_shift_reg_n_chan_stream_weig_9, i8 %void_compute_output_buffer_2d_array_const_ap_shift_reg_n_chan_stream_weig_6, i8 %void_compute_output_buffer_2d_array_const_ap_shift_reg_n_chan_stream_weig_8, i8 %void_compute_output_buffer_2d_array_const_ap_shift_reg_n_chan_stream_weig_1, i8 %void_compute_output_buffer_2d_array_const_ap_shift_reg_n_chan_stream_weig_3, i8 %void_compute_output_buffer_2d_array_const_ap_shift_reg_n_chan_stream_weig, i8 %void_compute_output_buffer_2d_array_const_ap_shift_reg_n_chan_stream_weig_2, i8 %p_ZZN4nnet24compute_output_buffer_2dINS_5arrayI8ap_fixedILi8ELi2EL9ap_q_mode5EL9a_3, i8 %p_ZZN4nnet24compute_output_buffer_2dINS_5arrayI8ap_fixedILi8ELi2EL9ap_q_mode5EL9a_5, i8 %p_ZZN4nnet24compute_output_buffer_2dINS_5arrayI8ap_fixedILi8ELi2EL9ap_q_mode5EL9a_2, i8 %p_ZZN4nnet24compute_output_buffer_2dINS_5arrayI8ap_fixedILi8ELi2EL9ap_q_mode5EL9a_4, i8 %void_compute_output_buffer_2d_array_const_ap_shift_reg_n_chan_stream_weig_5, i8 %void_compute_output_buffer_2d_array_const_ap_shift_reg_n_chan_stream_weig_4, i8 %p_ZZN4nnet24compute_output_buffer_2dINS_5arrayI8ap_fixedILi8ELi2EL9ap_q_mode5EL9a_7, i8 %p_ZZN4nnet24compute_output_buffer_2dINS_5arrayI8ap_fixedILi8ELi2EL9ap_q_mode5EL9a_6, i8 %p_ZZN4nnet24compute_output_buffer_2dINS_5arrayI8ap_fixedILi8ELi2EL9ap_q_mode5EL9a_1, i8 %p_ZZN4nnet24compute_output_buffer_2dINS_5arrayI8ap_fixedILi8ELi2EL9ap_q_mode5EL9a, i8 %void_conv_2d_buffer_cl_stream_stream_weight_t_bias_t_line_buffer_0, i8 %void_conv_2d_buffer_cl_stream_stream_weight_t_bias_t_line_buffer, i8 %void_conv_2d_buffer_cl_stream_stream_weight_t_bias_t_line_buffer_1_0, i8 %void_conv_2d_buffer_cl_stream_stream_weight_t_bias_t_line_buffer_1, i32 %sX, i32 %sY, i32 %pY, i32 %pX, i7 %w4_V" [firmware/myproject.cpp:52]   --->   Operation 25 'call' 'call_ln52' <Predicate = true> <Delay = 0.00> <CoreType = "Generic">   --->   Core 0 '' <Latency = 0> <II = 1> <Delay = 1.00> <Generic> <Opcode : >

State 11 <SV = 10> <Delay = 0.00>
ST_11 : Operation 26 [1/2] (0.00ns)   --->   "%call_ln52 = call void @conv_2d_cl<array<ap_fixed,2u>,array<ap_fixed<8,2,5,3,0>,1u>,config4>, i16 %layer6_out, i8 %layer4_out, i8 %void_compute_output_buffer_2d_array_const_ap_shift_reg_n_chan_stream_weig_7, i8 %void_compute_output_buffer_2d_array_const_ap_shift_reg_n_chan_stream_weig_9, i8 %void_compute_output_buffer_2d_array_const_ap_shift_reg_n_chan_stream_weig_6, i8 %void_compute_output_buffer_2d_array_const_ap_shift_reg_n_chan_stream_weig_8, i8 %void_compute_output_buffer_2d_array_const_ap_shift_reg_n_chan_stream_weig_1, i8 %void_compute_output_buffer_2d_array_const_ap_shift_reg_n_chan_stream_weig_3, i8 %void_compute_output_buffer_2d_array_const_ap_shift_reg_n_chan_stream_weig, i8 %void_compute_output_buffer_2d_array_const_ap_shift_reg_n_chan_stream_weig_2, i8 %p_ZZN4nnet24compute_output_buffer_2dINS_5arrayI8ap_fixedILi8ELi2EL9ap_q_mode5EL9a_3, i8 %p_ZZN4nnet24compute_output_buffer_2dINS_5arrayI8ap_fixedILi8ELi2EL9ap_q_mode5EL9a_5, i8 %p_ZZN4nnet24compute_output_buffer_2dINS_5arrayI8ap_fixedILi8ELi2EL9ap_q_mode5EL9a_2, i8 %p_ZZN4nnet24compute_output_buffer_2dINS_5arrayI8ap_fixedILi8ELi2EL9ap_q_mode5EL9a_4, i8 %void_compute_output_buffer_2d_array_const_ap_shift_reg_n_chan_stream_weig_5, i8 %void_compute_output_buffer_2d_array_const_ap_shift_reg_n_chan_stream_weig_4, i8 %p_ZZN4nnet24compute_output_buffer_2dINS_5arrayI8ap_fixedILi8ELi2EL9ap_q_mode5EL9a_7, i8 %p_ZZN4nnet24compute_output_buffer_2dINS_5arrayI8ap_fixedILi8ELi2EL9ap_q_mode5EL9a_6, i8 %p_ZZN4nnet24compute_output_buffer_2dINS_5arrayI8ap_fixedILi8ELi2EL9ap_q_mode5EL9a_1, i8 %p_ZZN4nnet24compute_output_buffer_2dINS_5arrayI8ap_fixedILi8ELi2EL9ap_q_mode5EL9a, i8 %void_conv_2d_buffer_cl_stream_stream_weight_t_bias_t_line_buffer_0, i8 %void_conv_2d_buffer_cl_stream_stream_weight_t_bias_t_line_buffer, i8 %void_conv_2d_buffer_cl_stream_stream_weight_t_bias_t_line_buffer_1_0, i8 %void_conv_2d_buffer_cl_stream_stream_weight_t_bias_t_line_buffer_1, i32 %sX, i32 %sY, i32 %pY, i32 %pX, i7 %w4_V" [firmware/myproject.cpp:52]   --->   Operation 26 'call' 'call_ln52' <Predicate = true> <Delay = 0.00> <CoreType = "Generic">   --->   Core 0 '' <Latency = 0> <II = 1> <Delay = 1.00> <Generic> <Opcode : >

State 12 <SV = 11> <Delay = 0.00>
ST_12 : Operation 27 [1/1] (0.00ns)   --->   "%specdataflowpipeline_ln0 = specdataflowpipeline void @_ssdm_op_SpecDataflowPipeline, i32 4294967295, i32 0, void @empty_6"   --->   Operation 27 'specdataflowpipeline' 'specdataflowpipeline_ln0' <Predicate = true> <Delay = 0.00>
ST_12 : Operation 28 [1/1] (0.00ns)   --->   "%spectopmodule_ln0 = spectopmodule void @_ssdm_op_SpecTopModule, void @empty_2"   --->   Operation 28 'spectopmodule' 'spectopmodule_ln0' <Predicate = true> <Delay = 0.00>
ST_12 : Operation 29 [1/1] (0.00ns)   --->   "%specinterface_ln0 = specinterface void @_ssdm_op_SpecInterface, i8 %input_image, void @empty_9, i32 1, i32 1, void @empty_8, i32 0, i32 0, void @empty_6, void @empty_6, void @empty_6, i32 0, i32 0, i32 0, i32 0, void @empty_6, void @empty_6"   --->   Operation 29 'specinterface' 'specinterface_ln0' <Predicate = true> <Delay = 0.00>
ST_12 : Operation 30 [1/1] (0.00ns)   --->   "%specbitsmap_ln0 = specbitsmap void @_ssdm_op_SpecBitsMap, i8 %input_image"   --->   Operation 30 'specbitsmap' 'specbitsmap_ln0' <Predicate = true> <Delay = 0.00>
ST_12 : Operation 31 [1/1] (0.00ns)   --->   "%specinterface_ln0 = specinterface void @_ssdm_op_SpecInterface, i8 %layer4_out, void @empty_9, i32 1, i32 1, void @empty_8, i32 0, i32 0, void @empty_6, void @empty_6, void @empty_6, i32 0, i32 0, i32 0, i32 0, void @empty_6, void @empty_6"   --->   Operation 31 'specinterface' 'specinterface_ln0' <Predicate = true> <Delay = 0.00>
ST_12 : Operation 32 [1/1] (0.00ns)   --->   "%specbitsmap_ln0 = specbitsmap void @_ssdm_op_SpecBitsMap, i8 %layer4_out"   --->   Operation 32 'specbitsmap' 'specbitsmap_ln0' <Predicate = true> <Delay = 0.00>
ST_12 : Operation 33 [1/1] (0.00ns)   --->   "%empty = specchannel i32 @_ssdm_op_SpecChannel, void @layer5_out_str, i32 1, void @p_str, void @p_str, i32 20172, i32 20172, i8 %layer5_out, i8 %layer5_out"   --->   Operation 33 'specchannel' 'empty' <Predicate = true> <Delay = 0.00>
ST_12 : Operation 34 [1/1] (0.00ns)   --->   "%specinterface_ln0 = specinterface void @_ssdm_op_SpecInterface, i8 %layer5_out, void @empty_4, i32 0, i32 0, void @empty_6, i32 0, i32 0, void @empty_6, void @empty_6, void @empty_6, i32 0, i32 0, i32 0, i32 0, void @empty_6, void @empty_6"   --->   Operation 34 'specinterface' 'specinterface_ln0' <Predicate = true> <Delay = 0.00>
ST_12 : Operation 35 [1/1] (0.00ns)   --->   "%empty_30 = specchannel i32 @_ssdm_op_SpecChannel, void @layer2_out_str, i32 1, void @p_str, void @p_str, i32 19602, i32 19602, i16 %layer2_out, i16 %layer2_out"   --->   Operation 35 'specchannel' 'empty_30' <Predicate = true> <Delay = 0.00>
ST_12 : Operation 36 [1/1] (0.00ns)   --->   "%specinterface_ln0 = specinterface void @_ssdm_op_SpecInterface, i16 %layer2_out, void @empty_4, i32 0, i32 0, void @empty_6, i32 0, i32 0, void @empty_6, void @empty_6, void @empty_6, i32 0, i32 0, i32 0, i32 0, void @empty_6, void @empty_6"   --->   Operation 36 'specinterface' 'specinterface_ln0' <Predicate = true> <Delay = 0.00>
ST_12 : Operation 37 [1/1] (0.00ns)   --->   "%empty_31 = specchannel i32 @_ssdm_op_SpecChannel, void @layer3_out_str, i32 1, void @p_str, void @p_str, i32 19602, i32 19602, i16 %layer3_out, i16 %layer3_out"   --->   Operation 37 'specchannel' 'empty_31' <Predicate = true> <Delay = 0.00>
ST_12 : Operation 38 [1/1] (0.00ns)   --->   "%specinterface_ln0 = specinterface void @_ssdm_op_SpecInterface, i16 %layer3_out, void @empty_4, i32 0, i32 0, void @empty_6, i32 0, i32 0, void @empty_6, void @empty_6, void @empty_6, i32 0, i32 0, i32 0, i32 0, void @empty_6, void @empty_6"   --->   Operation 38 'specinterface' 'specinterface_ln0' <Predicate = true> <Delay = 0.00>
ST_12 : Operation 39 [1/1] (0.00ns)   --->   "%empty_32 = specchannel i32 @_ssdm_op_SpecChannel, void @layer6_out_str, i32 1, void @p_str, void @p_str, i32 20172, i32 20172, i16 %layer6_out, i16 %layer6_out"   --->   Operation 39 'specchannel' 'empty_32' <Predicate = true> <Delay = 0.00>
ST_12 : Operation 40 [1/1] (0.00ns)   --->   "%specinterface_ln0 = specinterface void @_ssdm_op_SpecInterface, i16 %layer6_out, void @empty_4, i32 0, i32 0, void @empty_6, i32 0, i32 0, void @empty_6, void @empty_6, void @empty_6, i32 0, i32 0, i32 0, i32 0, void @empty_6, void @empty_6"   --->   Operation 40 'specinterface' 'specinterface_ln0' <Predicate = true> <Delay = 0.00>
ST_12 : Operation 41 [1/1] (0.00ns)   --->   "%specmemcore_ln46 = specmemcore void @_ssdm_op_SpecMemCore, i7 %w2_V, i64 666, i64 38, i64 18446744073709551615" [firmware/myproject.cpp:46]   --->   Operation 41 'specmemcore' 'specmemcore_ln46' <Predicate = true> <Delay = 0.00>
ST_12 : Operation 42 [1/1] (0.00ns)   --->   "%specmemcore_ln52 = specmemcore void @_ssdm_op_SpecMemCore, i7 %w4_V, i64 666, i64 38, i64 18446744073709551615" [firmware/myproject.cpp:52]   --->   Operation 42 'specmemcore' 'specmemcore_ln52' <Predicate = true> <Delay = 0.00>
ST_12 : Operation 43 [1/1] (0.00ns)   --->   "%ret_ln54 = ret" [firmware/myproject.cpp:54]   --->   Operation 43 'ret' 'ret_ln54' <Predicate = true> <Delay = 0.00>


============================================================
+ Verbose Summary: Timing violations
============================================================
Target clock period: 10ns, clock uncertainty: 1.25ns.

 <State 1>: 0ns
The critical path consists of the following:

 <State 2>: 0ns
The critical path consists of the following:

 <State 3>: 0ns
The critical path consists of the following:

 <State 4>: 0ns
The critical path consists of the following:

 <State 5>: 0ns
The critical path consists of the following:

 <State 6>: 0ns
The critical path consists of the following:

 <State 7>: 0ns
The critical path consists of the following:

 <State 8>: 0ns
The critical path consists of the following:

 <State 9>: 0ns
The critical path consists of the following:

 <State 10>: 0ns
The critical path consists of the following:

 <State 11>: 0ns
The critical path consists of the following:

 <State 12>: 0ns
The critical path consists of the following:


============================================================
+ Verbose Summary: Binding
============================================================
N/A
* FSMD analyzer results:
  - Output states:
 - Input state : 
  - Chain level:
	State 1
	State 2
	State 3
	State 4
	State 5
	State 6
	State 7
	State 8
	State 9
	State 10
	State 11
	State 12


============================================================
+ Verbose Summary: Datapath Resource usage 
============================================================
N/A
