

================================================================
== Vitis HLS Report for 'zeropad2d_cl_array_ap_fixed_2u_array_ap_fixed_8_2_5_3_0_2u_config6_s'
================================================================
* Date:           Tue May 26 23:24:16 2026

* Version:        2021.2 (Build 3367213 on Tue Oct 19 02:48:09 MDT 2021)
* Project:        myproject_prj
* Solution:       solution1 (Vivado IP Flow Target)
* Product family: zynq
* Target device:  xc7z020-clg400-1


================================================================
== Performance Estimates
================================================================
+ Timing: 
    * Summary: 
    +--------+----------+----------+------------+
    |  Clock |  Target  | Estimated| Uncertainty|
    +--------+----------+----------+------------+
    |ap_clk  |  10.00 ns|  7.014 ns|     1.25 ns|
    +--------+----------+----------+------------+

+ Latency: 
    * Summary: 
    +---------+---------+----------+----------+-------+-------+---------+
    |  Latency (cycles) |  Latency (absolute) |    Interval   | Pipeline|
    |   min   |   max   |    min   |    max   |  min  |  max  |   Type  |
    +---------+---------+----------+----------+-------+-------+---------+
    |    40145|    40145|  0.401 ms|  0.401 ms|  40145|  40145|       no|
    +---------+---------+----------+----------+-------+-------+---------+

    + Detail: 
        * Instance: 
        +---------------------------------------------------------------------------------------+-----------------------------------------------------------------------------+---------+---------+----------+----------+-----+-----+---------+
        |                                                                                       |                                                                             |  Latency (cycles) |  Latency (absolute) |  Interval | Pipeline|
        |                                        Instance                                       |                                    Module                                   |   min   |   max   |    min   |    max   | min | max |   Type  |
        +---------------------------------------------------------------------------------------+-----------------------------------------------------------------------------+---------+---------+----------+----------+-----+-----+---------+
        |grp_zeropad2d_cl_array_array_ap_fixed_8_2_5_3_0_2u_config6_Pipeline_PadTopWidth_fu_52  |zeropad2d_cl_array_array_ap_fixed_8_2_5_3_0_2u_config6_Pipeline_PadTopWidth  |      166|      166|  1.660 us|  1.660 us|  166|  166|       no|
        |grp_zeropad2d_cl_array_array_ap_fixed_2u_config6_Pipeline_PadBottomWidth_fu_58         |zeropad2d_cl_array_array_ap_fixed_2u_config6_Pipeline_PadBottomWidth         |      166|      166|  1.660 us|  1.660 us|  166|  166|       no|
        |grp_zeropad2d_cl_array_array_ap_fixed_8_2_5_3_0_2u_config6_Pipeline_CopyMain_fu_64     |zeropad2d_cl_array_array_ap_fixed_8_2_5_3_0_2u_config6_Pipeline_CopyMain     |      326|      326|  3.260 us|  3.260 us|  326|  326|       no|
        +---------------------------------------------------------------------------------------+-----------------------------------------------------------------------------+---------+---------+----------+----------+-----+-----+---------+

        * Loop: 
        +-----------+---------+---------+----------+-----------+-----------+------+----------+
        |           |  Latency (cycles) | Iteration|  Initiation Interval  | Trip |          |
        | Loop Name |   min   |   max   |  Latency |  achieved |   target  | Count| Pipelined|
        +-----------+---------+---------+----------+-----------+-----------+------+----------+
        |- PadMain  |    39809|    39809|       329|          -|          -|   121|        no|
        +-----------+---------+---------+----------+-----------+-----------+------+----------+

============================================================
+ Verbose Summary: Synthesis Manager
============================================================
InlineROM: 1
ExposeGlobal: 0
============================================================
+ Verbose Summary: CDFG Model
============================================================
IsTopModel: 0
ResetActiveHigh: 1
IsCombinational: 2
IsDatapathOnly: 0
HasWiredReturn: 1
HasMFsm: 0
HasVarLatency: 1
IsPipeline: 0
IsRtlPipelined: 0
IsInstanceOverlapped: 0
IsDontTouch: 0
HasImplIP: 0
IsGatedGlobalClock: 0


============================================================
+ Verbose Summary: Schedule
============================================================
* Number of FSM states : 7
* Pipeline : 0
* Dataflow Pipeline: 0

* FSM state transitions: 
1 --> 2 
2 --> 3 
3 --> 4 
4 --> 5 7 
5 --> 6 
6 --> 4 
7 --> 

* FSM state operations: 

State 1 <SV = 0> <Delay = 1.58>
ST_1 : Operation 8 [1/1] (0.00ns)   --->   "%i = alloca i32 1"   --->   Operation 8 'alloca' 'i' <Predicate = true> <Delay = 0.00>
ST_1 : Operation 9 [1/1] (0.00ns)   --->   "%empty = wait i32 @_ssdm_op_Wait"   --->   Operation 9 'wait' 'empty' <Predicate = true> <Delay = 0.00>
ST_1 : Operation 10 [2/2] (0.00ns)   --->   "%call_ln0 = call void @zeropad2d_cl<array,array<ap_fixed<8,2,5,3,0>,2u>,config6>_Pipeline_PadTopWidth, i16 %layer6_out"   --->   Operation 10 'call' 'call_ln0' <Predicate = true> <Delay = 0.00> <CoreType = "Generic">   --->   Core 0 '' <Latency = 0> <II = 1> <Delay = 1.00> <Generic> <Opcode : >
ST_1 : Operation 11 [1/1] (1.58ns)   --->   "%store_ln59 = store i7 0, i7 %i" [firmware/nnet_utils/nnet_padding_stream.h:59]   --->   Operation 11 'store' 'store_ln59' <Predicate = true> <Delay = 1.58>

State 2 <SV = 1> <Delay = 0.00>
ST_2 : Operation 12 [1/2] (0.00ns)   --->   "%call_ln0 = call void @zeropad2d_cl<array,array<ap_fixed<8,2,5,3,0>,2u>,config6>_Pipeline_PadTopWidth, i16 %layer6_out"   --->   Operation 12 'call' 'call_ln0' <Predicate = true> <Delay = 0.00> <CoreType = "Generic">   --->   Core 0 '' <Latency = 0> <II = 1> <Delay = 1.00> <Generic> <Opcode : >

State 3 <SV = 2> <Delay = 0.00>
ST_3 : Operation 13 [1/1] (0.00ns)   --->   "%specinterface_ln0 = specinterface void @_ssdm_op_SpecInterface, i16 %layer6_out, void @empty_4, i32 0, i32 0, void @empty_6, i32 0, i32 0, void @empty_6, void @empty_6, void @empty_6, i32 0, i32 0, i32 0, i32 0, void @empty_6, void @empty_6"   --->   Operation 13 'specinterface' 'specinterface_ln0' <Predicate = true> <Delay = 0.00>
ST_3 : Operation 14 [1/1] (0.00ns)   --->   "%specinterface_ln0 = specinterface void @_ssdm_op_SpecInterface, i16 %layer3_out, void @empty_4, i32 0, i32 0, void @empty_6, i32 0, i32 0, void @empty_6, void @empty_6, void @empty_6, i32 0, i32 0, i32 0, i32 0, void @empty_6, void @empty_6"   --->   Operation 14 'specinterface' 'specinterface_ln0' <Predicate = true> <Delay = 0.00>
ST_3 : Operation 15 [1/1] (0.00ns)   --->   "%empty_22 = wait i32 @_ssdm_op_Wait"   --->   Operation 15 'wait' 'empty_22' <Predicate = true> <Delay = 0.00>
ST_3 : Operation 16 [1/1] (0.00ns)   --->   "%br_ln59 = br void %_ZN8ap_fixedILi8ELi2EL9ap_q_mode5EL9ap_o_mode3ELi0EEC2Ei.exit.i18" [firmware/nnet_utils/nnet_padding_stream.h:59]   --->   Operation 16 'br' 'br_ln59' <Predicate = true> <Delay = 0.00>

State 4 <SV = 3> <Delay = 4.99>
ST_4 : Operation 17 [1/1] (0.00ns)   --->   "%i_1 = load i7 %i" [firmware/nnet_utils/nnet_padding_stream.h:59]   --->   Operation 17 'load' 'i_1' <Predicate = true> <Delay = 0.00>
ST_4 : Operation 18 [1/1] (1.48ns)   --->   "%icmp_ln59 = icmp_eq  i7 %i_1, i7 121" [firmware/nnet_utils/nnet_padding_stream.h:59]   --->   Operation 18 'icmp' 'icmp_ln59' <Predicate = true> <Delay = 1.48> <CoreInst = "Cmp">   --->   Core 9 'Cmp' <Latency = 0> <II = 1> <Delay = 1.48> <FuncUnit> <Opcode : 'icmp'> <InPorts = 2> <OutPorts = 1>
ST_4 : Operation 19 [1/1] (0.00ns)   --->   "%empty_23 = speclooptripcount i32 @_ssdm_op_SpecLoopTripCount, i64 121, i64 121, i64 121"   --->   Operation 19 'speclooptripcount' 'empty_23' <Predicate = true> <Delay = 0.00>
ST_4 : Operation 20 [1/1] (1.87ns)   --->   "%add_ln59 = add i7 %i_1, i7 1" [firmware/nnet_utils/nnet_padding_stream.h:59]   --->   Operation 20 'add' 'add_ln59' <Predicate = true> <Delay = 1.87> <CoreInst = "Adder">   --->   Core 1 'Adder' <Latency = 0> <II = 1> <Delay = 1.87> <FuncUnit> <Opcode : 'add' 'sub'> <InPorts = 2> <OutPorts = 1>
ST_4 : Operation 21 [1/1] (0.00ns)   --->   "%br_ln59 = br i1 %icmp_ln59, void %_ZN8ap_fixedILi8ELi2EL9ap_q_mode5EL9ap_o_mode3ELi0EEC2Ei.exit.i18.split, void %_ZN8ap_fixedILi8ELi2EL9ap_q_mode5EL9ap_o_mode3ELi0EEC2Ei.exit.i67.preheader" [firmware/nnet_utils/nnet_padding_stream.h:59]   --->   Operation 21 'br' 'br_ln59' <Predicate = true> <Delay = 0.00>
ST_4 : Operation 22 [1/1] (3.50ns)   --->   "%write_ln173 = write void @_ssdm_op_Write.ap_fifo.volatile.i16P0A, i16 %layer6_out, i16 0" [C:/Xilinx/Vitis_HLS/2021.2/common/technology/autopilot/hls_stream_39.h:173]   --->   Operation 22 'write' 'write_ln173' <Predicate = (!icmp_ln59)> <Delay = 3.50> <CoreInst = "FIFO">   --->   Core 78 'FIFO' <Latency = 0> <II = 1> <Delay = 3.50> <Storage> <Opcode : 'read' 'write' 'nbread' 'nbwrite'> <Ports = 0> <Width = 16> <Depth = 20172> <FIFO>
ST_4 : Operation 23 [1/1] (1.58ns)   --->   "%store_ln59 = store i7 %add_ln59, i7 %i" [firmware/nnet_utils/nnet_padding_stream.h:59]   --->   Operation 23 'store' 'store_ln59' <Predicate = (!icmp_ln59)> <Delay = 1.58>
ST_4 : Operation 24 [1/1] (0.00ns)   --->   "%empty_24 = wait i32 @_ssdm_op_Wait"   --->   Operation 24 'wait' 'empty_24' <Predicate = (icmp_ln59)> <Delay = 0.00>
ST_4 : Operation 25 [2/2] (0.00ns)   --->   "%call_ln0 = call void @zeropad2d_cl<array,array<ap_fixed,2u>,config6>_Pipeline_PadBottomWidth, i16 %layer6_out"   --->   Operation 25 'call' 'call_ln0' <Predicate = (icmp_ln59)> <Delay = 0.00> <CoreType = "Generic">   --->   Core 0 '' <Latency = 0> <II = 1> <Delay = 1.00> <Generic> <Opcode : >

State 5 <SV = 4> <Delay = 0.00>
ST_5 : Operation 26 [1/1] (0.00ns)   --->   "%empty_25 = wait i32 @_ssdm_op_Wait"   --->   Operation 26 'wait' 'empty_25' <Predicate = true> <Delay = 0.00>
ST_5 : Operation 27 [2/2] (0.00ns)   --->   "%call_ln0 = call void @zeropad2d_cl<array,array<ap_fixed<8,2,5,3,0>,2u>,config6>_Pipeline_CopyMain, i16 %layer3_out, i16 %layer6_out"   --->   Operation 27 'call' 'call_ln0' <Predicate = true> <Delay = 0.00> <CoreType = "Generic">   --->   Core 0 '' <Latency = 0> <II = 1> <Delay = 1.00> <Generic> <Opcode : >

State 6 <SV = 5> <Delay = 0.00>
ST_6 : Operation 28 [1/1] (0.00ns)   --->   "%specloopname_ln59 = specloopname void @_ssdm_op_SpecLoopName, void @empty" [firmware/nnet_utils/nnet_padding_stream.h:59]   --->   Operation 28 'specloopname' 'specloopname_ln59' <Predicate = true> <Delay = 0.00>
ST_6 : Operation 29 [1/2] (0.00ns)   --->   "%call_ln0 = call void @zeropad2d_cl<array,array<ap_fixed<8,2,5,3,0>,2u>,config6>_Pipeline_CopyMain, i16 %layer3_out, i16 %layer6_out"   --->   Operation 29 'call' 'call_ln0' <Predicate = true> <Delay = 0.00> <CoreType = "Generic">   --->   Core 0 '' <Latency = 0> <II = 1> <Delay = 1.00> <Generic> <Opcode : >
ST_6 : Operation 30 [1/1] (0.00ns)   --->   "%br_ln0 = br void %_ZN8ap_fixedILi8ELi2EL9ap_q_mode5EL9ap_o_mode3ELi0EEC2Ei.exit.i18"   --->   Operation 30 'br' 'br_ln0' <Predicate = true> <Delay = 0.00>

State 7 <SV = 4> <Delay = 0.00>
ST_7 : Operation 31 [1/2] (0.00ns)   --->   "%call_ln0 = call void @zeropad2d_cl<array,array<ap_fixed,2u>,config6>_Pipeline_PadBottomWidth, i16 %layer6_out"   --->   Operation 31 'call' 'call_ln0' <Predicate = true> <Delay = 0.00> <CoreType = "Generic">   --->   Core 0 '' <Latency = 0> <II = 1> <Delay = 1.00> <Generic> <Opcode : >
ST_7 : Operation 32 [1/1] (0.00ns)   --->   "%ret_ln81 = ret" [firmware/nnet_utils/nnet_padding_stream.h:81]   --->   Operation 32 'ret' 'ret_ln81' <Predicate = true> <Delay = 0.00>


============================================================
+ Verbose Summary: Binding
============================================================
STG Binding: 
---------------- STG Properties BEGIN ----------------
- Is combinational: 0
- Is one-state seq: 0
- Is datapath-only: 0
- Is pipelined: 0
- Is top level: 0
Port [ Return ] is wired: 1; IO mode=ap_ctrl_hs:ce=0
Port [ layer3_out]:  wired=1; compound=1; hidden=0; nouse=0; global=0; static=0; extern=0; dir=0; type=3; pingpong=0; private_global=0; IO mode=ap_fifo:ce=0
Port [ layer6_out]:  wired=1; compound=1; hidden=0; nouse=0; global=0; static=0; extern=0; dir=1; type=3; pingpong=0; private_global=0; IO mode=ap_fifo:ce=0
---------------- STG Properties END ------------------

---------------- Datapath Model BEGIN ----------------

<LifeTime>
<method=bitvector/>
i                 (alloca           ) [ 01111110]
empty             (wait             ) [ 00000000]
store_ln59        (store            ) [ 00000000]
call_ln0          (call             ) [ 00000000]
specinterface_ln0 (specinterface    ) [ 00000000]
specinterface_ln0 (specinterface    ) [ 00000000]
empty_22          (wait             ) [ 00000000]
br_ln59           (br               ) [ 00000000]
i_1               (load             ) [ 00000000]
icmp_ln59         (icmp             ) [ 00001110]
empty_23          (speclooptripcount) [ 00000000]
add_ln59          (add              ) [ 00000000]
br_ln59           (br               ) [ 00000000]
write_ln173       (write            ) [ 00000000]
store_ln59        (store            ) [ 00000000]
empty_24          (wait             ) [ 00000000]
empty_25          (wait             ) [ 00000000]
specloopname_ln59 (specloopname     ) [ 00000000]
call_ln0          (call             ) [ 00000000]
br_ln0            (br               ) [ 00000000]
call_ln0          (call             ) [ 00000000]
ret_ln81          (ret              ) [ 00000000]
</LifeTime>

<model>

<comp_list>
<comp id="0" class="1000" name="layer3_out">
<pin_list>
<pin id="1" dir="1" index="0" bw="1" slack="0"/>
</pin_list>
<bind>
<StgValue><ssdm name="layer3_out"/></StgValue>
</bind>
</comp>

<comp id="2" class="1000" name="layer6_out">
<pin_list>
<pin id="3" dir="1" index="0" bw="1" slack="0"/>
</pin_list>
<bind>
<StgValue><ssdm name="layer6_out"/></StgValue>
</bind>
</comp>

<comp id="4" class="1001" name="const_4">
<pin_list>
<pin id="5" dir="1" index="0" bw="1" slack="0"/>
</pin_list>
<bind>
<StgValue><ssdm name=""/></StgValue>
</bind>
</comp>

<comp id="6" class="1001" name="const_6">
<pin_list>
<pin id="7" dir="1" index="0" bw="1" slack="2147483647"/>
</pin_list>
<bind>
<StgValue><ssdm name="_ssdm_op_Wait"/></StgValue>
</bind>
</comp>

<comp id="8" class="1001" name="const_8">
<pin_list>
<pin id="9" dir="1" index="0" bw="1" slack="0"/>
</pin_list>
<bind>
<StgValue><ssdm name="zeropad2d_cl<array,array<ap_fixed<8,2,5,3,0>,2u>,config6>_Pipeline_PadTopWidth"/></StgValue>
</bind>
</comp>

<comp id="10" class="1001" name="const_10">
<pin_list>
<pin id="11" dir="1" index="0" bw="1" slack="0"/>
</pin_list>
<bind>
<StgValue><ssdm name=""/></StgValue>
</bind>
</comp>

<comp id="12" class="1001" name="const_12">
<pin_list>
<pin id="13" dir="1" index="0" bw="1" slack="2147483647"/>
</pin_list>
<bind>
<StgValue><ssdm name="_ssdm_op_SpecInterface"/></StgValue>
</bind>
</comp>

<comp id="14" class="1001" name="const_14">
<pin_list>
<pin id="15" dir="1" index="0" bw="1" slack="2147483647"/>
</pin_list>
<bind>
<StgValue><ssdm name="empty_4"/></StgValue>
</bind>
</comp>

<comp id="16" class="1001" name="const_16">
<pin_list>
<pin id="17" dir="1" index="0" bw="1" slack="2147483647"/>
</pin_list>
<bind>
<StgValue><ssdm name=""/></StgValue>
</bind>
</comp>

<comp id="18" class="1001" name="const_18">
<pin_list>
<pin id="19" dir="1" index="0" bw="1" slack="2147483647"/>
</pin_list>
<bind>
<StgValue><ssdm name="empty_6"/></StgValue>
</bind>
</comp>

<comp id="20" class="1001" name="const_20">
<pin_list>
<pin id="21" dir="1" index="0" bw="1" slack="0"/>
</pin_list>
<bind>
<StgValue><ssdm name=""/></StgValue>
</bind>
</comp>

<comp id="22" class="1001" name="const_22">
<pin_list>
<pin id="23" dir="1" index="0" bw="1" slack="2147483647"/>
</pin_list>
<bind>
<StgValue><ssdm name="_ssdm_op_SpecLoopTripCount"/></StgValue>
</bind>
</comp>

<comp id="24" class="1001" name="const_24">
<pin_list>
<pin id="25" dir="1" index="0" bw="1" slack="2147483647"/>
</pin_list>
<bind>
<StgValue><ssdm name=""/></StgValue>
</bind>
</comp>

<comp id="26" class="1001" name="const_26">
<pin_list>
<pin id="27" dir="1" index="0" bw="1" slack="0"/>
</pin_list>
<bind>
<StgValue><ssdm name=""/></StgValue>
</bind>
</comp>

<comp id="28" class="1001" name="const_28">
<pin_list>
<pin id="29" dir="1" index="0" bw="1" slack="0"/>
</pin_list>
<bind>
<StgValue><ssdm name="_ssdm_op_Write.ap_fifo.volatile.i16P0A"/></StgValue>
</bind>
</comp>

<comp id="30" class="1001" name="const_30">
<pin_list>
<pin id="31" dir="1" index="0" bw="1" slack="0"/>
</pin_list>
<bind>
<StgValue><ssdm name=""/></StgValue>
</bind>
</comp>

<comp id="32" class="1001" name="const_32">
<pin_list>
<pin id="33" dir="1" index="0" bw="1" slack="0"/>
</pin_list>
<bind>
<StgValue><ssdm name="zeropad2d_cl<array,array<ap_fixed,2u>,config6>_Pipeline_PadBottomWidth"/></StgValue>
</bind>
</comp>

<comp id="34" class="1001" name="const_34">
<pin_list>
<pin id="35" dir="1" index="0" bw="1" slack="0"/>
</pin_list>
<bind>
<StgValue><ssdm name="zeropad2d_cl<array,array<ap_fixed<8,2,5,3,0>,2u>,config6>_Pipeline_CopyMain"/></StgValue>
</bind>
</comp>

<comp id="36" class="1001" name="const_36">
<pin_list>
<pin id="37" dir="1" index="0" bw="1" slack="2147483647"/>
</pin_list>
<bind>
<StgValue><ssdm name="_ssdm_op_SpecLoopName"/></StgValue>
</bind>
</comp>

<comp id="38" class="1001" name="const_38">
<pin_list>
<pin id="39" dir="1" index="0" bw="1" slack="2147483647"/>
</pin_list>
<bind>
<StgValue><ssdm name="empty"/></StgValue>
</bind>
</comp>

<comp id="40" class="1004" name="i_fu_40">
<pin_list>
<pin id="41" dir="0" index="0" bw="1" slack="0"/>
<pin id="42" dir="1" index="1" bw="7" slack="0"/>
</pin_list>
<bind>
<opcode="alloca(26) " fcode="alloca"/>
<opset="i/1 "/>
</bind>
</comp>

<comp id="44" class="1004" name="write_ln173_write_fu_44">
<pin_list>
<pin id="45" dir="0" index="0" bw="0" slack="0"/>
<pin id="46" dir="0" index="1" bw="16" slack="0"/>
<pin id="47" dir="0" index="2" bw="1" slack="0"/>
<pin id="48" dir="1" index="3" bw="0" slack="2147483647"/>
</pin_list>
<bind>
<opcode="write(1151) " fcode="write"/>
<opset="write_ln173/4 "/>
</bind>
</comp>

<comp id="52" class="1004" name="grp_zeropad2d_cl_array_array_ap_fixed_8_2_5_3_0_2u_config6_Pipeline_PadTopWidth_fu_52">
<pin_list>
<pin id="53" dir="0" index="0" bw="0" slack="0"/>
<pin id="54" dir="0" index="1" bw="16" slack="0"/>
<pin id="55" dir="1" index="2" bw="0" slack="2147483647"/>
</pin_list>
<bind>
<opcode="call(48) " fcode="call"/>
<opset="call_ln0/1 "/>
</bind>
</comp>

<comp id="58" class="1004" name="grp_zeropad2d_cl_array_array_ap_fixed_2u_config6_Pipeline_PadBottomWidth_fu_58">
<pin_list>
<pin id="59" dir="0" index="0" bw="0" slack="0"/>
<pin id="60" dir="0" index="1" bw="16" slack="0"/>
<pin id="61" dir="1" index="2" bw="0" slack="2147483647"/>
</pin_list>
<bind>
<opcode="call(48) " fcode="call"/>
<opset="call_ln0/4 "/>
</bind>
</comp>

<comp id="64" class="1004" name="grp_zeropad2d_cl_array_array_ap_fixed_8_2_5_3_0_2u_config6_Pipeline_CopyMain_fu_64">
<pin_list>
<pin id="65" dir="0" index="0" bw="0" slack="0"/>
<pin id="66" dir="0" index="1" bw="16" slack="0"/>
<pin id="67" dir="0" index="2" bw="16" slack="0"/>
<pin id="68" dir="1" index="3" bw="0" slack="2147483647"/>
</pin_list>
<bind>
<opcode="call(48) " fcode="call"/>
<opset="call_ln0/5 "/>
</bind>
</comp>

<comp id="72" class="1004" name="store_ln59_store_fu_72">
<pin_list>
<pin id="73" dir="0" index="0" bw="1" slack="0"/>
<pin id="74" dir="0" index="1" bw="7" slack="0"/>
<pin id="75" dir="1" index="2" bw="0" slack="2147483647"/>
</pin_list>
<bind>
<opcode="store(28) " fcode="store"/>
<opset="store_ln59/1 "/>
</bind>
</comp>

<comp id="77" class="1004" name="i_1_load_fu_77">
<pin_list>
<pin id="78" dir="0" index="0" bw="7" slack="3"/>
<pin id="79" dir="1" index="1" bw="7" slack="0"/>
</pin_list>
<bind>
<opcode="load(27) " fcode="load"/>
<opset="i_1/4 "/>
</bind>
</comp>

<comp id="80" class="1004" name="icmp_ln59_fu_80">
<pin_list>
<pin id="81" dir="0" index="0" bw="7" slack="0"/>
<pin id="82" dir="0" index="1" bw="4" slack="0"/>
<pin id="83" dir="1" index="2" bw="1" slack="2147483647"/>
</pin_list>
<bind>
<opcode="icmp(45) " fcode="icmp"/>
<opset="icmp_ln59/4 "/>
</bind>
</comp>

<comp id="86" class="1004" name="add_ln59_fu_86">
<pin_list>
<pin id="87" dir="0" index="0" bw="7" slack="0"/>
<pin id="88" dir="0" index="1" bw="1" slack="0"/>
<pin id="89" dir="1" index="2" bw="7" slack="0"/>
</pin_list>
<bind>
<opcode="add(8) " fcode="add"/>
<opset="add_ln59/4 "/>
</bind>
</comp>

<comp id="92" class="1004" name="store_ln59_store_fu_92">
<pin_list>
<pin id="93" dir="0" index="0" bw="7" slack="0"/>
<pin id="94" dir="0" index="1" bw="7" slack="3"/>
<pin id="95" dir="1" index="2" bw="0" slack="2147483647"/>
</pin_list>
<bind>
<opcode="store(28) " fcode="store"/>
<opset="store_ln59/4 "/>
</bind>
</comp>

<comp id="97" class="1005" name="i_reg_97">
<pin_list>
<pin id="98" dir="0" index="0" bw="7" slack="0"/>
<pin id="99" dir="1" index="1" bw="7" slack="0"/>
</pin_list>
<bind>
<opset="i "/>
</bind>
</comp>

</comp_list>

<net_list>
<net id="43"><net_src comp="4" pin="0"/><net_sink comp="40" pin=0"/></net>

<net id="49"><net_src comp="28" pin="0"/><net_sink comp="44" pin=0"/></net>

<net id="50"><net_src comp="2" pin="0"/><net_sink comp="44" pin=1"/></net>

<net id="51"><net_src comp="30" pin="0"/><net_sink comp="44" pin=2"/></net>

<net id="56"><net_src comp="8" pin="0"/><net_sink comp="52" pin=0"/></net>

<net id="57"><net_src comp="2" pin="0"/><net_sink comp="52" pin=1"/></net>

<net id="62"><net_src comp="32" pin="0"/><net_sink comp="58" pin=0"/></net>

<net id="63"><net_src comp="2" pin="0"/><net_sink comp="58" pin=1"/></net>

<net id="69"><net_src comp="34" pin="0"/><net_sink comp="64" pin=0"/></net>

<net id="70"><net_src comp="0" pin="0"/><net_sink comp="64" pin=1"/></net>

<net id="71"><net_src comp="2" pin="0"/><net_sink comp="64" pin=2"/></net>

<net id="76"><net_src comp="10" pin="0"/><net_sink comp="72" pin=0"/></net>

<net id="84"><net_src comp="77" pin="1"/><net_sink comp="80" pin=0"/></net>

<net id="85"><net_src comp="20" pin="0"/><net_sink comp="80" pin=1"/></net>

<net id="90"><net_src comp="77" pin="1"/><net_sink comp="86" pin=0"/></net>

<net id="91"><net_src comp="26" pin="0"/><net_sink comp="86" pin=1"/></net>

<net id="96"><net_src comp="86" pin="2"/><net_sink comp="92" pin=0"/></net>

<net id="100"><net_src comp="40" pin="1"/><net_sink comp="97" pin=0"/></net>

<net id="101"><net_src comp="97" pin="1"/><net_sink comp="72" pin=1"/></net>

<net id="102"><net_src comp="97" pin="1"/><net_sink comp="77" pin=0"/></net>

<net id="103"><net_src comp="97" pin="1"/><net_sink comp="92" pin=1"/></net>

</net_list>

</model> 
---------------- Datapath Model END ------------------

* FSMD analyzer results:
  - Output states:
	Port: layer6_out | {1 2 4 5 6 7 }
 - Input state : 
	Port: zeropad2d_cl<array<ap_fixed,2u>,array<ap_fixed<8,2,5,3,0>,2u>,config6> : layer3_out | {5 6 }
  - Chain level:
	State 1
		store_ln59 : 1
	State 2
	State 3
	State 4
		icmp_ln59 : 1
		add_ln59 : 1
		br_ln59 : 2
		store_ln59 : 2
	State 5
	State 6
	State 7


============================================================
+ Verbose Summary: Datapath Resource usage 
============================================================

* Functional unit list:
|----------|---------------------------------------------------------------------------------------|---------|---------|---------|
| Operation|                                    Functional Unit                                    |  Delay  |    FF   |   LUT   |
|----------|---------------------------------------------------------------------------------------|---------|---------|---------|
|          | grp_zeropad2d_cl_array_array_ap_fixed_8_2_5_3_0_2u_config6_Pipeline_PadTopWidth_fu_52 |    0    |    8    |    26   |
|   call   |     grp_zeropad2d_cl_array_array_ap_fixed_2u_config6_Pipeline_PadBottomWidth_fu_58    |    0    |    8    |    26   |
|          |   grp_zeropad2d_cl_array_array_ap_fixed_8_2_5_3_0_2u_config6_Pipeline_CopyMain_fu_64  |  1.588  |    10   |    46   |
|----------|---------------------------------------------------------------------------------------|---------|---------|---------|
|    add   |                                     add_ln59_fu_86                                    |    0    |    0    |    14   |
|----------|---------------------------------------------------------------------------------------|---------|---------|---------|
|   icmp   |                                    icmp_ln59_fu_80                                    |    0    |    0    |    10   |
|----------|---------------------------------------------------------------------------------------|---------|---------|---------|
|   write  |                                write_ln173_write_fu_44                                |    0    |    0    |    0    |
|----------|---------------------------------------------------------------------------------------|---------|---------|---------|
|   Total  |                                                                                       |  1.588  |    26   |   122   |
|----------|---------------------------------------------------------------------------------------|---------|---------|---------|

Memories:
N/A

* Register list:
+--------+--------+
|        |   FF   |
+--------+--------+
|i_reg_97|    7   |
+--------+--------+
|  Total |    7   |
+--------+--------+

* Multiplexer (MUX) list: 
|--------|------|------|------|--------|
|  Comp  |  Pin | Size |  BW  | S x BW |
|--------|------|------|------|--------|
|  Total |      |      |      |    0   |
|--------|------|------|------|--------|



* Summary:
+-----------+--------+--------+--------+
|           |  Delay |   FF   |   LUT  |
+-----------+--------+--------+--------+
|  Function |    1   |   26   |   122  |
|   Memory  |    -   |    -   |    -   |
|Multiplexer|    -   |    -   |    -   |
|  Register |    -   |    7   |    -   |
+-----------+--------+--------+--------+
|   Total   |    1   |   33   |   122  |
+-----------+--------+--------+--------+
