

================================================================
== Vitis HLS Report for 'zeropad2d_cl_array_ap_fixed_1u_array_ap_fixed_8_2_5_3_0_1u_config5_s'
================================================================
* Date:           Tue May 26 23:24:19 2026

* Version:        2021.2 (Build 3367213 on Tue Oct 19 02:48:09 MDT 2021)
* Project:        myproject_prj
* Solution:       solution1 (Vivado IP Flow Target)
* Product family: zynq
* Target device:  xc7z020-clg400-1


================================================================
== Performance Estimates
================================================================
+ Timing: 
    * Summary: 
    +--------+----------+----------+------------+
    |  Clock |  Target  | Estimated| Uncertainty|
    +--------+----------+----------+------------+
    |ap_clk  |  10.00 ns|  4.996 ns|     1.25 ns|
    +--------+----------+----------+------------+

+ Latency: 
    * Summary: 
    +---------+---------+----------+----------+-------+-------+---------+
    |  Latency (cycles) |  Latency (absolute) |    Interval   | Pipeline|
    |   min   |   max   |    min   |    max   |  min  |  max  |   Type  |
    +---------+---------+----------+----------+-------+-------+---------+
    |    40145|    40145|  0.401 ms|  0.401 ms|  40145|  40145|       no|
    +---------+---------+----------+----------+-------+-------+---------+

    + Detail: 
        * Instance: 
        +---------------------------------------------------------------------------------------+-----------------------------------------------------------------------------+---------+---------+----------+----------+-----+-----+---------+
        |                                                                                       |                                                                             |  Latency (cycles) |  Latency (absolute) |  Interval | Pipeline|
        |                                        Instance                                       |                                    Module                                   |   min   |   max   |    min   |    max   | min | max |   Type  |
        +---------------------------------------------------------------------------------------+-----------------------------------------------------------------------------+---------+---------+----------+----------+-----+-----+---------+
        |grp_zeropad2d_cl_array_array_ap_fixed_8_2_5_3_0_1u_config5_Pipeline_PadTopWidth_fu_56  |zeropad2d_cl_array_array_ap_fixed_8_2_5_3_0_1u_config5_Pipeline_PadTopWidth  |      166|      166|  1.660 us|  1.660 us|  166|  166|       no|
        |grp_zeropad2d_cl_array_array_ap_fixed_1u_config5_Pipeline_PadBottomWidth_fu_62         |zeropad2d_cl_array_array_ap_fixed_1u_config5_Pipeline_PadBottomWidth         |      166|      166|  1.660 us|  1.660 us|  166|  166|       no|
        |grp_zeropad2d_cl_array_array_ap_fixed_8_2_5_3_0_1u_config5_Pipeline_CopyMain_fu_68     |zeropad2d_cl_array_array_ap_fixed_8_2_5_3_0_1u_config5_Pipeline_CopyMain     |      326|      326|  3.260 us|  3.260 us|  326|  326|       no|
        +---------------------------------------------------------------------------------------+-----------------------------------------------------------------------------+---------+---------+----------+----------+-----+-----+---------+

        * Loop: 
        +-----------+---------+---------+----------+-----------+-----------+------+----------+
        |           |  Latency (cycles) | Iteration|  Initiation Interval  | Trip |          |
        | Loop Name |   min   |   max   |  Latency |  achieved |   target  | Count| Pipelined|
        +-----------+---------+---------+----------+-----------+-----------+------+----------+
        |- PadMain  |    39809|    39809|       329|          -|          -|   121|        no|
        +-----------+---------+---------+----------+-----------+-----------+------+----------+



================================================================
== Utilization Estimates
================================================================
* Summary: 
+-----------------+---------+-----+--------+-------+-----+
|       Name      | BRAM_18K| DSP |   FF   |  LUT  | URAM|
+-----------------+---------+-----+--------+-------+-----+
|DSP              |        -|    -|       -|      -|    -|
|Expression       |        -|    -|       0|     28|    -|
|FIFO             |        -|    -|       -|      -|    -|
|Instance         |        -|    -|      37|    297|    -|
|Memory           |        -|    -|       -|      -|    -|
|Multiplexer      |        -|    -|       -|    132|    -|
|Register         |        -|    -|      19|      -|    -|
+-----------------+---------+-----+--------+-------+-----+
|Total            |        0|    0|      56|    457|    0|
+-----------------+---------+-----+--------+-------+-----+
|Available        |      280|  220|  106400|  53200|    0|
+-----------------+---------+-----+--------+-------+-----+
|Utilization (%)  |        0|    0|      ~0|     ~0|    0|
+-----------------+---------+-----+--------+-------+-----+

+ Detail: 
    * Instance: 
    +---------------------------------------------------------------------------------------+-----------------------------------------------------------------------------+---------+----+----+-----+-----+
    |                                        Instance                                       |                                    Module                                   | BRAM_18K| DSP| FF | LUT | URAM|
    +---------------------------------------------------------------------------------------+-----------------------------------------------------------------------------+---------+----+----+-----+-----+
    |grp_zeropad2d_cl_array_array_ap_fixed_1u_config5_Pipeline_PadBottomWidth_fu_62         |zeropad2d_cl_array_array_ap_fixed_1u_config5_Pipeline_PadBottomWidth         |        0|   0|  11|   75|    0|
    |grp_zeropad2d_cl_array_array_ap_fixed_8_2_5_3_0_1u_config5_Pipeline_CopyMain_fu_68     |zeropad2d_cl_array_array_ap_fixed_8_2_5_3_0_1u_config5_Pipeline_CopyMain     |        0|   0|  15|  147|    0|
    |grp_zeropad2d_cl_array_array_ap_fixed_8_2_5_3_0_1u_config5_Pipeline_PadTopWidth_fu_56  |zeropad2d_cl_array_array_ap_fixed_8_2_5_3_0_1u_config5_Pipeline_PadTopWidth  |        0|   0|  11|   75|    0|
    +---------------------------------------------------------------------------------------+-----------------------------------------------------------------------------+---------+----+----+-----+-----+
    |Total                                                                                  |                                                                             |        0|   0|  37|  297|    0|
    +---------------------------------------------------------------------------------------+-----------------------------------------------------------------------------+---------+----+----+-----+-----+

    * DSP: 
    N/A

    * Memory: 
    N/A

    * FIFO: 
    N/A

    * Expression: 
    +--------------------+----------+----+---+----+------------+------------+
    |    Variable Name   | Operation| DSP| FF| LUT| Bitwidth P0| Bitwidth P1|
    +--------------------+----------+----+---+----+------------+------------+
    |add_ln59_fu_90_p2   |         +|   0|  0|  14|           7|           1|
    |ap_block_state4     |       and|   0|  0|   2|           1|           1|
    |icmp_ln59_fu_84_p2  |      icmp|   0|  0|  10|           7|           4|
    |ap_block_state1     |        or|   0|  0|   2|           1|           1|
    +--------------------+----------+----+---+----+------------+------------+
    |Total               |          |   0|  0|  28|          16|           7|
    +--------------------+----------+----+---+----+------------+------------+

    * Multiplexer: 
    +---------------------------------+----+-----------+-----+-----------+
    |               Name              | LUT| Input Size| Bits| Total Bits|
    +---------------------------------+----+-----------+-----+-----------+
    |ap_NS_fsm                        |  42|          8|    1|          8|
    |ap_done                          |   9|          2|    1|          2|
    |i_fu_44                          |   9|          2|    7|         14|
    |input_image_TREADY_int_regslice  |   9|          2|    1|          2|
    |layer5_out_blk_n                 |   9|          2|    1|          2|
    |layer5_out_din                   |  20|          4|    8|         32|
    |layer5_out_write                 |  25|          5|    1|          5|
    |real_start                       |   9|          2|    1|          2|
    +---------------------------------+----+-----------+-----+-----------+
    |Total                            | 132|         27|   21|         67|
    +---------------------------------+----+-----------+-----+-----------+

    * Register: 
    +----------------------------------------------------------------------------------------------------+---+----+-----+-----------+
    |                                                Name                                                | FF| LUT| Bits| Const Bits|
    +----------------------------------------------------------------------------------------------------+---+----+-----+-----------+
    |ap_CS_fsm                                                                                           |  7|   0|    7|          0|
    |ap_done_reg                                                                                         |  1|   0|    1|          0|
    |grp_zeropad2d_cl_array_array_ap_fixed_1u_config5_Pipeline_PadBottomWidth_fu_62_ap_start_reg         |  1|   0|    1|          0|
    |grp_zeropad2d_cl_array_array_ap_fixed_8_2_5_3_0_1u_config5_Pipeline_CopyMain_fu_68_ap_start_reg     |  1|   0|    1|          0|
    |grp_zeropad2d_cl_array_array_ap_fixed_8_2_5_3_0_1u_config5_Pipeline_PadTopWidth_fu_56_ap_start_reg  |  1|   0|    1|          0|
    |i_fu_44                                                                                             |  7|   0|    7|          0|
    |start_once_reg                                                                                      |  1|   0|    1|          0|
    +----------------------------------------------------------------------------------------------------+---+----+-----+-----------+
    |Total                                                                                               | 19|   0|   19|          0|
    +----------------------------------------------------------------------------------------------------+---+----+-----+-----------+



================================================================
== Interface
================================================================
* Summary: 
+--------------------+-----+-----+------------+------------------------------------------------------------------------+--------------+
|      RTL Ports     | Dir | Bits|  Protocol  |                              Source Object                             |    C Type    |
+--------------------+-----+-----+------------+------------------------------------------------------------------------+--------------+
|ap_clk              |   in|    1|  ap_ctrl_hs|  zeropad2d_cl<array<ap_fixed,1u>,array<ap_fixed<8,2,5,3,0>,1u>,config5>|  return value|
|ap_rst              |   in|    1|  ap_ctrl_hs|  zeropad2d_cl<array<ap_fixed,1u>,array<ap_fixed<8,2,5,3,0>,1u>,config5>|  return value|
|ap_start            |   in|    1|  ap_ctrl_hs|  zeropad2d_cl<array<ap_fixed,1u>,array<ap_fixed<8,2,5,3,0>,1u>,config5>|  return value|
|start_full_n        |   in|    1|  ap_ctrl_hs|  zeropad2d_cl<array<ap_fixed,1u>,array<ap_fixed<8,2,5,3,0>,1u>,config5>|  return value|
|ap_done             |  out|    1|  ap_ctrl_hs|  zeropad2d_cl<array<ap_fixed,1u>,array<ap_fixed<8,2,5,3,0>,1u>,config5>|  return value|
|ap_continue         |   in|    1|  ap_ctrl_hs|  zeropad2d_cl<array<ap_fixed,1u>,array<ap_fixed<8,2,5,3,0>,1u>,config5>|  return value|
|ap_idle             |  out|    1|  ap_ctrl_hs|  zeropad2d_cl<array<ap_fixed,1u>,array<ap_fixed<8,2,5,3,0>,1u>,config5>|  return value|
|ap_ready            |  out|    1|  ap_ctrl_hs|  zeropad2d_cl<array<ap_fixed,1u>,array<ap_fixed<8,2,5,3,0>,1u>,config5>|  return value|
|start_out           |  out|    1|  ap_ctrl_hs|  zeropad2d_cl<array<ap_fixed,1u>,array<ap_fixed<8,2,5,3,0>,1u>,config5>|  return value|
|start_write         |  out|    1|  ap_ctrl_hs|  zeropad2d_cl<array<ap_fixed,1u>,array<ap_fixed<8,2,5,3,0>,1u>,config5>|  return value|
|input_image_TDATA   |   in|    8|        axis|                                                             input_image|       pointer|
|input_image_TVALID  |   in|    1|        axis|                                                             input_image|       pointer|
|input_image_TREADY  |  out|    1|        axis|                                                             input_image|       pointer|
|layer5_out_din      |  out|    8|     ap_fifo|                                                              layer5_out|       pointer|
|layer5_out_full_n   |   in|    1|     ap_fifo|                                                              layer5_out|       pointer|
|layer5_out_write    |  out|    1|     ap_fifo|                                                              layer5_out|       pointer|
+--------------------+-----+-----+------------+------------------------------------------------------------------------+--------------+

============================================================
+ Verbose Summary: Synthesis Manager
============================================================
InlineROM: 1
ExposeGlobal: 0
============================================================
+ Verbose Summary: CDFG Model
============================================================
IsTopModel: 0
ResetActiveHigh: 1
IsCombinational: 2
IsDatapathOnly: 0
HasWiredReturn: 1
HasMFsm: 0
HasVarLatency: 1
IsPipeline: 0
IsRtlPipelined: 0
IsInstanceOverlapped: 0
IsDontTouch: 0
HasImplIP: 0
IsGatedGlobalClock: 0


============================================================
+ Verbose Summary: Schedule
============================================================
* Number of FSM states : 7
* Pipeline : 0
* Dataflow Pipeline: 0

* FSM state transitions: 
1 --> 2 
2 --> 3 
3 --> 4 
4 --> 5 7 
5 --> 6 
6 --> 4 
7 --> 

* FSM state operations: 

State 1 <SV = 0> <Delay = 1.58>
ST_1 : Operation 8 [1/1] (0.00ns)   --->   "%i = alloca i32 1"   --->   Operation 8 'alloca' 'i' <Predicate = true> <Delay = 0.00>
ST_1 : Operation 9 [1/1] (0.00ns)   --->   "%empty = wait i32 @_ssdm_op_Wait"   --->   Operation 9 'wait' 'empty' <Predicate = true> <Delay = 0.00>
ST_1 : Operation 10 [2/2] (0.00ns)   --->   "%call_ln0 = call void @zeropad2d_cl<array,array<ap_fixed<8,2,5,3,0>,1u>,config5>_Pipeline_PadTopWidth, i8 %layer5_out"   --->   Operation 10 'call' 'call_ln0' <Predicate = true> <Delay = 0.00> <CoreType = "Generic">   --->   Core 0 '' <Latency = 0> <II = 1> <Delay = 1.00> <Generic> <Opcode : >
ST_1 : Operation 11 [1/1] (1.58ns)   --->   "%store_ln59 = store i7 0, i7 %i" [firmware/nnet_utils/nnet_padding_stream.h:59]   --->   Operation 11 'store' 'store_ln59' <Predicate = true> <Delay = 1.58>

State 2 <SV = 1> <Delay = 0.00>
ST_2 : Operation 12 [1/2] (0.00ns)   --->   "%call_ln0 = call void @zeropad2d_cl<array,array<ap_fixed<8,2,5,3,0>,1u>,config5>_Pipeline_PadTopWidth, i8 %layer5_out"   --->   Operation 12 'call' 'call_ln0' <Predicate = true> <Delay = 0.00> <CoreType = "Generic">   --->   Core 0 '' <Latency = 0> <II = 1> <Delay = 1.00> <Generic> <Opcode : >

State 3 <SV = 2> <Delay = 0.00>
ST_3 : Operation 13 [1/1] (0.00ns)   --->   "%specinterface_ln0 = specinterface void @_ssdm_op_SpecInterface, i8 %layer5_out, void @empty_4, i32 0, i32 0, void @empty_6, i32 0, i32 0, void @empty_6, void @empty_6, void @empty_6, i32 0, i32 0, i32 0, i32 0, void @empty_6, void @empty_6"   --->   Operation 13 'specinterface' 'specinterface_ln0' <Predicate = true> <Delay = 0.00>
ST_3 : Operation 14 [1/1] (0.00ns)   --->   "%specinterface_ln0 = specinterface void @_ssdm_op_SpecInterface, i8 %input_image, void @empty_9, i32 1, i32 1, void @empty_8, i32 0, i32 0, void @empty_6, void @empty_6, void @empty_6, i32 0, i32 0, i32 0, i32 0, void @empty_6, void @empty_6"   --->   Operation 14 'specinterface' 'specinterface_ln0' <Predicate = true> <Delay = 0.00>
ST_3 : Operation 15 [1/1] (0.00ns)   --->   "%empty_26 = wait i32 @_ssdm_op_Wait"   --->   Operation 15 'wait' 'empty_26' <Predicate = true> <Delay = 0.00>
ST_3 : Operation 16 [1/1] (0.00ns)   --->   "%br_ln59 = br void %_ZN8ap_fixedILi8ELi2EL9ap_q_mode5EL9ap_o_mode3ELi0EEC2Ei.exit.i18" [firmware/nnet_utils/nnet_padding_stream.h:59]   --->   Operation 16 'br' 'br_ln59' <Predicate = true> <Delay = 0.00>

State 4 <SV = 3> <Delay = 4.99>
ST_4 : Operation 17 [1/1] (0.00ns)   --->   "%i_2 = load i7 %i" [firmware/nnet_utils/nnet_padding_stream.h:59]   --->   Operation 17 'load' 'i_2' <Predicate = true> <Delay = 0.00>
ST_4 : Operation 18 [1/1] (1.48ns)   --->   "%icmp_ln59 = icmp_eq  i7 %i_2, i7 121" [firmware/nnet_utils/nnet_padding_stream.h:59]   --->   Operation 18 'icmp' 'icmp_ln59' <Predicate = true> <Delay = 1.48> <CoreInst = "Cmp">   --->   Core 9 'Cmp' <Latency = 0> <II = 1> <Delay = 1.48> <FuncUnit> <Opcode : 'icmp'> <InPorts = 2> <OutPorts = 1>
ST_4 : Operation 19 [1/1] (0.00ns)   --->   "%empty_27 = speclooptripcount i32 @_ssdm_op_SpecLoopTripCount, i64 121, i64 121, i64 121"   --->   Operation 19 'speclooptripcount' 'empty_27' <Predicate = true> <Delay = 0.00>
ST_4 : Operation 20 [1/1] (1.87ns)   --->   "%add_ln59 = add i7 %i_2, i7 1" [firmware/nnet_utils/nnet_padding_stream.h:59]   --->   Operation 20 'add' 'add_ln59' <Predicate = true> <Delay = 1.87> <CoreInst = "Adder">   --->   Core 1 'Adder' <Latency = 0> <II = 1> <Delay = 1.87> <FuncUnit> <Opcode : 'add' 'sub'> <InPorts = 2> <OutPorts = 1>
ST_4 : Operation 21 [1/1] (0.00ns)   --->   "%br_ln59 = br i1 %icmp_ln59, void %_ZN8ap_fixedILi8ELi2EL9ap_q_mode5EL9ap_o_mode3ELi0EEC2Ei.exit.i18.split, void %_ZN8ap_fixedILi8ELi2EL9ap_q_mode5EL9ap_o_mode3ELi0EEC2Ei.exit.i67.preheader" [firmware/nnet_utils/nnet_padding_stream.h:59]   --->   Operation 21 'br' 'br_ln59' <Predicate = true> <Delay = 0.00>
ST_4 : Operation 22 [1/1] (3.50ns)   --->   "%write_ln173 = write void @_ssdm_op_Write.ap_fifo.volatile.i8P0A, i8 %layer5_out, i8 0" [C:/Xilinx/Vitis_HLS/2021.2/common/technology/autopilot/hls_stream_39.h:173]   --->   Operation 22 'write' 'write_ln173' <Predicate = (!icmp_ln59)> <Delay = 3.50> <CoreInst = "FIFO">   --->   Core 78 'FIFO' <Latency = 0> <II = 1> <Delay = 3.50> <Storage> <Opcode : 'read' 'write' 'nbread' 'nbwrite'> <Ports = 0> <Width = 8> <Depth = 20172> <FIFO>
ST_4 : Operation 23 [1/1] (1.58ns)   --->   "%store_ln59 = store i7 %add_ln59, i7 %i" [firmware/nnet_utils/nnet_padding_stream.h:59]   --->   Operation 23 'store' 'store_ln59' <Predicate = (!icmp_ln59)> <Delay = 1.58>
ST_4 : Operation 24 [1/1] (0.00ns)   --->   "%empty_28 = wait i32 @_ssdm_op_Wait"   --->   Operation 24 'wait' 'empty_28' <Predicate = (icmp_ln59)> <Delay = 0.00>
ST_4 : Operation 25 [2/2] (0.00ns)   --->   "%call_ln0 = call void @zeropad2d_cl<array,array<ap_fixed,1u>,config5>_Pipeline_PadBottomWidth, i8 %layer5_out"   --->   Operation 25 'call' 'call_ln0' <Predicate = (icmp_ln59)> <Delay = 0.00> <CoreType = "Generic">   --->   Core 0 '' <Latency = 0> <II = 1> <Delay = 1.00> <Generic> <Opcode : >

State 5 <SV = 4> <Delay = 3.50>
ST_5 : Operation 26 [1/1] (0.00ns)   --->   "%empty_29 = wait i32 @_ssdm_op_Wait"   --->   Operation 26 'wait' 'empty_29' <Predicate = true> <Delay = 0.00>
ST_5 : Operation 27 [2/2] (3.50ns)   --->   "%call_ln0 = call void @zeropad2d_cl<array,array<ap_fixed<8,2,5,3,0>,1u>,config5>_Pipeline_CopyMain, i8 %input_image, i8 %layer5_out"   --->   Operation 27 'call' 'call_ln0' <Predicate = true> <Delay = 3.50> <CoreType = "Generic">   --->   Core 0 '' <Latency = 0> <II = 1> <Delay = 1.00> <Generic> <Opcode : >

State 6 <SV = 5> <Delay = 0.00>
ST_6 : Operation 28 [1/1] (0.00ns)   --->   "%specloopname_ln59 = specloopname void @_ssdm_op_SpecLoopName, void @empty" [firmware/nnet_utils/nnet_padding_stream.h:59]   --->   Operation 28 'specloopname' 'specloopname_ln59' <Predicate = true> <Delay = 0.00>
ST_6 : Operation 29 [1/2] (0.00ns)   --->   "%call_ln0 = call void @zeropad2d_cl<array,array<ap_fixed<8,2,5,3,0>,1u>,config5>_Pipeline_CopyMain, i8 %input_image, i8 %layer5_out"   --->   Operation 29 'call' 'call_ln0' <Predicate = true> <Delay = 0.00> <CoreType = "Generic">   --->   Core 0 '' <Latency = 0> <II = 1> <Delay = 1.00> <Generic> <Opcode : >
ST_6 : Operation 30 [1/1] (0.00ns)   --->   "%br_ln0 = br void %_ZN8ap_fixedILi8ELi2EL9ap_q_mode5EL9ap_o_mode3ELi0EEC2Ei.exit.i18"   --->   Operation 30 'br' 'br_ln0' <Predicate = true> <Delay = 0.00>

State 7 <SV = 4> <Delay = 0.00>
ST_7 : Operation 31 [1/2] (0.00ns)   --->   "%call_ln0 = call void @zeropad2d_cl<array,array<ap_fixed,1u>,config5>_Pipeline_PadBottomWidth, i8 %layer5_out"   --->   Operation 31 'call' 'call_ln0' <Predicate = true> <Delay = 0.00> <CoreType = "Generic">   --->   Core 0 '' <Latency = 0> <II = 1> <Delay = 1.00> <Generic> <Opcode : >
ST_7 : Operation 32 [1/1] (0.00ns)   --->   "%ret_ln81 = ret" [firmware/nnet_utils/nnet_padding_stream.h:81]   --->   Operation 32 'ret' 'ret_ln81' <Predicate = true> <Delay = 0.00>


============================================================
+ Verbose Summary: Binding
============================================================
STG Binding: 
---------------- STG Properties BEGIN ----------------
- Is combinational: 0
- Is one-state seq: 0
- Is datapath-only: 0
- Is pipelined: 0
- Is top level: 0
Port [ Return ] is wired: 1; IO mode=ap_ctrl_hs:ce=0
Port [ input_image]:  wired=1; compound=1; hidden=0; nouse=0; global=0; static=0; extern=0; dir=0; type=0; pingpong=0; private_global=0; IO mode=axis:ce=0
Port [ layer5_out]:  wired=1; compound=1; hidden=0; nouse=0; global=0; static=0; extern=0; dir=1; type=3; pingpong=0; private_global=0; IO mode=ap_fifo:ce=0
---------------- STG Properties END ------------------

---------------- Datapath Model BEGIN ----------------

<LifeTime>
<method=bitvector/>
i                 (alloca           ) [ 01111110]
empty             (wait             ) [ 00000000]
store_ln59        (store            ) [ 00000000]
call_ln0          (call             ) [ 00000000]
specinterface_ln0 (specinterface    ) [ 00000000]
specinterface_ln0 (specinterface    ) [ 00000000]
empty_26          (wait             ) [ 00000000]
br_ln59           (br               ) [ 00000000]
i_2               (load             ) [ 00000000]
icmp_ln59         (icmp             ) [ 00001110]
empty_27          (speclooptripcount) [ 00000000]
add_ln59          (add              ) [ 00000000]
br_ln59           (br               ) [ 00000000]
write_ln173       (write            ) [ 00000000]
store_ln59        (store            ) [ 00000000]
empty_28          (wait             ) [ 00000000]
empty_29          (wait             ) [ 00000000]
specloopname_ln59 (specloopname     ) [ 00000000]
call_ln0          (call             ) [ 00000000]
br_ln0            (br               ) [ 00000000]
call_ln0          (call             ) [ 00000000]
ret_ln81          (ret              ) [ 00000000]
</LifeTime>

<model>

<comp_list>
<comp id="0" class="1000" name="input_image">
<pin_list>
<pin id="1" dir="1" index="0" bw="1" slack="0"/>
</pin_list>
<bind>
<StgValue><ssdm name="input_image"/></StgValue>
</bind>
</comp>

<comp id="2" class="1000" name="layer5_out">
<pin_list>
<pin id="3" dir="1" index="0" bw="1" slack="0"/>
</pin_list>
<bind>
<StgValue><ssdm name="layer5_out"/></StgValue>
</bind>
</comp>

<comp id="4" class="1001" name="const_4">
<pin_list>
<pin id="5" dir="1" index="0" bw="1" slack="0"/>
</pin_list>
<bind>
<StgValue><ssdm name=""/></StgValue>
</bind>
</comp>

<comp id="6" class="1001" name="const_6">
<pin_list>
<pin id="7" dir="1" index="0" bw="1" slack="2147483647"/>
</pin_list>
<bind>
<StgValue><ssdm name="_ssdm_op_Wait"/></StgValue>
</bind>
</comp>

<comp id="8" class="1001" name="const_8">
<pin_list>
<pin id="9" dir="1" index="0" bw="1" slack="0"/>
</pin_list>
<bind>
<StgValue><ssdm name="zeropad2d_cl<array,array<ap_fixed<8,2,5,3,0>,1u>,config5>_Pipeline_PadTopWidth"/></StgValue>
</bind>
</comp>

<comp id="10" class="1001" name="const_10">
<pin_list>
<pin id="11" dir="1" index="0" bw="1" slack="0"/>
</pin_list>
<bind>
<StgValue><ssdm name=""/></StgValue>
</bind>
</comp>

<comp id="12" class="1001" name="const_12">
<pin_list>
<pin id="13" dir="1" index="0" bw="1" slack="2147483647"/>
</pin_list>
<bind>
<StgValue><ssdm name="_ssdm_op_SpecInterface"/></StgValue>
</bind>
</comp>

<comp id="14" class="1001" name="const_14">
<pin_list>
<pin id="15" dir="1" index="0" bw="1" slack="2147483647"/>
</pin_list>
<bind>
<StgValue><ssdm name="empty_4"/></StgValue>
</bind>
</comp>

<comp id="16" class="1001" name="const_16">
<pin_list>
<pin id="17" dir="1" index="0" bw="1" slack="2147483647"/>
</pin_list>
<bind>
<StgValue><ssdm name=""/></StgValue>
</bind>
</comp>

<comp id="18" class="1001" name="const_18">
<pin_list>
<pin id="19" dir="1" index="0" bw="1" slack="2147483647"/>
</pin_list>
<bind>
<StgValue><ssdm name="empty_6"/></StgValue>
</bind>
</comp>

<comp id="20" class="1001" name="const_20">
<pin_list>
<pin id="21" dir="1" index="0" bw="1" slack="2147483647"/>
</pin_list>
<bind>
<StgValue><ssdm name="empty_9"/></StgValue>
</bind>
</comp>

<comp id="22" class="1001" name="const_22">
<pin_list>
<pin id="23" dir="1" index="0" bw="1" slack="2147483647"/>
</pin_list>
<bind>
<StgValue><ssdm name="empty_8"/></StgValue>
</bind>
</comp>

<comp id="24" class="1001" name="const_24">
<pin_list>
<pin id="25" dir="1" index="0" bw="1" slack="0"/>
</pin_list>
<bind>
<StgValue><ssdm name=""/></StgValue>
</bind>
</comp>

<comp id="26" class="1001" name="const_26">
<pin_list>
<pin id="27" dir="1" index="0" bw="1" slack="2147483647"/>
</pin_list>
<bind>
<StgValue><ssdm name="_ssdm_op_SpecLoopTripCount"/></StgValue>
</bind>
</comp>

<comp id="28" class="1001" name="const_28">
<pin_list>
<pin id="29" dir="1" index="0" bw="1" slack="2147483647"/>
</pin_list>
<bind>
<StgValue><ssdm name=""/></StgValue>
</bind>
</comp>

<comp id="30" class="1001" name="const_30">
<pin_list>
<pin id="31" dir="1" index="0" bw="1" slack="0"/>
</pin_list>
<bind>
<StgValue><ssdm name=""/></StgValue>
</bind>
</comp>

<comp id="32" class="1001" name="const_32">
<pin_list>
<pin id="33" dir="1" index="0" bw="1" slack="0"/>
</pin_list>
<bind>
<StgValue><ssdm name="_ssdm_op_Write.ap_fifo.volatile.i8P0A"/></StgValue>
</bind>
</comp>

<comp id="34" class="1001" name="const_34">
<pin_list>
<pin id="35" dir="1" index="0" bw="1" slack="0"/>
</pin_list>
<bind>
<StgValue><ssdm name=""/></StgValue>
</bind>
</comp>

<comp id="36" class="1001" name="const_36">
<pin_list>
<pin id="37" dir="1" index="0" bw="1" slack="0"/>
</pin_list>
<bind>
<StgValue><ssdm name="zeropad2d_cl<array,array<ap_fixed,1u>,config5>_Pipeline_PadBottomWidth"/></StgValue>
</bind>
</comp>

<comp id="38" class="1001" name="const_38">
<pin_list>
<pin id="39" dir="1" index="0" bw="1" slack="0"/>
</pin_list>
<bind>
<StgValue><ssdm name="zeropad2d_cl<array,array<ap_fixed<8,2,5,3,0>,1u>,config5>_Pipeline_CopyMain"/></StgValue>
</bind>
</comp>

<comp id="40" class="1001" name="const_40">
<pin_list>
<pin id="41" dir="1" index="0" bw="1" slack="2147483647"/>
</pin_list>
<bind>
<StgValue><ssdm name="_ssdm_op_SpecLoopName"/></StgValue>
</bind>
</comp>

<comp id="42" class="1001" name="const_42">
<pin_list>
<pin id="43" dir="1" index="0" bw="1" slack="2147483647"/>
</pin_list>
<bind>
<StgValue><ssdm name="empty"/></StgValue>
</bind>
</comp>

<comp id="44" class="1004" name="i_fu_44">
<pin_list>
<pin id="45" dir="0" index="0" bw="1" slack="0"/>
<pin id="46" dir="1" index="1" bw="7" slack="0"/>
</pin_list>
<bind>
<opcode="alloca(26) " fcode="alloca"/>
<opset="i/1 "/>
</bind>
</comp>

<comp id="48" class="1004" name="write_ln173_write_fu_48">
<pin_list>
<pin id="49" dir="0" index="0" bw="0" slack="0"/>
<pin id="50" dir="0" index="1" bw="8" slack="0"/>
<pin id="51" dir="0" index="2" bw="1" slack="0"/>
<pin id="52" dir="1" index="3" bw="0" slack="2147483647"/>
</pin_list>
<bind>
<opcode="write(1151) " fcode="write"/>
<opset="write_ln173/4 "/>
</bind>
</comp>

<comp id="56" class="1004" name="grp_zeropad2d_cl_array_array_ap_fixed_8_2_5_3_0_1u_config5_Pipeline_PadTopWidth_fu_56">
<pin_list>
<pin id="57" dir="0" index="0" bw="0" slack="0"/>
<pin id="58" dir="0" index="1" bw="8" slack="0"/>
<pin id="59" dir="1" index="2" bw="0" slack="2147483647"/>
</pin_list>
<bind>
<opcode="call(48) " fcode="call"/>
<opset="call_ln0/1 "/>
</bind>
</comp>

<comp id="62" class="1004" name="grp_zeropad2d_cl_array_array_ap_fixed_1u_config5_Pipeline_PadBottomWidth_fu_62">
<pin_list>
<pin id="63" dir="0" index="0" bw="0" slack="0"/>
<pin id="64" dir="0" index="1" bw="8" slack="0"/>
<pin id="65" dir="1" index="2" bw="0" slack="2147483647"/>
</pin_list>
<bind>
<opcode="call(48) " fcode="call"/>
<opset="call_ln0/4 "/>
</bind>
</comp>

<comp id="68" class="1004" name="grp_zeropad2d_cl_array_array_ap_fixed_8_2_5_3_0_1u_config5_Pipeline_CopyMain_fu_68">
<pin_list>
<pin id="69" dir="0" index="0" bw="0" slack="0"/>
<pin id="70" dir="0" index="1" bw="8" slack="0"/>
<pin id="71" dir="0" index="2" bw="8" slack="0"/>
<pin id="72" dir="1" index="3" bw="0" slack="2147483647"/>
</pin_list>
<bind>
<opcode="call(48) " fcode="call"/>
<opset="call_ln0/5 "/>
</bind>
</comp>

<comp id="76" class="1004" name="store_ln59_store_fu_76">
<pin_list>
<pin id="77" dir="0" index="0" bw="1" slack="0"/>
<pin id="78" dir="0" index="1" bw="7" slack="0"/>
<pin id="79" dir="1" index="2" bw="0" slack="2147483647"/>
</pin_list>
<bind>
<opcode="store(28) " fcode="store"/>
<opset="store_ln59/1 "/>
</bind>
</comp>

<comp id="81" class="1004" name="i_2_load_fu_81">
<pin_list>
<pin id="82" dir="0" index="0" bw="7" slack="3"/>
<pin id="83" dir="1" index="1" bw="7" slack="0"/>
</pin_list>
<bind>
<opcode="load(27) " fcode="load"/>
<opset="i_2/4 "/>
</bind>
</comp>

<comp id="84" class="1004" name="icmp_ln59_fu_84">
<pin_list>
<pin id="85" dir="0" index="0" bw="7" slack="0"/>
<pin id="86" dir="0" index="1" bw="7" slack="0"/>
<pin id="87" dir="1" index="2" bw="1" slack="2147483647"/>
</pin_list>
<bind>
<opcode="icmp(45) " fcode="icmp"/>
<opset="icmp_ln59/4 "/>
</bind>
</comp>

<comp id="90" class="1004" name="add_ln59_fu_90">
<pin_list>
<pin id="91" dir="0" index="0" bw="7" slack="0"/>
<pin id="92" dir="0" index="1" bw="1" slack="0"/>
<pin id="93" dir="1" index="2" bw="7" slack="0"/>
</pin_list>
<bind>
<opcode="add(8) " fcode="add"/>
<opset="add_ln59/4 "/>
</bind>
</comp>

<comp id="96" class="1004" name="store_ln59_store_fu_96">
<pin_list>
<pin id="97" dir="0" index="0" bw="7" slack="0"/>
<pin id="98" dir="0" index="1" bw="7" slack="3"/>
<pin id="99" dir="1" index="2" bw="0" slack="2147483647"/>
</pin_list>
<bind>
<opcode="store(28) " fcode="store"/>
<opset="store_ln59/4 "/>
</bind>
</comp>

<comp id="101" class="1005" name="i_reg_101">
<pin_list>
<pin id="102" dir="0" index="0" bw="7" slack="0"/>
<pin id="103" dir="1" index="1" bw="7" slack="0"/>
</pin_list>
<bind>
<opset="i "/>
</bind>
</comp>

</comp_list>

<net_list>
<net id="47"><net_src comp="4" pin="0"/><net_sink comp="44" pin=0"/></net>

<net id="53"><net_src comp="32" pin="0"/><net_sink comp="48" pin=0"/></net>

<net id="54"><net_src comp="2" pin="0"/><net_sink comp="48" pin=1"/></net>

<net id="55"><net_src comp="34" pin="0"/><net_sink comp="48" pin=2"/></net>

<net id="60"><net_src comp="8" pin="0"/><net_sink comp="56" pin=0"/></net>

<net id="61"><net_src comp="2" pin="0"/><net_sink comp="56" pin=1"/></net>

<net id="66"><net_src comp="36" pin="0"/><net_sink comp="62" pin=0"/></net>

<net id="67"><net_src comp="2" pin="0"/><net_sink comp="62" pin=1"/></net>

<net id="73"><net_src comp="38" pin="0"/><net_sink comp="68" pin=0"/></net>

<net id="74"><net_src comp="0" pin="0"/><net_sink comp="68" pin=1"/></net>

<net id="75"><net_src comp="2" pin="0"/><net_sink comp="68" pin=2"/></net>

<net id="80"><net_src comp="10" pin="0"/><net_sink comp="76" pin=0"/></net>

<net id="88"><net_src comp="81" pin="1"/><net_sink comp="84" pin=0"/></net>

<net id="89"><net_src comp="24" pin="0"/><net_sink comp="84" pin=1"/></net>

<net id="94"><net_src comp="81" pin="1"/><net_sink comp="90" pin=0"/></net>

<net id="95"><net_src comp="30" pin="0"/><net_sink comp="90" pin=1"/></net>

<net id="100"><net_src comp="90" pin="2"/><net_sink comp="96" pin=0"/></net>

<net id="104"><net_src comp="44" pin="1"/><net_sink comp="101" pin=0"/></net>

<net id="105"><net_src comp="101" pin="1"/><net_sink comp="76" pin=1"/></net>

<net id="106"><net_src comp="101" pin="1"/><net_sink comp="81" pin=0"/></net>

<net id="107"><net_src comp="101" pin="1"/><net_sink comp="96" pin=1"/></net>

</net_list>

</model> 
---------------- Datapath Model END ------------------

* FSMD analyzer results:
  - Output states:
	Port: input_image | {}
	Port: layer5_out | {1 2 4 5 6 7 }
 - Input state : 
	Port: zeropad2d_cl<array<ap_fixed,1u>,array<ap_fixed<8,2,5,3,0>,1u>,config5> : input_image | {5 6 }
  - Chain level:
	State 1
		store_ln59 : 1
	State 2
	State 3
	State 4
		icmp_ln59 : 1
		add_ln59 : 1
		br_ln59 : 2
		store_ln59 : 2
	State 5
	State 6
	State 7


============================================================
+ Verbose Summary: Datapath Resource usage 
============================================================

* Functional unit list:
|----------|---------------------------------------------------------------------------------------|---------|---------|---------|
| Operation|                                    Functional Unit                                    |  Delay  |    FF   |   LUT   |
|----------|---------------------------------------------------------------------------------------|---------|---------|---------|
|          | grp_zeropad2d_cl_array_array_ap_fixed_8_2_5_3_0_1u_config5_Pipeline_PadTopWidth_fu_56 |    0    |    8    |    26   |
|   call   |     grp_zeropad2d_cl_array_array_ap_fixed_1u_config5_Pipeline_PadBottomWidth_fu_62    |    0    |    8    |    26   |
|          |   grp_zeropad2d_cl_array_array_ap_fixed_8_2_5_3_0_1u_config5_Pipeline_CopyMain_fu_68  |  1.588  |    10   |    46   |
|----------|---------------------------------------------------------------------------------------|---------|---------|---------|
|    add   |                                     add_ln59_fu_90                                    |    0    |    0    |    14   |
|----------|---------------------------------------------------------------------------------------|---------|---------|---------|
|   icmp   |                                    icmp_ln59_fu_84                                    |    0    |    0    |    10   |
|----------|---------------------------------------------------------------------------------------|---------|---------|---------|
|   write  |                                write_ln173_write_fu_48                                |    0    |    0    |    0    |
|----------|---------------------------------------------------------------------------------------|---------|---------|---------|
|   Total  |                                                                                       |  1.588  |    26   |   122   |
|----------|---------------------------------------------------------------------------------------|---------|---------|---------|

Memories:
N/A

* Register list:
+---------+--------+
|         |   FF   |
+---------+--------+
|i_reg_101|    7   |
+---------+--------+
|  Total  |    7   |
+---------+--------+

* Multiplexer (MUX) list: 
|--------|------|------|------|--------|
|  Comp  |  Pin | Size |  BW  | S x BW |
|--------|------|------|------|--------|
|  Total |      |      |      |    0   |
|--------|------|------|------|--------|



* Summary:
+-----------+--------+--------+--------+
|           |  Delay |   FF   |   LUT  |
+-----------+--------+--------+--------+
|  Function |    1   |   26   |   122  |
|   Memory  |    -   |    -   |    -   |
|Multiplexer|    -   |    -   |    -   |
|  Register |    -   |    7   |    -   |
+-----------+--------+--------+--------+
|   Total   |    1   |   33   |   122  |
+-----------+--------+--------+--------+
